Command line invocation:
    /Applications/Xcode.app/Contents/Developer/usr/bin/xcodebuild build -project meal.advisor.ios.xcodeproj -scheme meal.advisor.ios -destination "platform=iOS Simulator,name=iPhone 16 Pro" CODE_SIGNING_ALLOWED=NO

Build settings from command line:
    CODE_SIGNING_ALLOWED = NO

Resolve Package Graph


Resolved source packages:
  swift-asn1: https://github.com/apple/swift-asn1.git @ 1.4.0
  swift-concurrency-extras: https://github.com/pointfreeco/swift-concurrency-extras @ 1.3.2
  Kingfisher: https://github.com/onevcat/Kingfisher @ 7.12.0
  GTMSessionFetcher: https://github.com/google/gtm-session-fetcher.git @ 3.5.0
  swift-crypto: https://github.com/apple/swift-crypto.git @ 3.15.0
  GTMAppAuth: https://github.com/google/GTMAppAuth.git @ 4.1.1
  xctest-dynamic-overlay: https://github.com/pointfreeco/xctest-dynamic-overlay @ 1.6.1
  swift-clocks: https://github.com/pointfreeco/swift-clocks @ 1.0.6
  AppAuth: https://github.com/openid/AppAuth-iOS.git @ 1.7.6
  swift-http-types: https://github.com/apple/swift-http-types.git @ 1.4.0
  GoogleSignIn: https://github.com/google/GoogleSignIn-iOS @ 7.1.0
  Supabase: https://github.com/supabase/supabase-swift @ 2.32.0

--- xcodebuild: WARNING: Using the first of multiple matching destinations:
{ platform:iOS Simulator, arch:arm64, id:D2FDD4FE-5984-4BCE-8F8C-0E31B1F69561, OS:18.6, name:iPhone 16 Pro }
{ platform:iOS Simulator, arch:x86_64, id:D2FDD4FE-5984-4BCE-8F8C-0E31B1F69561, OS:18.6, name:iPhone 16 Pro }
ComputePackagePrebuildTargetDependencyGraph

Prepare packages

CreateBuildRequest

SendProjectDescription

CreateBuildOperation

ComputeTargetDependencyGraph
note: Building targets in dependency order
note: Target dependency graph (41 targets)
    Target 'meal.advisor.ios' in project 'meal.advisor.ios'
        ➜ Explicit dependency on target 'Supabase' in project 'Supabase'
        ➜ Explicit dependency on target 'Kingfisher' in project 'Kingfisher'
        ➜ Explicit dependency on target 'GoogleSignIn' in project 'GoogleSignIn'
    Target 'GoogleSignIn' in project 'GoogleSignIn'
        ➜ Explicit dependency on target 'GoogleSignIn' in project 'GoogleSignIn'
        ➜ Explicit dependency on target 'GoogleSignIn_GoogleSignIn' in project 'GoogleSignIn'
        ➜ Explicit dependency on target 'AppAuth' in project 'AppAuth'
        ➜ Explicit dependency on target 'GTMAppAuth' in project 'GTMAppAuth'
        ➜ Explicit dependency on target 'GTMSessionFetcherCore' in project 'GTMSessionFetcher'
    Target 'GoogleSignIn' in project 'GoogleSignIn'
        ➜ Explicit dependency on target 'GoogleSignIn_GoogleSignIn' in project 'GoogleSignIn'
        ➜ Explicit dependency on target 'AppAuth' in project 'AppAuth'
        ➜ Explicit dependency on target 'GTMAppAuth' in project 'GTMAppAuth'
        ➜ Explicit dependency on target 'GTMSessionFetcherCore' in project 'GTMSessionFetcher'
    Target 'GTMAppAuth' in project 'GTMAppAuth'
        ➜ Explicit dependency on target 'GTMAppAuth' in project 'GTMAppAuth'
        ➜ Explicit dependency on target 'GTMAppAuth_GTMAppAuth' in project 'GTMAppAuth'
        ➜ Explicit dependency on target 'GTMSessionFetcherCore' in project 'GTMSessionFetcher'
        ➜ Explicit dependency on target 'AppAuthCore' in project 'AppAuth'
    Target 'GTMAppAuth' in project 'GTMAppAuth'
        ➜ Explicit dependency on target 'GTMAppAuth_GTMAppAuth' in project 'GTMAppAuth'
        ➜ Explicit dependency on target 'GTMSessionFetcherCore' in project 'GTMSessionFetcher'
        ➜ Explicit dependency on target 'AppAuthCore' in project 'AppAuth'
    Target 'AppAuthCore' in project 'AppAuth'
        ➜ Explicit dependency on target 'AppAuthCore' in project 'AppAuth'
        ➜ Explicit dependency on target 'AppAuth_AppAuthCore' in project 'AppAuth'
    Target 'GTMSessionFetcherCore' in project 'GTMSessionFetcher'
        ➜ Explicit dependency on target 'GTMSessionFetcherCore' in project 'GTMSessionFetcher'
        ➜ Explicit dependency on target 'GTMSessionFetcher_GTMSessionFetcherCore' in project 'GTMSessionFetcher'
    Target 'GTMSessionFetcherCore' in project 'GTMSessionFetcher'
        ➜ Explicit dependency on target 'GTMSessionFetcher_GTMSessionFetcherCore' in project 'GTMSessionFetcher'
    Target 'GTMSessionFetcher_GTMSessionFetcherCore' in project 'GTMSessionFetcher' (no dependencies)
    Target 'GTMAppAuth_GTMAppAuth' in project 'GTMAppAuth' (no dependencies)
    Target 'AppAuth' in project 'AppAuth'
        ➜ Explicit dependency on target 'AppAuth' in project 'AppAuth'
        ➜ Explicit dependency on target 'AppAuth_AppAuth' in project 'AppAuth'
        ➜ Explicit dependency on target 'AppAuthCore' in project 'AppAuth'
    Target 'AppAuth' in project 'AppAuth'
        ➜ Explicit dependency on target 'AppAuth_AppAuth' in project 'AppAuth'
        ➜ Explicit dependency on target 'AppAuthCore' in project 'AppAuth'
    Target 'AppAuthCore' in project 'AppAuth'
        ➜ Explicit dependency on target 'AppAuth_AppAuthCore' in project 'AppAuth'
    Target 'AppAuth_AppAuthCore' in project 'AppAuth' (no dependencies)
    Target 'AppAuth_AppAuth' in project 'AppAuth' (no dependencies)
    Target 'GoogleSignIn_GoogleSignIn' in project 'GoogleSignIn' (no dependencies)
    Target 'Kingfisher' in project 'Kingfisher'
        ➜ Explicit dependency on target 'Kingfisher' in project 'Kingfisher'
        ➜ Explicit dependency on target 'Kingfisher_Kingfisher' in project 'Kingfisher'
    Target 'Kingfisher' in project 'Kingfisher'
        ➜ Explicit dependency on target 'Kingfisher_Kingfisher' in project 'Kingfisher'
    Target 'Kingfisher_Kingfisher' in project 'Kingfisher' (no dependencies)
    Target 'Supabase' in project 'Supabase'
        ➜ Explicit dependency on target 'Supabase' in project 'Supabase'
        ➜ Explicit dependency on target 'Functions' in project 'Supabase'
        ➜ Explicit dependency on target 'PostgREST' in project 'Supabase'
        ➜ Explicit dependency on target 'Auth' in project 'Supabase'
        ➜ Explicit dependency on target 'Realtime' in project 'Supabase'
        ➜ Explicit dependency on target 'Storage' in project 'Supabase'
        ➜ Explicit dependency on target 'Helpers' in project 'Supabase'
        ➜ Explicit dependency on target 'ConcurrencyExtras' in project 'swift-concurrency-extras'
        ➜ Explicit dependency on target 'HTTPTypes' in project 'swift-http-types'
        ➜ Explicit dependency on target 'Clocks' in project 'swift-clocks'
        ➜ Explicit dependency on target 'XCTestDynamicOverlay' in project 'xctest-dynamic-overlay'
        ➜ Explicit dependency on target 'Crypto' in project 'swift-crypto'
        ➜ Explicit dependency on target 'IssueReporting' in project 'xctest-dynamic-overlay'
    Target 'Supabase' in project 'Supabase'
        ➜ Explicit dependency on target 'Helpers' in project 'Supabase'
        ➜ Explicit dependency on target 'Auth' in project 'Supabase'
        ➜ Explicit dependency on target 'Functions' in project 'Supabase'
        ➜ Explicit dependency on target 'PostgREST' in project 'Supabase'
        ➜ Explicit dependency on target 'Realtime' in project 'Supabase'
        ➜ Explicit dependency on target 'Storage' in project 'Supabase'
        ➜ Explicit dependency on target 'ConcurrencyExtras' in project 'swift-concurrency-extras'
        ➜ Explicit dependency on target 'HTTPTypes' in project 'swift-http-types'
        ➜ Explicit dependency on target 'Clocks' in project 'swift-clocks'
        ➜ Explicit dependency on target 'XCTestDynamicOverlay' in project 'xctest-dynamic-overlay'
        ➜ Explicit dependency on target 'Crypto' in project 'swift-crypto'
        ➜ Explicit dependency on target 'IssueReporting' in project 'xctest-dynamic-overlay'
    Target 'Storage' in project 'Supabase'
        ➜ Explicit dependency on target 'Helpers' in project 'Supabase'
        ➜ Explicit dependency on target 'ConcurrencyExtras' in project 'swift-concurrency-extras'
        ➜ Explicit dependency on target 'HTTPTypes' in project 'swift-http-types'
        ➜ Explicit dependency on target 'Clocks' in project 'swift-clocks'
        ➜ Explicit dependency on target 'XCTestDynamicOverlay' in project 'xctest-dynamic-overlay'
    Target 'Realtime' in project 'Supabase'
        ➜ Explicit dependency on target 'Helpers' in project 'Supabase'
        ➜ Explicit dependency on target 'ConcurrencyExtras' in project 'swift-concurrency-extras'
        ➜ Explicit dependency on target 'HTTPTypes' in project 'swift-http-types'
        ➜ Explicit dependency on target 'Clocks' in project 'swift-clocks'
        ➜ Explicit dependency on target 'XCTestDynamicOverlay' in project 'xctest-dynamic-overlay'
        ➜ Explicit dependency on target 'IssueReporting' in project 'xctest-dynamic-overlay'
    Target 'PostgREST' in project 'Supabase'
        ➜ Explicit dependency on target 'Helpers' in project 'Supabase'
        ➜ Explicit dependency on target 'ConcurrencyExtras' in project 'swift-concurrency-extras'
        ➜ Explicit dependency on target 'HTTPTypes' in project 'swift-http-types'
        ➜ Explicit dependency on target 'Clocks' in project 'swift-clocks'
        ➜ Explicit dependency on target 'XCTestDynamicOverlay' in project 'xctest-dynamic-overlay'
    Target 'Functions' in project 'Supabase'
        ➜ Explicit dependency on target 'Helpers' in project 'Supabase'
        ➜ Explicit dependency on target 'ConcurrencyExtras' in project 'swift-concurrency-extras'
        ➜ Explicit dependency on target 'HTTPTypes' in project 'swift-http-types'
        ➜ Explicit dependency on target 'Clocks' in project 'swift-clocks'
        ➜ Explicit dependency on target 'XCTestDynamicOverlay' in project 'xctest-dynamic-overlay'
    Target 'Auth' in project 'Supabase'
        ➜ Explicit dependency on target 'Helpers' in project 'Supabase'
        ➜ Explicit dependency on target 'ConcurrencyExtras' in project 'swift-concurrency-extras'
        ➜ Explicit dependency on target 'HTTPTypes' in project 'swift-http-types'
        ➜ Explicit dependency on target 'Clocks' in project 'swift-clocks'
        ➜ Explicit dependency on target 'XCTestDynamicOverlay' in project 'xctest-dynamic-overlay'
        ➜ Explicit dependency on target 'Crypto' in project 'swift-crypto'
    Target 'Crypto' in project 'swift-crypto'
        ➜ Explicit dependency on target 'Crypto' in project 'swift-crypto'
        ➜ Explicit dependency on target 'swift-crypto_Crypto' in project 'swift-crypto'
    Target 'Crypto' in project 'swift-crypto'
        ➜ Explicit dependency on target 'swift-crypto_Crypto' in project 'swift-crypto'
    Target 'swift-crypto_Crypto' in project 'swift-crypto' (no dependencies)
    Target 'Helpers' in project 'Supabase'
        ➜ Explicit dependency on target 'ConcurrencyExtras' in project 'swift-concurrency-extras'
        ➜ Explicit dependency on target 'HTTPTypes' in project 'swift-http-types'
        ➜ Explicit dependency on target 'Clocks' in project 'swift-clocks'
        ➜ Explicit dependency on target 'XCTestDynamicOverlay' in project 'xctest-dynamic-overlay'
    Target 'XCTestDynamicOverlay' in project 'xctest-dynamic-overlay'
        ➜ Explicit dependency on target 'XCTestDynamicOverlay' in project 'xctest-dynamic-overlay'
        ➜ Explicit dependency on target 'IssueReportingPackageSupport' in project 'xctest-dynamic-overlay'
        ➜ Explicit dependency on target 'IssueReporting' in project 'xctest-dynamic-overlay'
    Target 'XCTestDynamicOverlay' in project 'xctest-dynamic-overlay'
        ➜ Explicit dependency on target 'IssueReportingPackageSupport' in project 'xctest-dynamic-overlay'
        ➜ Explicit dependency on target 'IssueReporting' in project 'xctest-dynamic-overlay'
    Target 'Clocks' in project 'swift-clocks'
        ➜ Explicit dependency on target 'Clocks' in project 'swift-clocks'
        ➜ Explicit dependency on target 'ConcurrencyExtras' in project 'swift-concurrency-extras'
        ➜ Explicit dependency on target 'IssueReporting' in project 'xctest-dynamic-overlay'
    Target 'Clocks' in project 'swift-clocks'
        ➜ Explicit dependency on target 'ConcurrencyExtras' in project 'swift-concurrency-extras'
        ➜ Explicit dependency on target 'IssueReporting' in project 'xctest-dynamic-overlay'
    Target 'IssueReporting' in project 'xctest-dynamic-overlay'
        ➜ Explicit dependency on target 'IssueReporting' in project 'xctest-dynamic-overlay'
        ➜ Explicit dependency on target 'IssueReportingPackageSupport' in project 'xctest-dynamic-overlay'
    Target 'IssueReporting' in project 'xctest-dynamic-overlay'
        ➜ Explicit dependency on target 'IssueReportingPackageSupport' in project 'xctest-dynamic-overlay'
    Target 'IssueReportingPackageSupport' in project 'xctest-dynamic-overlay' (no dependencies)
    Target 'HTTPTypes' in project 'swift-http-types'
        ➜ Explicit dependency on target 'HTTPTypes' in project 'swift-http-types'
    Target 'HTTPTypes' in project 'swift-http-types' (no dependencies)
    Target 'ConcurrencyExtras' in project 'swift-concurrency-extras'
        ➜ Explicit dependency on target 'ConcurrencyExtras' in project 'swift-concurrency-extras'
    Target 'ConcurrencyExtras' in project 'swift-concurrency-extras' (no dependencies)

GatherProvisioningInputs

CreateBuildDescription

ExecuteExternalTool /Applications/Xcode.app/Contents/Developer/Toolchains/XcodeDefault.xctoolchain/usr/bin/swiftc --version

ExecuteExternalTool /Applications/Xcode.app/Contents/Developer/Toolchains/XcodeDefault.xctoolchain/usr/bin/clang -v -E -dM -arch arm64 -isysroot /Applications/Xcode.app/Contents/Developer/Platforms/iPhoneSimulator.platform/Developer/SDKs/iPhoneSimulator18.5.sdk -x objective-c -c /dev/null

ExecuteExternalTool /Applications/Xcode.app/Contents/Developer/Toolchains/XcodeDefault.xctoolchain/usr/bin/clang -v -E -dM -isysroot /Applications/Xcode.app/Contents/Developer/Platforms/iPhoneSimulator.platform/Developer/SDKs/iPhoneSimulator18.5.sdk -x c -c /dev/null

ExecuteExternalTool /Applications/Xcode.app/Contents/Developer/usr/bin/actool --print-asset-tag-combinations --output-format xml1 /Users/jans./Downloads/meal.advisor/meal.advisor.ios/meal.advisor.ios/meal.advisor.ios/meal.advisor.ios/Assets.xcassets

ExecuteExternalTool /Applications/Xcode.app/Contents/Developer/Toolchains/XcodeDefault.xctoolchain/usr/bin/ld -version_details

ExecuteExternalTool /Applications/Xcode.app/Contents/Developer/Toolchains/XcodeDefault.xctoolchain/usr/bin/clang -v -E -dM -arch arm64 -isysroot /Applications/Xcode.app/Contents/Developer/Platforms/iPhoneSimulator.platform/Developer/SDKs/iPhoneSimulator18.5.sdk -x c -c /dev/null

ReadFileContents /Applications/Xcode.app/Contents/Developer/Toolchains/XcodeDefault.xctoolchain/usr/share/docc/features.json

ExecuteExternalTool /Applications/Xcode.app/Contents/Developer/usr/bin/actool --version --output-format xml1

Build description signature: da6fe31d9977ec55a4cd57ecbe7a4dde
Build description path: /Users/jans./Library/Developer/Xcode/DerivedData/meal.advisor.ios-csaldjncgoleykghtkpncaypzmvo/Build/Intermediates.noindex/XCBuildData/da6fe31d9977ec55a4cd57ecbe7a4dde.xcbuilddata
ClangStatCache /Applications/Xcode.app/Contents/Developer/Toolchains/XcodeDefault.xctoolchain/usr/bin/clang-stat-cache /Applications/Xcode.app/Contents/Developer/Platforms/iPhoneSimulator.platform/Developer/SDKs/iPhoneSimulator18.5.sdk /Users/jans./Library/Developer/Xcode/DerivedData/SDKStatCaches.noindex/iphonesimulator18.5-22F76-d5fc8ad4295d2ef488fb7d0f804ce0c4.sdkstatcache
    cd /Users/jans./Downloads/meal.advisor/meal.advisor.ios/meal.advisor.ios/meal.advisor.ios/meal.advisor.ios.xcodeproj
    /Applications/Xcode.app/Contents/Developer/Toolchains/XcodeDefault.xctoolchain/usr/bin/clang-stat-cache /Applications/Xcode.app/Contents/Developer/Platforms/iPhoneSimulator.platform/Developer/SDKs/iPhoneSimulator18.5.sdk -o /Users/jans./Library/Developer/Xcode/DerivedData/SDKStatCaches.noindex/iphonesimulator18.5-22F76-d5fc8ad4295d2ef488fb7d0f804ce0c4.sdkstatcache

CreateBuildDirectory /Users/jans./Library/Developer/Xcode/DerivedData/meal.advisor.ios-csaldjncgoleykghtkpncaypzmvo/Build/Intermediates.noindex
    cd /Users/jans./Downloads/meal.advisor/meal.advisor.ios/meal.advisor.ios/meal.advisor.ios/meal.advisor.ios.xcodeproj
    builtin-create-build-directory /Users/jans./Library/Developer/Xcode/DerivedData/meal.advisor.ios-csaldjncgoleykghtkpncaypzmvo/Build/Intermediates.noindex

CreateBuildDirectory /Users/jans./Library/Developer/Xcode/DerivedData/meal.advisor.ios-csaldjncgoleykghtkpncaypzmvo/Build/Products
    cd /Users/jans./Downloads/meal.advisor/meal.advisor.ios/meal.advisor.ios/meal.advisor.ios/meal.advisor.ios.xcodeproj
    builtin-create-build-directory /Users/jans./Library/Developer/Xcode/DerivedData/meal.advisor.ios-csaldjncgoleykghtkpncaypzmvo/Build/Products

CreateBuildDirectory /Users/jans./Library/Developer/Xcode/DerivedData/meal.advisor.ios-csaldjncgoleykghtkpncaypzmvo/Build/Products/Debug-iphonesimulator
    cd /Users/jans./Downloads/meal.advisor/meal.advisor.ios/meal.advisor.ios/meal.advisor.ios/meal.advisor.ios.xcodeproj
    builtin-create-build-directory /Users/jans./Library/Developer/Xcode/DerivedData/meal.advisor.ios-csaldjncgoleykghtkpncaypzmvo/Build/Products/Debug-iphonesimulator

CreateBuildDirectory /Users/jans./Library/Developer/Xcode/DerivedData/meal.advisor.ios-csaldjncgoleykghtkpncaypzmvo/Build/Intermediates.noindex/EagerLinkingTBDs/Debug-iphonesimulator
    cd /Users/jans./Downloads/meal.advisor/meal.advisor.ios/meal.advisor.ios/meal.advisor.ios/meal.advisor.ios.xcodeproj
    builtin-create-build-directory /Users/jans./Library/Developer/Xcode/DerivedData/meal.advisor.ios-csaldjncgoleykghtkpncaypzmvo/Build/Intermediates.noindex/EagerLinkingTBDs/Debug-iphonesimulator

WriteAuxiliaryFile /Users/jans./Library/Developer/Xcode/DerivedData/meal.advisor.ios-csaldjncgoleykghtkpncaypzmvo/Build/Intermediates.noindex/meal.advisor.ios.build/Debug-iphonesimulator/meal.advisor.ios-048ad3e6ba0d12bbc944eaa89294f0c9-VFS-iphonesimulator/all-product-headers.yaml
    cd /Users/jans./Downloads/meal.advisor/meal.advisor.ios/meal.advisor.ios/meal.advisor.ios/meal.advisor.ios.xcodeproj
    write-file /Users/jans./Library/Developer/Xcode/DerivedData/meal.advisor.ios-csaldjncgoleykghtkpncaypzmvo/Build/Intermediates.noindex/meal.advisor.ios.build/Debug-iphonesimulator/meal.advisor.ios-048ad3e6ba0d12bbc944eaa89294f0c9-VFS-iphonesimulator/all-product-headers.yaml

CreateBuildDirectory /Users/jans./Library/Developer/Xcode/DerivedData/meal.advisor.ios-csaldjncgoleykghtkpncaypzmvo/Build/Products/Debug-iphonesimulator/PackageFrameworks
    cd /Users/jans./Downloads/meal.advisor/meal.advisor.ios/meal.advisor.ios/meal.advisor.ios/meal.advisor.ios.xcodeproj
    builtin-create-build-directory /Users/jans./Library/Developer/Xcode/DerivedData/meal.advisor.ios-csaldjncgoleykghtkpncaypzmvo/Build/Products/Debug-iphonesimulator/PackageFrameworks

WriteAuxiliaryFile /Users/jans./Library/Developer/Xcode/DerivedData/meal.advisor.ios-csaldjncgoleykghtkpncaypzmvo/Build/Intermediates.noindex/xctest-dynamic-overlay.build/Debug-iphonesimulator/XCTestDynamicOverlay.build/XCTestDynamicOverlay.modulemap (in target 'XCTestDynamicOverlay' from project 'xctest-dynamic-overlay')
    cd /Users/jans./Library/Developer/Xcode/DerivedData/meal.advisor.ios-csaldjncgoleykghtkpncaypzmvo/SourcePackages/checkouts/xctest-dynamic-overlay
    write-file /Users/jans./Library/Developer/Xcode/DerivedData/meal.advisor.ios-csaldjncgoleykghtkpncaypzmvo/Build/Intermediates.noindex/xctest-dynamic-overlay.build/Debug-iphonesimulator/XCTestDynamicOverlay.build/XCTestDynamicOverlay.modulemap

WriteAuxiliaryFile /Users/jans./Library/Developer/Xcode/DerivedData/meal.advisor.ios-csaldjncgoleykghtkpncaypzmvo/Build/Intermediates.noindex/xctest-dynamic-overlay.build/Debug-iphonesimulator/XCTestDynamicOverlay.build/XCTestDynamicOverlay.DependencyStaticMetadataFileList (in target 'XCTestDynamicOverlay' from project 'xctest-dynamic-overlay')
    cd /Users/jans./Library/Developer/Xcode/DerivedData/meal.advisor.ios-csaldjncgoleykghtkpncaypzmvo/SourcePackages/checkouts/xctest-dynamic-overlay
    write-file /Users/jans./Library/Developer/Xcode/DerivedData/meal.advisor.ios-csaldjncgoleykghtkpncaypzmvo/Build/Intermediates.noindex/xctest-dynamic-overlay.build/Debug-iphonesimulator/XCTestDynamicOverlay.build/XCTestDynamicOverlay.DependencyStaticMetadataFileList

WriteAuxiliaryFile /Users/jans./Library/Developer/Xcode/DerivedData/meal.advisor.ios-csaldjncgoleykghtkpncaypzmvo/Build/Intermediates.noindex/xctest-dynamic-overlay.build/Debug-iphonesimulator/XCTestDynamicOverlay.build/Objects-normal/arm64/XCTestDynamicOverlay-OutputFileMap.json (in target 'XCTestDynamicOverlay' from project 'xctest-dynamic-overlay')
    cd /Users/jans./Library/Developer/Xcode/DerivedData/meal.advisor.ios-csaldjncgoleykghtkpncaypzmvo/SourcePackages/checkouts/xctest-dynamic-overlay
    write-file /Users/jans./Library/Developer/Xcode/DerivedData/meal.advisor.ios-csaldjncgoleykghtkpncaypzmvo/Build/Intermediates.noindex/xctest-dynamic-overlay.build/Debug-iphonesimulator/XCTestDynamicOverlay.build/Objects-normal/arm64/XCTestDynamicOverlay-OutputFileMap.json

WriteAuxiliaryFile /Users/jans./Library/Developer/Xcode/DerivedData/meal.advisor.ios-csaldjncgoleykghtkpncaypzmvo/Build/Intermediates.noindex/xctest-dynamic-overlay.build/Debug-iphonesimulator/XCTestDynamicOverlay.build/Objects-normal/arm64/XCTestDynamicOverlay_const_extract_protocols.json (in target 'XCTestDynamicOverlay' from project 'xctest-dynamic-overlay')
    cd /Users/jans./Library/Developer/Xcode/DerivedData/meal.advisor.ios-csaldjncgoleykghtkpncaypzmvo/SourcePackages/checkouts/xctest-dynamic-overlay
    write-file /Users/jans./Library/Developer/Xcode/DerivedData/meal.advisor.ios-csaldjncgoleykghtkpncaypzmvo/Build/Intermediates.noindex/xctest-dynamic-overlay.build/Debug-iphonesimulator/XCTestDynamicOverlay.build/Objects-normal/arm64/XCTestDynamicOverlay_const_extract_protocols.json

WriteAuxiliaryFile /Users/jans./Library/Developer/Xcode/DerivedData/meal.advisor.ios-csaldjncgoleykghtkpncaypzmvo/Build/Intermediates.noindex/xctest-dynamic-overlay.build/Debug-iphonesimulator/XCTestDynamicOverlay.build/Objects-normal/arm64/XCTestDynamicOverlay.SwiftConstValuesFileList (in target 'XCTestDynamicOverlay' from project 'xctest-dynamic-overlay')
    cd /Users/jans./Library/Developer/Xcode/DerivedData/meal.advisor.ios-csaldjncgoleykghtkpncaypzmvo/SourcePackages/checkouts/xctest-dynamic-overlay
    write-file /Users/jans./Library/Developer/Xcode/DerivedData/meal.advisor.ios-csaldjncgoleykghtkpncaypzmvo/Build/Intermediates.noindex/xctest-dynamic-overlay.build/Debug-iphonesimulator/XCTestDynamicOverlay.build/Objects-normal/arm64/XCTestDynamicOverlay.SwiftConstValuesFileList

WriteAuxiliaryFile /Users/jans./Library/Developer/Xcode/DerivedData/meal.advisor.ios-csaldjncgoleykghtkpncaypzmvo/Build/Intermediates.noindex/xctest-dynamic-overlay.build/Debug-iphonesimulator/XCTestDynamicOverlay.build/Objects-normal/arm64/XCTestDynamicOverlay.SwiftFileList (in target 'XCTestDynamicOverlay' from project 'xctest-dynamic-overlay')
    cd /Users/jans./Library/Developer/Xcode/DerivedData/meal.advisor.ios-csaldjncgoleykghtkpncaypzmvo/SourcePackages/checkouts/xctest-dynamic-overlay
    write-file /Users/jans./Library/Developer/Xcode/DerivedData/meal.advisor.ios-csaldjncgoleykghtkpncaypzmvo/Build/Intermediates.noindex/xctest-dynamic-overlay.build/Debug-iphonesimulator/XCTestDynamicOverlay.build/Objects-normal/arm64/XCTestDynamicOverlay.SwiftFileList

WriteAuxiliaryFile /Users/jans./Library/Developer/Xcode/DerivedData/meal.advisor.ios-csaldjncgoleykghtkpncaypzmvo/Build/Intermediates.noindex/xctest-dynamic-overlay.build/Debug-iphonesimulator/XCTestDynamicOverlay.build/Objects-normal/arm64/XCTestDynamicOverlay.LinkFileList (in target 'XCTestDynamicOverlay' from project 'xctest-dynamic-overlay')
    cd /Users/jans./Library/Developer/Xcode/DerivedData/meal.advisor.ios-csaldjncgoleykghtkpncaypzmvo/SourcePackages/checkouts/xctest-dynamic-overlay
    write-file /Users/jans./Library/Developer/Xcode/DerivedData/meal.advisor.ios-csaldjncgoleykghtkpncaypzmvo/Build/Intermediates.noindex/xctest-dynamic-overlay.build/Debug-iphonesimulator/XCTestDynamicOverlay.build/Objects-normal/arm64/XCTestDynamicOverlay.LinkFileList

WriteAuxiliaryFile /Users/jans./Library/Developer/Xcode/DerivedData/meal.advisor.ios-csaldjncgoleykghtkpncaypzmvo/Build/Intermediates.noindex/swift-crypto.build/Debug-iphonesimulator/swift-crypto_Crypto.build/swift-crypto_Crypto.DependencyStaticMetadataFileList (in target 'swift-crypto_Crypto' from project 'swift-crypto')
    cd /Users/jans./Library/Developer/Xcode/DerivedData/meal.advisor.ios-csaldjncgoleykghtkpncaypzmvo/SourcePackages/checkouts/swift-crypto
    write-file /Users/jans./Library/Developer/Xcode/DerivedData/meal.advisor.ios-csaldjncgoleykghtkpncaypzmvo/Build/Intermediates.noindex/swift-crypto.build/Debug-iphonesimulator/swift-crypto_Crypto.build/swift-crypto_Crypto.DependencyStaticMetadataFileList

WriteAuxiliaryFile /Users/jans./Library/Developer/Xcode/DerivedData/meal.advisor.ios-csaldjncgoleykghtkpncaypzmvo/Build/Intermediates.noindex/swift-crypto.build/Debug-iphonesimulator/swift-crypto_Crypto.build/swift-crypto_Crypto.DependencyMetadataFileList (in target 'swift-crypto_Crypto' from project 'swift-crypto')
    cd /Users/jans./Library/Developer/Xcode/DerivedData/meal.advisor.ios-csaldjncgoleykghtkpncaypzmvo/SourcePackages/checkouts/swift-crypto
    write-file /Users/jans./Library/Developer/Xcode/DerivedData/meal.advisor.ios-csaldjncgoleykghtkpncaypzmvo/Build/Intermediates.noindex/swift-crypto.build/Debug-iphonesimulator/swift-crypto_Crypto.build/swift-crypto_Crypto.DependencyMetadataFileList

WriteAuxiliaryFile /Users/jans./Library/Developer/Xcode/DerivedData/meal.advisor.ios-csaldjncgoleykghtkpncaypzmvo/Build/Intermediates.noindex/swift-crypto.build/Debug-iphonesimulator/swift-crypto_Crypto.build/empty-swift-crypto_Crypto.plist (in target 'swift-crypto_Crypto' from project 'swift-crypto')
    cd /Users/jans./Library/Developer/Xcode/DerivedData/meal.advisor.ios-csaldjncgoleykghtkpncaypzmvo/SourcePackages/checkouts/swift-crypto
    write-file /Users/jans./Library/Developer/Xcode/DerivedData/meal.advisor.ios-csaldjncgoleykghtkpncaypzmvo/Build/Intermediates.noindex/swift-crypto.build/Debug-iphonesimulator/swift-crypto_Crypto.build/empty-swift-crypto_Crypto.plist

WriteAuxiliaryFile /Users/jans./Library/Developer/Xcode/DerivedData/meal.advisor.ios-csaldjncgoleykghtkpncaypzmvo/Build/Intermediates.noindex/meal.advisor.ios.build/Debug-iphonesimulator/meal.advisor.ios.build/Objects-normal/arm64/meal.advisor.ios_const_extract_protocols.json (in target 'meal.advisor.ios' from project 'meal.advisor.ios')
    cd /Users/jans./Downloads/meal.advisor/meal.advisor.ios/meal.advisor.ios/meal.advisor.ios
    write-file /Users/jans./Library/Developer/Xcode/DerivedData/meal.advisor.ios-csaldjncgoleykghtkpncaypzmvo/Build/Intermediates.noindex/meal.advisor.ios.build/Debug-iphonesimulator/meal.advisor.ios.build/Objects-normal/arm64/meal.advisor.ios_const_extract_protocols.json

WriteAuxiliaryFile /Users/jans./Library/Developer/Xcode/DerivedData/meal.advisor.ios-csaldjncgoleykghtkpncaypzmvo/Build/Intermediates.noindex/meal.advisor.ios.build/Debug-iphonesimulator/meal.advisor.ios.build/Objects-normal/arm64/MealAdvisor.SwiftFileList (in target 'meal.advisor.ios' from project 'meal.advisor.ios')
    cd /Users/jans./Downloads/meal.advisor/meal.advisor.ios/meal.advisor.ios/meal.advisor.ios
    write-file /Users/jans./Library/Developer/Xcode/DerivedData/meal.advisor.ios-csaldjncgoleykghtkpncaypzmvo/Build/Intermediates.noindex/meal.advisor.ios.build/Debug-iphonesimulator/meal.advisor.ios.build/Objects-normal/arm64/MealAdvisor.SwiftFileList

WriteAuxiliaryFile /Users/jans./Library/Developer/Xcode/DerivedData/meal.advisor.ios-csaldjncgoleykghtkpncaypzmvo/Build/Intermediates.noindex/meal.advisor.ios.build/Debug-iphonesimulator/meal.advisor.ios.build/Objects-normal/arm64/meal.advisor.ios-OutputFileMap.json (in target 'meal.advisor.ios' from project 'meal.advisor.ios')
    cd /Users/jans./Downloads/meal.advisor/meal.advisor.ios/meal.advisor.ios/meal.advisor.ios
    write-file /Users/jans./Library/Developer/Xcode/DerivedData/meal.advisor.ios-csaldjncgoleykghtkpncaypzmvo/Build/Intermediates.noindex/meal.advisor.ios.build/Debug-iphonesimulator/meal.advisor.ios.build/Objects-normal/arm64/meal.advisor.ios-OutputFileMap.json

WriteAuxiliaryFile /Users/jans./Library/Developer/Xcode/DerivedData/meal.advisor.ios-csaldjncgoleykghtkpncaypzmvo/Build/Intermediates.noindex/meal.advisor.ios.build/Debug-iphonesimulator/meal.advisor.ios.build/Objects-normal/arm64/MealAdvisor.SwiftConstValuesFileList (in target 'meal.advisor.ios' from project 'meal.advisor.ios')
    cd /Users/jans./Downloads/meal.advisor/meal.advisor.ios/meal.advisor.ios/meal.advisor.ios
    write-file /Users/jans./Library/Developer/Xcode/DerivedData/meal.advisor.ios-csaldjncgoleykghtkpncaypzmvo/Build/Intermediates.noindex/meal.advisor.ios.build/Debug-iphonesimulator/meal.advisor.ios.build/Objects-normal/arm64/MealAdvisor.SwiftConstValuesFileList

WriteAuxiliaryFile /Users/jans./Library/Developer/Xcode/DerivedData/meal.advisor.ios-csaldjncgoleykghtkpncaypzmvo/Build/Intermediates.noindex/meal.advisor.ios.build/Debug-iphonesimulator/meal.advisor.ios.build/Objects-normal/arm64/MealAdvisor.LinkFileList (in target 'meal.advisor.ios' from project 'meal.advisor.ios')
    cd /Users/jans./Downloads/meal.advisor/meal.advisor.ios/meal.advisor.ios/meal.advisor.ios
    write-file /Users/jans./Library/Developer/Xcode/DerivedData/meal.advisor.ios-csaldjncgoleykghtkpncaypzmvo/Build/Intermediates.noindex/meal.advisor.ios.build/Debug-iphonesimulator/meal.advisor.ios.build/Objects-normal/arm64/MealAdvisor.LinkFileList

WriteAuxiliaryFile /Users/jans./Library/Developer/Xcode/DerivedData/meal.advisor.ios-csaldjncgoleykghtkpncaypzmvo/Build/Intermediates.noindex/meal.advisor.ios.build/Debug-iphonesimulator/meal.advisor.ios.build/MealAdvisor.hmap (in target 'meal.advisor.ios' from project 'meal.advisor.ios')
    cd /Users/jans./Downloads/meal.advisor/meal.advisor.ios/meal.advisor.ios/meal.advisor.ios
    write-file /Users/jans./Library/Developer/Xcode/DerivedData/meal.advisor.ios-csaldjncgoleykghtkpncaypzmvo/Build/Intermediates.noindex/meal.advisor.ios.build/Debug-iphonesimulator/meal.advisor.ios.build/MealAdvisor.hmap

WriteAuxiliaryFile /Users/jans./Library/Developer/Xcode/DerivedData/meal.advisor.ios-csaldjncgoleykghtkpncaypzmvo/Build/Intermediates.noindex/meal.advisor.ios.build/Debug-iphonesimulator/meal.advisor.ios.build/MealAdvisor.DependencyStaticMetadataFileList (in target 'meal.advisor.ios' from project 'meal.advisor.ios')
    cd /Users/jans./Downloads/meal.advisor/meal.advisor.ios/meal.advisor.ios/meal.advisor.ios
    write-file /Users/jans./Library/Developer/Xcode/DerivedData/meal.advisor.ios-csaldjncgoleykghtkpncaypzmvo/Build/Intermediates.noindex/meal.advisor.ios.build/Debug-iphonesimulator/meal.advisor.ios.build/MealAdvisor.DependencyStaticMetadataFileList

WriteAuxiliaryFile /Users/jans./Library/Developer/Xcode/DerivedData/meal.advisor.ios-csaldjncgoleykghtkpncaypzmvo/Build/Intermediates.noindex/meal.advisor.ios.build/Debug-iphonesimulator/meal.advisor.ios.build/MealAdvisor.DependencyMetadataFileList (in target 'meal.advisor.ios' from project 'meal.advisor.ios')
    cd /Users/jans./Downloads/meal.advisor/meal.advisor.ios/meal.advisor.ios/meal.advisor.ios
    write-file /Users/jans./Library/Developer/Xcode/DerivedData/meal.advisor.ios-csaldjncgoleykghtkpncaypzmvo/Build/Intermediates.noindex/meal.advisor.ios.build/Debug-iphonesimulator/meal.advisor.ios.build/MealAdvisor.DependencyMetadataFileList

WriteAuxiliaryFile /Users/jans./Library/Developer/Xcode/DerivedData/meal.advisor.ios-csaldjncgoleykghtkpncaypzmvo/Build/Intermediates.noindex/meal.advisor.ios.build/Debug-iphonesimulator/meal.advisor.ios.build/MealAdvisor-project-headers.hmap (in target 'meal.advisor.ios' from project 'meal.advisor.ios')
    cd /Users/jans./Downloads/meal.advisor/meal.advisor.ios/meal.advisor.ios/meal.advisor.ios
    write-file /Users/jans./Library/Developer/Xcode/DerivedData/meal.advisor.ios-csaldjncgoleykghtkpncaypzmvo/Build/Intermediates.noindex/meal.advisor.ios.build/Debug-iphonesimulator/meal.advisor.ios.build/MealAdvisor-project-headers.hmap

WriteAuxiliaryFile /Users/jans./Library/Developer/Xcode/DerivedData/meal.advisor.ios-csaldjncgoleykghtkpncaypzmvo/Build/Intermediates.noindex/meal.advisor.ios.build/Debug-iphonesimulator/meal.advisor.ios.build/MealAdvisor-own-target-headers.hmap (in target 'meal.advisor.ios' from project 'meal.advisor.ios')
    cd /Users/jans./Downloads/meal.advisor/meal.advisor.ios/meal.advisor.ios/meal.advisor.ios
    write-file /Users/jans./Library/Developer/Xcode/DerivedData/meal.advisor.ios-csaldjncgoleykghtkpncaypzmvo/Build/Intermediates.noindex/meal.advisor.ios.build/Debug-iphonesimulator/meal.advisor.ios.build/MealAdvisor-own-target-headers.hmap

WriteAuxiliaryFile /Users/jans./Library/Developer/Xcode/DerivedData/meal.advisor.ios-csaldjncgoleykghtkpncaypzmvo/Build/Intermediates.noindex/meal.advisor.ios.build/Debug-iphonesimulator/meal.advisor.ios.build/MealAdvisor-generated-files.hmap (in target 'meal.advisor.ios' from project 'meal.advisor.ios')
    cd /Users/jans./Downloads/meal.advisor/meal.advisor.ios/meal.advisor.ios/meal.advisor.ios
    write-file /Users/jans./Library/Developer/Xcode/DerivedData/meal.advisor.ios-csaldjncgoleykghtkpncaypzmvo/Build/Intermediates.noindex/meal.advisor.ios.build/Debug-iphonesimulator/meal.advisor.ios.build/MealAdvisor-generated-files.hmap

WriteAuxiliaryFile /Users/jans./Library/Developer/Xcode/DerivedData/meal.advisor.ios-csaldjncgoleykghtkpncaypzmvo/Build/Intermediates.noindex/meal.advisor.ios.build/Debug-iphonesimulator/meal.advisor.ios.build/MealAdvisor-all-target-headers.hmap (in target 'meal.advisor.ios' from project 'meal.advisor.ios')
    cd /Users/jans./Downloads/meal.advisor/meal.advisor.ios/meal.advisor.ios/meal.advisor.ios
    write-file /Users/jans./Library/Developer/Xcode/DerivedData/meal.advisor.ios-csaldjncgoleykghtkpncaypzmvo/Build/Intermediates.noindex/meal.advisor.ios.build/Debug-iphonesimulator/meal.advisor.ios.build/MealAdvisor-all-target-headers.hmap

WriteAuxiliaryFile /Users/jans./Library/Developer/Xcode/DerivedData/meal.advisor.ios-csaldjncgoleykghtkpncaypzmvo/Build/Intermediates.noindex/meal.advisor.ios.build/Debug-iphonesimulator/meal.advisor.ios.build/MealAdvisor-all-non-framework-target-headers.hmap (in target 'meal.advisor.ios' from project 'meal.advisor.ios')
    cd /Users/jans./Downloads/meal.advisor/meal.advisor.ios/meal.advisor.ios/meal.advisor.ios
    write-file /Users/jans./Library/Developer/Xcode/DerivedData/meal.advisor.ios-csaldjncgoleykghtkpncaypzmvo/Build/Intermediates.noindex/meal.advisor.ios.build/Debug-iphonesimulator/meal.advisor.ios.build/MealAdvisor-all-non-framework-target-headers.hmap

WriteAuxiliaryFile /Users/jans./Library/Developer/Xcode/DerivedData/meal.advisor.ios-csaldjncgoleykghtkpncaypzmvo/Build/Intermediates.noindex/meal.advisor.ios.build/Debug-iphonesimulator/meal.advisor.ios.build/MealAdvisor-DebugDylibPath-normal-arm64.txt (in target 'meal.advisor.ios' from project 'meal.advisor.ios')
    cd /Users/jans./Downloads/meal.advisor/meal.advisor.ios/meal.advisor.ios/meal.advisor.ios
    write-file /Users/jans./Library/Developer/Xcode/DerivedData/meal.advisor.ios-csaldjncgoleykghtkpncaypzmvo/Build/Intermediates.noindex/meal.advisor.ios.build/Debug-iphonesimulator/meal.advisor.ios.build/MealAdvisor-DebugDylibPath-normal-arm64.txt

WriteAuxiliaryFile /Users/jans./Library/Developer/Xcode/DerivedData/meal.advisor.ios-csaldjncgoleykghtkpncaypzmvo/Build/Intermediates.noindex/meal.advisor.ios.build/Debug-iphonesimulator/meal.advisor.ios.build/MealAdvisor-DebugDylibInstallName-normal-arm64.txt (in target 'meal.advisor.ios' from project 'meal.advisor.ios')
    cd /Users/jans./Downloads/meal.advisor/meal.advisor.ios/meal.advisor.ios/meal.advisor.ios
    write-file /Users/jans./Library/Developer/Xcode/DerivedData/meal.advisor.ios-csaldjncgoleykghtkpncaypzmvo/Build/Intermediates.noindex/meal.advisor.ios.build/Debug-iphonesimulator/meal.advisor.ios.build/MealAdvisor-DebugDylibInstallName-normal-arm64.txt

WriteAuxiliaryFile /Users/jans./Library/Developer/Xcode/DerivedData/meal.advisor.ios-csaldjncgoleykghtkpncaypzmvo/Build/Intermediates.noindex/xctest-dynamic-overlay.build/Debug-iphonesimulator/XCTestDynamicOverlay.build/XCTestDynamicOverlay.DependencyMetadataFileList (in target 'XCTestDynamicOverlay' from project 'xctest-dynamic-overlay')
    cd /Users/jans./Library/Developer/Xcode/DerivedData/meal.advisor.ios-csaldjncgoleykghtkpncaypzmvo/SourcePackages/checkouts/xctest-dynamic-overlay
    write-file /Users/jans./Library/Developer/Xcode/DerivedData/meal.advisor.ios-csaldjncgoleykghtkpncaypzmvo/Build/Intermediates.noindex/xctest-dynamic-overlay.build/Debug-iphonesimulator/XCTestDynamicOverlay.build/XCTestDynamicOverlay.DependencyMetadataFileList

Copy /Users/jans./Library/Developer/Xcode/DerivedData/meal.advisor.ios-csaldjncgoleykghtkpncaypzmvo/Build/Intermediates.noindex/GeneratedModuleMaps-iphonesimulator/XCTestDynamicOverlay.modulemap /Users/jans./Library/Developer/Xcode/DerivedData/meal.advisor.ios-csaldjncgoleykghtkpncaypzmvo/Build/Intermediates.noindex/xctest-dynamic-overlay.build/Debug-iphonesimulator/XCTestDynamicOverlay.build/XCTestDynamicOverlay.modulemap (in target 'XCTestDynamicOverlay' from project 'xctest-dynamic-overlay')
    cd /Users/jans./Library/Developer/Xcode/DerivedData/meal.advisor.ios-csaldjncgoleykghtkpncaypzmvo/SourcePackages/checkouts/xctest-dynamic-overlay
    builtin-copy -exclude .DS_Store -exclude CVS -exclude .svn -exclude .git -exclude .hg -resolve-src-symlinks /Users/jans./Library/Developer/Xcode/DerivedData/meal.advisor.ios-csaldjncgoleykghtkpncaypzmvo/Build/Intermediates.noindex/xctest-dynamic-overlay.build/Debug-iphonesimulator/XCTestDynamicOverlay.build/XCTestDynamicOverlay.modulemap /Users/jans./Library/Developer/Xcode/DerivedData/meal.advisor.ios-csaldjncgoleykghtkpncaypzmvo/Build/Intermediates.noindex/GeneratedModuleMaps-iphonesimulator

WriteAuxiliaryFile /Users/jans./Library/Developer/Xcode/DerivedData/meal.advisor.ios-csaldjncgoleykghtkpncaypzmvo/Build/Intermediates.noindex/Supabase.build/Debug-iphonesimulator/Supabase.build/Supabase.modulemap (in target 'Supabase' from project 'Supabase')
    cd /Users/jans./Library/Developer/Xcode/DerivedData/meal.advisor.ios-csaldjncgoleykghtkpncaypzmvo/SourcePackages/checkouts/supabase-swift
    write-file /Users/jans./Library/Developer/Xcode/DerivedData/meal.advisor.ios-csaldjncgoleykghtkpncaypzmvo/Build/Intermediates.noindex/Supabase.build/Debug-iphonesimulator/Supabase.build/Supabase.modulemap

WriteAuxiliaryFile /Users/jans./Library/Developer/Xcode/DerivedData/meal.advisor.ios-csaldjncgoleykghtkpncaypzmvo/Build/Intermediates.noindex/Supabase.build/Debug-iphonesimulator/Supabase.build/Supabase.DependencyStaticMetadataFileList (in target 'Supabase' from project 'Supabase')
    cd /Users/jans./Library/Developer/Xcode/DerivedData/meal.advisor.ios-csaldjncgoleykghtkpncaypzmvo/SourcePackages/checkouts/supabase-swift
    write-file /Users/jans./Library/Developer/Xcode/DerivedData/meal.advisor.ios-csaldjncgoleykghtkpncaypzmvo/Build/Intermediates.noindex/Supabase.build/Debug-iphonesimulator/Supabase.build/Supabase.DependencyStaticMetadataFileList

WriteAuxiliaryFile /Users/jans./Library/Developer/Xcode/DerivedData/meal.advisor.ios-csaldjncgoleykghtkpncaypzmvo/Build/Intermediates.noindex/Supabase.build/Debug-iphonesimulator/Supabase.build/Supabase.DependencyMetadataFileList (in target 'Supabase' from project 'Supabase')
    cd /Users/jans./Library/Developer/Xcode/DerivedData/meal.advisor.ios-csaldjncgoleykghtkpncaypzmvo/SourcePackages/checkouts/supabase-swift
    write-file /Users/jans./Library/Developer/Xcode/DerivedData/meal.advisor.ios-csaldjncgoleykghtkpncaypzmvo/Build/Intermediates.noindex/Supabase.build/Debug-iphonesimulator/Supabase.build/Supabase.DependencyMetadataFileList

WriteAuxiliaryFile /Users/jans./Library/Developer/Xcode/DerivedData/meal.advisor.ios-csaldjncgoleykghtkpncaypzmvo/Build/Intermediates.noindex/Supabase.build/Debug-iphonesimulator/Supabase.build/Objects-normal/arm64/Supabase_const_extract_protocols.json (in target 'Supabase' from project 'Supabase')
    cd /Users/jans./Library/Developer/Xcode/DerivedData/meal.advisor.ios-csaldjncgoleykghtkpncaypzmvo/SourcePackages/checkouts/supabase-swift
    write-file /Users/jans./Library/Developer/Xcode/DerivedData/meal.advisor.ios-csaldjncgoleykghtkpncaypzmvo/Build/Intermediates.noindex/Supabase.build/Debug-iphonesimulator/Supabase.build/Objects-normal/arm64/Supabase_const_extract_protocols.json

WriteAuxiliaryFile /Users/jans./Library/Developer/Xcode/DerivedData/meal.advisor.ios-csaldjncgoleykghtkpncaypzmvo/Build/Intermediates.noindex/Supabase.build/Debug-iphonesimulator/Supabase.build/Objects-normal/arm64/Supabase.SwiftFileList (in target 'Supabase' from project 'Supabase')
    cd /Users/jans./Library/Developer/Xcode/DerivedData/meal.advisor.ios-csaldjncgoleykghtkpncaypzmvo/SourcePackages/checkouts/supabase-swift
    write-file /Users/jans./Library/Developer/Xcode/DerivedData/meal.advisor.ios-csaldjncgoleykghtkpncaypzmvo/Build/Intermediates.noindex/Supabase.build/Debug-iphonesimulator/Supabase.build/Objects-normal/arm64/Supabase.SwiftFileList

WriteAuxiliaryFile /Users/jans./Library/Developer/Xcode/DerivedData/meal.advisor.ios-csaldjncgoleykghtkpncaypzmvo/Build/Intermediates.noindex/Supabase.build/Debug-iphonesimulator/Supabase.build/Objects-normal/arm64/Supabase.SwiftConstValuesFileList (in target 'Supabase' from project 'Supabase')
    cd /Users/jans./Library/Developer/Xcode/DerivedData/meal.advisor.ios-csaldjncgoleykghtkpncaypzmvo/SourcePackages/checkouts/supabase-swift
    write-file /Users/jans./Library/Developer/Xcode/DerivedData/meal.advisor.ios-csaldjncgoleykghtkpncaypzmvo/Build/Intermediates.noindex/Supabase.build/Debug-iphonesimulator/Supabase.build/Objects-normal/arm64/Supabase.SwiftConstValuesFileList

WriteAuxiliaryFile /Users/jans./Library/Developer/Xcode/DerivedData/meal.advisor.ios-csaldjncgoleykghtkpncaypzmvo/Build/Intermediates.noindex/Supabase.build/Debug-iphonesimulator/Supabase.build/Objects-normal/arm64/Supabase.LinkFileList (in target 'Supabase' from project 'Supabase')
    cd /Users/jans./Library/Developer/Xcode/DerivedData/meal.advisor.ios-csaldjncgoleykghtkpncaypzmvo/SourcePackages/checkouts/supabase-swift
    write-file /Users/jans./Library/Developer/Xcode/DerivedData/meal.advisor.ios-csaldjncgoleykghtkpncaypzmvo/Build/Intermediates.noindex/Supabase.build/Debug-iphonesimulator/Supabase.build/Objects-normal/arm64/Supabase.LinkFileList

WriteAuxiliaryFile /Users/jans./Library/Developer/Xcode/DerivedData/meal.advisor.ios-csaldjncgoleykghtkpncaypzmvo/Build/Intermediates.noindex/Supabase.build/Debug-iphonesimulator/Supabase.build/Objects-normal/arm64/Supabase-OutputFileMap.json (in target 'Supabase' from project 'Supabase')
    cd /Users/jans./Library/Developer/Xcode/DerivedData/meal.advisor.ios-csaldjncgoleykghtkpncaypzmvo/SourcePackages/checkouts/supabase-swift
    write-file /Users/jans./Library/Developer/Xcode/DerivedData/meal.advisor.ios-csaldjncgoleykghtkpncaypzmvo/Build/Intermediates.noindex/Supabase.build/Debug-iphonesimulator/Supabase.build/Objects-normal/arm64/Supabase-OutputFileMap.json

Copy /Users/jans./Library/Developer/Xcode/DerivedData/meal.advisor.ios-csaldjncgoleykghtkpncaypzmvo/Build/Intermediates.noindex/GeneratedModuleMaps-iphonesimulator/Supabase.modulemap /Users/jans./Library/Developer/Xcode/DerivedData/meal.advisor.ios-csaldjncgoleykghtkpncaypzmvo/Build/Intermediates.noindex/Supabase.build/Debug-iphonesimulator/Supabase.build/Supabase.modulemap (in target 'Supabase' from project 'Supabase')
    cd /Users/jans./Library/Developer/Xcode/DerivedData/meal.advisor.ios-csaldjncgoleykghtkpncaypzmvo/SourcePackages/checkouts/supabase-swift
    builtin-copy -exclude .DS_Store -exclude CVS -exclude .svn -exclude .git -exclude .hg -resolve-src-symlinks /Users/jans./Library/Developer/Xcode/DerivedData/meal.advisor.ios-csaldjncgoleykghtkpncaypzmvo/Build/Intermediates.noindex/Supabase.build/Debug-iphonesimulator/Supabase.build/Supabase.modulemap /Users/jans./Library/Developer/Xcode/DerivedData/meal.advisor.ios-csaldjncgoleykghtkpncaypzmvo/Build/Intermediates.noindex/GeneratedModuleMaps-iphonesimulator

WriteAuxiliaryFile /Users/jans./Library/Developer/Xcode/DerivedData/meal.advisor.ios-csaldjncgoleykghtkpncaypzmvo/Build/Intermediates.noindex/Supabase.build/Debug-iphonesimulator/Storage.build/Storage.modulemap (in target 'Storage' from project 'Supabase')
    cd /Users/jans./Library/Developer/Xcode/DerivedData/meal.advisor.ios-csaldjncgoleykghtkpncaypzmvo/SourcePackages/checkouts/supabase-swift
    write-file /Users/jans./Library/Developer/Xcode/DerivedData/meal.advisor.ios-csaldjncgoleykghtkpncaypzmvo/Build/Intermediates.noindex/Supabase.build/Debug-iphonesimulator/Storage.build/Storage.modulemap

WriteAuxiliaryFile /Users/jans./Library/Developer/Xcode/DerivedData/meal.advisor.ios-csaldjncgoleykghtkpncaypzmvo/Build/Intermediates.noindex/Supabase.build/Debug-iphonesimulator/Storage.build/Storage.DependencyStaticMetadataFileList (in target 'Storage' from project 'Supabase')
    cd /Users/jans./Library/Developer/Xcode/DerivedData/meal.advisor.ios-csaldjncgoleykghtkpncaypzmvo/SourcePackages/checkouts/supabase-swift
    write-file /Users/jans./Library/Developer/Xcode/DerivedData/meal.advisor.ios-csaldjncgoleykghtkpncaypzmvo/Build/Intermediates.noindex/Supabase.build/Debug-iphonesimulator/Storage.build/Storage.DependencyStaticMetadataFileList

WriteAuxiliaryFile /Users/jans./Library/Developer/Xcode/DerivedData/meal.advisor.ios-csaldjncgoleykghtkpncaypzmvo/Build/Intermediates.noindex/Supabase.build/Debug-iphonesimulator/Storage.build/Storage.DependencyMetadataFileList (in target 'Storage' from project 'Supabase')
    cd /Users/jans./Library/Developer/Xcode/DerivedData/meal.advisor.ios-csaldjncgoleykghtkpncaypzmvo/SourcePackages/checkouts/supabase-swift
    write-file /Users/jans./Library/Developer/Xcode/DerivedData/meal.advisor.ios-csaldjncgoleykghtkpncaypzmvo/Build/Intermediates.noindex/Supabase.build/Debug-iphonesimulator/Storage.build/Storage.DependencyMetadataFileList

WriteAuxiliaryFile /Users/jans./Library/Developer/Xcode/DerivedData/meal.advisor.ios-csaldjncgoleykghtkpncaypzmvo/Build/Intermediates.noindex/Supabase.build/Debug-iphonesimulator/Storage.build/Objects-normal/arm64/Storage.SwiftFileList (in target 'Storage' from project 'Supabase')
    cd /Users/jans./Library/Developer/Xcode/DerivedData/meal.advisor.ios-csaldjncgoleykghtkpncaypzmvo/SourcePackages/checkouts/supabase-swift
    write-file /Users/jans./Library/Developer/Xcode/DerivedData/meal.advisor.ios-csaldjncgoleykghtkpncaypzmvo/Build/Intermediates.noindex/Supabase.build/Debug-iphonesimulator/Storage.build/Objects-normal/arm64/Storage.SwiftFileList

WriteAuxiliaryFile /Users/jans./Library/Developer/Xcode/DerivedData/meal.advisor.ios-csaldjncgoleykghtkpncaypzmvo/Build/Intermediates.noindex/Supabase.build/Debug-iphonesimulator/Storage.build/Objects-normal/arm64/Storage_const_extract_protocols.json (in target 'Storage' from project 'Supabase')
    cd /Users/jans./Library/Developer/Xcode/DerivedData/meal.advisor.ios-csaldjncgoleykghtkpncaypzmvo/SourcePackages/checkouts/supabase-swift
    write-file /Users/jans./Library/Developer/Xcode/DerivedData/meal.advisor.ios-csaldjncgoleykghtkpncaypzmvo/Build/Intermediates.noindex/Supabase.build/Debug-iphonesimulator/Storage.build/Objects-normal/arm64/Storage_const_extract_protocols.json

WriteAuxiliaryFile /Users/jans./Library/Developer/Xcode/DerivedData/meal.advisor.ios-csaldjncgoleykghtkpncaypzmvo/Build/Intermediates.noindex/Supabase.build/Debug-iphonesimulator/Storage.build/Objects-normal/arm64/Storage.SwiftConstValuesFileList (in target 'Storage' from project 'Supabase')
    cd /Users/jans./Library/Developer/Xcode/DerivedData/meal.advisor.ios-csaldjncgoleykghtkpncaypzmvo/SourcePackages/checkouts/supabase-swift
    write-file /Users/jans./Library/Developer/Xcode/DerivedData/meal.advisor.ios-csaldjncgoleykghtkpncaypzmvo/Build/Intermediates.noindex/Supabase.build/Debug-iphonesimulator/Storage.build/Objects-normal/arm64/Storage.SwiftConstValuesFileList

WriteAuxiliaryFile /Users/jans./Library/Developer/Xcode/DerivedData/meal.advisor.ios-csaldjncgoleykghtkpncaypzmvo/Build/Intermediates.noindex/Supabase.build/Debug-iphonesimulator/Storage.build/Objects-normal/arm64/Storage.LinkFileList (in target 'Storage' from project 'Supabase')
    cd /Users/jans./Library/Developer/Xcode/DerivedData/meal.advisor.ios-csaldjncgoleykghtkpncaypzmvo/SourcePackages/checkouts/supabase-swift
    write-file /Users/jans./Library/Developer/Xcode/DerivedData/meal.advisor.ios-csaldjncgoleykghtkpncaypzmvo/Build/Intermediates.noindex/Supabase.build/Debug-iphonesimulator/Storage.build/Objects-normal/arm64/Storage.LinkFileList

WriteAuxiliaryFile /Users/jans./Library/Developer/Xcode/DerivedData/meal.advisor.ios-csaldjncgoleykghtkpncaypzmvo/Build/Intermediates.noindex/Supabase.build/Debug-iphonesimulator/Storage.build/Objects-normal/arm64/Storage-OutputFileMap.json (in target 'Storage' from project 'Supabase')
    cd /Users/jans./Library/Developer/Xcode/DerivedData/meal.advisor.ios-csaldjncgoleykghtkpncaypzmvo/SourcePackages/checkouts/supabase-swift
    write-file /Users/jans./Library/Developer/Xcode/DerivedData/meal.advisor.ios-csaldjncgoleykghtkpncaypzmvo/Build/Intermediates.noindex/Supabase.build/Debug-iphonesimulator/Storage.build/Objects-normal/arm64/Storage-OutputFileMap.json

Copy /Users/jans./Library/Developer/Xcode/DerivedData/meal.advisor.ios-csaldjncgoleykghtkpncaypzmvo/Build/Intermediates.noindex/GeneratedModuleMaps-iphonesimulator/Storage.modulemap /Users/jans./Library/Developer/Xcode/DerivedData/meal.advisor.ios-csaldjncgoleykghtkpncaypzmvo/Build/Intermediates.noindex/Supabase.build/Debug-iphonesimulator/Storage.build/Storage.modulemap (in target 'Storage' from project 'Supabase')
    cd /Users/jans./Library/Developer/Xcode/DerivedData/meal.advisor.ios-csaldjncgoleykghtkpncaypzmvo/SourcePackages/checkouts/supabase-swift
    builtin-copy -exclude .DS_Store -exclude CVS -exclude .svn -exclude .git -exclude .hg -resolve-src-symlinks /Users/jans./Library/Developer/Xcode/DerivedData/meal.advisor.ios-csaldjncgoleykghtkpncaypzmvo/Build/Intermediates.noindex/Supabase.build/Debug-iphonesimulator/Storage.build/Storage.modulemap /Users/jans./Library/Developer/Xcode/DerivedData/meal.advisor.ios-csaldjncgoleykghtkpncaypzmvo/Build/Intermediates.noindex/GeneratedModuleMaps-iphonesimulator

WriteAuxiliaryFile /Users/jans./Library/Developer/Xcode/DerivedData/meal.advisor.ios-csaldjncgoleykghtkpncaypzmvo/Build/Intermediates.noindex/Supabase.build/Debug-iphonesimulator/Realtime.build/Realtime.modulemap (in target 'Realtime' from project 'Supabase')
    cd /Users/jans./Library/Developer/Xcode/DerivedData/meal.advisor.ios-csaldjncgoleykghtkpncaypzmvo/SourcePackages/checkouts/supabase-swift
    write-file /Users/jans./Library/Developer/Xcode/DerivedData/meal.advisor.ios-csaldjncgoleykghtkpncaypzmvo/Build/Intermediates.noindex/Supabase.build/Debug-iphonesimulator/Realtime.build/Realtime.modulemap

WriteAuxiliaryFile /Users/jans./Library/Developer/Xcode/DerivedData/meal.advisor.ios-csaldjncgoleykghtkpncaypzmvo/Build/Intermediates.noindex/Supabase.build/Debug-iphonesimulator/Realtime.build/Realtime.DependencyStaticMetadataFileList (in target 'Realtime' from project 'Supabase')
    cd /Users/jans./Library/Developer/Xcode/DerivedData/meal.advisor.ios-csaldjncgoleykghtkpncaypzmvo/SourcePackages/checkouts/supabase-swift
    write-file /Users/jans./Library/Developer/Xcode/DerivedData/meal.advisor.ios-csaldjncgoleykghtkpncaypzmvo/Build/Intermediates.noindex/Supabase.build/Debug-iphonesimulator/Realtime.build/Realtime.DependencyStaticMetadataFileList

WriteAuxiliaryFile /Users/jans./Library/Developer/Xcode/DerivedData/meal.advisor.ios-csaldjncgoleykghtkpncaypzmvo/Build/Intermediates.noindex/Supabase.build/Debug-iphonesimulator/Realtime.build/Realtime.DependencyMetadataFileList (in target 'Realtime' from project 'Supabase')
    cd /Users/jans./Library/Developer/Xcode/DerivedData/meal.advisor.ios-csaldjncgoleykghtkpncaypzmvo/SourcePackages/checkouts/supabase-swift
    write-file /Users/jans./Library/Developer/Xcode/DerivedData/meal.advisor.ios-csaldjncgoleykghtkpncaypzmvo/Build/Intermediates.noindex/Supabase.build/Debug-iphonesimulator/Realtime.build/Realtime.DependencyMetadataFileList

WriteAuxiliaryFile /Users/jans./Library/Developer/Xcode/DerivedData/meal.advisor.ios-csaldjncgoleykghtkpncaypzmvo/Build/Intermediates.noindex/Supabase.build/Debug-iphonesimulator/Realtime.build/Objects-normal/arm64/Realtime.SwiftFileList (in target 'Realtime' from project 'Supabase')
    cd /Users/jans./Library/Developer/Xcode/DerivedData/meal.advisor.ios-csaldjncgoleykghtkpncaypzmvo/SourcePackages/checkouts/supabase-swift
    write-file /Users/jans./Library/Developer/Xcode/DerivedData/meal.advisor.ios-csaldjncgoleykghtkpncaypzmvo/Build/Intermediates.noindex/Supabase.build/Debug-iphonesimulator/Realtime.build/Objects-normal/arm64/Realtime.SwiftFileList

WriteAuxiliaryFile /Users/jans./Library/Developer/Xcode/DerivedData/meal.advisor.ios-csaldjncgoleykghtkpncaypzmvo/Build/Intermediates.noindex/Supabase.build/Debug-iphonesimulator/Realtime.build/Objects-normal/arm64/Realtime_const_extract_protocols.json (in target 'Realtime' from project 'Supabase')
    cd /Users/jans./Library/Developer/Xcode/DerivedData/meal.advisor.ios-csaldjncgoleykghtkpncaypzmvo/SourcePackages/checkouts/supabase-swift
    write-file /Users/jans./Library/Developer/Xcode/DerivedData/meal.advisor.ios-csaldjncgoleykghtkpncaypzmvo/Build/Intermediates.noindex/Supabase.build/Debug-iphonesimulator/Realtime.build/Objects-normal/arm64/Realtime_const_extract_protocols.json

WriteAuxiliaryFile /Users/jans./Library/Developer/Xcode/DerivedData/meal.advisor.ios-csaldjncgoleykghtkpncaypzmvo/Build/Intermediates.noindex/Supabase.build/Debug-iphonesimulator/Realtime.build/Objects-normal/arm64/Realtime.SwiftConstValuesFileList (in target 'Realtime' from project 'Supabase')
    cd /Users/jans./Library/Developer/Xcode/DerivedData/meal.advisor.ios-csaldjncgoleykghtkpncaypzmvo/SourcePackages/checkouts/supabase-swift
    write-file /Users/jans./Library/Developer/Xcode/DerivedData/meal.advisor.ios-csaldjncgoleykghtkpncaypzmvo/Build/Intermediates.noindex/Supabase.build/Debug-iphonesimulator/Realtime.build/Objects-normal/arm64/Realtime.SwiftConstValuesFileList

WriteAuxiliaryFile /Users/jans./Library/Developer/Xcode/DerivedData/meal.advisor.ios-csaldjncgoleykghtkpncaypzmvo/Build/Intermediates.noindex/Supabase.build/Debug-iphonesimulator/Realtime.build/Objects-normal/arm64/Realtime.LinkFileList (in target 'Realtime' from project 'Supabase')
    cd /Users/jans./Library/Developer/Xcode/DerivedData/meal.advisor.ios-csaldjncgoleykghtkpncaypzmvo/SourcePackages/checkouts/supabase-swift
    write-file /Users/jans./Library/Developer/Xcode/DerivedData/meal.advisor.ios-csaldjncgoleykghtkpncaypzmvo/Build/Intermediates.noindex/Supabase.build/Debug-iphonesimulator/Realtime.build/Objects-normal/arm64/Realtime.LinkFileList

WriteAuxiliaryFile /Users/jans./Library/Developer/Xcode/DerivedData/meal.advisor.ios-csaldjncgoleykghtkpncaypzmvo/Build/Intermediates.noindex/Supabase.build/Debug-iphonesimulator/Realtime.build/Objects-normal/arm64/Realtime-OutputFileMap.json (in target 'Realtime' from project 'Supabase')
    cd /Users/jans./Library/Developer/Xcode/DerivedData/meal.advisor.ios-csaldjncgoleykghtkpncaypzmvo/SourcePackages/checkouts/supabase-swift
    write-file /Users/jans./Library/Developer/Xcode/DerivedData/meal.advisor.ios-csaldjncgoleykghtkpncaypzmvo/Build/Intermediates.noindex/Supabase.build/Debug-iphonesimulator/Realtime.build/Objects-normal/arm64/Realtime-OutputFileMap.json

Copy /Users/jans./Library/Developer/Xcode/DerivedData/meal.advisor.ios-csaldjncgoleykghtkpncaypzmvo/Build/Intermediates.noindex/GeneratedModuleMaps-iphonesimulator/Realtime.modulemap /Users/jans./Library/Developer/Xcode/DerivedData/meal.advisor.ios-csaldjncgoleykghtkpncaypzmvo/Build/Intermediates.noindex/Supabase.build/Debug-iphonesimulator/Realtime.build/Realtime.modulemap (in target 'Realtime' from project 'Supabase')
    cd /Users/jans./Library/Developer/Xcode/DerivedData/meal.advisor.ios-csaldjncgoleykghtkpncaypzmvo/SourcePackages/checkouts/supabase-swift
    builtin-copy -exclude .DS_Store -exclude CVS -exclude .svn -exclude .git -exclude .hg -resolve-src-symlinks /Users/jans./Library/Developer/Xcode/DerivedData/meal.advisor.ios-csaldjncgoleykghtkpncaypzmvo/Build/Intermediates.noindex/Supabase.build/Debug-iphonesimulator/Realtime.build/Realtime.modulemap /Users/jans./Library/Developer/Xcode/DerivedData/meal.advisor.ios-csaldjncgoleykghtkpncaypzmvo/Build/Intermediates.noindex/GeneratedModuleMaps-iphonesimulator

WriteAuxiliaryFile /Users/jans./Library/Developer/Xcode/DerivedData/meal.advisor.ios-csaldjncgoleykghtkpncaypzmvo/Build/Intermediates.noindex/Supabase.build/Debug-iphonesimulator/PostgREST.build/PostgREST.modulemap (in target 'PostgREST' from project 'Supabase')
    cd /Users/jans./Library/Developer/Xcode/DerivedData/meal.advisor.ios-csaldjncgoleykghtkpncaypzmvo/SourcePackages/checkouts/supabase-swift
    write-file /Users/jans./Library/Developer/Xcode/DerivedData/meal.advisor.ios-csaldjncgoleykghtkpncaypzmvo/Build/Intermediates.noindex/Supabase.build/Debug-iphonesimulator/PostgREST.build/PostgREST.modulemap

WriteAuxiliaryFile /Users/jans./Library/Developer/Xcode/DerivedData/meal.advisor.ios-csaldjncgoleykghtkpncaypzmvo/Build/Intermediates.noindex/Supabase.build/Debug-iphonesimulator/PostgREST.build/PostgREST.DependencyStaticMetadataFileList (in target 'PostgREST' from project 'Supabase')
    cd /Users/jans./Library/Developer/Xcode/DerivedData/meal.advisor.ios-csaldjncgoleykghtkpncaypzmvo/SourcePackages/checkouts/supabase-swift
    write-file /Users/jans./Library/Developer/Xcode/DerivedData/meal.advisor.ios-csaldjncgoleykghtkpncaypzmvo/Build/Intermediates.noindex/Supabase.build/Debug-iphonesimulator/PostgREST.build/PostgREST.DependencyStaticMetadataFileList

WriteAuxiliaryFile /Users/jans./Library/Developer/Xcode/DerivedData/meal.advisor.ios-csaldjncgoleykghtkpncaypzmvo/Build/Intermediates.noindex/Supabase.build/Debug-iphonesimulator/PostgREST.build/PostgREST.DependencyMetadataFileList (in target 'PostgREST' from project 'Supabase')
    cd /Users/jans./Library/Developer/Xcode/DerivedData/meal.advisor.ios-csaldjncgoleykghtkpncaypzmvo/SourcePackages/checkouts/supabase-swift
    write-file /Users/jans./Library/Developer/Xcode/DerivedData/meal.advisor.ios-csaldjncgoleykghtkpncaypzmvo/Build/Intermediates.noindex/Supabase.build/Debug-iphonesimulator/PostgREST.build/PostgREST.DependencyMetadataFileList

WriteAuxiliaryFile /Users/jans./Library/Developer/Xcode/DerivedData/meal.advisor.ios-csaldjncgoleykghtkpncaypzmvo/Build/Intermediates.noindex/Supabase.build/Debug-iphonesimulator/PostgREST.build/Objects-normal/arm64/PostgREST_const_extract_protocols.json (in target 'PostgREST' from project 'Supabase')
    cd /Users/jans./Library/Developer/Xcode/DerivedData/meal.advisor.ios-csaldjncgoleykghtkpncaypzmvo/SourcePackages/checkouts/supabase-swift
    write-file /Users/jans./Library/Developer/Xcode/DerivedData/meal.advisor.ios-csaldjncgoleykghtkpncaypzmvo/Build/Intermediates.noindex/Supabase.build/Debug-iphonesimulator/PostgREST.build/Objects-normal/arm64/PostgREST_const_extract_protocols.json

WriteAuxiliaryFile /Users/jans./Library/Developer/Xcode/DerivedData/meal.advisor.ios-csaldjncgoleykghtkpncaypzmvo/Build/Intermediates.noindex/Supabase.build/Debug-iphonesimulator/PostgREST.build/Objects-normal/arm64/PostgREST.SwiftFileList (in target 'PostgREST' from project 'Supabase')
    cd /Users/jans./Library/Developer/Xcode/DerivedData/meal.advisor.ios-csaldjncgoleykghtkpncaypzmvo/SourcePackages/checkouts/supabase-swift
    write-file /Users/jans./Library/Developer/Xcode/DerivedData/meal.advisor.ios-csaldjncgoleykghtkpncaypzmvo/Build/Intermediates.noindex/Supabase.build/Debug-iphonesimulator/PostgREST.build/Objects-normal/arm64/PostgREST.SwiftFileList

WriteAuxiliaryFile /Users/jans./Library/Developer/Xcode/DerivedData/meal.advisor.ios-csaldjncgoleykghtkpncaypzmvo/Build/Intermediates.noindex/Supabase.build/Debug-iphonesimulator/PostgREST.build/Objects-normal/arm64/PostgREST.SwiftConstValuesFileList (in target 'PostgREST' from project 'Supabase')
    cd /Users/jans./Library/Developer/Xcode/DerivedData/meal.advisor.ios-csaldjncgoleykghtkpncaypzmvo/SourcePackages/checkouts/supabase-swift
    write-file /Users/jans./Library/Developer/Xcode/DerivedData/meal.advisor.ios-csaldjncgoleykghtkpncaypzmvo/Build/Intermediates.noindex/Supabase.build/Debug-iphonesimulator/PostgREST.build/Objects-normal/arm64/PostgREST.SwiftConstValuesFileList

WriteAuxiliaryFile /Users/jans./Library/Developer/Xcode/DerivedData/meal.advisor.ios-csaldjncgoleykghtkpncaypzmvo/Build/Intermediates.noindex/Supabase.build/Debug-iphonesimulator/PostgREST.build/Objects-normal/arm64/PostgREST.LinkFileList (in target 'PostgREST' from project 'Supabase')
    cd /Users/jans./Library/Developer/Xcode/DerivedData/meal.advisor.ios-csaldjncgoleykghtkpncaypzmvo/SourcePackages/checkouts/supabase-swift
    write-file /Users/jans./Library/Developer/Xcode/DerivedData/meal.advisor.ios-csaldjncgoleykghtkpncaypzmvo/Build/Intermediates.noindex/Supabase.build/Debug-iphonesimulator/PostgREST.build/Objects-normal/arm64/PostgREST.LinkFileList

WriteAuxiliaryFile /Users/jans./Library/Developer/Xcode/DerivedData/meal.advisor.ios-csaldjncgoleykghtkpncaypzmvo/Build/Intermediates.noindex/Supabase.build/Debug-iphonesimulator/PostgREST.build/Objects-normal/arm64/PostgREST-OutputFileMap.json (in target 'PostgREST' from project 'Supabase')
    cd /Users/jans./Library/Developer/Xcode/DerivedData/meal.advisor.ios-csaldjncgoleykghtkpncaypzmvo/SourcePackages/checkouts/supabase-swift
    write-file /Users/jans./Library/Developer/Xcode/DerivedData/meal.advisor.ios-csaldjncgoleykghtkpncaypzmvo/Build/Intermediates.noindex/Supabase.build/Debug-iphonesimulator/PostgREST.build/Objects-normal/arm64/PostgREST-OutputFileMap.json

Copy /Users/jans./Library/Developer/Xcode/DerivedData/meal.advisor.ios-csaldjncgoleykghtkpncaypzmvo/Build/Intermediates.noindex/GeneratedModuleMaps-iphonesimulator/PostgREST.modulemap /Users/jans./Library/Developer/Xcode/DerivedData/meal.advisor.ios-csaldjncgoleykghtkpncaypzmvo/Build/Intermediates.noindex/Supabase.build/Debug-iphonesimulator/PostgREST.build/PostgREST.modulemap (in target 'PostgREST' from project 'Supabase')
    cd /Users/jans./Library/Developer/Xcode/DerivedData/meal.advisor.ios-csaldjncgoleykghtkpncaypzmvo/SourcePackages/checkouts/supabase-swift
    builtin-copy -exclude .DS_Store -exclude CVS -exclude .svn -exclude .git -exclude .hg -resolve-src-symlinks /Users/jans./Library/Developer/Xcode/DerivedData/meal.advisor.ios-csaldjncgoleykghtkpncaypzmvo/Build/Intermediates.noindex/Supabase.build/Debug-iphonesimulator/PostgREST.build/PostgREST.modulemap /Users/jans./Library/Developer/Xcode/DerivedData/meal.advisor.ios-csaldjncgoleykghtkpncaypzmvo/Build/Intermediates.noindex/GeneratedModuleMaps-iphonesimulator

WriteAuxiliaryFile /Users/jans./Library/Developer/Xcode/DerivedData/meal.advisor.ios-csaldjncgoleykghtkpncaypzmvo/Build/Intermediates.noindex/Kingfisher.build/Debug-iphonesimulator/Kingfisher_Kingfisher.build/empty-Kingfisher_Kingfisher.plist (in target 'Kingfisher_Kingfisher' from project 'Kingfisher')
    cd /Users/jans./Library/Developer/Xcode/DerivedData/meal.advisor.ios-csaldjncgoleykghtkpncaypzmvo/SourcePackages/checkouts/Kingfisher
    write-file /Users/jans./Library/Developer/Xcode/DerivedData/meal.advisor.ios-csaldjncgoleykghtkpncaypzmvo/Build/Intermediates.noindex/Kingfisher.build/Debug-iphonesimulator/Kingfisher_Kingfisher.build/empty-Kingfisher_Kingfisher.plist

WriteAuxiliaryFile /Users/jans./Library/Developer/Xcode/DerivedData/meal.advisor.ios-csaldjncgoleykghtkpncaypzmvo/Build/Intermediates.noindex/Kingfisher.build/Debug-iphonesimulator/Kingfisher_Kingfisher.build/Kingfisher_Kingfisher.DependencyStaticMetadataFileList (in target 'Kingfisher_Kingfisher' from project 'Kingfisher')
    cd /Users/jans./Library/Developer/Xcode/DerivedData/meal.advisor.ios-csaldjncgoleykghtkpncaypzmvo/SourcePackages/checkouts/Kingfisher
    write-file /Users/jans./Library/Developer/Xcode/DerivedData/meal.advisor.ios-csaldjncgoleykghtkpncaypzmvo/Build/Intermediates.noindex/Kingfisher.build/Debug-iphonesimulator/Kingfisher_Kingfisher.build/Kingfisher_Kingfisher.DependencyStaticMetadataFileList

WriteAuxiliaryFile /Users/jans./Library/Developer/Xcode/DerivedData/meal.advisor.ios-csaldjncgoleykghtkpncaypzmvo/Build/Intermediates.noindex/Kingfisher.build/Debug-iphonesimulator/Kingfisher_Kingfisher.build/Kingfisher_Kingfisher.DependencyMetadataFileList (in target 'Kingfisher_Kingfisher' from project 'Kingfisher')
    cd /Users/jans./Library/Developer/Xcode/DerivedData/meal.advisor.ios-csaldjncgoleykghtkpncaypzmvo/SourcePackages/checkouts/Kingfisher
    write-file /Users/jans./Library/Developer/Xcode/DerivedData/meal.advisor.ios-csaldjncgoleykghtkpncaypzmvo/Build/Intermediates.noindex/Kingfisher.build/Debug-iphonesimulator/Kingfisher_Kingfisher.build/Kingfisher_Kingfisher.DependencyMetadataFileList

WriteAuxiliaryFile /Users/jans./Library/Developer/Xcode/DerivedData/meal.advisor.ios-csaldjncgoleykghtkpncaypzmvo/Build/Intermediates.noindex/Kingfisher.build/Debug-iphonesimulator/Kingfisher.build/Objects-normal/arm64/Kingfisher_const_extract_protocols.json (in target 'Kingfisher' from project 'Kingfisher')
    cd /Users/jans./Library/Developer/Xcode/DerivedData/meal.advisor.ios-csaldjncgoleykghtkpncaypzmvo/SourcePackages/checkouts/Kingfisher
    write-file /Users/jans./Library/Developer/Xcode/DerivedData/meal.advisor.ios-csaldjncgoleykghtkpncaypzmvo/Build/Intermediates.noindex/Kingfisher.build/Debug-iphonesimulator/Kingfisher.build/Objects-normal/arm64/Kingfisher_const_extract_protocols.json

WriteAuxiliaryFile /Users/jans./Library/Developer/Xcode/DerivedData/meal.advisor.ios-csaldjncgoleykghtkpncaypzmvo/Build/Intermediates.noindex/Kingfisher.build/Debug-iphonesimulator/Kingfisher.build/Objects-normal/arm64/Kingfisher.SwiftFileList (in target 'Kingfisher' from project 'Kingfisher')
    cd /Users/jans./Library/Developer/Xcode/DerivedData/meal.advisor.ios-csaldjncgoleykghtkpncaypzmvo/SourcePackages/checkouts/Kingfisher
    write-file /Users/jans./Library/Developer/Xcode/DerivedData/meal.advisor.ios-csaldjncgoleykghtkpncaypzmvo/Build/Intermediates.noindex/Kingfisher.build/Debug-iphonesimulator/Kingfisher.build/Objects-normal/arm64/Kingfisher.SwiftFileList

WriteAuxiliaryFile /Users/jans./Library/Developer/Xcode/DerivedData/meal.advisor.ios-csaldjncgoleykghtkpncaypzmvo/Build/Intermediates.noindex/Kingfisher.build/Debug-iphonesimulator/Kingfisher.build/Objects-normal/arm64/Kingfisher.SwiftConstValuesFileList (in target 'Kingfisher' from project 'Kingfisher')
    cd /Users/jans./Library/Developer/Xcode/DerivedData/meal.advisor.ios-csaldjncgoleykghtkpncaypzmvo/SourcePackages/checkouts/Kingfisher
    write-file /Users/jans./Library/Developer/Xcode/DerivedData/meal.advisor.ios-csaldjncgoleykghtkpncaypzmvo/Build/Intermediates.noindex/Kingfisher.build/Debug-iphonesimulator/Kingfisher.build/Objects-normal/arm64/Kingfisher.SwiftConstValuesFileList

WriteAuxiliaryFile /Users/jans./Library/Developer/Xcode/DerivedData/meal.advisor.ios-csaldjncgoleykghtkpncaypzmvo/Build/Intermediates.noindex/Kingfisher.build/Debug-iphonesimulator/Kingfisher.build/Objects-normal/arm64/Kingfisher.LinkFileList (in target 'Kingfisher' from project 'Kingfisher')
    cd /Users/jans./Library/Developer/Xcode/DerivedData/meal.advisor.ios-csaldjncgoleykghtkpncaypzmvo/SourcePackages/checkouts/Kingfisher
    write-file /Users/jans./Library/Developer/Xcode/DerivedData/meal.advisor.ios-csaldjncgoleykghtkpncaypzmvo/Build/Intermediates.noindex/Kingfisher.build/Debug-iphonesimulator/Kingfisher.build/Objects-normal/arm64/Kingfisher.LinkFileList

WriteAuxiliaryFile /Users/jans./Library/Developer/Xcode/DerivedData/meal.advisor.ios-csaldjncgoleykghtkpncaypzmvo/Build/Intermediates.noindex/Kingfisher.build/Debug-iphonesimulator/Kingfisher.build/Objects-normal/arm64/Kingfisher-OutputFileMap.json (in target 'Kingfisher' from project 'Kingfisher')
    cd /Users/jans./Library/Developer/Xcode/DerivedData/meal.advisor.ios-csaldjncgoleykghtkpncaypzmvo/SourcePackages/checkouts/Kingfisher
    write-file /Users/jans./Library/Developer/Xcode/DerivedData/meal.advisor.ios-csaldjncgoleykghtkpncaypzmvo/Build/Intermediates.noindex/Kingfisher.build/Debug-iphonesimulator/Kingfisher.build/Objects-normal/arm64/Kingfisher-OutputFileMap.json

WriteAuxiliaryFile /Users/jans./Library/Developer/Xcode/DerivedData/meal.advisor.ios-csaldjncgoleykghtkpncaypzmvo/Build/Intermediates.noindex/Kingfisher.build/Debug-iphonesimulator/Kingfisher.build/Kingfisher.modulemap (in target 'Kingfisher' from project 'Kingfisher')
    cd /Users/jans./Library/Developer/Xcode/DerivedData/meal.advisor.ios-csaldjncgoleykghtkpncaypzmvo/SourcePackages/checkouts/Kingfisher
    write-file /Users/jans./Library/Developer/Xcode/DerivedData/meal.advisor.ios-csaldjncgoleykghtkpncaypzmvo/Build/Intermediates.noindex/Kingfisher.build/Debug-iphonesimulator/Kingfisher.build/Kingfisher.modulemap

WriteAuxiliaryFile /Users/jans./Library/Developer/Xcode/DerivedData/meal.advisor.ios-csaldjncgoleykghtkpncaypzmvo/Build/Intermediates.noindex/Kingfisher.build/Debug-iphonesimulator/Kingfisher.build/Kingfisher.DependencyStaticMetadataFileList (in target 'Kingfisher' from project 'Kingfisher')
    cd /Users/jans./Library/Developer/Xcode/DerivedData/meal.advisor.ios-csaldjncgoleykghtkpncaypzmvo/SourcePackages/checkouts/Kingfisher
    write-file /Users/jans./Library/Developer/Xcode/DerivedData/meal.advisor.ios-csaldjncgoleykghtkpncaypzmvo/Build/Intermediates.noindex/Kingfisher.build/Debug-iphonesimulator/Kingfisher.build/Kingfisher.DependencyStaticMetadataFileList

WriteAuxiliaryFile /Users/jans./Library/Developer/Xcode/DerivedData/meal.advisor.ios-csaldjncgoleykghtkpncaypzmvo/Build/Intermediates.noindex/Kingfisher.build/Debug-iphonesimulator/Kingfisher.build/Kingfisher.DependencyMetadataFileList (in target 'Kingfisher' from project 'Kingfisher')
    cd /Users/jans./Library/Developer/Xcode/DerivedData/meal.advisor.ios-csaldjncgoleykghtkpncaypzmvo/SourcePackages/checkouts/Kingfisher
    write-file /Users/jans./Library/Developer/Xcode/DerivedData/meal.advisor.ios-csaldjncgoleykghtkpncaypzmvo/Build/Intermediates.noindex/Kingfisher.build/Debug-iphonesimulator/Kingfisher.build/Kingfisher.DependencyMetadataFileList

WriteAuxiliaryFile /Users/jans./Library/Developer/Xcode/DerivedData/meal.advisor.ios-csaldjncgoleykghtkpncaypzmvo/Build/Intermediates.noindex/Kingfisher.build/Debug-iphonesimulator/Kingfisher.build/DerivedSources/resource_bundle_accessor.swift (in target 'Kingfisher' from project 'Kingfisher')
    cd /Users/jans./Library/Developer/Xcode/DerivedData/meal.advisor.ios-csaldjncgoleykghtkpncaypzmvo/SourcePackages/checkouts/Kingfisher
    write-file /Users/jans./Library/Developer/Xcode/DerivedData/meal.advisor.ios-csaldjncgoleykghtkpncaypzmvo/Build/Intermediates.noindex/Kingfisher.build/Debug-iphonesimulator/Kingfisher.build/DerivedSources/resource_bundle_accessor.swift

WriteAuxiliaryFile /Users/jans./Library/Developer/Xcode/DerivedData/meal.advisor.ios-csaldjncgoleykghtkpncaypzmvo/Build/Intermediates.noindex/xctest-dynamic-overlay.build/Debug-iphonesimulator/IssueReportingPackageSupport.build/Objects-normal/arm64/IssueReportingPackageSupport_const_extract_protocols.json (in target 'IssueReportingPackageSupport' from project 'xctest-dynamic-overlay')
    cd /Users/jans./Library/Developer/Xcode/DerivedData/meal.advisor.ios-csaldjncgoleykghtkpncaypzmvo/SourcePackages/checkouts/xctest-dynamic-overlay
    write-file /Users/jans./Library/Developer/Xcode/DerivedData/meal.advisor.ios-csaldjncgoleykghtkpncaypzmvo/Build/Intermediates.noindex/xctest-dynamic-overlay.build/Debug-iphonesimulator/IssueReportingPackageSupport.build/Objects-normal/arm64/IssueReportingPackageSupport_const_extract_protocols.json

WriteAuxiliaryFile /Users/jans./Library/Developer/Xcode/DerivedData/meal.advisor.ios-csaldjncgoleykghtkpncaypzmvo/Build/Intermediates.noindex/xctest-dynamic-overlay.build/Debug-iphonesimulator/IssueReportingPackageSupport.build/Objects-normal/arm64/IssueReportingPackageSupport.SwiftFileList (in target 'IssueReportingPackageSupport' from project 'xctest-dynamic-overlay')
    cd /Users/jans./Library/Developer/Xcode/DerivedData/meal.advisor.ios-csaldjncgoleykghtkpncaypzmvo/SourcePackages/checkouts/xctest-dynamic-overlay
    write-file /Users/jans./Library/Developer/Xcode/DerivedData/meal.advisor.ios-csaldjncgoleykghtkpncaypzmvo/Build/Intermediates.noindex/xctest-dynamic-overlay.build/Debug-iphonesimulator/IssueReportingPackageSupport.build/Objects-normal/arm64/IssueReportingPackageSupport.SwiftFileList

WriteAuxiliaryFile /Users/jans./Library/Developer/Xcode/DerivedData/meal.advisor.ios-csaldjncgoleykghtkpncaypzmvo/Build/Intermediates.noindex/xctest-dynamic-overlay.build/Debug-iphonesimulator/IssueReportingPackageSupport.build/Objects-normal/arm64/IssueReportingPackageSupport.SwiftConstValuesFileList (in target 'IssueReportingPackageSupport' from project 'xctest-dynamic-overlay')
    cd /Users/jans./Library/Developer/Xcode/DerivedData/meal.advisor.ios-csaldjncgoleykghtkpncaypzmvo/SourcePackages/checkouts/xctest-dynamic-overlay
    write-file /Users/jans./Library/Developer/Xcode/DerivedData/meal.advisor.ios-csaldjncgoleykghtkpncaypzmvo/Build/Intermediates.noindex/xctest-dynamic-overlay.build/Debug-iphonesimulator/IssueReportingPackageSupport.build/Objects-normal/arm64/IssueReportingPackageSupport.SwiftConstValuesFileList

WriteAuxiliaryFile /Users/jans./Library/Developer/Xcode/DerivedData/meal.advisor.ios-csaldjncgoleykghtkpncaypzmvo/Build/Intermediates.noindex/xctest-dynamic-overlay.build/Debug-iphonesimulator/IssueReportingPackageSupport.build/Objects-normal/arm64/IssueReportingPackageSupport.LinkFileList (in target 'IssueReportingPackageSupport' from project 'xctest-dynamic-overlay')
    cd /Users/jans./Library/Developer/Xcode/DerivedData/meal.advisor.ios-csaldjncgoleykghtkpncaypzmvo/SourcePackages/checkouts/xctest-dynamic-overlay
    write-file /Users/jans./Library/Developer/Xcode/DerivedData/meal.advisor.ios-csaldjncgoleykghtkpncaypzmvo/Build/Intermediates.noindex/xctest-dynamic-overlay.build/Debug-iphonesimulator/IssueReportingPackageSupport.build/Objects-normal/arm64/IssueReportingPackageSupport.LinkFileList

WriteAuxiliaryFile /Users/jans./Library/Developer/Xcode/DerivedData/meal.advisor.ios-csaldjncgoleykghtkpncaypzmvo/Build/Intermediates.noindex/xctest-dynamic-overlay.build/Debug-iphonesimulator/IssueReportingPackageSupport.build/Objects-normal/arm64/IssueReportingPackageSupport-OutputFileMap.json (in target 'IssueReportingPackageSupport' from project 'xctest-dynamic-overlay')
    cd /Users/jans./Library/Developer/Xcode/DerivedData/meal.advisor.ios-csaldjncgoleykghtkpncaypzmvo/SourcePackages/checkouts/xctest-dynamic-overlay
    write-file /Users/jans./Library/Developer/Xcode/DerivedData/meal.advisor.ios-csaldjncgoleykghtkpncaypzmvo/Build/Intermediates.noindex/xctest-dynamic-overlay.build/Debug-iphonesimulator/IssueReportingPackageSupport.build/Objects-normal/arm64/IssueReportingPackageSupport-OutputFileMap.json

Copy /Users/jans./Library/Developer/Xcode/DerivedData/meal.advisor.ios-csaldjncgoleykghtkpncaypzmvo/Build/Intermediates.noindex/GeneratedModuleMaps-iphonesimulator/Kingfisher.modulemap /Users/jans./Library/Developer/Xcode/DerivedData/meal.advisor.ios-csaldjncgoleykghtkpncaypzmvo/Build/Intermediates.noindex/Kingfisher.build/Debug-iphonesimulator/Kingfisher.build/Kingfisher.modulemap (in target 'Kingfisher' from project 'Kingfisher')
    cd /Users/jans./Library/Developer/Xcode/DerivedData/meal.advisor.ios-csaldjncgoleykghtkpncaypzmvo/SourcePackages/checkouts/Kingfisher
    builtin-copy -exclude .DS_Store -exclude CVS -exclude .svn -exclude .git -exclude .hg -resolve-src-symlinks /Users/jans./Library/Developer/Xcode/DerivedData/meal.advisor.ios-csaldjncgoleykghtkpncaypzmvo/Build/Intermediates.noindex/Kingfisher.build/Debug-iphonesimulator/Kingfisher.build/Kingfisher.modulemap /Users/jans./Library/Developer/Xcode/DerivedData/meal.advisor.ios-csaldjncgoleykghtkpncaypzmvo/Build/Intermediates.noindex/GeneratedModuleMaps-iphonesimulator

WriteAuxiliaryFile /Users/jans./Library/Developer/Xcode/DerivedData/meal.advisor.ios-csaldjncgoleykghtkpncaypzmvo/Build/Intermediates.noindex/xctest-dynamic-overlay.build/Debug-iphonesimulator/IssueReportingPackageSupport.build/IssueReportingPackageSupport.modulemap (in target 'IssueReportingPackageSupport' from project 'xctest-dynamic-overlay')
    cd /Users/jans./Library/Developer/Xcode/DerivedData/meal.advisor.ios-csaldjncgoleykghtkpncaypzmvo/SourcePackages/checkouts/xctest-dynamic-overlay
    write-file /Users/jans./Library/Developer/Xcode/DerivedData/meal.advisor.ios-csaldjncgoleykghtkpncaypzmvo/Build/Intermediates.noindex/xctest-dynamic-overlay.build/Debug-iphonesimulator/IssueReportingPackageSupport.build/IssueReportingPackageSupport.modulemap

WriteAuxiliaryFile /Users/jans./Library/Developer/Xcode/DerivedData/meal.advisor.ios-csaldjncgoleykghtkpncaypzmvo/Build/Intermediates.noindex/xctest-dynamic-overlay.build/Debug-iphonesimulator/IssueReportingPackageSupport.build/IssueReportingPackageSupport.DependencyStaticMetadataFileList (in target 'IssueReportingPackageSupport' from project 'xctest-dynamic-overlay')
    cd /Users/jans./Library/Developer/Xcode/DerivedData/meal.advisor.ios-csaldjncgoleykghtkpncaypzmvo/SourcePackages/checkouts/xctest-dynamic-overlay
    write-file /Users/jans./Library/Developer/Xcode/DerivedData/meal.advisor.ios-csaldjncgoleykghtkpncaypzmvo/Build/Intermediates.noindex/xctest-dynamic-overlay.build/Debug-iphonesimulator/IssueReportingPackageSupport.build/IssueReportingPackageSupport.DependencyStaticMetadataFileList

WriteAuxiliaryFile /Users/jans./Library/Developer/Xcode/DerivedData/meal.advisor.ios-csaldjncgoleykghtkpncaypzmvo/Build/Intermediates.noindex/xctest-dynamic-overlay.build/Debug-iphonesimulator/IssueReportingPackageSupport.build/IssueReportingPackageSupport.DependencyMetadataFileList (in target 'IssueReportingPackageSupport' from project 'xctest-dynamic-overlay')
    cd /Users/jans./Library/Developer/Xcode/DerivedData/meal.advisor.ios-csaldjncgoleykghtkpncaypzmvo/SourcePackages/checkouts/xctest-dynamic-overlay
    write-file /Users/jans./Library/Developer/Xcode/DerivedData/meal.advisor.ios-csaldjncgoleykghtkpncaypzmvo/Build/Intermediates.noindex/xctest-dynamic-overlay.build/Debug-iphonesimulator/IssueReportingPackageSupport.build/IssueReportingPackageSupport.DependencyMetadataFileList

WriteAuxiliaryFile /Users/jans./Library/Developer/Xcode/DerivedData/meal.advisor.ios-csaldjncgoleykghtkpncaypzmvo/Build/Intermediates.noindex/xctest-dynamic-overlay.build/Debug-iphonesimulator/IssueReporting.build/Objects-normal/arm64/IssueReporting_const_extract_protocols.json (in target 'IssueReporting' from project 'xctest-dynamic-overlay')
    cd /Users/jans./Library/Developer/Xcode/DerivedData/meal.advisor.ios-csaldjncgoleykghtkpncaypzmvo/SourcePackages/checkouts/xctest-dynamic-overlay
    write-file /Users/jans./Library/Developer/Xcode/DerivedData/meal.advisor.ios-csaldjncgoleykghtkpncaypzmvo/Build/Intermediates.noindex/xctest-dynamic-overlay.build/Debug-iphonesimulator/IssueReporting.build/Objects-normal/arm64/IssueReporting_const_extract_protocols.json

WriteAuxiliaryFile /Users/jans./Library/Developer/Xcode/DerivedData/meal.advisor.ios-csaldjncgoleykghtkpncaypzmvo/Build/Intermediates.noindex/xctest-dynamic-overlay.build/Debug-iphonesimulator/IssueReporting.build/Objects-normal/arm64/IssueReporting.SwiftFileList (in target 'IssueReporting' from project 'xctest-dynamic-overlay')
    cd /Users/jans./Library/Developer/Xcode/DerivedData/meal.advisor.ios-csaldjncgoleykghtkpncaypzmvo/SourcePackages/checkouts/xctest-dynamic-overlay
    write-file /Users/jans./Library/Developer/Xcode/DerivedData/meal.advisor.ios-csaldjncgoleykghtkpncaypzmvo/Build/Intermediates.noindex/xctest-dynamic-overlay.build/Debug-iphonesimulator/IssueReporting.build/Objects-normal/arm64/IssueReporting.SwiftFileList

WriteAuxiliaryFile /Users/jans./Library/Developer/Xcode/DerivedData/meal.advisor.ios-csaldjncgoleykghtkpncaypzmvo/Build/Intermediates.noindex/xctest-dynamic-overlay.build/Debug-iphonesimulator/IssueReporting.build/Objects-normal/arm64/IssueReporting.SwiftConstValuesFileList (in target 'IssueReporting' from project 'xctest-dynamic-overlay')
    cd /Users/jans./Library/Developer/Xcode/DerivedData/meal.advisor.ios-csaldjncgoleykghtkpncaypzmvo/SourcePackages/checkouts/xctest-dynamic-overlay
    write-file /Users/jans./Library/Developer/Xcode/DerivedData/meal.advisor.ios-csaldjncgoleykghtkpncaypzmvo/Build/Intermediates.noindex/xctest-dynamic-overlay.build/Debug-iphonesimulator/IssueReporting.build/Objects-normal/arm64/IssueReporting.SwiftConstValuesFileList

WriteAuxiliaryFile /Users/jans./Library/Developer/Xcode/DerivedData/meal.advisor.ios-csaldjncgoleykghtkpncaypzmvo/Build/Intermediates.noindex/xctest-dynamic-overlay.build/Debug-iphonesimulator/IssueReporting.build/Objects-normal/arm64/IssueReporting.LinkFileList (in target 'IssueReporting' from project 'xctest-dynamic-overlay')
    cd /Users/jans./Library/Developer/Xcode/DerivedData/meal.advisor.ios-csaldjncgoleykghtkpncaypzmvo/SourcePackages/checkouts/xctest-dynamic-overlay
    write-file /Users/jans./Library/Developer/Xcode/DerivedData/meal.advisor.ios-csaldjncgoleykghtkpncaypzmvo/Build/Intermediates.noindex/xctest-dynamic-overlay.build/Debug-iphonesimulator/IssueReporting.build/Objects-normal/arm64/IssueReporting.LinkFileList

Copy /Users/jans./Library/Developer/Xcode/DerivedData/meal.advisor.ios-csaldjncgoleykghtkpncaypzmvo/Build/Intermediates.noindex/GeneratedModuleMaps-iphonesimulator/IssueReportingPackageSupport.modulemap /Users/jans./Library/Developer/Xcode/DerivedData/meal.advisor.ios-csaldjncgoleykghtkpncaypzmvo/Build/Intermediates.noindex/xctest-dynamic-overlay.build/Debug-iphonesimulator/IssueReportingPackageSupport.build/IssueReportingPackageSupport.modulemap (in target 'IssueReportingPackageSupport' from project 'xctest-dynamic-overlay')
    cd /Users/jans./Library/Developer/Xcode/DerivedData/meal.advisor.ios-csaldjncgoleykghtkpncaypzmvo/SourcePackages/checkouts/xctest-dynamic-overlay
    builtin-copy -exclude .DS_Store -exclude CVS -exclude .svn -exclude .git -exclude .hg -resolve-src-symlinks /Users/jans./Library/Developer/Xcode/DerivedData/meal.advisor.ios-csaldjncgoleykghtkpncaypzmvo/Build/Intermediates.noindex/xctest-dynamic-overlay.build/Debug-iphonesimulator/IssueReportingPackageSupport.build/IssueReportingPackageSupport.modulemap /Users/jans./Library/Developer/Xcode/DerivedData/meal.advisor.ios-csaldjncgoleykghtkpncaypzmvo/Build/Intermediates.noindex/GeneratedModuleMaps-iphonesimulator

WriteAuxiliaryFile /Users/jans./Library/Developer/Xcode/DerivedData/meal.advisor.ios-csaldjncgoleykghtkpncaypzmvo/Build/Intermediates.noindex/xctest-dynamic-overlay.build/Debug-iphonesimulator/IssueReporting.build/Objects-normal/arm64/IssueReporting-OutputFileMap.json (in target 'IssueReporting' from project 'xctest-dynamic-overlay')
    cd /Users/jans./Library/Developer/Xcode/DerivedData/meal.advisor.ios-csaldjncgoleykghtkpncaypzmvo/SourcePackages/checkouts/xctest-dynamic-overlay
    write-file /Users/jans./Library/Developer/Xcode/DerivedData/meal.advisor.ios-csaldjncgoleykghtkpncaypzmvo/Build/Intermediates.noindex/xctest-dynamic-overlay.build/Debug-iphonesimulator/IssueReporting.build/Objects-normal/arm64/IssueReporting-OutputFileMap.json

WriteAuxiliaryFile /Users/jans./Library/Developer/Xcode/DerivedData/meal.advisor.ios-csaldjncgoleykghtkpncaypzmvo/Build/Intermediates.noindex/xctest-dynamic-overlay.build/Debug-iphonesimulator/IssueReporting.build/IssueReporting.modulemap (in target 'IssueReporting' from project 'xctest-dynamic-overlay')
    cd /Users/jans./Library/Developer/Xcode/DerivedData/meal.advisor.ios-csaldjncgoleykghtkpncaypzmvo/SourcePackages/checkouts/xctest-dynamic-overlay
    write-file /Users/jans./Library/Developer/Xcode/DerivedData/meal.advisor.ios-csaldjncgoleykghtkpncaypzmvo/Build/Intermediates.noindex/xctest-dynamic-overlay.build/Debug-iphonesimulator/IssueReporting.build/IssueReporting.modulemap

WriteAuxiliaryFile /Users/jans./Library/Developer/Xcode/DerivedData/meal.advisor.ios-csaldjncgoleykghtkpncaypzmvo/Build/Intermediates.noindex/xctest-dynamic-overlay.build/Debug-iphonesimulator/IssueReporting.build/IssueReporting.DependencyStaticMetadataFileList (in target 'IssueReporting' from project 'xctest-dynamic-overlay')
    cd /Users/jans./Library/Developer/Xcode/DerivedData/meal.advisor.ios-csaldjncgoleykghtkpncaypzmvo/SourcePackages/checkouts/xctest-dynamic-overlay
    write-file /Users/jans./Library/Developer/Xcode/DerivedData/meal.advisor.ios-csaldjncgoleykghtkpncaypzmvo/Build/Intermediates.noindex/xctest-dynamic-overlay.build/Debug-iphonesimulator/IssueReporting.build/IssueReporting.DependencyStaticMetadataFileList

WriteAuxiliaryFile /Users/jans./Library/Developer/Xcode/DerivedData/meal.advisor.ios-csaldjncgoleykghtkpncaypzmvo/Build/Intermediates.noindex/xctest-dynamic-overlay.build/Debug-iphonesimulator/IssueReporting.build/IssueReporting.DependencyMetadataFileList (in target 'IssueReporting' from project 'xctest-dynamic-overlay')
    cd /Users/jans./Library/Developer/Xcode/DerivedData/meal.advisor.ios-csaldjncgoleykghtkpncaypzmvo/SourcePackages/checkouts/xctest-dynamic-overlay
    write-file /Users/jans./Library/Developer/Xcode/DerivedData/meal.advisor.ios-csaldjncgoleykghtkpncaypzmvo/Build/Intermediates.noindex/xctest-dynamic-overlay.build/Debug-iphonesimulator/IssueReporting.build/IssueReporting.DependencyMetadataFileList

WriteAuxiliaryFile /Users/jans./Library/Developer/Xcode/DerivedData/meal.advisor.ios-csaldjncgoleykghtkpncaypzmvo/Build/Intermediates.noindex/Supabase.build/Debug-iphonesimulator/Helpers.build/Objects-normal/arm64/Helpers.SwiftFileList (in target 'Helpers' from project 'Supabase')
    cd /Users/jans./Library/Developer/Xcode/DerivedData/meal.advisor.ios-csaldjncgoleykghtkpncaypzmvo/SourcePackages/checkouts/supabase-swift
    write-file /Users/jans./Library/Developer/Xcode/DerivedData/meal.advisor.ios-csaldjncgoleykghtkpncaypzmvo/Build/Intermediates.noindex/Supabase.build/Debug-iphonesimulator/Helpers.build/Objects-normal/arm64/Helpers.SwiftFileList

WriteAuxiliaryFile /Users/jans./Library/Developer/Xcode/DerivedData/meal.advisor.ios-csaldjncgoleykghtkpncaypzmvo/Build/Intermediates.noindex/Supabase.build/Debug-iphonesimulator/Helpers.build/Objects-normal/arm64/Helpers_const_extract_protocols.json (in target 'Helpers' from project 'Supabase')
    cd /Users/jans./Library/Developer/Xcode/DerivedData/meal.advisor.ios-csaldjncgoleykghtkpncaypzmvo/SourcePackages/checkouts/supabase-swift
    write-file /Users/jans./Library/Developer/Xcode/DerivedData/meal.advisor.ios-csaldjncgoleykghtkpncaypzmvo/Build/Intermediates.noindex/Supabase.build/Debug-iphonesimulator/Helpers.build/Objects-normal/arm64/Helpers_const_extract_protocols.json

WriteAuxiliaryFile /Users/jans./Library/Developer/Xcode/DerivedData/meal.advisor.ios-csaldjncgoleykghtkpncaypzmvo/Build/Intermediates.noindex/Supabase.build/Debug-iphonesimulator/Helpers.build/Objects-normal/arm64/Helpers.SwiftConstValuesFileList (in target 'Helpers' from project 'Supabase')
    cd /Users/jans./Library/Developer/Xcode/DerivedData/meal.advisor.ios-csaldjncgoleykghtkpncaypzmvo/SourcePackages/checkouts/supabase-swift
    write-file /Users/jans./Library/Developer/Xcode/DerivedData/meal.advisor.ios-csaldjncgoleykghtkpncaypzmvo/Build/Intermediates.noindex/Supabase.build/Debug-iphonesimulator/Helpers.build/Objects-normal/arm64/Helpers.SwiftConstValuesFileList

WriteAuxiliaryFile /Users/jans./Library/Developer/Xcode/DerivedData/meal.advisor.ios-csaldjncgoleykghtkpncaypzmvo/Build/Intermediates.noindex/Supabase.build/Debug-iphonesimulator/Helpers.build/Objects-normal/arm64/Helpers.LinkFileList (in target 'Helpers' from project 'Supabase')
    cd /Users/jans./Library/Developer/Xcode/DerivedData/meal.advisor.ios-csaldjncgoleykghtkpncaypzmvo/SourcePackages/checkouts/supabase-swift
    write-file /Users/jans./Library/Developer/Xcode/DerivedData/meal.advisor.ios-csaldjncgoleykghtkpncaypzmvo/Build/Intermediates.noindex/Supabase.build/Debug-iphonesimulator/Helpers.build/Objects-normal/arm64/Helpers.LinkFileList

WriteAuxiliaryFile /Users/jans./Library/Developer/Xcode/DerivedData/meal.advisor.ios-csaldjncgoleykghtkpncaypzmvo/Build/Intermediates.noindex/Supabase.build/Debug-iphonesimulator/Helpers.build/Objects-normal/arm64/Helpers-OutputFileMap.json (in target 'Helpers' from project 'Supabase')
    cd /Users/jans./Library/Developer/Xcode/DerivedData/meal.advisor.ios-csaldjncgoleykghtkpncaypzmvo/SourcePackages/checkouts/supabase-swift
    write-file /Users/jans./Library/Developer/Xcode/DerivedData/meal.advisor.ios-csaldjncgoleykghtkpncaypzmvo/Build/Intermediates.noindex/Supabase.build/Debug-iphonesimulator/Helpers.build/Objects-normal/arm64/Helpers-OutputFileMap.json

Copy /Users/jans./Library/Developer/Xcode/DerivedData/meal.advisor.ios-csaldjncgoleykghtkpncaypzmvo/Build/Intermediates.noindex/GeneratedModuleMaps-iphonesimulator/IssueReporting.modulemap /Users/jans./Library/Developer/Xcode/DerivedData/meal.advisor.ios-csaldjncgoleykghtkpncaypzmvo/Build/Intermediates.noindex/xctest-dynamic-overlay.build/Debug-iphonesimulator/IssueReporting.build/IssueReporting.modulemap (in target 'IssueReporting' from project 'xctest-dynamic-overlay')
    cd /Users/jans./Library/Developer/Xcode/DerivedData/meal.advisor.ios-csaldjncgoleykghtkpncaypzmvo/SourcePackages/checkouts/xctest-dynamic-overlay
    builtin-copy -exclude .DS_Store -exclude CVS -exclude .svn -exclude .git -exclude .hg -resolve-src-symlinks /Users/jans./Library/Developer/Xcode/DerivedData/meal.advisor.ios-csaldjncgoleykghtkpncaypzmvo/Build/Intermediates.noindex/xctest-dynamic-overlay.build/Debug-iphonesimulator/IssueReporting.build/IssueReporting.modulemap /Users/jans./Library/Developer/Xcode/DerivedData/meal.advisor.ios-csaldjncgoleykghtkpncaypzmvo/Build/Intermediates.noindex/GeneratedModuleMaps-iphonesimulator

WriteAuxiliaryFile /Users/jans./Library/Developer/Xcode/DerivedData/meal.advisor.ios-csaldjncgoleykghtkpncaypzmvo/Build/Intermediates.noindex/Supabase.build/Debug-iphonesimulator/Helpers.build/Helpers.modulemap (in target 'Helpers' from project 'Supabase')
    cd /Users/jans./Library/Developer/Xcode/DerivedData/meal.advisor.ios-csaldjncgoleykghtkpncaypzmvo/SourcePackages/checkouts/supabase-swift
    write-file /Users/jans./Library/Developer/Xcode/DerivedData/meal.advisor.ios-csaldjncgoleykghtkpncaypzmvo/Build/Intermediates.noindex/Supabase.build/Debug-iphonesimulator/Helpers.build/Helpers.modulemap

WriteAuxiliaryFile /Users/jans./Library/Developer/Xcode/DerivedData/meal.advisor.ios-csaldjncgoleykghtkpncaypzmvo/Build/Intermediates.noindex/Supabase.build/Debug-iphonesimulator/Helpers.build/Helpers.DependencyStaticMetadataFileList (in target 'Helpers' from project 'Supabase')
    cd /Users/jans./Library/Developer/Xcode/DerivedData/meal.advisor.ios-csaldjncgoleykghtkpncaypzmvo/SourcePackages/checkouts/supabase-swift
    write-file /Users/jans./Library/Developer/Xcode/DerivedData/meal.advisor.ios-csaldjncgoleykghtkpncaypzmvo/Build/Intermediates.noindex/Supabase.build/Debug-iphonesimulator/Helpers.build/Helpers.DependencyStaticMetadataFileList

WriteAuxiliaryFile /Users/jans./Library/Developer/Xcode/DerivedData/meal.advisor.ios-csaldjncgoleykghtkpncaypzmvo/Build/Intermediates.noindex/Supabase.build/Debug-iphonesimulator/Helpers.build/Helpers.DependencyMetadataFileList (in target 'Helpers' from project 'Supabase')
    cd /Users/jans./Library/Developer/Xcode/DerivedData/meal.advisor.ios-csaldjncgoleykghtkpncaypzmvo/SourcePackages/checkouts/supabase-swift
    write-file /Users/jans./Library/Developer/Xcode/DerivedData/meal.advisor.ios-csaldjncgoleykghtkpncaypzmvo/Build/Intermediates.noindex/Supabase.build/Debug-iphonesimulator/Helpers.build/Helpers.DependencyMetadataFileList

WriteAuxiliaryFile /Users/jans./Library/Developer/Xcode/DerivedData/meal.advisor.ios-csaldjncgoleykghtkpncaypzmvo/Build/Intermediates.noindex/swift-http-types.build/Debug-iphonesimulator/HTTPTypes.build/Objects-normal/arm64/HTTPTypes_const_extract_protocols.json (in target 'HTTPTypes' from project 'swift-http-types')
    cd /Users/jans./Library/Developer/Xcode/DerivedData/meal.advisor.ios-csaldjncgoleykghtkpncaypzmvo/SourcePackages/checkouts/swift-http-types
    write-file /Users/jans./Library/Developer/Xcode/DerivedData/meal.advisor.ios-csaldjncgoleykghtkpncaypzmvo/Build/Intermediates.noindex/swift-http-types.build/Debug-iphonesimulator/HTTPTypes.build/Objects-normal/arm64/HTTPTypes_const_extract_protocols.json

WriteAuxiliaryFile /Users/jans./Library/Developer/Xcode/DerivedData/meal.advisor.ios-csaldjncgoleykghtkpncaypzmvo/Build/Intermediates.noindex/swift-http-types.build/Debug-iphonesimulator/HTTPTypes.build/Objects-normal/arm64/HTTPTypes.SwiftFileList (in target 'HTTPTypes' from project 'swift-http-types')
    cd /Users/jans./Library/Developer/Xcode/DerivedData/meal.advisor.ios-csaldjncgoleykghtkpncaypzmvo/SourcePackages/checkouts/swift-http-types
    write-file /Users/jans./Library/Developer/Xcode/DerivedData/meal.advisor.ios-csaldjncgoleykghtkpncaypzmvo/Build/Intermediates.noindex/swift-http-types.build/Debug-iphonesimulator/HTTPTypes.build/Objects-normal/arm64/HTTPTypes.SwiftFileList

WriteAuxiliaryFile /Users/jans./Library/Developer/Xcode/DerivedData/meal.advisor.ios-csaldjncgoleykghtkpncaypzmvo/Build/Intermediates.noindex/swift-http-types.build/Debug-iphonesimulator/HTTPTypes.build/Objects-normal/arm64/HTTPTypes.SwiftConstValuesFileList (in target 'HTTPTypes' from project 'swift-http-types')
    cd /Users/jans./Library/Developer/Xcode/DerivedData/meal.advisor.ios-csaldjncgoleykghtkpncaypzmvo/SourcePackages/checkouts/swift-http-types
    write-file /Users/jans./Library/Developer/Xcode/DerivedData/meal.advisor.ios-csaldjncgoleykghtkpncaypzmvo/Build/Intermediates.noindex/swift-http-types.build/Debug-iphonesimulator/HTTPTypes.build/Objects-normal/arm64/HTTPTypes.SwiftConstValuesFileList

WriteAuxiliaryFile /Users/jans./Library/Developer/Xcode/DerivedData/meal.advisor.ios-csaldjncgoleykghtkpncaypzmvo/Build/Intermediates.noindex/swift-http-types.build/Debug-iphonesimulator/HTTPTypes.build/Objects-normal/arm64/HTTPTypes.LinkFileList (in target 'HTTPTypes' from project 'swift-http-types')
    cd /Users/jans./Library/Developer/Xcode/DerivedData/meal.advisor.ios-csaldjncgoleykghtkpncaypzmvo/SourcePackages/checkouts/swift-http-types
    write-file /Users/jans./Library/Developer/Xcode/DerivedData/meal.advisor.ios-csaldjncgoleykghtkpncaypzmvo/Build/Intermediates.noindex/swift-http-types.build/Debug-iphonesimulator/HTTPTypes.build/Objects-normal/arm64/HTTPTypes.LinkFileList

Copy /Users/jans./Library/Developer/Xcode/DerivedData/meal.advisor.ios-csaldjncgoleykghtkpncaypzmvo/Build/Intermediates.noindex/GeneratedModuleMaps-iphonesimulator/Helpers.modulemap /Users/jans./Library/Developer/Xcode/DerivedData/meal.advisor.ios-csaldjncgoleykghtkpncaypzmvo/Build/Intermediates.noindex/Supabase.build/Debug-iphonesimulator/Helpers.build/Helpers.modulemap (in target 'Helpers' from project 'Supabase')
    cd /Users/jans./Library/Developer/Xcode/DerivedData/meal.advisor.ios-csaldjncgoleykghtkpncaypzmvo/SourcePackages/checkouts/supabase-swift
    builtin-copy -exclude .DS_Store -exclude CVS -exclude .svn -exclude .git -exclude .hg -resolve-src-symlinks /Users/jans./Library/Developer/Xcode/DerivedData/meal.advisor.ios-csaldjncgoleykghtkpncaypzmvo/Build/Intermediates.noindex/Supabase.build/Debug-iphonesimulator/Helpers.build/Helpers.modulemap /Users/jans./Library/Developer/Xcode/DerivedData/meal.advisor.ios-csaldjncgoleykghtkpncaypzmvo/Build/Intermediates.noindex/GeneratedModuleMaps-iphonesimulator

WriteAuxiliaryFile /Users/jans./Library/Developer/Xcode/DerivedData/meal.advisor.ios-csaldjncgoleykghtkpncaypzmvo/Build/Intermediates.noindex/swift-http-types.build/Debug-iphonesimulator/HTTPTypes.build/Objects-normal/arm64/HTTPTypes-OutputFileMap.json (in target 'HTTPTypes' from project 'swift-http-types')
    cd /Users/jans./Library/Developer/Xcode/DerivedData/meal.advisor.ios-csaldjncgoleykghtkpncaypzmvo/SourcePackages/checkouts/swift-http-types
    write-file /Users/jans./Library/Developer/Xcode/DerivedData/meal.advisor.ios-csaldjncgoleykghtkpncaypzmvo/Build/Intermediates.noindex/swift-http-types.build/Debug-iphonesimulator/HTTPTypes.build/Objects-normal/arm64/HTTPTypes-OutputFileMap.json

WriteAuxiliaryFile /Users/jans./Library/Developer/Xcode/DerivedData/meal.advisor.ios-csaldjncgoleykghtkpncaypzmvo/Build/Intermediates.noindex/swift-http-types.build/Debug-iphonesimulator/HTTPTypes.build/HTTPTypes.modulemap (in target 'HTTPTypes' from project 'swift-http-types')
    cd /Users/jans./Library/Developer/Xcode/DerivedData/meal.advisor.ios-csaldjncgoleykghtkpncaypzmvo/SourcePackages/checkouts/swift-http-types
    write-file /Users/jans./Library/Developer/Xcode/DerivedData/meal.advisor.ios-csaldjncgoleykghtkpncaypzmvo/Build/Intermediates.noindex/swift-http-types.build/Debug-iphonesimulator/HTTPTypes.build/HTTPTypes.modulemap

WriteAuxiliaryFile /Users/jans./Library/Developer/Xcode/DerivedData/meal.advisor.ios-csaldjncgoleykghtkpncaypzmvo/Build/Intermediates.noindex/swift-http-types.build/Debug-iphonesimulator/HTTPTypes.build/HTTPTypes.DependencyStaticMetadataFileList (in target 'HTTPTypes' from project 'swift-http-types')
    cd /Users/jans./Library/Developer/Xcode/DerivedData/meal.advisor.ios-csaldjncgoleykghtkpncaypzmvo/SourcePackages/checkouts/swift-http-types
    write-file /Users/jans./Library/Developer/Xcode/DerivedData/meal.advisor.ios-csaldjncgoleykghtkpncaypzmvo/Build/Intermediates.noindex/swift-http-types.build/Debug-iphonesimulator/HTTPTypes.build/HTTPTypes.DependencyStaticMetadataFileList

WriteAuxiliaryFile /Users/jans./Library/Developer/Xcode/DerivedData/meal.advisor.ios-csaldjncgoleykghtkpncaypzmvo/Build/Intermediates.noindex/swift-http-types.build/Debug-iphonesimulator/HTTPTypes.build/HTTPTypes.DependencyMetadataFileList (in target 'HTTPTypes' from project 'swift-http-types')
    cd /Users/jans./Library/Developer/Xcode/DerivedData/meal.advisor.ios-csaldjncgoleykghtkpncaypzmvo/SourcePackages/checkouts/swift-http-types
    write-file /Users/jans./Library/Developer/Xcode/DerivedData/meal.advisor.ios-csaldjncgoleykghtkpncaypzmvo/Build/Intermediates.noindex/swift-http-types.build/Debug-iphonesimulator/HTTPTypes.build/HTTPTypes.DependencyMetadataFileList

WriteAuxiliaryFile /Users/jans./Library/Developer/Xcode/DerivedData/meal.advisor.ios-csaldjncgoleykghtkpncaypzmvo/Build/Intermediates.noindex/GoogleSignIn.build/Debug-iphonesimulator/GoogleSignIn_GoogleSignIn.build/GoogleSignIn_GoogleSignIn.DependencyStaticMetadataFileList (in target 'GoogleSignIn_GoogleSignIn' from project 'GoogleSignIn')
    cd /Users/jans./Library/Developer/Xcode/DerivedData/meal.advisor.ios-csaldjncgoleykghtkpncaypzmvo/SourcePackages/checkouts/GoogleSignIn-iOS
    write-file /Users/jans./Library/Developer/Xcode/DerivedData/meal.advisor.ios-csaldjncgoleykghtkpncaypzmvo/Build/Intermediates.noindex/GoogleSignIn.build/Debug-iphonesimulator/GoogleSignIn_GoogleSignIn.build/GoogleSignIn_GoogleSignIn.DependencyStaticMetadataFileList

WriteAuxiliaryFile /Users/jans./Library/Developer/Xcode/DerivedData/meal.advisor.ios-csaldjncgoleykghtkpncaypzmvo/Build/Intermediates.noindex/GoogleSignIn.build/Debug-iphonesimulator/GoogleSignIn_GoogleSignIn.build/empty-GoogleSignIn_GoogleSignIn.plist (in target 'GoogleSignIn_GoogleSignIn' from project 'GoogleSignIn')
    cd /Users/jans./Library/Developer/Xcode/DerivedData/meal.advisor.ios-csaldjncgoleykghtkpncaypzmvo/SourcePackages/checkouts/GoogleSignIn-iOS
    write-file /Users/jans./Library/Developer/Xcode/DerivedData/meal.advisor.ios-csaldjncgoleykghtkpncaypzmvo/Build/Intermediates.noindex/GoogleSignIn.build/Debug-iphonesimulator/GoogleSignIn_GoogleSignIn.build/empty-GoogleSignIn_GoogleSignIn.plist

WriteAuxiliaryFile /Users/jans./Library/Developer/Xcode/DerivedData/meal.advisor.ios-csaldjncgoleykghtkpncaypzmvo/Build/Intermediates.noindex/GoogleSignIn.build/Debug-iphonesimulator/GoogleSignIn_GoogleSignIn.build/GoogleSignIn_GoogleSignIn.DependencyMetadataFileList (in target 'GoogleSignIn_GoogleSignIn' from project 'GoogleSignIn')
    cd /Users/jans./Library/Developer/Xcode/DerivedData/meal.advisor.ios-csaldjncgoleykghtkpncaypzmvo/SourcePackages/checkouts/GoogleSignIn-iOS
    write-file /Users/jans./Library/Developer/Xcode/DerivedData/meal.advisor.ios-csaldjncgoleykghtkpncaypzmvo/Build/Intermediates.noindex/GoogleSignIn.build/Debug-iphonesimulator/GoogleSignIn_GoogleSignIn.build/GoogleSignIn_GoogleSignIn.DependencyMetadataFileList

WriteAuxiliaryFile /Users/jans./Library/Developer/Xcode/DerivedData/meal.advisor.ios-csaldjncgoleykghtkpncaypzmvo/Build/Intermediates.noindex/GoogleSignIn.build/Debug-iphonesimulator/GoogleSignIn.build/Objects-normal/arm64/e6072d4f65d7061329687fe24e3d63a7-common-args.resp (in target 'GoogleSignIn' from project 'GoogleSignIn')
    cd /Users/jans./Library/Developer/Xcode/DerivedData/meal.advisor.ios-csaldjncgoleykghtkpncaypzmvo/SourcePackages/checkouts/GoogleSignIn-iOS
    write-file /Users/jans./Library/Developer/Xcode/DerivedData/meal.advisor.ios-csaldjncgoleykghtkpncaypzmvo/Build/Intermediates.noindex/GoogleSignIn.build/Debug-iphonesimulator/GoogleSignIn.build/Objects-normal/arm64/e6072d4f65d7061329687fe24e3d63a7-common-args.resp
-target arm64-apple-ios12.0-simulator -fobjc-arc -fmodules -gmodules '-fmodules-cache-path=/Users/jans./Library/Developer/Xcode/DerivedData/ModuleCache.noindex' '-fmodule-name=GoogleSignIn' -fpascal-strings -O0 -DSWIFT_PACKAGE '-DDEBUG=1' '-DGID_SDK_VERSION=7.1.0' '-DOBJC_OLD_DISPATCH_PROTOTYPES=1' -isysroot /Applications/Xcode.app/Contents/Developer/Platforms/iPhoneSimulator.platform/Developer/SDKs/iPhoneSimulator18.5.sdk -g '-fobjc-abi-version=2' -fobjc-legacy-dispatch -I/Users/jans./Library/Developer/Xcode/DerivedData/meal.advisor.ios-csaldjncgoleykghtkpncaypzmvo/SourcePackages/checkouts/AppAuth-iOS/Sources/AppAuth -I/Users/jans./Library/Developer/Xcode/DerivedData/meal.advisor.ios-csaldjncgoleykghtkpncaypzmvo/SourcePackages/checkouts/AppAuth-iOS/Sources/AppAuthCore -I/Users/jans./Library/Developer/Xcode/DerivedData/meal.advisor.ios-csaldjncgoleykghtkpncaypzmvo/SourcePackages/checkouts/gtm-session-fetcher/Sources/Core/Public -I/Users/jans./Library/Developer/Xcode/DerivedData/meal.advisor.ios-csaldjncgoleykghtkpncaypzmvo/Build/Products/Debug-iphonesimulator/include -I/Users/jans./Library/Developer/Xcode/DerivedData/meal.advisor.ios-csaldjncgoleykghtkpncaypzmvo/SourcePackages/checkouts/GoogleSignIn-iOS/GoogleSignIn/Sources/Public -I/Users/jans./Library/Developer/Xcode/DerivedData/meal.advisor.ios-csaldjncgoleykghtkpncaypzmvo/SourcePackages/checkouts/GoogleSignIn-iOS -I/Users/jans./Library/Developer/Xcode/DerivedData/meal.advisor.ios-csaldjncgoleykghtkpncaypzmvo/Build/Intermediates.noindex/GoogleSignIn.build/Debug-iphonesimulator/GoogleSignIn.build/DerivedSources-normal/arm64 -I/Users/jans./Library/Developer/Xcode/DerivedData/meal.advisor.ios-csaldjncgoleykghtkpncaypzmvo/Build/Intermediates.noindex/GoogleSignIn.build/Debug-iphonesimulator/GoogleSignIn.build/DerivedSources/arm64 -I/Users/jans./Library/Developer/Xcode/DerivedData/meal.advisor.ios-csaldjncgoleykghtkpncaypzmvo/Build/Intermediates.noindex/GoogleSignIn.build/Debug-iphonesimulator/GoogleSignIn.build/DerivedSources -F/Users/jans./Library/Developer/Xcode/DerivedData/meal.advisor.ios-csaldjncgoleykghtkpncaypzmvo/Build/Products/Debug-iphonesimulator/PackageFrameworks -F/Users/jans./Library/Developer/Xcode/DerivedData/meal.advisor.ios-csaldjncgoleykghtkpncaypzmvo/Build/Products/Debug-iphonesimulator/PackageFrameworks -F/Users/jans./Library/Developer/Xcode/DerivedData/meal.advisor.ios-csaldjncgoleykghtkpncaypzmvo/Build/Products/Debug-iphonesimulator/PackageFrameworks -F/Users/jans./Library/Developer/Xcode/DerivedData/meal.advisor.ios-csaldjncgoleykghtkpncaypzmvo/Build/Products/Debug-iphonesimulator/PackageFrameworks -F/Users/jans./Library/Developer/Xcode/DerivedData/meal.advisor.ios-csaldjncgoleykghtkpncaypzmvo/Build/Products/Debug-iphonesimulator -iframework /Applications/Xcode.app/Contents/Developer/Platforms/iPhoneSimulator.platform/Developer/Library/Frameworks -iframework /Applications/Xcode.app/Contents/Developer/Platforms/iPhoneSimulator.platform/Developer/SDKs/iPhoneSimulator18.5.sdk/Developer/Library/Frameworks '-fmodule-map-file=/Users/jans./Library/Developer/Xcode/DerivedData/meal.advisor.ios-csaldjncgoleykghtkpncaypzmvo/Build/Intermediates.noindex/GeneratedModuleMaps-iphonesimulator/AppAuth.modulemap' '-fmodule-map-file=/Users/jans./Library/Developer/Xcode/DerivedData/meal.advisor.ios-csaldjncgoleykghtkpncaypzmvo/Build/Intermediates.noindex/GeneratedModuleMaps-iphonesimulator/AppAuthCore.modulemap' '-fmodule-map-file=/Users/jans./Library/Developer/Xcode/DerivedData/meal.advisor.ios-csaldjncgoleykghtkpncaypzmvo/Build/Intermediates.noindex/GeneratedModuleMaps-iphonesimulator/GTMAppAuth.modulemap' '-fmodule-map-file=/Users/jans./Library/Developer/Xcode/DerivedData/meal.advisor.ios-csaldjncgoleykghtkpncaypzmvo/Build/Intermediates.noindex/GeneratedModuleMaps-iphonesimulator/GTMSessionFetcherCore.modulemap' -DXcode

Copy /Users/jans./Library/Developer/Xcode/DerivedData/meal.advisor.ios-csaldjncgoleykghtkpncaypzmvo/Build/Intermediates.noindex/GeneratedModuleMaps-iphonesimulator/HTTPTypes.modulemap /Users/jans./Library/Developer/Xcode/DerivedData/meal.advisor.ios-csaldjncgoleykghtkpncaypzmvo/Build/Intermediates.noindex/swift-http-types.build/Debug-iphonesimulator/HTTPTypes.build/HTTPTypes.modulemap (in target 'HTTPTypes' from project 'swift-http-types')
    cd /Users/jans./Library/Developer/Xcode/DerivedData/meal.advisor.ios-csaldjncgoleykghtkpncaypzmvo/SourcePackages/checkouts/swift-http-types
    builtin-copy -exclude .DS_Store -exclude CVS -exclude .svn -exclude .git -exclude .hg -resolve-src-symlinks /Users/jans./Library/Developer/Xcode/DerivedData/meal.advisor.ios-csaldjncgoleykghtkpncaypzmvo/Build/Intermediates.noindex/swift-http-types.build/Debug-iphonesimulator/HTTPTypes.build/HTTPTypes.modulemap /Users/jans./Library/Developer/Xcode/DerivedData/meal.advisor.ios-csaldjncgoleykghtkpncaypzmvo/Build/Intermediates.noindex/GeneratedModuleMaps-iphonesimulator

WriteAuxiliaryFile /Users/jans./Library/Developer/Xcode/DerivedData/meal.advisor.ios-csaldjncgoleykghtkpncaypzmvo/Build/Intermediates.noindex/GoogleSignIn.build/Debug-iphonesimulator/GoogleSignIn.build/Objects-normal/arm64/GoogleSignIn.LinkFileList (in target 'GoogleSignIn' from project 'GoogleSignIn')
    cd /Users/jans./Library/Developer/Xcode/DerivedData/meal.advisor.ios-csaldjncgoleykghtkpncaypzmvo/SourcePackages/checkouts/GoogleSignIn-iOS
    write-file /Users/jans./Library/Developer/Xcode/DerivedData/meal.advisor.ios-csaldjncgoleykghtkpncaypzmvo/Build/Intermediates.noindex/GoogleSignIn.build/Debug-iphonesimulator/GoogleSignIn.build/Objects-normal/arm64/GoogleSignIn.LinkFileList

WriteAuxiliaryFile /Users/jans./Library/Developer/Xcode/DerivedData/meal.advisor.ios-csaldjncgoleykghtkpncaypzmvo/Build/Intermediates.noindex/GoogleSignIn.build/Debug-iphonesimulator/GoogleSignIn.build/GoogleSignIn.modulemap (in target 'GoogleSignIn' from project 'GoogleSignIn')
    cd /Users/jans./Library/Developer/Xcode/DerivedData/meal.advisor.ios-csaldjncgoleykghtkpncaypzmvo/SourcePackages/checkouts/GoogleSignIn-iOS
    write-file /Users/jans./Library/Developer/Xcode/DerivedData/meal.advisor.ios-csaldjncgoleykghtkpncaypzmvo/Build/Intermediates.noindex/GoogleSignIn.build/Debug-iphonesimulator/GoogleSignIn.build/GoogleSignIn.modulemap

WriteAuxiliaryFile /Users/jans./Library/Developer/Xcode/DerivedData/meal.advisor.ios-csaldjncgoleykghtkpncaypzmvo/Build/Intermediates.noindex/GoogleSignIn.build/Debug-iphonesimulator/GoogleSignIn.build/GoogleSignIn.DependencyStaticMetadataFileList (in target 'GoogleSignIn' from project 'GoogleSignIn')
    cd /Users/jans./Library/Developer/Xcode/DerivedData/meal.advisor.ios-csaldjncgoleykghtkpncaypzmvo/SourcePackages/checkouts/GoogleSignIn-iOS
    write-file /Users/jans./Library/Developer/Xcode/DerivedData/meal.advisor.ios-csaldjncgoleykghtkpncaypzmvo/Build/Intermediates.noindex/GoogleSignIn.build/Debug-iphonesimulator/GoogleSignIn.build/GoogleSignIn.DependencyStaticMetadataFileList

WriteAuxiliaryFile /Users/jans./Library/Developer/Xcode/DerivedData/meal.advisor.ios-csaldjncgoleykghtkpncaypzmvo/Build/Intermediates.noindex/GoogleSignIn.build/Debug-iphonesimulator/GoogleSignIn.build/GoogleSignIn.DependencyMetadataFileList (in target 'GoogleSignIn' from project 'GoogleSignIn')
    cd /Users/jans./Library/Developer/Xcode/DerivedData/meal.advisor.ios-csaldjncgoleykghtkpncaypzmvo/SourcePackages/checkouts/GoogleSignIn-iOS
    write-file /Users/jans./Library/Developer/Xcode/DerivedData/meal.advisor.ios-csaldjncgoleykghtkpncaypzmvo/Build/Intermediates.noindex/GoogleSignIn.build/Debug-iphonesimulator/GoogleSignIn.build/GoogleSignIn.DependencyMetadataFileList

WriteAuxiliaryFile /Users/jans./Library/Developer/Xcode/DerivedData/meal.advisor.ios-csaldjncgoleykghtkpncaypzmvo/Build/Intermediates.noindex/GoogleSignIn.build/Debug-iphonesimulator/GoogleSignIn.build/DerivedSources/resource_bundle_accessor.m (in target 'GoogleSignIn' from project 'GoogleSignIn')
    cd /Users/jans./Library/Developer/Xcode/DerivedData/meal.advisor.ios-csaldjncgoleykghtkpncaypzmvo/SourcePackages/checkouts/GoogleSignIn-iOS
    write-file /Users/jans./Library/Developer/Xcode/DerivedData/meal.advisor.ios-csaldjncgoleykghtkpncaypzmvo/Build/Intermediates.noindex/GoogleSignIn.build/Debug-iphonesimulator/GoogleSignIn.build/DerivedSources/resource_bundle_accessor.m

WriteAuxiliaryFile /Users/jans./Library/Developer/Xcode/DerivedData/meal.advisor.ios-csaldjncgoleykghtkpncaypzmvo/Build/Intermediates.noindex/GoogleSignIn.build/Debug-iphonesimulator/GoogleSignIn.build/DerivedSources/resource_bundle_accessor.h (in target 'GoogleSignIn' from project 'GoogleSignIn')
    cd /Users/jans./Library/Developer/Xcode/DerivedData/meal.advisor.ios-csaldjncgoleykghtkpncaypzmvo/SourcePackages/checkouts/GoogleSignIn-iOS
    write-file /Users/jans./Library/Developer/Xcode/DerivedData/meal.advisor.ios-csaldjncgoleykghtkpncaypzmvo/Build/Intermediates.noindex/GoogleSignIn.build/Debug-iphonesimulator/GoogleSignIn.build/DerivedSources/resource_bundle_accessor.h

WriteAuxiliaryFile /Users/jans./Library/Developer/Xcode/DerivedData/meal.advisor.ios-csaldjncgoleykghtkpncaypzmvo/Build/Intermediates.noindex/GTMSessionFetcher.build/Debug-iphonesimulator/GTMSessionFetcher_GTMSessionFetcherCore.build/empty-GTMSessionFetcher_GTMSessionFetcherCore.plist (in target 'GTMSessionFetcher_GTMSessionFetcherCore' from project 'GTMSessionFetcher')
    cd /Users/jans./Library/Developer/Xcode/DerivedData/meal.advisor.ios-csaldjncgoleykghtkpncaypzmvo/SourcePackages/checkouts/gtm-session-fetcher
    write-file /Users/jans./Library/Developer/Xcode/DerivedData/meal.advisor.ios-csaldjncgoleykghtkpncaypzmvo/Build/Intermediates.noindex/GTMSessionFetcher.build/Debug-iphonesimulator/GTMSessionFetcher_GTMSessionFetcherCore.build/empty-GTMSessionFetcher_GTMSessionFetcherCore.plist

WriteAuxiliaryFile /Users/jans./Library/Developer/Xcode/DerivedData/meal.advisor.ios-csaldjncgoleykghtkpncaypzmvo/Build/Intermediates.noindex/GTMSessionFetcher.build/Debug-iphonesimulator/GTMSessionFetcher_GTMSessionFetcherCore.build/GTMSessionFetcher_GTMSessionFetcherCore.DependencyStaticMetadataFileList (in target 'GTMSessionFetcher_GTMSessionFetcherCore' from project 'GTMSessionFetcher')
    cd /Users/jans./Library/Developer/Xcode/DerivedData/meal.advisor.ios-csaldjncgoleykghtkpncaypzmvo/SourcePackages/checkouts/gtm-session-fetcher
    write-file /Users/jans./Library/Developer/Xcode/DerivedData/meal.advisor.ios-csaldjncgoleykghtkpncaypzmvo/Build/Intermediates.noindex/GTMSessionFetcher.build/Debug-iphonesimulator/GTMSessionFetcher_GTMSessionFetcherCore.build/GTMSessionFetcher_GTMSessionFetcherCore.DependencyStaticMetadataFileList

Copy /Users/jans./Library/Developer/Xcode/DerivedData/meal.advisor.ios-csaldjncgoleykghtkpncaypzmvo/Build/Intermediates.noindex/GeneratedModuleMaps-iphonesimulator/GoogleSignIn.modulemap /Users/jans./Library/Developer/Xcode/DerivedData/meal.advisor.ios-csaldjncgoleykghtkpncaypzmvo/Build/Intermediates.noindex/GoogleSignIn.build/Debug-iphonesimulator/GoogleSignIn.build/GoogleSignIn.modulemap (in target 'GoogleSignIn' from project 'GoogleSignIn')
    cd /Users/jans./Library/Developer/Xcode/DerivedData/meal.advisor.ios-csaldjncgoleykghtkpncaypzmvo/SourcePackages/checkouts/GoogleSignIn-iOS
    builtin-copy -exclude .DS_Store -exclude CVS -exclude .svn -exclude .git -exclude .hg -resolve-src-symlinks /Users/jans./Library/Developer/Xcode/DerivedData/meal.advisor.ios-csaldjncgoleykghtkpncaypzmvo/Build/Intermediates.noindex/GoogleSignIn.build/Debug-iphonesimulator/GoogleSignIn.build/GoogleSignIn.modulemap /Users/jans./Library/Developer/Xcode/DerivedData/meal.advisor.ios-csaldjncgoleykghtkpncaypzmvo/Build/Intermediates.noindex/GeneratedModuleMaps-iphonesimulator

WriteAuxiliaryFile /Users/jans./Library/Developer/Xcode/DerivedData/meal.advisor.ios-csaldjncgoleykghtkpncaypzmvo/Build/Intermediates.noindex/GTMSessionFetcher.build/Debug-iphonesimulator/GTMSessionFetcher_GTMSessionFetcherCore.build/GTMSessionFetcher_GTMSessionFetcherCore.DependencyMetadataFileList (in target 'GTMSessionFetcher_GTMSessionFetcherCore' from project 'GTMSessionFetcher')
    cd /Users/jans./Library/Developer/Xcode/DerivedData/meal.advisor.ios-csaldjncgoleykghtkpncaypzmvo/SourcePackages/checkouts/gtm-session-fetcher
    write-file /Users/jans./Library/Developer/Xcode/DerivedData/meal.advisor.ios-csaldjncgoleykghtkpncaypzmvo/Build/Intermediates.noindex/GTMSessionFetcher.build/Debug-iphonesimulator/GTMSessionFetcher_GTMSessionFetcherCore.build/GTMSessionFetcher_GTMSessionFetcherCore.DependencyMetadataFileList

WriteAuxiliaryFile /Users/jans./Library/Developer/Xcode/DerivedData/meal.advisor.ios-csaldjncgoleykghtkpncaypzmvo/Build/Intermediates.noindex/GTMSessionFetcher.build/Debug-iphonesimulator/GTMSessionFetcherCore.build/Objects-normal/arm64/e6072d4f65d7061329687fe24e3d63a7-common-args.resp (in target 'GTMSessionFetcherCore' from project 'GTMSessionFetcher')
    cd /Users/jans./Library/Developer/Xcode/DerivedData/meal.advisor.ios-csaldjncgoleykghtkpncaypzmvo/SourcePackages/checkouts/gtm-session-fetcher
    write-file /Users/jans./Library/Developer/Xcode/DerivedData/meal.advisor.ios-csaldjncgoleykghtkpncaypzmvo/Build/Intermediates.noindex/GTMSessionFetcher.build/Debug-iphonesimulator/GTMSessionFetcherCore.build/Objects-normal/arm64/e6072d4f65d7061329687fe24e3d63a7-common-args.resp
-target arm64-apple-ios12.0-simulator -fobjc-arc -fmodules -gmodules '-fmodules-cache-path=/Users/jans./Library/Developer/Xcode/DerivedData/ModuleCache.noindex' '-fmodule-name=GTMSessionFetcherCore' -fpascal-strings -O0 -DSWIFT_PACKAGE '-DDEBUG=1' '-DOBJC_OLD_DISPATCH_PROTOTYPES=1' -isysroot /Applications/Xcode.app/Contents/Developer/Platforms/iPhoneSimulator.platform/Developer/SDKs/iPhoneSimulator18.5.sdk -g '-fobjc-abi-version=2' -fobjc-legacy-dispatch -I/Users/jans./Library/Developer/Xcode/DerivedData/meal.advisor.ios-csaldjncgoleykghtkpncaypzmvo/Build/Products/Debug-iphonesimulator/include -I/Users/jans./Library/Developer/Xcode/DerivedData/meal.advisor.ios-csaldjncgoleykghtkpncaypzmvo/SourcePackages/checkouts/gtm-session-fetcher/Sources/Core/Public -I/Users/jans./Library/Developer/Xcode/DerivedData/meal.advisor.ios-csaldjncgoleykghtkpncaypzmvo/Build/Intermediates.noindex/GTMSessionFetcher.build/Debug-iphonesimulator/GTMSessionFetcherCore.build/DerivedSources-normal/arm64 -I/Users/jans./Library/Developer/Xcode/DerivedData/meal.advisor.ios-csaldjncgoleykghtkpncaypzmvo/Build/Intermediates.noindex/GTMSessionFetcher.build/Debug-iphonesimulator/GTMSessionFetcherCore.build/DerivedSources/arm64 -I/Users/jans./Library/Developer/Xcode/DerivedData/meal.advisor.ios-csaldjncgoleykghtkpncaypzmvo/Build/Intermediates.noindex/GTMSessionFetcher.build/Debug-iphonesimulator/GTMSessionFetcherCore.build/DerivedSources -F/Users/jans./Library/Developer/Xcode/DerivedData/meal.advisor.ios-csaldjncgoleykghtkpncaypzmvo/Build/Products/Debug-iphonesimulator -iframework /Applications/Xcode.app/Contents/Developer/Platforms/iPhoneSimulator.platform/Developer/Library/Frameworks -iframework /Applications/Xcode.app/Contents/Developer/Platforms/iPhoneSimulator.platform/Developer/SDKs/iPhoneSimulator18.5.sdk/Developer/Library/Frameworks -DXcode

WriteAuxiliaryFile /Users/jans./Library/Developer/Xcode/DerivedData/meal.advisor.ios-csaldjncgoleykghtkpncaypzmvo/Build/Intermediates.noindex/GTMSessionFetcher.build/Debug-iphonesimulator/GTMSessionFetcherCore.build/Objects-normal/arm64/GTMSessionFetcherCore.LinkFileList (in target 'GTMSessionFetcherCore' from project 'GTMSessionFetcher')
    cd /Users/jans./Library/Developer/Xcode/DerivedData/meal.advisor.ios-csaldjncgoleykghtkpncaypzmvo/SourcePackages/checkouts/gtm-session-fetcher
    write-file /Users/jans./Library/Developer/Xcode/DerivedData/meal.advisor.ios-csaldjncgoleykghtkpncaypzmvo/Build/Intermediates.noindex/GTMSessionFetcher.build/Debug-iphonesimulator/GTMSessionFetcherCore.build/Objects-normal/arm64/GTMSessionFetcherCore.LinkFileList

WriteAuxiliaryFile /Users/jans./Library/Developer/Xcode/DerivedData/meal.advisor.ios-csaldjncgoleykghtkpncaypzmvo/Build/Intermediates.noindex/GTMSessionFetcher.build/Debug-iphonesimulator/GTMSessionFetcherCore.build/GTMSessionFetcherCore.modulemap (in target 'GTMSessionFetcherCore' from project 'GTMSessionFetcher')
    cd /Users/jans./Library/Developer/Xcode/DerivedData/meal.advisor.ios-csaldjncgoleykghtkpncaypzmvo/SourcePackages/checkouts/gtm-session-fetcher
    write-file /Users/jans./Library/Developer/Xcode/DerivedData/meal.advisor.ios-csaldjncgoleykghtkpncaypzmvo/Build/Intermediates.noindex/GTMSessionFetcher.build/Debug-iphonesimulator/GTMSessionFetcherCore.build/GTMSessionFetcherCore.modulemap

WriteAuxiliaryFile /Users/jans./Library/Developer/Xcode/DerivedData/meal.advisor.ios-csaldjncgoleykghtkpncaypzmvo/Build/Intermediates.noindex/GTMSessionFetcher.build/Debug-iphonesimulator/GTMSessionFetcherCore.build/GTMSessionFetcherCore.DependencyStaticMetadataFileList (in target 'GTMSessionFetcherCore' from project 'GTMSessionFetcher')
    cd /Users/jans./Library/Developer/Xcode/DerivedData/meal.advisor.ios-csaldjncgoleykghtkpncaypzmvo/SourcePackages/checkouts/gtm-session-fetcher
    write-file /Users/jans./Library/Developer/Xcode/DerivedData/meal.advisor.ios-csaldjncgoleykghtkpncaypzmvo/Build/Intermediates.noindex/GTMSessionFetcher.build/Debug-iphonesimulator/GTMSessionFetcherCore.build/GTMSessionFetcherCore.DependencyStaticMetadataFileList

WriteAuxiliaryFile /Users/jans./Library/Developer/Xcode/DerivedData/meal.advisor.ios-csaldjncgoleykghtkpncaypzmvo/Build/Intermediates.noindex/GTMSessionFetcher.build/Debug-iphonesimulator/GTMSessionFetcherCore.build/GTMSessionFetcherCore.DependencyMetadataFileList (in target 'GTMSessionFetcherCore' from project 'GTMSessionFetcher')
    cd /Users/jans./Library/Developer/Xcode/DerivedData/meal.advisor.ios-csaldjncgoleykghtkpncaypzmvo/SourcePackages/checkouts/gtm-session-fetcher
    write-file /Users/jans./Library/Developer/Xcode/DerivedData/meal.advisor.ios-csaldjncgoleykghtkpncaypzmvo/Build/Intermediates.noindex/GTMSessionFetcher.build/Debug-iphonesimulator/GTMSessionFetcherCore.build/GTMSessionFetcherCore.DependencyMetadataFileList

WriteAuxiliaryFile /Users/jans./Library/Developer/Xcode/DerivedData/meal.advisor.ios-csaldjncgoleykghtkpncaypzmvo/Build/Intermediates.noindex/GTMSessionFetcher.build/Debug-iphonesimulator/GTMSessionFetcherCore.build/DerivedSources/resource_bundle_accessor.m (in target 'GTMSessionFetcherCore' from project 'GTMSessionFetcher')
    cd /Users/jans./Library/Developer/Xcode/DerivedData/meal.advisor.ios-csaldjncgoleykghtkpncaypzmvo/SourcePackages/checkouts/gtm-session-fetcher
    write-file /Users/jans./Library/Developer/Xcode/DerivedData/meal.advisor.ios-csaldjncgoleykghtkpncaypzmvo/Build/Intermediates.noindex/GTMSessionFetcher.build/Debug-iphonesimulator/GTMSessionFetcherCore.build/DerivedSources/resource_bundle_accessor.m

WriteAuxiliaryFile /Users/jans./Library/Developer/Xcode/DerivedData/meal.advisor.ios-csaldjncgoleykghtkpncaypzmvo/Build/Intermediates.noindex/GTMSessionFetcher.build/Debug-iphonesimulator/GTMSessionFetcherCore.build/DerivedSources/resource_bundle_accessor.h (in target 'GTMSessionFetcherCore' from project 'GTMSessionFetcher')
    cd /Users/jans./Library/Developer/Xcode/DerivedData/meal.advisor.ios-csaldjncgoleykghtkpncaypzmvo/SourcePackages/checkouts/gtm-session-fetcher
    write-file /Users/jans./Library/Developer/Xcode/DerivedData/meal.advisor.ios-csaldjncgoleykghtkpncaypzmvo/Build/Intermediates.noindex/GTMSessionFetcher.build/Debug-iphonesimulator/GTMSessionFetcherCore.build/DerivedSources/resource_bundle_accessor.h

WriteAuxiliaryFile /Users/jans./Library/Developer/Xcode/DerivedData/meal.advisor.ios-csaldjncgoleykghtkpncaypzmvo/Build/Intermediates.noindex/GTMAppAuth.build/Debug-iphonesimulator/GTMAppAuth_GTMAppAuth.build/GTMAppAuth_GTMAppAuth.DependencyStaticMetadataFileList (in target 'GTMAppAuth_GTMAppAuth' from project 'GTMAppAuth')
    cd /Users/jans./Library/Developer/Xcode/DerivedData/meal.advisor.ios-csaldjncgoleykghtkpncaypzmvo/SourcePackages/checkouts/GTMAppAuth
    write-file /Users/jans./Library/Developer/Xcode/DerivedData/meal.advisor.ios-csaldjncgoleykghtkpncaypzmvo/Build/Intermediates.noindex/GTMAppAuth.build/Debug-iphonesimulator/GTMAppAuth_GTMAppAuth.build/GTMAppAuth_GTMAppAuth.DependencyStaticMetadataFileList

WriteAuxiliaryFile /Users/jans./Library/Developer/Xcode/DerivedData/meal.advisor.ios-csaldjncgoleykghtkpncaypzmvo/Build/Intermediates.noindex/GTMAppAuth.build/Debug-iphonesimulator/GTMAppAuth_GTMAppAuth.build/empty-GTMAppAuth_GTMAppAuth.plist (in target 'GTMAppAuth_GTMAppAuth' from project 'GTMAppAuth')
    cd /Users/jans./Library/Developer/Xcode/DerivedData/meal.advisor.ios-csaldjncgoleykghtkpncaypzmvo/SourcePackages/checkouts/GTMAppAuth
    write-file /Users/jans./Library/Developer/Xcode/DerivedData/meal.advisor.ios-csaldjncgoleykghtkpncaypzmvo/Build/Intermediates.noindex/GTMAppAuth.build/Debug-iphonesimulator/GTMAppAuth_GTMAppAuth.build/empty-GTMAppAuth_GTMAppAuth.plist

WriteAuxiliaryFile /Users/jans./Library/Developer/Xcode/DerivedData/meal.advisor.ios-csaldjncgoleykghtkpncaypzmvo/Build/Intermediates.noindex/GTMAppAuth.build/Debug-iphonesimulator/GTMAppAuth_GTMAppAuth.build/GTMAppAuth_GTMAppAuth.DependencyMetadataFileList (in target 'GTMAppAuth_GTMAppAuth' from project 'GTMAppAuth')
    cd /Users/jans./Library/Developer/Xcode/DerivedData/meal.advisor.ios-csaldjncgoleykghtkpncaypzmvo/SourcePackages/checkouts/GTMAppAuth
    write-file /Users/jans./Library/Developer/Xcode/DerivedData/meal.advisor.ios-csaldjncgoleykghtkpncaypzmvo/Build/Intermediates.noindex/GTMAppAuth.build/Debug-iphonesimulator/GTMAppAuth_GTMAppAuth.build/GTMAppAuth_GTMAppAuth.DependencyMetadataFileList

Copy /Users/jans./Library/Developer/Xcode/DerivedData/meal.advisor.ios-csaldjncgoleykghtkpncaypzmvo/Build/Intermediates.noindex/GeneratedModuleMaps-iphonesimulator/GTMSessionFetcherCore.modulemap /Users/jans./Library/Developer/Xcode/DerivedData/meal.advisor.ios-csaldjncgoleykghtkpncaypzmvo/Build/Intermediates.noindex/GTMSessionFetcher.build/Debug-iphonesimulator/GTMSessionFetcherCore.build/GTMSessionFetcherCore.modulemap (in target 'GTMSessionFetcherCore' from project 'GTMSessionFetcher')
    cd /Users/jans./Library/Developer/Xcode/DerivedData/meal.advisor.ios-csaldjncgoleykghtkpncaypzmvo/SourcePackages/checkouts/gtm-session-fetcher
    builtin-copy -exclude .DS_Store -exclude CVS -exclude .svn -exclude .git -exclude .hg -resolve-src-symlinks /Users/jans./Library/Developer/Xcode/DerivedData/meal.advisor.ios-csaldjncgoleykghtkpncaypzmvo/Build/Intermediates.noindex/GTMSessionFetcher.build/Debug-iphonesimulator/GTMSessionFetcherCore.build/GTMSessionFetcherCore.modulemap /Users/jans./Library/Developer/Xcode/DerivedData/meal.advisor.ios-csaldjncgoleykghtkpncaypzmvo/Build/Intermediates.noindex/GeneratedModuleMaps-iphonesimulator

WriteAuxiliaryFile /Users/jans./Library/Developer/Xcode/DerivedData/meal.advisor.ios-csaldjncgoleykghtkpncaypzmvo/Build/Intermediates.noindex/GTMAppAuth.build/Debug-iphonesimulator/GTMAppAuth.build/Objects-normal/arm64/GTMAppAuth_const_extract_protocols.json (in target 'GTMAppAuth' from project 'GTMAppAuth')
    cd /Users/jans./Library/Developer/Xcode/DerivedData/meal.advisor.ios-csaldjncgoleykghtkpncaypzmvo/SourcePackages/checkouts/GTMAppAuth
    write-file /Users/jans./Library/Developer/Xcode/DerivedData/meal.advisor.ios-csaldjncgoleykghtkpncaypzmvo/Build/Intermediates.noindex/GTMAppAuth.build/Debug-iphonesimulator/GTMAppAuth.build/Objects-normal/arm64/GTMAppAuth_const_extract_protocols.json

WriteAuxiliaryFile /Users/jans./Library/Developer/Xcode/DerivedData/meal.advisor.ios-csaldjncgoleykghtkpncaypzmvo/Build/Intermediates.noindex/GTMAppAuth.build/Debug-iphonesimulator/GTMAppAuth.build/Objects-normal/arm64/GTMAppAuth.SwiftFileList (in target 'GTMAppAuth' from project 'GTMAppAuth')
    cd /Users/jans./Library/Developer/Xcode/DerivedData/meal.advisor.ios-csaldjncgoleykghtkpncaypzmvo/SourcePackages/checkouts/GTMAppAuth
    write-file /Users/jans./Library/Developer/Xcode/DerivedData/meal.advisor.ios-csaldjncgoleykghtkpncaypzmvo/Build/Intermediates.noindex/GTMAppAuth.build/Debug-iphonesimulator/GTMAppAuth.build/Objects-normal/arm64/GTMAppAuth.SwiftFileList

WriteAuxiliaryFile /Users/jans./Library/Developer/Xcode/DerivedData/meal.advisor.ios-csaldjncgoleykghtkpncaypzmvo/Build/Intermediates.noindex/GTMAppAuth.build/Debug-iphonesimulator/GTMAppAuth.build/Objects-normal/arm64/GTMAppAuth.SwiftConstValuesFileList (in target 'GTMAppAuth' from project 'GTMAppAuth')
    cd /Users/jans./Library/Developer/Xcode/DerivedData/meal.advisor.ios-csaldjncgoleykghtkpncaypzmvo/SourcePackages/checkouts/GTMAppAuth
    write-file /Users/jans./Library/Developer/Xcode/DerivedData/meal.advisor.ios-csaldjncgoleykghtkpncaypzmvo/Build/Intermediates.noindex/GTMAppAuth.build/Debug-iphonesimulator/GTMAppAuth.build/Objects-normal/arm64/GTMAppAuth.SwiftConstValuesFileList

WriteAuxiliaryFile /Users/jans./Library/Developer/Xcode/DerivedData/meal.advisor.ios-csaldjncgoleykghtkpncaypzmvo/Build/Intermediates.noindex/GTMAppAuth.build/Debug-iphonesimulator/GTMAppAuth.build/Objects-normal/arm64/GTMAppAuth.LinkFileList (in target 'GTMAppAuth' from project 'GTMAppAuth')
    cd /Users/jans./Library/Developer/Xcode/DerivedData/meal.advisor.ios-csaldjncgoleykghtkpncaypzmvo/SourcePackages/checkouts/GTMAppAuth
    write-file /Users/jans./Library/Developer/Xcode/DerivedData/meal.advisor.ios-csaldjncgoleykghtkpncaypzmvo/Build/Intermediates.noindex/GTMAppAuth.build/Debug-iphonesimulator/GTMAppAuth.build/Objects-normal/arm64/GTMAppAuth.LinkFileList

WriteAuxiliaryFile /Users/jans./Library/Developer/Xcode/DerivedData/meal.advisor.ios-csaldjncgoleykghtkpncaypzmvo/Build/Intermediates.noindex/GTMAppAuth.build/Debug-iphonesimulator/GTMAppAuth.build/Objects-normal/arm64/GTMAppAuth-OutputFileMap.json (in target 'GTMAppAuth' from project 'GTMAppAuth')
    cd /Users/jans./Library/Developer/Xcode/DerivedData/meal.advisor.ios-csaldjncgoleykghtkpncaypzmvo/SourcePackages/checkouts/GTMAppAuth
    write-file /Users/jans./Library/Developer/Xcode/DerivedData/meal.advisor.ios-csaldjncgoleykghtkpncaypzmvo/Build/Intermediates.noindex/GTMAppAuth.build/Debug-iphonesimulator/GTMAppAuth.build/Objects-normal/arm64/GTMAppAuth-OutputFileMap.json

WriteAuxiliaryFile /Users/jans./Library/Developer/Xcode/DerivedData/meal.advisor.ios-csaldjncgoleykghtkpncaypzmvo/Build/Intermediates.noindex/GTMAppAuth.build/Debug-iphonesimulator/GTMAppAuth.build/GTMAppAuth.modulemap (in target 'GTMAppAuth' from project 'GTMAppAuth')
    cd /Users/jans./Library/Developer/Xcode/DerivedData/meal.advisor.ios-csaldjncgoleykghtkpncaypzmvo/SourcePackages/checkouts/GTMAppAuth
    write-file /Users/jans./Library/Developer/Xcode/DerivedData/meal.advisor.ios-csaldjncgoleykghtkpncaypzmvo/Build/Intermediates.noindex/GTMAppAuth.build/Debug-iphonesimulator/GTMAppAuth.build/GTMAppAuth.modulemap

WriteAuxiliaryFile /Users/jans./Library/Developer/Xcode/DerivedData/meal.advisor.ios-csaldjncgoleykghtkpncaypzmvo/Build/Intermediates.noindex/GTMAppAuth.build/Debug-iphonesimulator/GTMAppAuth.build/GTMAppAuth.DependencyStaticMetadataFileList (in target 'GTMAppAuth' from project 'GTMAppAuth')
    cd /Users/jans./Library/Developer/Xcode/DerivedData/meal.advisor.ios-csaldjncgoleykghtkpncaypzmvo/SourcePackages/checkouts/GTMAppAuth
    write-file /Users/jans./Library/Developer/Xcode/DerivedData/meal.advisor.ios-csaldjncgoleykghtkpncaypzmvo/Build/Intermediates.noindex/GTMAppAuth.build/Debug-iphonesimulator/GTMAppAuth.build/GTMAppAuth.DependencyStaticMetadataFileList

WriteAuxiliaryFile /Users/jans./Library/Developer/Xcode/DerivedData/meal.advisor.ios-csaldjncgoleykghtkpncaypzmvo/Build/Intermediates.noindex/GTMAppAuth.build/Debug-iphonesimulator/GTMAppAuth.build/GTMAppAuth.DependencyMetadataFileList (in target 'GTMAppAuth' from project 'GTMAppAuth')
    cd /Users/jans./Library/Developer/Xcode/DerivedData/meal.advisor.ios-csaldjncgoleykghtkpncaypzmvo/SourcePackages/checkouts/GTMAppAuth
    write-file /Users/jans./Library/Developer/Xcode/DerivedData/meal.advisor.ios-csaldjncgoleykghtkpncaypzmvo/Build/Intermediates.noindex/GTMAppAuth.build/Debug-iphonesimulator/GTMAppAuth.build/GTMAppAuth.DependencyMetadataFileList

WriteAuxiliaryFile /Users/jans./Library/Developer/Xcode/DerivedData/meal.advisor.ios-csaldjncgoleykghtkpncaypzmvo/Build/Intermediates.noindex/GTMAppAuth.build/Debug-iphonesimulator/GTMAppAuth.build/DerivedSources/resource_bundle_accessor.swift (in target 'GTMAppAuth' from project 'GTMAppAuth')
    cd /Users/jans./Library/Developer/Xcode/DerivedData/meal.advisor.ios-csaldjncgoleykghtkpncaypzmvo/SourcePackages/checkouts/GTMAppAuth
    write-file /Users/jans./Library/Developer/Xcode/DerivedData/meal.advisor.ios-csaldjncgoleykghtkpncaypzmvo/Build/Intermediates.noindex/GTMAppAuth.build/Debug-iphonesimulator/GTMAppAuth.build/DerivedSources/resource_bundle_accessor.swift

WriteAuxiliaryFile /Users/jans./Library/Developer/Xcode/DerivedData/meal.advisor.ios-csaldjncgoleykghtkpncaypzmvo/Build/Intermediates.noindex/Supabase.build/Debug-iphonesimulator/Functions.build/Objects-normal/arm64/Functions_const_extract_protocols.json (in target 'Functions' from project 'Supabase')
    cd /Users/jans./Library/Developer/Xcode/DerivedData/meal.advisor.ios-csaldjncgoleykghtkpncaypzmvo/SourcePackages/checkouts/supabase-swift
    write-file /Users/jans./Library/Developer/Xcode/DerivedData/meal.advisor.ios-csaldjncgoleykghtkpncaypzmvo/Build/Intermediates.noindex/Supabase.build/Debug-iphonesimulator/Functions.build/Objects-normal/arm64/Functions_const_extract_protocols.json

WriteAuxiliaryFile /Users/jans./Library/Developer/Xcode/DerivedData/meal.advisor.ios-csaldjncgoleykghtkpncaypzmvo/Build/Intermediates.noindex/Supabase.build/Debug-iphonesimulator/Functions.build/Objects-normal/arm64/Functions.SwiftFileList (in target 'Functions' from project 'Supabase')
    cd /Users/jans./Library/Developer/Xcode/DerivedData/meal.advisor.ios-csaldjncgoleykghtkpncaypzmvo/SourcePackages/checkouts/supabase-swift
    write-file /Users/jans./Library/Developer/Xcode/DerivedData/meal.advisor.ios-csaldjncgoleykghtkpncaypzmvo/Build/Intermediates.noindex/Supabase.build/Debug-iphonesimulator/Functions.build/Objects-normal/arm64/Functions.SwiftFileList

WriteAuxiliaryFile /Users/jans./Library/Developer/Xcode/DerivedData/meal.advisor.ios-csaldjncgoleykghtkpncaypzmvo/Build/Intermediates.noindex/Supabase.build/Debug-iphonesimulator/Functions.build/Objects-normal/arm64/Functions.SwiftConstValuesFileList (in target 'Functions' from project 'Supabase')
    cd /Users/jans./Library/Developer/Xcode/DerivedData/meal.advisor.ios-csaldjncgoleykghtkpncaypzmvo/SourcePackages/checkouts/supabase-swift
    write-file /Users/jans./Library/Developer/Xcode/DerivedData/meal.advisor.ios-csaldjncgoleykghtkpncaypzmvo/Build/Intermediates.noindex/Supabase.build/Debug-iphonesimulator/Functions.build/Objects-normal/arm64/Functions.SwiftConstValuesFileList

WriteAuxiliaryFile /Users/jans./Library/Developer/Xcode/DerivedData/meal.advisor.ios-csaldjncgoleykghtkpncaypzmvo/Build/Intermediates.noindex/Supabase.build/Debug-iphonesimulator/Functions.build/Objects-normal/arm64/Functions.LinkFileList (in target 'Functions' from project 'Supabase')
    cd /Users/jans./Library/Developer/Xcode/DerivedData/meal.advisor.ios-csaldjncgoleykghtkpncaypzmvo/SourcePackages/checkouts/supabase-swift
    write-file /Users/jans./Library/Developer/Xcode/DerivedData/meal.advisor.ios-csaldjncgoleykghtkpncaypzmvo/Build/Intermediates.noindex/Supabase.build/Debug-iphonesimulator/Functions.build/Objects-normal/arm64/Functions.LinkFileList

Copy /Users/jans./Library/Developer/Xcode/DerivedData/meal.advisor.ios-csaldjncgoleykghtkpncaypzmvo/Build/Intermediates.noindex/GeneratedModuleMaps-iphonesimulator/GTMAppAuth.modulemap /Users/jans./Library/Developer/Xcode/DerivedData/meal.advisor.ios-csaldjncgoleykghtkpncaypzmvo/Build/Intermediates.noindex/GTMAppAuth.build/Debug-iphonesimulator/GTMAppAuth.build/GTMAppAuth.modulemap (in target 'GTMAppAuth' from project 'GTMAppAuth')
    cd /Users/jans./Library/Developer/Xcode/DerivedData/meal.advisor.ios-csaldjncgoleykghtkpncaypzmvo/SourcePackages/checkouts/GTMAppAuth
    builtin-copy -exclude .DS_Store -exclude CVS -exclude .svn -exclude .git -exclude .hg -resolve-src-symlinks /Users/jans./Library/Developer/Xcode/DerivedData/meal.advisor.ios-csaldjncgoleykghtkpncaypzmvo/Build/Intermediates.noindex/GTMAppAuth.build/Debug-iphonesimulator/GTMAppAuth.build/GTMAppAuth.modulemap /Users/jans./Library/Developer/Xcode/DerivedData/meal.advisor.ios-csaldjncgoleykghtkpncaypzmvo/Build/Intermediates.noindex/GeneratedModuleMaps-iphonesimulator

WriteAuxiliaryFile /Users/jans./Library/Developer/Xcode/DerivedData/meal.advisor.ios-csaldjncgoleykghtkpncaypzmvo/Build/Intermediates.noindex/Supabase.build/Debug-iphonesimulator/Functions.build/Objects-normal/arm64/Functions-OutputFileMap.json (in target 'Functions' from project 'Supabase')
    cd /Users/jans./Library/Developer/Xcode/DerivedData/meal.advisor.ios-csaldjncgoleykghtkpncaypzmvo/SourcePackages/checkouts/supabase-swift
    write-file /Users/jans./Library/Developer/Xcode/DerivedData/meal.advisor.ios-csaldjncgoleykghtkpncaypzmvo/Build/Intermediates.noindex/Supabase.build/Debug-iphonesimulator/Functions.build/Objects-normal/arm64/Functions-OutputFileMap.json

WriteAuxiliaryFile /Users/jans./Library/Developer/Xcode/DerivedData/meal.advisor.ios-csaldjncgoleykghtkpncaypzmvo/Build/Intermediates.noindex/Supabase.build/Debug-iphonesimulator/Functions.build/Functions.modulemap (in target 'Functions' from project 'Supabase')
    cd /Users/jans./Library/Developer/Xcode/DerivedData/meal.advisor.ios-csaldjncgoleykghtkpncaypzmvo/SourcePackages/checkouts/supabase-swift
    write-file /Users/jans./Library/Developer/Xcode/DerivedData/meal.advisor.ios-csaldjncgoleykghtkpncaypzmvo/Build/Intermediates.noindex/Supabase.build/Debug-iphonesimulator/Functions.build/Functions.modulemap

WriteAuxiliaryFile /Users/jans./Library/Developer/Xcode/DerivedData/meal.advisor.ios-csaldjncgoleykghtkpncaypzmvo/Build/Intermediates.noindex/Supabase.build/Debug-iphonesimulator/Functions.build/Functions.DependencyStaticMetadataFileList (in target 'Functions' from project 'Supabase')
    cd /Users/jans./Library/Developer/Xcode/DerivedData/meal.advisor.ios-csaldjncgoleykghtkpncaypzmvo/SourcePackages/checkouts/supabase-swift
    write-file /Users/jans./Library/Developer/Xcode/DerivedData/meal.advisor.ios-csaldjncgoleykghtkpncaypzmvo/Build/Intermediates.noindex/Supabase.build/Debug-iphonesimulator/Functions.build/Functions.DependencyStaticMetadataFileList

WriteAuxiliaryFile /Users/jans./Library/Developer/Xcode/DerivedData/meal.advisor.ios-csaldjncgoleykghtkpncaypzmvo/Build/Intermediates.noindex/Supabase.build/Debug-iphonesimulator/Functions.build/Functions.DependencyMetadataFileList (in target 'Functions' from project 'Supabase')
    cd /Users/jans./Library/Developer/Xcode/DerivedData/meal.advisor.ios-csaldjncgoleykghtkpncaypzmvo/SourcePackages/checkouts/supabase-swift
    write-file /Users/jans./Library/Developer/Xcode/DerivedData/meal.advisor.ios-csaldjncgoleykghtkpncaypzmvo/Build/Intermediates.noindex/Supabase.build/Debug-iphonesimulator/Functions.build/Functions.DependencyMetadataFileList

WriteAuxiliaryFile /Users/jans./Library/Developer/Xcode/DerivedData/meal.advisor.ios-csaldjncgoleykghtkpncaypzmvo/Build/Intermediates.noindex/swift-crypto.build/Debug-iphonesimulator/Crypto.build/Objects-normal/arm64/Crypto_const_extract_protocols.json (in target 'Crypto' from project 'swift-crypto')
    cd /Users/jans./Library/Developer/Xcode/DerivedData/meal.advisor.ios-csaldjncgoleykghtkpncaypzmvo/SourcePackages/checkouts/swift-crypto
    write-file /Users/jans./Library/Developer/Xcode/DerivedData/meal.advisor.ios-csaldjncgoleykghtkpncaypzmvo/Build/Intermediates.noindex/swift-crypto.build/Debug-iphonesimulator/Crypto.build/Objects-normal/arm64/Crypto_const_extract_protocols.json

WriteAuxiliaryFile /Users/jans./Library/Developer/Xcode/DerivedData/meal.advisor.ios-csaldjncgoleykghtkpncaypzmvo/Build/Intermediates.noindex/swift-crypto.build/Debug-iphonesimulator/Crypto.build/Objects-normal/arm64/Crypto.SwiftFileList (in target 'Crypto' from project 'swift-crypto')
    cd /Users/jans./Library/Developer/Xcode/DerivedData/meal.advisor.ios-csaldjncgoleykghtkpncaypzmvo/SourcePackages/checkouts/swift-crypto
    write-file /Users/jans./Library/Developer/Xcode/DerivedData/meal.advisor.ios-csaldjncgoleykghtkpncaypzmvo/Build/Intermediates.noindex/swift-crypto.build/Debug-iphonesimulator/Crypto.build/Objects-normal/arm64/Crypto.SwiftFileList

WriteAuxiliaryFile /Users/jans./Library/Developer/Xcode/DerivedData/meal.advisor.ios-csaldjncgoleykghtkpncaypzmvo/Build/Intermediates.noindex/swift-crypto.build/Debug-iphonesimulator/Crypto.build/Objects-normal/arm64/Crypto.SwiftConstValuesFileList (in target 'Crypto' from project 'swift-crypto')
    cd /Users/jans./Library/Developer/Xcode/DerivedData/meal.advisor.ios-csaldjncgoleykghtkpncaypzmvo/SourcePackages/checkouts/swift-crypto
    write-file /Users/jans./Library/Developer/Xcode/DerivedData/meal.advisor.ios-csaldjncgoleykghtkpncaypzmvo/Build/Intermediates.noindex/swift-crypto.build/Debug-iphonesimulator/Crypto.build/Objects-normal/arm64/Crypto.SwiftConstValuesFileList

WriteAuxiliaryFile /Users/jans./Library/Developer/Xcode/DerivedData/meal.advisor.ios-csaldjncgoleykghtkpncaypzmvo/Build/Intermediates.noindex/swift-crypto.build/Debug-iphonesimulator/Crypto.build/Objects-normal/arm64/Crypto.LinkFileList (in target 'Crypto' from project 'swift-crypto')
    cd /Users/jans./Library/Developer/Xcode/DerivedData/meal.advisor.ios-csaldjncgoleykghtkpncaypzmvo/SourcePackages/checkouts/swift-crypto
    write-file /Users/jans./Library/Developer/Xcode/DerivedData/meal.advisor.ios-csaldjncgoleykghtkpncaypzmvo/Build/Intermediates.noindex/swift-crypto.build/Debug-iphonesimulator/Crypto.build/Objects-normal/arm64/Crypto.LinkFileList

Copy /Users/jans./Library/Developer/Xcode/DerivedData/meal.advisor.ios-csaldjncgoleykghtkpncaypzmvo/Build/Intermediates.noindex/GeneratedModuleMaps-iphonesimulator/Functions.modulemap /Users/jans./Library/Developer/Xcode/DerivedData/meal.advisor.ios-csaldjncgoleykghtkpncaypzmvo/Build/Intermediates.noindex/Supabase.build/Debug-iphonesimulator/Functions.build/Functions.modulemap (in target 'Functions' from project 'Supabase')
    cd /Users/jans./Library/Developer/Xcode/DerivedData/meal.advisor.ios-csaldjncgoleykghtkpncaypzmvo/SourcePackages/checkouts/supabase-swift
    builtin-copy -exclude .DS_Store -exclude CVS -exclude .svn -exclude .git -exclude .hg -resolve-src-symlinks /Users/jans./Library/Developer/Xcode/DerivedData/meal.advisor.ios-csaldjncgoleykghtkpncaypzmvo/Build/Intermediates.noindex/Supabase.build/Debug-iphonesimulator/Functions.build/Functions.modulemap /Users/jans./Library/Developer/Xcode/DerivedData/meal.advisor.ios-csaldjncgoleykghtkpncaypzmvo/Build/Intermediates.noindex/GeneratedModuleMaps-iphonesimulator

WriteAuxiliaryFile /Users/jans./Library/Developer/Xcode/DerivedData/meal.advisor.ios-csaldjncgoleykghtkpncaypzmvo/Build/Intermediates.noindex/swift-crypto.build/Debug-iphonesimulator/Crypto.build/Objects-normal/arm64/Crypto-OutputFileMap.json (in target 'Crypto' from project 'swift-crypto')
    cd /Users/jans./Library/Developer/Xcode/DerivedData/meal.advisor.ios-csaldjncgoleykghtkpncaypzmvo/SourcePackages/checkouts/swift-crypto
    write-file /Users/jans./Library/Developer/Xcode/DerivedData/meal.advisor.ios-csaldjncgoleykghtkpncaypzmvo/Build/Intermediates.noindex/swift-crypto.build/Debug-iphonesimulator/Crypto.build/Objects-normal/arm64/Crypto-OutputFileMap.json

WriteAuxiliaryFile /Users/jans./Library/Developer/Xcode/DerivedData/meal.advisor.ios-csaldjncgoleykghtkpncaypzmvo/Build/Intermediates.noindex/swift-crypto.build/Debug-iphonesimulator/Crypto.build/DerivedSources/resource_bundle_accessor.swift (in target 'Crypto' from project 'swift-crypto')
    cd /Users/jans./Library/Developer/Xcode/DerivedData/meal.advisor.ios-csaldjncgoleykghtkpncaypzmvo/SourcePackages/checkouts/swift-crypto
    write-file /Users/jans./Library/Developer/Xcode/DerivedData/meal.advisor.ios-csaldjncgoleykghtkpncaypzmvo/Build/Intermediates.noindex/swift-crypto.build/Debug-iphonesimulator/Crypto.build/DerivedSources/resource_bundle_accessor.swift

WriteAuxiliaryFile /Users/jans./Library/Developer/Xcode/DerivedData/meal.advisor.ios-csaldjncgoleykghtkpncaypzmvo/Build/Intermediates.noindex/swift-crypto.build/Debug-iphonesimulator/Crypto.build/Crypto.modulemap (in target 'Crypto' from project 'swift-crypto')
    cd /Users/jans./Library/Developer/Xcode/DerivedData/meal.advisor.ios-csaldjncgoleykghtkpncaypzmvo/SourcePackages/checkouts/swift-crypto
    write-file /Users/jans./Library/Developer/Xcode/DerivedData/meal.advisor.ios-csaldjncgoleykghtkpncaypzmvo/Build/Intermediates.noindex/swift-crypto.build/Debug-iphonesimulator/Crypto.build/Crypto.modulemap

WriteAuxiliaryFile /Users/jans./Library/Developer/Xcode/DerivedData/meal.advisor.ios-csaldjncgoleykghtkpncaypzmvo/Build/Intermediates.noindex/swift-crypto.build/Debug-iphonesimulator/Crypto.build/Crypto.DependencyStaticMetadataFileList (in target 'Crypto' from project 'swift-crypto')
    cd /Users/jans./Library/Developer/Xcode/DerivedData/meal.advisor.ios-csaldjncgoleykghtkpncaypzmvo/SourcePackages/checkouts/swift-crypto
    write-file /Users/jans./Library/Developer/Xcode/DerivedData/meal.advisor.ios-csaldjncgoleykghtkpncaypzmvo/Build/Intermediates.noindex/swift-crypto.build/Debug-iphonesimulator/Crypto.build/Crypto.DependencyStaticMetadataFileList

WriteAuxiliaryFile /Users/jans./Library/Developer/Xcode/DerivedData/meal.advisor.ios-csaldjncgoleykghtkpncaypzmvo/Build/Intermediates.noindex/swift-crypto.build/Debug-iphonesimulator/Crypto.build/Crypto.DependencyMetadataFileList (in target 'Crypto' from project 'swift-crypto')
    cd /Users/jans./Library/Developer/Xcode/DerivedData/meal.advisor.ios-csaldjncgoleykghtkpncaypzmvo/SourcePackages/checkouts/swift-crypto
    write-file /Users/jans./Library/Developer/Xcode/DerivedData/meal.advisor.ios-csaldjncgoleykghtkpncaypzmvo/Build/Intermediates.noindex/swift-crypto.build/Debug-iphonesimulator/Crypto.build/Crypto.DependencyMetadataFileList

WriteAuxiliaryFile /Users/jans./Library/Developer/Xcode/DerivedData/meal.advisor.ios-csaldjncgoleykghtkpncaypzmvo/Build/Intermediates.noindex/swift-concurrency-extras.build/Debug-iphonesimulator/ConcurrencyExtras.build/Objects-normal/arm64/ConcurrencyExtras_const_extract_protocols.json (in target 'ConcurrencyExtras' from project 'swift-concurrency-extras')
    cd /Users/jans./Library/Developer/Xcode/DerivedData/meal.advisor.ios-csaldjncgoleykghtkpncaypzmvo/SourcePackages/checkouts/swift-concurrency-extras
    write-file /Users/jans./Library/Developer/Xcode/DerivedData/meal.advisor.ios-csaldjncgoleykghtkpncaypzmvo/Build/Intermediates.noindex/swift-concurrency-extras.build/Debug-iphonesimulator/ConcurrencyExtras.build/Objects-normal/arm64/ConcurrencyExtras_const_extract_protocols.json

WriteAuxiliaryFile /Users/jans./Library/Developer/Xcode/DerivedData/meal.advisor.ios-csaldjncgoleykghtkpncaypzmvo/Build/Intermediates.noindex/swift-concurrency-extras.build/Debug-iphonesimulator/ConcurrencyExtras.build/Objects-normal/arm64/ConcurrencyExtras.SwiftFileList (in target 'ConcurrencyExtras' from project 'swift-concurrency-extras')
    cd /Users/jans./Library/Developer/Xcode/DerivedData/meal.advisor.ios-csaldjncgoleykghtkpncaypzmvo/SourcePackages/checkouts/swift-concurrency-extras
    write-file /Users/jans./Library/Developer/Xcode/DerivedData/meal.advisor.ios-csaldjncgoleykghtkpncaypzmvo/Build/Intermediates.noindex/swift-concurrency-extras.build/Debug-iphonesimulator/ConcurrencyExtras.build/Objects-normal/arm64/ConcurrencyExtras.SwiftFileList

WriteAuxiliaryFile /Users/jans./Library/Developer/Xcode/DerivedData/meal.advisor.ios-csaldjncgoleykghtkpncaypzmvo/Build/Intermediates.noindex/swift-concurrency-extras.build/Debug-iphonesimulator/ConcurrencyExtras.build/Objects-normal/arm64/ConcurrencyExtras.SwiftConstValuesFileList (in target 'ConcurrencyExtras' from project 'swift-concurrency-extras')
    cd /Users/jans./Library/Developer/Xcode/DerivedData/meal.advisor.ios-csaldjncgoleykghtkpncaypzmvo/SourcePackages/checkouts/swift-concurrency-extras
    write-file /Users/jans./Library/Developer/Xcode/DerivedData/meal.advisor.ios-csaldjncgoleykghtkpncaypzmvo/Build/Intermediates.noindex/swift-concurrency-extras.build/Debug-iphonesimulator/ConcurrencyExtras.build/Objects-normal/arm64/ConcurrencyExtras.SwiftConstValuesFileList

WriteAuxiliaryFile /Users/jans./Library/Developer/Xcode/DerivedData/meal.advisor.ios-csaldjncgoleykghtkpncaypzmvo/Build/Intermediates.noindex/swift-concurrency-extras.build/Debug-iphonesimulator/ConcurrencyExtras.build/Objects-normal/arm64/ConcurrencyExtras.LinkFileList (in target 'ConcurrencyExtras' from project 'swift-concurrency-extras')
    cd /Users/jans./Library/Developer/Xcode/DerivedData/meal.advisor.ios-csaldjncgoleykghtkpncaypzmvo/SourcePackages/checkouts/swift-concurrency-extras
    write-file /Users/jans./Library/Developer/Xcode/DerivedData/meal.advisor.ios-csaldjncgoleykghtkpncaypzmvo/Build/Intermediates.noindex/swift-concurrency-extras.build/Debug-iphonesimulator/ConcurrencyExtras.build/Objects-normal/arm64/ConcurrencyExtras.LinkFileList

WriteAuxiliaryFile /Users/jans./Library/Developer/Xcode/DerivedData/meal.advisor.ios-csaldjncgoleykghtkpncaypzmvo/Build/Intermediates.noindex/swift-concurrency-extras.build/Debug-iphonesimulator/ConcurrencyExtras.build/Objects-normal/arm64/ConcurrencyExtras-OutputFileMap.json (in target 'ConcurrencyExtras' from project 'swift-concurrency-extras')
    cd /Users/jans./Library/Developer/Xcode/DerivedData/meal.advisor.ios-csaldjncgoleykghtkpncaypzmvo/SourcePackages/checkouts/swift-concurrency-extras
    write-file /Users/jans./Library/Developer/Xcode/DerivedData/meal.advisor.ios-csaldjncgoleykghtkpncaypzmvo/Build/Intermediates.noindex/swift-concurrency-extras.build/Debug-iphonesimulator/ConcurrencyExtras.build/Objects-normal/arm64/ConcurrencyExtras-OutputFileMap.json

Copy /Users/jans./Library/Developer/Xcode/DerivedData/meal.advisor.ios-csaldjncgoleykghtkpncaypzmvo/Build/Intermediates.noindex/GeneratedModuleMaps-iphonesimulator/Crypto.modulemap /Users/jans./Library/Developer/Xcode/DerivedData/meal.advisor.ios-csaldjncgoleykghtkpncaypzmvo/Build/Intermediates.noindex/swift-crypto.build/Debug-iphonesimulator/Crypto.build/Crypto.modulemap (in target 'Crypto' from project 'swift-crypto')
    cd /Users/jans./Library/Developer/Xcode/DerivedData/meal.advisor.ios-csaldjncgoleykghtkpncaypzmvo/SourcePackages/checkouts/swift-crypto
    builtin-copy -exclude .DS_Store -exclude CVS -exclude .svn -exclude .git -exclude .hg -resolve-src-symlinks /Users/jans./Library/Developer/Xcode/DerivedData/meal.advisor.ios-csaldjncgoleykghtkpncaypzmvo/Build/Intermediates.noindex/swift-crypto.build/Debug-iphonesimulator/Crypto.build/Crypto.modulemap /Users/jans./Library/Developer/Xcode/DerivedData/meal.advisor.ios-csaldjncgoleykghtkpncaypzmvo/Build/Intermediates.noindex/GeneratedModuleMaps-iphonesimulator

WriteAuxiliaryFile /Users/jans./Library/Developer/Xcode/DerivedData/meal.advisor.ios-csaldjncgoleykghtkpncaypzmvo/Build/Intermediates.noindex/swift-concurrency-extras.build/Debug-iphonesimulator/ConcurrencyExtras.build/ConcurrencyExtras.modulemap (in target 'ConcurrencyExtras' from project 'swift-concurrency-extras')
    cd /Users/jans./Library/Developer/Xcode/DerivedData/meal.advisor.ios-csaldjncgoleykghtkpncaypzmvo/SourcePackages/checkouts/swift-concurrency-extras
    write-file /Users/jans./Library/Developer/Xcode/DerivedData/meal.advisor.ios-csaldjncgoleykghtkpncaypzmvo/Build/Intermediates.noindex/swift-concurrency-extras.build/Debug-iphonesimulator/ConcurrencyExtras.build/ConcurrencyExtras.modulemap

WriteAuxiliaryFile /Users/jans./Library/Developer/Xcode/DerivedData/meal.advisor.ios-csaldjncgoleykghtkpncaypzmvo/Build/Intermediates.noindex/swift-concurrency-extras.build/Debug-iphonesimulator/ConcurrencyExtras.build/ConcurrencyExtras.DependencyStaticMetadataFileList (in target 'ConcurrencyExtras' from project 'swift-concurrency-extras')
    cd /Users/jans./Library/Developer/Xcode/DerivedData/meal.advisor.ios-csaldjncgoleykghtkpncaypzmvo/SourcePackages/checkouts/swift-concurrency-extras
    write-file /Users/jans./Library/Developer/Xcode/DerivedData/meal.advisor.ios-csaldjncgoleykghtkpncaypzmvo/Build/Intermediates.noindex/swift-concurrency-extras.build/Debug-iphonesimulator/ConcurrencyExtras.build/ConcurrencyExtras.DependencyStaticMetadataFileList

WriteAuxiliaryFile /Users/jans./Library/Developer/Xcode/DerivedData/meal.advisor.ios-csaldjncgoleykghtkpncaypzmvo/Build/Intermediates.noindex/swift-concurrency-extras.build/Debug-iphonesimulator/ConcurrencyExtras.build/ConcurrencyExtras.DependencyMetadataFileList (in target 'ConcurrencyExtras' from project 'swift-concurrency-extras')
    cd /Users/jans./Library/Developer/Xcode/DerivedData/meal.advisor.ios-csaldjncgoleykghtkpncaypzmvo/SourcePackages/checkouts/swift-concurrency-extras
    write-file /Users/jans./Library/Developer/Xcode/DerivedData/meal.advisor.ios-csaldjncgoleykghtkpncaypzmvo/Build/Intermediates.noindex/swift-concurrency-extras.build/Debug-iphonesimulator/ConcurrencyExtras.build/ConcurrencyExtras.DependencyMetadataFileList

WriteAuxiliaryFile /Users/jans./Library/Developer/Xcode/DerivedData/meal.advisor.ios-csaldjncgoleykghtkpncaypzmvo/Build/Intermediates.noindex/swift-clocks.build/Debug-iphonesimulator/Clocks.build/Objects-normal/arm64/Clocks.SwiftConstValuesFileList (in target 'Clocks' from project 'swift-clocks')
    cd /Users/jans./Library/Developer/Xcode/DerivedData/meal.advisor.ios-csaldjncgoleykghtkpncaypzmvo/SourcePackages/checkouts/swift-clocks
    write-file /Users/jans./Library/Developer/Xcode/DerivedData/meal.advisor.ios-csaldjncgoleykghtkpncaypzmvo/Build/Intermediates.noindex/swift-clocks.build/Debug-iphonesimulator/Clocks.build/Objects-normal/arm64/Clocks.SwiftConstValuesFileList

WriteAuxiliaryFile /Users/jans./Library/Developer/Xcode/DerivedData/meal.advisor.ios-csaldjncgoleykghtkpncaypzmvo/Build/Intermediates.noindex/swift-clocks.build/Debug-iphonesimulator/Clocks.build/Objects-normal/arm64/Clocks_const_extract_protocols.json (in target 'Clocks' from project 'swift-clocks')
    cd /Users/jans./Library/Developer/Xcode/DerivedData/meal.advisor.ios-csaldjncgoleykghtkpncaypzmvo/SourcePackages/checkouts/swift-clocks
    write-file /Users/jans./Library/Developer/Xcode/DerivedData/meal.advisor.ios-csaldjncgoleykghtkpncaypzmvo/Build/Intermediates.noindex/swift-clocks.build/Debug-iphonesimulator/Clocks.build/Objects-normal/arm64/Clocks_const_extract_protocols.json

WriteAuxiliaryFile /Users/jans./Library/Developer/Xcode/DerivedData/meal.advisor.ios-csaldjncgoleykghtkpncaypzmvo/Build/Intermediates.noindex/swift-clocks.build/Debug-iphonesimulator/Clocks.build/Objects-normal/arm64/Clocks.SwiftFileList (in target 'Clocks' from project 'swift-clocks')
    cd /Users/jans./Library/Developer/Xcode/DerivedData/meal.advisor.ios-csaldjncgoleykghtkpncaypzmvo/SourcePackages/checkouts/swift-clocks
    write-file /Users/jans./Library/Developer/Xcode/DerivedData/meal.advisor.ios-csaldjncgoleykghtkpncaypzmvo/Build/Intermediates.noindex/swift-clocks.build/Debug-iphonesimulator/Clocks.build/Objects-normal/arm64/Clocks.SwiftFileList

WriteAuxiliaryFile /Users/jans./Library/Developer/Xcode/DerivedData/meal.advisor.ios-csaldjncgoleykghtkpncaypzmvo/Build/Intermediates.noindex/swift-clocks.build/Debug-iphonesimulator/Clocks.build/Objects-normal/arm64/Clocks.LinkFileList (in target 'Clocks' from project 'swift-clocks')
    cd /Users/jans./Library/Developer/Xcode/DerivedData/meal.advisor.ios-csaldjncgoleykghtkpncaypzmvo/SourcePackages/checkouts/swift-clocks
    write-file /Users/jans./Library/Developer/Xcode/DerivedData/meal.advisor.ios-csaldjncgoleykghtkpncaypzmvo/Build/Intermediates.noindex/swift-clocks.build/Debug-iphonesimulator/Clocks.build/Objects-normal/arm64/Clocks.LinkFileList

WriteAuxiliaryFile /Users/jans./Library/Developer/Xcode/DerivedData/meal.advisor.ios-csaldjncgoleykghtkpncaypzmvo/Build/Intermediates.noindex/swift-clocks.build/Debug-iphonesimulator/Clocks.build/Objects-normal/arm64/Clocks-OutputFileMap.json (in target 'Clocks' from project 'swift-clocks')
    cd /Users/jans./Library/Developer/Xcode/DerivedData/meal.advisor.ios-csaldjncgoleykghtkpncaypzmvo/SourcePackages/checkouts/swift-clocks
    write-file /Users/jans./Library/Developer/Xcode/DerivedData/meal.advisor.ios-csaldjncgoleykghtkpncaypzmvo/Build/Intermediates.noindex/swift-clocks.build/Debug-iphonesimulator/Clocks.build/Objects-normal/arm64/Clocks-OutputFileMap.json

WriteAuxiliaryFile /Users/jans./Library/Developer/Xcode/DerivedData/meal.advisor.ios-csaldjncgoleykghtkpncaypzmvo/Build/Intermediates.noindex/swift-clocks.build/Debug-iphonesimulator/Clocks.build/Clocks.modulemap (in target 'Clocks' from project 'swift-clocks')
    cd /Users/jans./Library/Developer/Xcode/DerivedData/meal.advisor.ios-csaldjncgoleykghtkpncaypzmvo/SourcePackages/checkouts/swift-clocks
    write-file /Users/jans./Library/Developer/Xcode/DerivedData/meal.advisor.ios-csaldjncgoleykghtkpncaypzmvo/Build/Intermediates.noindex/swift-clocks.build/Debug-iphonesimulator/Clocks.build/Clocks.modulemap

Copy /Users/jans./Library/Developer/Xcode/DerivedData/meal.advisor.ios-csaldjncgoleykghtkpncaypzmvo/Build/Intermediates.noindex/GeneratedModuleMaps-iphonesimulator/ConcurrencyExtras.modulemap /Users/jans./Library/Developer/Xcode/DerivedData/meal.advisor.ios-csaldjncgoleykghtkpncaypzmvo/Build/Intermediates.noindex/swift-concurrency-extras.build/Debug-iphonesimulator/ConcurrencyExtras.build/ConcurrencyExtras.modulemap (in target 'ConcurrencyExtras' from project 'swift-concurrency-extras')
    cd /Users/jans./Library/Developer/Xcode/DerivedData/meal.advisor.ios-csaldjncgoleykghtkpncaypzmvo/SourcePackages/checkouts/swift-concurrency-extras
    builtin-copy -exclude .DS_Store -exclude CVS -exclude .svn -exclude .git -exclude .hg -resolve-src-symlinks /Users/jans./Library/Developer/Xcode/DerivedData/meal.advisor.ios-csaldjncgoleykghtkpncaypzmvo/Build/Intermediates.noindex/swift-concurrency-extras.build/Debug-iphonesimulator/ConcurrencyExtras.build/ConcurrencyExtras.modulemap /Users/jans./Library/Developer/Xcode/DerivedData/meal.advisor.ios-csaldjncgoleykghtkpncaypzmvo/Build/Intermediates.noindex/GeneratedModuleMaps-iphonesimulator

WriteAuxiliaryFile /Users/jans./Library/Developer/Xcode/DerivedData/meal.advisor.ios-csaldjncgoleykghtkpncaypzmvo/Build/Intermediates.noindex/swift-clocks.build/Debug-iphonesimulator/Clocks.build/Clocks.DependencyStaticMetadataFileList (in target 'Clocks' from project 'swift-clocks')
    cd /Users/jans./Library/Developer/Xcode/DerivedData/meal.advisor.ios-csaldjncgoleykghtkpncaypzmvo/SourcePackages/checkouts/swift-clocks
    write-file /Users/jans./Library/Developer/Xcode/DerivedData/meal.advisor.ios-csaldjncgoleykghtkpncaypzmvo/Build/Intermediates.noindex/swift-clocks.build/Debug-iphonesimulator/Clocks.build/Clocks.DependencyStaticMetadataFileList

WriteAuxiliaryFile /Users/jans./Library/Developer/Xcode/DerivedData/meal.advisor.ios-csaldjncgoleykghtkpncaypzmvo/Build/Intermediates.noindex/swift-clocks.build/Debug-iphonesimulator/Clocks.build/Clocks.DependencyMetadataFileList (in target 'Clocks' from project 'swift-clocks')
    cd /Users/jans./Library/Developer/Xcode/DerivedData/meal.advisor.ios-csaldjncgoleykghtkpncaypzmvo/SourcePackages/checkouts/swift-clocks
    write-file /Users/jans./Library/Developer/Xcode/DerivedData/meal.advisor.ios-csaldjncgoleykghtkpncaypzmvo/Build/Intermediates.noindex/swift-clocks.build/Debug-iphonesimulator/Clocks.build/Clocks.DependencyMetadataFileList

WriteAuxiliaryFile /Users/jans./Library/Developer/Xcode/DerivedData/meal.advisor.ios-csaldjncgoleykghtkpncaypzmvo/Build/Intermediates.noindex/Supabase.build/Debug-iphonesimulator/Auth.build/Objects-normal/arm64/Auth_const_extract_protocols.json (in target 'Auth' from project 'Supabase')
    cd /Users/jans./Library/Developer/Xcode/DerivedData/meal.advisor.ios-csaldjncgoleykghtkpncaypzmvo/SourcePackages/checkouts/supabase-swift
    write-file /Users/jans./Library/Developer/Xcode/DerivedData/meal.advisor.ios-csaldjncgoleykghtkpncaypzmvo/Build/Intermediates.noindex/Supabase.build/Debug-iphonesimulator/Auth.build/Objects-normal/arm64/Auth_const_extract_protocols.json

WriteAuxiliaryFile /Users/jans./Library/Developer/Xcode/DerivedData/meal.advisor.ios-csaldjncgoleykghtkpncaypzmvo/Build/Intermediates.noindex/Supabase.build/Debug-iphonesimulator/Auth.build/Objects-normal/arm64/Auth.SwiftFileList (in target 'Auth' from project 'Supabase')
    cd /Users/jans./Library/Developer/Xcode/DerivedData/meal.advisor.ios-csaldjncgoleykghtkpncaypzmvo/SourcePackages/checkouts/supabase-swift
    write-file /Users/jans./Library/Developer/Xcode/DerivedData/meal.advisor.ios-csaldjncgoleykghtkpncaypzmvo/Build/Intermediates.noindex/Supabase.build/Debug-iphonesimulator/Auth.build/Objects-normal/arm64/Auth.SwiftFileList

WriteAuxiliaryFile /Users/jans./Library/Developer/Xcode/DerivedData/meal.advisor.ios-csaldjncgoleykghtkpncaypzmvo/Build/Intermediates.noindex/Supabase.build/Debug-iphonesimulator/Auth.build/Objects-normal/arm64/Auth.SwiftConstValuesFileList (in target 'Auth' from project 'Supabase')
    cd /Users/jans./Library/Developer/Xcode/DerivedData/meal.advisor.ios-csaldjncgoleykghtkpncaypzmvo/SourcePackages/checkouts/supabase-swift
    write-file /Users/jans./Library/Developer/Xcode/DerivedData/meal.advisor.ios-csaldjncgoleykghtkpncaypzmvo/Build/Intermediates.noindex/Supabase.build/Debug-iphonesimulator/Auth.build/Objects-normal/arm64/Auth.SwiftConstValuesFileList

WriteAuxiliaryFile /Users/jans./Library/Developer/Xcode/DerivedData/meal.advisor.ios-csaldjncgoleykghtkpncaypzmvo/Build/Intermediates.noindex/Supabase.build/Debug-iphonesimulator/Auth.build/Objects-normal/arm64/Auth.LinkFileList (in target 'Auth' from project 'Supabase')
    cd /Users/jans./Library/Developer/Xcode/DerivedData/meal.advisor.ios-csaldjncgoleykghtkpncaypzmvo/SourcePackages/checkouts/supabase-swift
    write-file /Users/jans./Library/Developer/Xcode/DerivedData/meal.advisor.ios-csaldjncgoleykghtkpncaypzmvo/Build/Intermediates.noindex/Supabase.build/Debug-iphonesimulator/Auth.build/Objects-normal/arm64/Auth.LinkFileList

Copy /Users/jans./Library/Developer/Xcode/DerivedData/meal.advisor.ios-csaldjncgoleykghtkpncaypzmvo/Build/Intermediates.noindex/GeneratedModuleMaps-iphonesimulator/Clocks.modulemap /Users/jans./Library/Developer/Xcode/DerivedData/meal.advisor.ios-csaldjncgoleykghtkpncaypzmvo/Build/Intermediates.noindex/swift-clocks.build/Debug-iphonesimulator/Clocks.build/Clocks.modulemap (in target 'Clocks' from project 'swift-clocks')
    cd /Users/jans./Library/Developer/Xcode/DerivedData/meal.advisor.ios-csaldjncgoleykghtkpncaypzmvo/SourcePackages/checkouts/swift-clocks
    builtin-copy -exclude .DS_Store -exclude CVS -exclude .svn -exclude .git -exclude .hg -resolve-src-symlinks /Users/jans./Library/Developer/Xcode/DerivedData/meal.advisor.ios-csaldjncgoleykghtkpncaypzmvo/Build/Intermediates.noindex/swift-clocks.build/Debug-iphonesimulator/Clocks.build/Clocks.modulemap /Users/jans./Library/Developer/Xcode/DerivedData/meal.advisor.ios-csaldjncgoleykghtkpncaypzmvo/Build/Intermediates.noindex/GeneratedModuleMaps-iphonesimulator

WriteAuxiliaryFile /Users/jans./Library/Developer/Xcode/DerivedData/meal.advisor.ios-csaldjncgoleykghtkpncaypzmvo/Build/Intermediates.noindex/Supabase.build/Debug-iphonesimulator/Auth.build/Objects-normal/arm64/Auth-OutputFileMap.json (in target 'Auth' from project 'Supabase')
    cd /Users/jans./Library/Developer/Xcode/DerivedData/meal.advisor.ios-csaldjncgoleykghtkpncaypzmvo/SourcePackages/checkouts/supabase-swift
    write-file /Users/jans./Library/Developer/Xcode/DerivedData/meal.advisor.ios-csaldjncgoleykghtkpncaypzmvo/Build/Intermediates.noindex/Supabase.build/Debug-iphonesimulator/Auth.build/Objects-normal/arm64/Auth-OutputFileMap.json

WriteAuxiliaryFile /Users/jans./Library/Developer/Xcode/DerivedData/meal.advisor.ios-csaldjncgoleykghtkpncaypzmvo/Build/Intermediates.noindex/Supabase.build/Debug-iphonesimulator/Auth.build/Auth.modulemap (in target 'Auth' from project 'Supabase')
    cd /Users/jans./Library/Developer/Xcode/DerivedData/meal.advisor.ios-csaldjncgoleykghtkpncaypzmvo/SourcePackages/checkouts/supabase-swift
    write-file /Users/jans./Library/Developer/Xcode/DerivedData/meal.advisor.ios-csaldjncgoleykghtkpncaypzmvo/Build/Intermediates.noindex/Supabase.build/Debug-iphonesimulator/Auth.build/Auth.modulemap

WriteAuxiliaryFile /Users/jans./Library/Developer/Xcode/DerivedData/meal.advisor.ios-csaldjncgoleykghtkpncaypzmvo/Build/Intermediates.noindex/Supabase.build/Debug-iphonesimulator/Auth.build/Auth.DependencyStaticMetadataFileList (in target 'Auth' from project 'Supabase')
    cd /Users/jans./Library/Developer/Xcode/DerivedData/meal.advisor.ios-csaldjncgoleykghtkpncaypzmvo/SourcePackages/checkouts/supabase-swift
    write-file /Users/jans./Library/Developer/Xcode/DerivedData/meal.advisor.ios-csaldjncgoleykghtkpncaypzmvo/Build/Intermediates.noindex/Supabase.build/Debug-iphonesimulator/Auth.build/Auth.DependencyStaticMetadataFileList

WriteAuxiliaryFile /Users/jans./Library/Developer/Xcode/DerivedData/meal.advisor.ios-csaldjncgoleykghtkpncaypzmvo/Build/Intermediates.noindex/Supabase.build/Debug-iphonesimulator/Auth.build/Auth.DependencyMetadataFileList (in target 'Auth' from project 'Supabase')
    cd /Users/jans./Library/Developer/Xcode/DerivedData/meal.advisor.ios-csaldjncgoleykghtkpncaypzmvo/SourcePackages/checkouts/supabase-swift
    write-file /Users/jans./Library/Developer/Xcode/DerivedData/meal.advisor.ios-csaldjncgoleykghtkpncaypzmvo/Build/Intermediates.noindex/Supabase.build/Debug-iphonesimulator/Auth.build/Auth.DependencyMetadataFileList

WriteAuxiliaryFile /Users/jans./Library/Developer/Xcode/DerivedData/meal.advisor.ios-csaldjncgoleykghtkpncaypzmvo/Build/Intermediates.noindex/AppAuth.build/Debug-iphonesimulator/AppAuth_AppAuthCore.build/AppAuth_AppAuthCore.DependencyStaticMetadataFileList (in target 'AppAuth_AppAuthCore' from project 'AppAuth')
    cd /Users/jans./Library/Developer/Xcode/DerivedData/meal.advisor.ios-csaldjncgoleykghtkpncaypzmvo/SourcePackages/checkouts/AppAuth-iOS
    write-file /Users/jans./Library/Developer/Xcode/DerivedData/meal.advisor.ios-csaldjncgoleykghtkpncaypzmvo/Build/Intermediates.noindex/AppAuth.build/Debug-iphonesimulator/AppAuth_AppAuthCore.build/AppAuth_AppAuthCore.DependencyStaticMetadataFileList

WriteAuxiliaryFile /Users/jans./Library/Developer/Xcode/DerivedData/meal.advisor.ios-csaldjncgoleykghtkpncaypzmvo/Build/Intermediates.noindex/AppAuth.build/Debug-iphonesimulator/AppAuth_AppAuthCore.build/empty-AppAuth_AppAuthCore.plist (in target 'AppAuth_AppAuthCore' from project 'AppAuth')
    cd /Users/jans./Library/Developer/Xcode/DerivedData/meal.advisor.ios-csaldjncgoleykghtkpncaypzmvo/SourcePackages/checkouts/AppAuth-iOS
    write-file /Users/jans./Library/Developer/Xcode/DerivedData/meal.advisor.ios-csaldjncgoleykghtkpncaypzmvo/Build/Intermediates.noindex/AppAuth.build/Debug-iphonesimulator/AppAuth_AppAuthCore.build/empty-AppAuth_AppAuthCore.plist

WriteAuxiliaryFile /Users/jans./Library/Developer/Xcode/DerivedData/meal.advisor.ios-csaldjncgoleykghtkpncaypzmvo/Build/Intermediates.noindex/AppAuth.build/Debug-iphonesimulator/AppAuth_AppAuthCore.build/AppAuth_AppAuthCore.DependencyMetadataFileList (in target 'AppAuth_AppAuthCore' from project 'AppAuth')
    cd /Users/jans./Library/Developer/Xcode/DerivedData/meal.advisor.ios-csaldjncgoleykghtkpncaypzmvo/SourcePackages/checkouts/AppAuth-iOS
    write-file /Users/jans./Library/Developer/Xcode/DerivedData/meal.advisor.ios-csaldjncgoleykghtkpncaypzmvo/Build/Intermediates.noindex/AppAuth.build/Debug-iphonesimulator/AppAuth_AppAuthCore.build/AppAuth_AppAuthCore.DependencyMetadataFileList

WriteAuxiliaryFile /Users/jans./Library/Developer/Xcode/DerivedData/meal.advisor.ios-csaldjncgoleykghtkpncaypzmvo/Build/Intermediates.noindex/AppAuth.build/Debug-iphonesimulator/AppAuth_AppAuth.build/empty-AppAuth_AppAuth.plist (in target 'AppAuth_AppAuth' from project 'AppAuth')
    cd /Users/jans./Library/Developer/Xcode/DerivedData/meal.advisor.ios-csaldjncgoleykghtkpncaypzmvo/SourcePackages/checkouts/AppAuth-iOS
    write-file /Users/jans./Library/Developer/Xcode/DerivedData/meal.advisor.ios-csaldjncgoleykghtkpncaypzmvo/Build/Intermediates.noindex/AppAuth.build/Debug-iphonesimulator/AppAuth_AppAuth.build/empty-AppAuth_AppAuth.plist

WriteAuxiliaryFile /Users/jans./Library/Developer/Xcode/DerivedData/meal.advisor.ios-csaldjncgoleykghtkpncaypzmvo/Build/Intermediates.noindex/AppAuth.build/Debug-iphonesimulator/AppAuth_AppAuth.build/AppAuth_AppAuth.DependencyStaticMetadataFileList (in target 'AppAuth_AppAuth' from project 'AppAuth')
    cd /Users/jans./Library/Developer/Xcode/DerivedData/meal.advisor.ios-csaldjncgoleykghtkpncaypzmvo/SourcePackages/checkouts/AppAuth-iOS
    write-file /Users/jans./Library/Developer/Xcode/DerivedData/meal.advisor.ios-csaldjncgoleykghtkpncaypzmvo/Build/Intermediates.noindex/AppAuth.build/Debug-iphonesimulator/AppAuth_AppAuth.build/AppAuth_AppAuth.DependencyStaticMetadataFileList

WriteAuxiliaryFile /Users/jans./Library/Developer/Xcode/DerivedData/meal.advisor.ios-csaldjncgoleykghtkpncaypzmvo/Build/Intermediates.noindex/AppAuth.build/Debug-iphonesimulator/AppAuth_AppAuth.build/AppAuth_AppAuth.DependencyMetadataFileList (in target 'AppAuth_AppAuth' from project 'AppAuth')
    cd /Users/jans./Library/Developer/Xcode/DerivedData/meal.advisor.ios-csaldjncgoleykghtkpncaypzmvo/SourcePackages/checkouts/AppAuth-iOS
    write-file /Users/jans./Library/Developer/Xcode/DerivedData/meal.advisor.ios-csaldjncgoleykghtkpncaypzmvo/Build/Intermediates.noindex/AppAuth.build/Debug-iphonesimulator/AppAuth_AppAuth.build/AppAuth_AppAuth.DependencyMetadataFileList

Copy /Users/jans./Library/Developer/Xcode/DerivedData/meal.advisor.ios-csaldjncgoleykghtkpncaypzmvo/Build/Intermediates.noindex/GeneratedModuleMaps-iphonesimulator/Auth.modulemap /Users/jans./Library/Developer/Xcode/DerivedData/meal.advisor.ios-csaldjncgoleykghtkpncaypzmvo/Build/Intermediates.noindex/Supabase.build/Debug-iphonesimulator/Auth.build/Auth.modulemap (in target 'Auth' from project 'Supabase')
    cd /Users/jans./Library/Developer/Xcode/DerivedData/meal.advisor.ios-csaldjncgoleykghtkpncaypzmvo/SourcePackages/checkouts/supabase-swift
    builtin-copy -exclude .DS_Store -exclude CVS -exclude .svn -exclude .git -exclude .hg -resolve-src-symlinks /Users/jans./Library/Developer/Xcode/DerivedData/meal.advisor.ios-csaldjncgoleykghtkpncaypzmvo/Build/Intermediates.noindex/Supabase.build/Debug-iphonesimulator/Auth.build/Auth.modulemap /Users/jans./Library/Developer/Xcode/DerivedData/meal.advisor.ios-csaldjncgoleykghtkpncaypzmvo/Build/Intermediates.noindex/GeneratedModuleMaps-iphonesimulator

WriteAuxiliaryFile /Users/jans./Library/Developer/Xcode/DerivedData/meal.advisor.ios-csaldjncgoleykghtkpncaypzmvo/Build/Intermediates.noindex/AppAuth.build/Debug-iphonesimulator/AppAuthCore.build/Objects-normal/arm64/e6072d4f65d7061329687fe24e3d63a7-common-args.resp (in target 'AppAuthCore' from project 'AppAuth')
    cd /Users/jans./Library/Developer/Xcode/DerivedData/meal.advisor.ios-csaldjncgoleykghtkpncaypzmvo/SourcePackages/checkouts/AppAuth-iOS
    write-file /Users/jans./Library/Developer/Xcode/DerivedData/meal.advisor.ios-csaldjncgoleykghtkpncaypzmvo/Build/Intermediates.noindex/AppAuth.build/Debug-iphonesimulator/AppAuthCore.build/Objects-normal/arm64/e6072d4f65d7061329687fe24e3d63a7-common-args.resp
-target arm64-apple-ios12.0-simulator -fobjc-arc -fmodules -gmodules '-fmodules-cache-path=/Users/jans./Library/Developer/Xcode/DerivedData/ModuleCache.noindex' '-fmodule-name=AppAuthCore' -fpascal-strings -O0 -DSWIFT_PACKAGE '-DDEBUG=1' '-DOBJC_OLD_DISPATCH_PROTOTYPES=1' -isysroot /Applications/Xcode.app/Contents/Developer/Platforms/iPhoneSimulator.platform/Developer/SDKs/iPhoneSimulator18.5.sdk -g '-fobjc-abi-version=2' -fobjc-legacy-dispatch -I/Users/jans./Library/Developer/Xcode/DerivedData/meal.advisor.ios-csaldjncgoleykghtkpncaypzmvo/Build/Products/Debug-iphonesimulator/include -I/Users/jans./Library/Developer/Xcode/DerivedData/meal.advisor.ios-csaldjncgoleykghtkpncaypzmvo/SourcePackages/checkouts/AppAuth-iOS/Sources/AppAuthCore -I/Users/jans./Library/Developer/Xcode/DerivedData/meal.advisor.ios-csaldjncgoleykghtkpncaypzmvo/Build/Intermediates.noindex/AppAuth.build/Debug-iphonesimulator/AppAuthCore.build/DerivedSources-normal/arm64 -I/Users/jans./Library/Developer/Xcode/DerivedData/meal.advisor.ios-csaldjncgoleykghtkpncaypzmvo/Build/Intermediates.noindex/AppAuth.build/Debug-iphonesimulator/AppAuthCore.build/DerivedSources/arm64 -I/Users/jans./Library/Developer/Xcode/DerivedData/meal.advisor.ios-csaldjncgoleykghtkpncaypzmvo/Build/Intermediates.noindex/AppAuth.build/Debug-iphonesimulator/AppAuthCore.build/DerivedSources -F/Users/jans./Library/Developer/Xcode/DerivedData/meal.advisor.ios-csaldjncgoleykghtkpncaypzmvo/Build/Products/Debug-iphonesimulator -iframework /Applications/Xcode.app/Contents/Developer/Platforms/iPhoneSimulator.platform/Developer/Library/Frameworks -iframework /Applications/Xcode.app/Contents/Developer/Platforms/iPhoneSimulator.platform/Developer/SDKs/iPhoneSimulator18.5.sdk/Developer/Library/Frameworks -DXcode

WriteAuxiliaryFile /Users/jans./Library/Developer/Xcode/DerivedData/meal.advisor.ios-csaldjncgoleykghtkpncaypzmvo/Build/Intermediates.noindex/AppAuth.build/Debug-iphonesimulator/AppAuthCore.build/Objects-normal/arm64/AppAuthCore.LinkFileList (in target 'AppAuthCore' from project 'AppAuth')
    cd /Users/jans./Library/Developer/Xcode/DerivedData/meal.advisor.ios-csaldjncgoleykghtkpncaypzmvo/SourcePackages/checkouts/AppAuth-iOS
    write-file /Users/jans./Library/Developer/Xcode/DerivedData/meal.advisor.ios-csaldjncgoleykghtkpncaypzmvo/Build/Intermediates.noindex/AppAuth.build/Debug-iphonesimulator/AppAuthCore.build/Objects-normal/arm64/AppAuthCore.LinkFileList

WriteAuxiliaryFile /Users/jans./Library/Developer/Xcode/DerivedData/meal.advisor.ios-csaldjncgoleykghtkpncaypzmvo/Build/Intermediates.noindex/AppAuth.build/Debug-iphonesimulator/AppAuthCore.build/DerivedSources/resource_bundle_accessor.m (in target 'AppAuthCore' from project 'AppAuth')
    cd /Users/jans./Library/Developer/Xcode/DerivedData/meal.advisor.ios-csaldjncgoleykghtkpncaypzmvo/SourcePackages/checkouts/AppAuth-iOS
    write-file /Users/jans./Library/Developer/Xcode/DerivedData/meal.advisor.ios-csaldjncgoleykghtkpncaypzmvo/Build/Intermediates.noindex/AppAuth.build/Debug-iphonesimulator/AppAuthCore.build/DerivedSources/resource_bundle_accessor.m

WriteAuxiliaryFile /Users/jans./Library/Developer/Xcode/DerivedData/meal.advisor.ios-csaldjncgoleykghtkpncaypzmvo/Build/Intermediates.noindex/AppAuth.build/Debug-iphonesimulator/AppAuthCore.build/DerivedSources/resource_bundle_accessor.h (in target 'AppAuthCore' from project 'AppAuth')
    cd /Users/jans./Library/Developer/Xcode/DerivedData/meal.advisor.ios-csaldjncgoleykghtkpncaypzmvo/SourcePackages/checkouts/AppAuth-iOS
    write-file /Users/jans./Library/Developer/Xcode/DerivedData/meal.advisor.ios-csaldjncgoleykghtkpncaypzmvo/Build/Intermediates.noindex/AppAuth.build/Debug-iphonesimulator/AppAuthCore.build/DerivedSources/resource_bundle_accessor.h

WriteAuxiliaryFile /Users/jans./Library/Developer/Xcode/DerivedData/meal.advisor.ios-csaldjncgoleykghtkpncaypzmvo/Build/Intermediates.noindex/AppAuth.build/Debug-iphonesimulator/AppAuthCore.build/AppAuthCore.modulemap (in target 'AppAuthCore' from project 'AppAuth')
    cd /Users/jans./Library/Developer/Xcode/DerivedData/meal.advisor.ios-csaldjncgoleykghtkpncaypzmvo/SourcePackages/checkouts/AppAuth-iOS
    write-file /Users/jans./Library/Developer/Xcode/DerivedData/meal.advisor.ios-csaldjncgoleykghtkpncaypzmvo/Build/Intermediates.noindex/AppAuth.build/Debug-iphonesimulator/AppAuthCore.build/AppAuthCore.modulemap

WriteAuxiliaryFile /Users/jans./Library/Developer/Xcode/DerivedData/meal.advisor.ios-csaldjncgoleykghtkpncaypzmvo/Build/Intermediates.noindex/AppAuth.build/Debug-iphonesimulator/AppAuthCore.build/AppAuthCore.DependencyStaticMetadataFileList (in target 'AppAuthCore' from project 'AppAuth')
    cd /Users/jans./Library/Developer/Xcode/DerivedData/meal.advisor.ios-csaldjncgoleykghtkpncaypzmvo/SourcePackages/checkouts/AppAuth-iOS
    write-file /Users/jans./Library/Developer/Xcode/DerivedData/meal.advisor.ios-csaldjncgoleykghtkpncaypzmvo/Build/Intermediates.noindex/AppAuth.build/Debug-iphonesimulator/AppAuthCore.build/AppAuthCore.DependencyStaticMetadataFileList

WriteAuxiliaryFile /Users/jans./Library/Developer/Xcode/DerivedData/meal.advisor.ios-csaldjncgoleykghtkpncaypzmvo/Build/Intermediates.noindex/AppAuth.build/Debug-iphonesimulator/AppAuthCore.build/AppAuthCore.DependencyMetadataFileList (in target 'AppAuthCore' from project 'AppAuth')
    cd /Users/jans./Library/Developer/Xcode/DerivedData/meal.advisor.ios-csaldjncgoleykghtkpncaypzmvo/SourcePackages/checkouts/AppAuth-iOS
    write-file /Users/jans./Library/Developer/Xcode/DerivedData/meal.advisor.ios-csaldjncgoleykghtkpncaypzmvo/Build/Intermediates.noindex/AppAuth.build/Debug-iphonesimulator/AppAuthCore.build/AppAuthCore.DependencyMetadataFileList

WriteAuxiliaryFile /Users/jans./Library/Developer/Xcode/DerivedData/meal.advisor.ios-csaldjncgoleykghtkpncaypzmvo/Build/Intermediates.noindex/AppAuth.build/Debug-iphonesimulator/AppAuth.build/Objects-normal/arm64/AppAuth.LinkFileList (in target 'AppAuth' from project 'AppAuth')
    cd /Users/jans./Library/Developer/Xcode/DerivedData/meal.advisor.ios-csaldjncgoleykghtkpncaypzmvo/SourcePackages/checkouts/AppAuth-iOS
    write-file /Users/jans./Library/Developer/Xcode/DerivedData/meal.advisor.ios-csaldjncgoleykghtkpncaypzmvo/Build/Intermediates.noindex/AppAuth.build/Debug-iphonesimulator/AppAuth.build/Objects-normal/arm64/AppAuth.LinkFileList

WriteAuxiliaryFile /Users/jans./Library/Developer/Xcode/DerivedData/meal.advisor.ios-csaldjncgoleykghtkpncaypzmvo/Build/Intermediates.noindex/AppAuth.build/Debug-iphonesimulator/AppAuth.build/Objects-normal/arm64/e6072d4f65d7061329687fe24e3d63a7-common-args.resp (in target 'AppAuth' from project 'AppAuth')
    cd /Users/jans./Library/Developer/Xcode/DerivedData/meal.advisor.ios-csaldjncgoleykghtkpncaypzmvo/SourcePackages/checkouts/AppAuth-iOS
    write-file /Users/jans./Library/Developer/Xcode/DerivedData/meal.advisor.ios-csaldjncgoleykghtkpncaypzmvo/Build/Intermediates.noindex/AppAuth.build/Debug-iphonesimulator/AppAuth.build/Objects-normal/arm64/e6072d4f65d7061329687fe24e3d63a7-common-args.resp
-target arm64-apple-ios12.0-simulator -fobjc-arc -fmodules -gmodules '-fmodules-cache-path=/Users/jans./Library/Developer/Xcode/DerivedData/ModuleCache.noindex' '-fmodule-name=AppAuth' -fpascal-strings -O0 -DSWIFT_PACKAGE '-DDEBUG=1' '-DOBJC_OLD_DISPATCH_PROTOTYPES=1' -isysroot /Applications/Xcode.app/Contents/Developer/Platforms/iPhoneSimulator.platform/Developer/SDKs/iPhoneSimulator18.5.sdk -g '-fobjc-abi-version=2' -fobjc-legacy-dispatch -I/Users/jans./Library/Developer/Xcode/DerivedData/meal.advisor.ios-csaldjncgoleykghtkpncaypzmvo/SourcePackages/checkouts/AppAuth-iOS/Sources/AppAuthCore -I/Users/jans./Library/Developer/Xcode/DerivedData/meal.advisor.ios-csaldjncgoleykghtkpncaypzmvo/Build/Products/Debug-iphonesimulator/include -I/Users/jans./Library/Developer/Xcode/DerivedData/meal.advisor.ios-csaldjncgoleykghtkpncaypzmvo/SourcePackages/checkouts/AppAuth-iOS/Sources/AppAuth -I/Users/jans./Library/Developer/Xcode/DerivedData/meal.advisor.ios-csaldjncgoleykghtkpncaypzmvo/SourcePackages/checkouts/AppAuth-iOS/Sources/AppAuth/iOS -I/Users/jans./Library/Developer/Xcode/DerivedData/meal.advisor.ios-csaldjncgoleykghtkpncaypzmvo/SourcePackages/checkouts/AppAuth-iOS/Sources/AppAuth/macOS -I/Users/jans./Library/Developer/Xcode/DerivedData/meal.advisor.ios-csaldjncgoleykghtkpncaypzmvo/SourcePackages/checkouts/AppAuth-iOS/Sources/AppAuth/macOS/LoopbackHTTPServer -I/Users/jans./Library/Developer/Xcode/DerivedData/meal.advisor.ios-csaldjncgoleykghtkpncaypzmvo/Build/Intermediates.noindex/AppAuth.build/Debug-iphonesimulator/AppAuth.build/DerivedSources-normal/arm64 -I/Users/jans./Library/Developer/Xcode/DerivedData/meal.advisor.ios-csaldjncgoleykghtkpncaypzmvo/Build/Intermediates.noindex/AppAuth.build/Debug-iphonesimulator/AppAuth.build/DerivedSources/arm64 -I/Users/jans./Library/Developer/Xcode/DerivedData/meal.advisor.ios-csaldjncgoleykghtkpncaypzmvo/Build/Intermediates.noindex/AppAuth.build/Debug-iphonesimulator/AppAuth.build/DerivedSources -F/Users/jans./Library/Developer/Xcode/DerivedData/meal.advisor.ios-csaldjncgoleykghtkpncaypzmvo/Build/Products/Debug-iphonesimulator/PackageFrameworks -F/Users/jans./Library/Developer/Xcode/DerivedData/meal.advisor.ios-csaldjncgoleykghtkpncaypzmvo/Build/Products/Debug-iphonesimulator -iframework /Applications/Xcode.app/Contents/Developer/Platforms/iPhoneSimulator.platform/Developer/Library/Frameworks -iframework /Applications/Xcode.app/Contents/Developer/Platforms/iPhoneSimulator.platform/Developer/SDKs/iPhoneSimulator18.5.sdk/Developer/Library/Frameworks '-fmodule-map-file=/Users/jans./Library/Developer/Xcode/DerivedData/meal.advisor.ios-csaldjncgoleykghtkpncaypzmvo/Build/Intermediates.noindex/GeneratedModuleMaps-iphonesimulator/AppAuthCore.modulemap' -DXcode

WriteAuxiliaryFile /Users/jans./Library/Developer/Xcode/DerivedData/meal.advisor.ios-csaldjncgoleykghtkpncaypzmvo/Build/Intermediates.noindex/AppAuth.build/Debug-iphonesimulator/AppAuth.build/DerivedSources/resource_bundle_accessor.m (in target 'AppAuth' from project 'AppAuth')
    cd /Users/jans./Library/Developer/Xcode/DerivedData/meal.advisor.ios-csaldjncgoleykghtkpncaypzmvo/SourcePackages/checkouts/AppAuth-iOS
    write-file /Users/jans./Library/Developer/Xcode/DerivedData/meal.advisor.ios-csaldjncgoleykghtkpncaypzmvo/Build/Intermediates.noindex/AppAuth.build/Debug-iphonesimulator/AppAuth.build/DerivedSources/resource_bundle_accessor.m

WriteAuxiliaryFile /Users/jans./Library/Developer/Xcode/DerivedData/meal.advisor.ios-csaldjncgoleykghtkpncaypzmvo/Build/Intermediates.noindex/AppAuth.build/Debug-iphonesimulator/AppAuth.build/DerivedSources/resource_bundle_accessor.h (in target 'AppAuth' from project 'AppAuth')
    cd /Users/jans./Library/Developer/Xcode/DerivedData/meal.advisor.ios-csaldjncgoleykghtkpncaypzmvo/SourcePackages/checkouts/AppAuth-iOS
    write-file /Users/jans./Library/Developer/Xcode/DerivedData/meal.advisor.ios-csaldjncgoleykghtkpncaypzmvo/Build/Intermediates.noindex/AppAuth.build/Debug-iphonesimulator/AppAuth.build/DerivedSources/resource_bundle_accessor.h

WriteAuxiliaryFile /Users/jans./Library/Developer/Xcode/DerivedData/meal.advisor.ios-csaldjncgoleykghtkpncaypzmvo/Build/Intermediates.noindex/AppAuth.build/Debug-iphonesimulator/AppAuth.build/AppAuth.modulemap (in target 'AppAuth' from project 'AppAuth')
    cd /Users/jans./Library/Developer/Xcode/DerivedData/meal.advisor.ios-csaldjncgoleykghtkpncaypzmvo/SourcePackages/checkouts/AppAuth-iOS
    write-file /Users/jans./Library/Developer/Xcode/DerivedData/meal.advisor.ios-csaldjncgoleykghtkpncaypzmvo/Build/Intermediates.noindex/AppAuth.build/Debug-iphonesimulator/AppAuth.build/AppAuth.modulemap

Copy /Users/jans./Library/Developer/Xcode/DerivedData/meal.advisor.ios-csaldjncgoleykghtkpncaypzmvo/Build/Intermediates.noindex/GeneratedModuleMaps-iphonesimulator/AppAuthCore.modulemap /Users/jans./Library/Developer/Xcode/DerivedData/meal.advisor.ios-csaldjncgoleykghtkpncaypzmvo/Build/Intermediates.noindex/AppAuth.build/Debug-iphonesimulator/AppAuthCore.build/AppAuthCore.modulemap (in target 'AppAuthCore' from project 'AppAuth')
    cd /Users/jans./Library/Developer/Xcode/DerivedData/meal.advisor.ios-csaldjncgoleykghtkpncaypzmvo/SourcePackages/checkouts/AppAuth-iOS
    builtin-copy -exclude .DS_Store -exclude CVS -exclude .svn -exclude .git -exclude .hg -resolve-src-symlinks /Users/jans./Library/Developer/Xcode/DerivedData/meal.advisor.ios-csaldjncgoleykghtkpncaypzmvo/Build/Intermediates.noindex/AppAuth.build/Debug-iphonesimulator/AppAuthCore.build/AppAuthCore.modulemap /Users/jans./Library/Developer/Xcode/DerivedData/meal.advisor.ios-csaldjncgoleykghtkpncaypzmvo/Build/Intermediates.noindex/GeneratedModuleMaps-iphonesimulator

WriteAuxiliaryFile /Users/jans./Library/Developer/Xcode/DerivedData/meal.advisor.ios-csaldjncgoleykghtkpncaypzmvo/Build/Intermediates.noindex/AppAuth.build/Debug-iphonesimulator/AppAuth.build/AppAuth.DependencyStaticMetadataFileList (in target 'AppAuth' from project 'AppAuth')
    cd /Users/jans./Library/Developer/Xcode/DerivedData/meal.advisor.ios-csaldjncgoleykghtkpncaypzmvo/SourcePackages/checkouts/AppAuth-iOS
    write-file /Users/jans./Library/Developer/Xcode/DerivedData/meal.advisor.ios-csaldjncgoleykghtkpncaypzmvo/Build/Intermediates.noindex/AppAuth.build/Debug-iphonesimulator/AppAuth.build/AppAuth.DependencyStaticMetadataFileList

WriteAuxiliaryFile /Users/jans./Library/Developer/Xcode/DerivedData/meal.advisor.ios-csaldjncgoleykghtkpncaypzmvo/Build/Intermediates.noindex/AppAuth.build/Debug-iphonesimulator/AppAuth.build/AppAuth.DependencyMetadataFileList (in target 'AppAuth' from project 'AppAuth')
    cd /Users/jans./Library/Developer/Xcode/DerivedData/meal.advisor.ios-csaldjncgoleykghtkpncaypzmvo/SourcePackages/checkouts/AppAuth-iOS
    write-file /Users/jans./Library/Developer/Xcode/DerivedData/meal.advisor.ios-csaldjncgoleykghtkpncaypzmvo/Build/Intermediates.noindex/AppAuth.build/Debug-iphonesimulator/AppAuth.build/AppAuth.DependencyMetadataFileList

MkDir /Users/jans./Library/Developer/Xcode/DerivedData/meal.advisor.ios-csaldjncgoleykghtkpncaypzmvo/Build/Products/Debug-iphonesimulator/swift-crypto_Crypto.bundle (in target 'swift-crypto_Crypto' from project 'swift-crypto')
    cd /Users/jans./Library/Developer/Xcode/DerivedData/meal.advisor.ios-csaldjncgoleykghtkpncaypzmvo/SourcePackages/checkouts/swift-crypto
    /bin/mkdir -p /Users/jans./Library/Developer/Xcode/DerivedData/meal.advisor.ios-csaldjncgoleykghtkpncaypzmvo/Build/Products/Debug-iphonesimulator/swift-crypto_Crypto.bundle

MkDir /Users/jans./Library/Developer/Xcode/DerivedData/meal.advisor.ios-csaldjncgoleykghtkpncaypzmvo/Build/Products/Debug-iphonesimulator/MealAdvisor.app (in target 'meal.advisor.ios' from project 'meal.advisor.ios')
    cd /Users/jans./Downloads/meal.advisor/meal.advisor.ios/meal.advisor.ios/meal.advisor.ios
    /bin/mkdir -p /Users/jans./Library/Developer/Xcode/DerivedData/meal.advisor.ios-csaldjncgoleykghtkpncaypzmvo/Build/Products/Debug-iphonesimulator/MealAdvisor.app

MkDir /Users/jans./Library/Developer/Xcode/DerivedData/meal.advisor.ios-csaldjncgoleykghtkpncaypzmvo/Build/Products/Debug-iphonesimulator/Kingfisher_Kingfisher.bundle (in target 'Kingfisher_Kingfisher' from project 'Kingfisher')
    cd /Users/jans./Library/Developer/Xcode/DerivedData/meal.advisor.ios-csaldjncgoleykghtkpncaypzmvo/SourcePackages/checkouts/Kingfisher
    /bin/mkdir -p /Users/jans./Library/Developer/Xcode/DerivedData/meal.advisor.ios-csaldjncgoleykghtkpncaypzmvo/Build/Products/Debug-iphonesimulator/Kingfisher_Kingfisher.bundle

MkDir /Users/jans./Library/Developer/Xcode/DerivedData/meal.advisor.ios-csaldjncgoleykghtkpncaypzmvo/Build/Products/Debug-iphonesimulator/GoogleSignIn_GoogleSignIn.bundle (in target 'GoogleSignIn_GoogleSignIn' from project 'GoogleSignIn')
    cd /Users/jans./Library/Developer/Xcode/DerivedData/meal.advisor.ios-csaldjncgoleykghtkpncaypzmvo/SourcePackages/checkouts/GoogleSignIn-iOS
    /bin/mkdir -p /Users/jans./Library/Developer/Xcode/DerivedData/meal.advisor.ios-csaldjncgoleykghtkpncaypzmvo/Build/Products/Debug-iphonesimulator/GoogleSignIn_GoogleSignIn.bundle

MkDir /Users/jans./Library/Developer/Xcode/DerivedData/meal.advisor.ios-csaldjncgoleykghtkpncaypzmvo/Build/Products/Debug-iphonesimulator/GTMSessionFetcher_GTMSessionFetcherCore.bundle (in target 'GTMSessionFetcher_GTMSessionFetcherCore' from project 'GTMSessionFetcher')
    cd /Users/jans./Library/Developer/Xcode/DerivedData/meal.advisor.ios-csaldjncgoleykghtkpncaypzmvo/SourcePackages/checkouts/gtm-session-fetcher
    /bin/mkdir -p /Users/jans./Library/Developer/Xcode/DerivedData/meal.advisor.ios-csaldjncgoleykghtkpncaypzmvo/Build/Products/Debug-iphonesimulator/GTMSessionFetcher_GTMSessionFetcherCore.bundle

MkDir /Users/jans./Library/Developer/Xcode/DerivedData/meal.advisor.ios-csaldjncgoleykghtkpncaypzmvo/Build/Products/Debug-iphonesimulator/GTMAppAuth_GTMAppAuth.bundle (in target 'GTMAppAuth_GTMAppAuth' from project 'GTMAppAuth')
    cd /Users/jans./Library/Developer/Xcode/DerivedData/meal.advisor.ios-csaldjncgoleykghtkpncaypzmvo/SourcePackages/checkouts/GTMAppAuth
    /bin/mkdir -p /Users/jans./Library/Developer/Xcode/DerivedData/meal.advisor.ios-csaldjncgoleykghtkpncaypzmvo/Build/Products/Debug-iphonesimulator/GTMAppAuth_GTMAppAuth.bundle

MkDir /Users/jans./Library/Developer/Xcode/DerivedData/meal.advisor.ios-csaldjncgoleykghtkpncaypzmvo/Build/Products/Debug-iphonesimulator/AppAuth_AppAuthCore.bundle (in target 'AppAuth_AppAuthCore' from project 'AppAuth')
    cd /Users/jans./Library/Developer/Xcode/DerivedData/meal.advisor.ios-csaldjncgoleykghtkpncaypzmvo/SourcePackages/checkouts/AppAuth-iOS
    /bin/mkdir -p /Users/jans./Library/Developer/Xcode/DerivedData/meal.advisor.ios-csaldjncgoleykghtkpncaypzmvo/Build/Products/Debug-iphonesimulator/AppAuth_AppAuthCore.bundle

MkDir /Users/jans./Library/Developer/Xcode/DerivedData/meal.advisor.ios-csaldjncgoleykghtkpncaypzmvo/Build/Products/Debug-iphonesimulator/AppAuth_AppAuth.bundle (in target 'AppAuth_AppAuth' from project 'AppAuth')
    cd /Users/jans./Library/Developer/Xcode/DerivedData/meal.advisor.ios-csaldjncgoleykghtkpncaypzmvo/SourcePackages/checkouts/AppAuth-iOS
    /bin/mkdir -p /Users/jans./Library/Developer/Xcode/DerivedData/meal.advisor.ios-csaldjncgoleykghtkpncaypzmvo/Build/Products/Debug-iphonesimulator/AppAuth_AppAuth.bundle

Copy /Users/jans./Library/Developer/Xcode/DerivedData/meal.advisor.ios-csaldjncgoleykghtkpncaypzmvo/Build/Intermediates.noindex/GeneratedModuleMaps-iphonesimulator/AppAuth.modulemap /Users/jans./Library/Developer/Xcode/DerivedData/meal.advisor.ios-csaldjncgoleykghtkpncaypzmvo/Build/Intermediates.noindex/AppAuth.build/Debug-iphonesimulator/AppAuth.build/AppAuth.modulemap (in target 'AppAuth' from project 'AppAuth')
    cd /Users/jans./Library/Developer/Xcode/DerivedData/meal.advisor.ios-csaldjncgoleykghtkpncaypzmvo/SourcePackages/checkouts/AppAuth-iOS
    builtin-copy -exclude .DS_Store -exclude CVS -exclude .svn -exclude .git -exclude .hg -resolve-src-symlinks /Users/jans./Library/Developer/Xcode/DerivedData/meal.advisor.ios-csaldjncgoleykghtkpncaypzmvo/Build/Intermediates.noindex/AppAuth.build/Debug-iphonesimulator/AppAuth.build/AppAuth.modulemap /Users/jans./Library/Developer/Xcode/DerivedData/meal.advisor.ios-csaldjncgoleykghtkpncaypzmvo/Build/Intermediates.noindex/GeneratedModuleMaps-iphonesimulator

CpResource /Users/jans./Library/Developer/Xcode/DerivedData/meal.advisor.ios-csaldjncgoleykghtkpncaypzmvo/Build/Products/Debug-iphonesimulator/swift-crypto_Crypto.bundle/PrivacyInfo.xcprivacy /Users/jans./Library/Developer/Xcode/DerivedData/meal.advisor.ios-csaldjncgoleykghtkpncaypzmvo/SourcePackages/checkouts/swift-crypto/Sources/Crypto/PrivacyInfo.xcprivacy (in target 'swift-crypto_Crypto' from project 'swift-crypto')
    cd /Users/jans./Library/Developer/Xcode/DerivedData/meal.advisor.ios-csaldjncgoleykghtkpncaypzmvo/SourcePackages/checkouts/swift-crypto
    builtin-copy -exclude .DS_Store -exclude CVS -exclude .svn -exclude .git -exclude .hg -resolve-src-symlinks /Users/jans./Library/Developer/Xcode/DerivedData/meal.advisor.ios-csaldjncgoleykghtkpncaypzmvo/SourcePackages/checkouts/swift-crypto/Sources/Crypto/PrivacyInfo.xcprivacy /Users/jans./Library/Developer/Xcode/DerivedData/meal.advisor.ios-csaldjncgoleykghtkpncaypzmvo/Build/Products/Debug-iphonesimulator/swift-crypto_Crypto.bundle

ProcessInfoPlistFile /Users/jans./Library/Developer/Xcode/DerivedData/meal.advisor.ios-csaldjncgoleykghtkpncaypzmvo/Build/Products/Debug-iphonesimulator/swift-crypto_Crypto.bundle/Info.plist /Users/jans./Library/Developer/Xcode/DerivedData/meal.advisor.ios-csaldjncgoleykghtkpncaypzmvo/Build/Intermediates.noindex/swift-crypto.build/Debug-iphonesimulator/swift-crypto_Crypto.build/empty-swift-crypto_Crypto.plist (in target 'swift-crypto_Crypto' from project 'swift-crypto')
    cd /Users/jans./Library/Developer/Xcode/DerivedData/meal.advisor.ios-csaldjncgoleykghtkpncaypzmvo/SourcePackages/checkouts/swift-crypto
    builtin-infoPlistUtility /Users/jans./Library/Developer/Xcode/DerivedData/meal.advisor.ios-csaldjncgoleykghtkpncaypzmvo/Build/Intermediates.noindex/swift-crypto.build/Debug-iphonesimulator/swift-crypto_Crypto.build/empty-swift-crypto_Crypto.plist -producttype com.apple.product-type.bundle -expandbuildsettings -format binary -platform iphonesimulator -o /Users/jans./Library/Developer/Xcode/DerivedData/meal.advisor.ios-csaldjncgoleykghtkpncaypzmvo/Build/Products/Debug-iphonesimulator/swift-crypto_Crypto.bundle/Info.plist

ProcessInfoPlistFile /Users/jans./Library/Developer/Xcode/DerivedData/meal.advisor.ios-csaldjncgoleykghtkpncaypzmvo/Build/Products/Debug-iphonesimulator/GoogleSignIn_GoogleSignIn.bundle/Info.plist /Users/jans./Library/Developer/Xcode/DerivedData/meal.advisor.ios-csaldjncgoleykghtkpncaypzmvo/Build/Intermediates.noindex/GoogleSignIn.build/Debug-iphonesimulator/GoogleSignIn_GoogleSignIn.build/empty-GoogleSignIn_GoogleSignIn.plist (in target 'GoogleSignIn_GoogleSignIn' from project 'GoogleSignIn')
    cd /Users/jans./Library/Developer/Xcode/DerivedData/meal.advisor.ios-csaldjncgoleykghtkpncaypzmvo/SourcePackages/checkouts/GoogleSignIn-iOS
    builtin-infoPlistUtility /Users/jans./Library/Developer/Xcode/DerivedData/meal.advisor.ios-csaldjncgoleykghtkpncaypzmvo/Build/Intermediates.noindex/GoogleSignIn.build/Debug-iphonesimulator/GoogleSignIn_GoogleSignIn.build/empty-GoogleSignIn_GoogleSignIn.plist -producttype com.apple.product-type.bundle -expandbuildsettings -format binary -platform iphonesimulator -o /Users/jans./Library/Developer/Xcode/DerivedData/meal.advisor.ios-csaldjncgoleykghtkpncaypzmvo/Build/Products/Debug-iphonesimulator/GoogleSignIn_GoogleSignIn.bundle/Info.plist

ProcessInfoPlistFile /Users/jans./Library/Developer/Xcode/DerivedData/meal.advisor.ios-csaldjncgoleykghtkpncaypzmvo/Build/Products/Debug-iphonesimulator/Kingfisher_Kingfisher.bundle/Info.plist /Users/jans./Library/Developer/Xcode/DerivedData/meal.advisor.ios-csaldjncgoleykghtkpncaypzmvo/Build/Intermediates.noindex/Kingfisher.build/Debug-iphonesimulator/Kingfisher_Kingfisher.build/empty-Kingfisher_Kingfisher.plist (in target 'Kingfisher_Kingfisher' from project 'Kingfisher')
    cd /Users/jans./Library/Developer/Xcode/DerivedData/meal.advisor.ios-csaldjncgoleykghtkpncaypzmvo/SourcePackages/checkouts/Kingfisher
    builtin-infoPlistUtility /Users/jans./Library/Developer/Xcode/DerivedData/meal.advisor.ios-csaldjncgoleykghtkpncaypzmvo/Build/Intermediates.noindex/Kingfisher.build/Debug-iphonesimulator/Kingfisher_Kingfisher.build/empty-Kingfisher_Kingfisher.plist -producttype com.apple.product-type.bundle -expandbuildsettings -format binary -platform iphonesimulator -o /Users/jans./Library/Developer/Xcode/DerivedData/meal.advisor.ios-csaldjncgoleykghtkpncaypzmvo/Build/Products/Debug-iphonesimulator/Kingfisher_Kingfisher.bundle/Info.plist

CpResource /Users/jans./Library/Developer/Xcode/DerivedData/meal.advisor.ios-csaldjncgoleykghtkpncaypzmvo/Build/Products/Debug-iphonesimulator/Kingfisher_Kingfisher.bundle/PrivacyInfo.xcprivacy /Users/jans./Library/Developer/Xcode/DerivedData/meal.advisor.ios-csaldjncgoleykghtkpncaypzmvo/SourcePackages/checkouts/Kingfisher/Sources/PrivacyInfo.xcprivacy (in target 'Kingfisher_Kingfisher' from project 'Kingfisher')
    cd /Users/jans./Library/Developer/Xcode/DerivedData/meal.advisor.ios-csaldjncgoleykghtkpncaypzmvo/SourcePackages/checkouts/Kingfisher
    builtin-copy -exclude .DS_Store -exclude CVS -exclude .svn -exclude .git -exclude .hg -resolve-src-symlinks /Users/jans./Library/Developer/Xcode/DerivedData/meal.advisor.ios-csaldjncgoleykghtkpncaypzmvo/SourcePackages/checkouts/Kingfisher/Sources/PrivacyInfo.xcprivacy /Users/jans./Library/Developer/Xcode/DerivedData/meal.advisor.ios-csaldjncgoleykghtkpncaypzmvo/Build/Products/Debug-iphonesimulator/Kingfisher_Kingfisher.bundle

CpResource /Users/jans./Library/Developer/Xcode/DerivedData/meal.advisor.ios-csaldjncgoleykghtkpncaypzmvo/Build/Products/Debug-iphonesimulator/GoogleSignIn_GoogleSignIn.bundle/zh_TW.lproj/GoogleSignIn.strings /Users/jans./Library/Developer/Xcode/DerivedData/meal.advisor.ios-csaldjncgoleykghtkpncaypzmvo/SourcePackages/checkouts/GoogleSignIn-iOS/GoogleSignIn/Sources/Strings/zh_TW.lproj/GoogleSignIn.strings (in target 'GoogleSignIn_GoogleSignIn' from project 'GoogleSignIn')
    cd /Users/jans./Library/Developer/Xcode/DerivedData/meal.advisor.ios-csaldjncgoleykghtkpncaypzmvo/SourcePackages/checkouts/GoogleSignIn-iOS
    builtin-copy -exclude .DS_Store -exclude CVS -exclude .svn -exclude .git -exclude .hg -resolve-src-symlinks /Users/jans./Library/Developer/Xcode/DerivedData/meal.advisor.ios-csaldjncgoleykghtkpncaypzmvo/SourcePackages/checkouts/GoogleSignIn-iOS/GoogleSignIn/Sources/Strings/zh_TW.lproj/GoogleSignIn.strings /Users/jans./Library/Developer/Xcode/DerivedData/meal.advisor.ios-csaldjncgoleykghtkpncaypzmvo/Build/Products/Debug-iphonesimulator/GoogleSignIn_GoogleSignIn.bundle/zh_TW.lproj

CpResource /Users/jans./Library/Developer/Xcode/DerivedData/meal.advisor.ios-csaldjncgoleykghtkpncaypzmvo/Build/Products/Debug-iphonesimulator/GoogleSignIn_GoogleSignIn.bundle/zh_CN.lproj/GoogleSignIn.strings /Users/jans./Library/Developer/Xcode/DerivedData/meal.advisor.ios-csaldjncgoleykghtkpncaypzmvo/SourcePackages/checkouts/GoogleSignIn-iOS/GoogleSignIn/Sources/Strings/zh_CN.lproj/GoogleSignIn.strings (in target 'GoogleSignIn_GoogleSignIn' from project 'GoogleSignIn')
    cd /Users/jans./Library/Developer/Xcode/DerivedData/meal.advisor.ios-csaldjncgoleykghtkpncaypzmvo/SourcePackages/checkouts/GoogleSignIn-iOS
    builtin-copy -exclude .DS_Store -exclude CVS -exclude .svn -exclude .git -exclude .hg -resolve-src-symlinks /Users/jans./Library/Developer/Xcode/DerivedData/meal.advisor.ios-csaldjncgoleykghtkpncaypzmvo/SourcePackages/checkouts/GoogleSignIn-iOS/GoogleSignIn/Sources/Strings/zh_CN.lproj/GoogleSignIn.strings /Users/jans./Library/Developer/Xcode/DerivedData/meal.advisor.ios-csaldjncgoleykghtkpncaypzmvo/Build/Products/Debug-iphonesimulator/GoogleSignIn_GoogleSignIn.bundle/zh_CN.lproj

CpResource /Users/jans./Library/Developer/Xcode/DerivedData/meal.advisor.ios-csaldjncgoleykghtkpncaypzmvo/Build/Products/Debug-iphonesimulator/GoogleSignIn_GoogleSignIn.bundle/vi.lproj/GoogleSignIn.strings /Users/jans./Library/Developer/Xcode/DerivedData/meal.advisor.ios-csaldjncgoleykghtkpncaypzmvo/SourcePackages/checkouts/GoogleSignIn-iOS/GoogleSignIn/Sources/Strings/vi.lproj/GoogleSignIn.strings (in target 'GoogleSignIn_GoogleSignIn' from project 'GoogleSignIn')
    cd /Users/jans./Library/Developer/Xcode/DerivedData/meal.advisor.ios-csaldjncgoleykghtkpncaypzmvo/SourcePackages/checkouts/GoogleSignIn-iOS
    builtin-copy -exclude .DS_Store -exclude CVS -exclude .svn -exclude .git -exclude .hg -resolve-src-symlinks /Users/jans./Library/Developer/Xcode/DerivedData/meal.advisor.ios-csaldjncgoleykghtkpncaypzmvo/SourcePackages/checkouts/GoogleSignIn-iOS/GoogleSignIn/Sources/Strings/vi.lproj/GoogleSignIn.strings /Users/jans./Library/Developer/Xcode/DerivedData/meal.advisor.ios-csaldjncgoleykghtkpncaypzmvo/Build/Products/Debug-iphonesimulator/GoogleSignIn_GoogleSignIn.bundle/vi.lproj

CpResource /Users/jans./Library/Developer/Xcode/DerivedData/meal.advisor.ios-csaldjncgoleykghtkpncaypzmvo/Build/Products/Debug-iphonesimulator/GoogleSignIn_GoogleSignIn.bundle/uk.lproj/GoogleSignIn.strings /Users/jans./Library/Developer/Xcode/DerivedData/meal.advisor.ios-csaldjncgoleykghtkpncaypzmvo/SourcePackages/checkouts/GoogleSignIn-iOS/GoogleSignIn/Sources/Strings/uk.lproj/GoogleSignIn.strings (in target 'GoogleSignIn_GoogleSignIn' from project 'GoogleSignIn')
    cd /Users/jans./Library/Developer/Xcode/DerivedData/meal.advisor.ios-csaldjncgoleykghtkpncaypzmvo/SourcePackages/checkouts/GoogleSignIn-iOS
    builtin-copy -exclude .DS_Store -exclude CVS -exclude .svn -exclude .git -exclude .hg -resolve-src-symlinks /Users/jans./Library/Developer/Xcode/DerivedData/meal.advisor.ios-csaldjncgoleykghtkpncaypzmvo/SourcePackages/checkouts/GoogleSignIn-iOS/GoogleSignIn/Sources/Strings/uk.lproj/GoogleSignIn.strings /Users/jans./Library/Developer/Xcode/DerivedData/meal.advisor.ios-csaldjncgoleykghtkpncaypzmvo/Build/Products/Debug-iphonesimulator/GoogleSignIn_GoogleSignIn.bundle/uk.lproj

CpResource /Users/jans./Library/Developer/Xcode/DerivedData/meal.advisor.ios-csaldjncgoleykghtkpncaypzmvo/Build/Products/Debug-iphonesimulator/GoogleSignIn_GoogleSignIn.bundle/tr.lproj/GoogleSignIn.strings /Users/jans./Library/Developer/Xcode/DerivedData/meal.advisor.ios-csaldjncgoleykghtkpncaypzmvo/SourcePackages/checkouts/GoogleSignIn-iOS/GoogleSignIn/Sources/Strings/tr.lproj/GoogleSignIn.strings (in target 'GoogleSignIn_GoogleSignIn' from project 'GoogleSignIn')
    cd /Users/jans./Library/Developer/Xcode/DerivedData/meal.advisor.ios-csaldjncgoleykghtkpncaypzmvo/SourcePackages/checkouts/GoogleSignIn-iOS
    builtin-copy -exclude .DS_Store -exclude CVS -exclude .svn -exclude .git -exclude .hg -resolve-src-symlinks /Users/jans./Library/Developer/Xcode/DerivedData/meal.advisor.ios-csaldjncgoleykghtkpncaypzmvo/SourcePackages/checkouts/GoogleSignIn-iOS/GoogleSignIn/Sources/Strings/tr.lproj/GoogleSignIn.strings /Users/jans./Library/Developer/Xcode/DerivedData/meal.advisor.ios-csaldjncgoleykghtkpncaypzmvo/Build/Products/Debug-iphonesimulator/GoogleSignIn_GoogleSignIn.bundle/tr.lproj

CpResource /Users/jans./Library/Developer/Xcode/DerivedData/meal.advisor.ios-csaldjncgoleykghtkpncaypzmvo/Build/Products/Debug-iphonesimulator/GoogleSignIn_GoogleSignIn.bundle/th.lproj/GoogleSignIn.strings /Users/jans./Library/Developer/Xcode/DerivedData/meal.advisor.ios-csaldjncgoleykghtkpncaypzmvo/SourcePackages/checkouts/GoogleSignIn-iOS/GoogleSignIn/Sources/Strings/th.lproj/GoogleSignIn.strings (in target 'GoogleSignIn_GoogleSignIn' from project 'GoogleSignIn')
    cd /Users/jans./Library/Developer/Xcode/DerivedData/meal.advisor.ios-csaldjncgoleykghtkpncaypzmvo/SourcePackages/checkouts/GoogleSignIn-iOS
    builtin-copy -exclude .DS_Store -exclude CVS -exclude .svn -exclude .git -exclude .hg -resolve-src-symlinks /Users/jans./Library/Developer/Xcode/DerivedData/meal.advisor.ios-csaldjncgoleykghtkpncaypzmvo/SourcePackages/checkouts/GoogleSignIn-iOS/GoogleSignIn/Sources/Strings/th.lproj/GoogleSignIn.strings /Users/jans./Library/Developer/Xcode/DerivedData/meal.advisor.ios-csaldjncgoleykghtkpncaypzmvo/Build/Products/Debug-iphonesimulator/GoogleSignIn_GoogleSignIn.bundle/th.lproj

CpResource /Users/jans./Library/Developer/Xcode/DerivedData/meal.advisor.ios-csaldjncgoleykghtkpncaypzmvo/Build/Products/Debug-iphonesimulator/GoogleSignIn_GoogleSignIn.bundle/sv.lproj/GoogleSignIn.strings /Users/jans./Library/Developer/Xcode/DerivedData/meal.advisor.ios-csaldjncgoleykghtkpncaypzmvo/SourcePackages/checkouts/GoogleSignIn-iOS/GoogleSignIn/Sources/Strings/sv.lproj/GoogleSignIn.strings (in target 'GoogleSignIn_GoogleSignIn' from project 'GoogleSignIn')
    cd /Users/jans./Library/Developer/Xcode/DerivedData/meal.advisor.ios-csaldjncgoleykghtkpncaypzmvo/SourcePackages/checkouts/GoogleSignIn-iOS
    builtin-copy -exclude .DS_Store -exclude CVS -exclude .svn -exclude .git -exclude .hg -resolve-src-symlinks /Users/jans./Library/Developer/Xcode/DerivedData/meal.advisor.ios-csaldjncgoleykghtkpncaypzmvo/SourcePackages/checkouts/GoogleSignIn-iOS/GoogleSignIn/Sources/Strings/sv.lproj/GoogleSignIn.strings /Users/jans./Library/Developer/Xcode/DerivedData/meal.advisor.ios-csaldjncgoleykghtkpncaypzmvo/Build/Products/Debug-iphonesimulator/GoogleSignIn_GoogleSignIn.bundle/sv.lproj

CpResource /Users/jans./Library/Developer/Xcode/DerivedData/meal.advisor.ios-csaldjncgoleykghtkpncaypzmvo/Build/Products/Debug-iphonesimulator/GoogleSignIn_GoogleSignIn.bundle/sk.lproj/GoogleSignIn.strings /Users/jans./Library/Developer/Xcode/DerivedData/meal.advisor.ios-csaldjncgoleykghtkpncaypzmvo/SourcePackages/checkouts/GoogleSignIn-iOS/GoogleSignIn/Sources/Strings/sk.lproj/GoogleSignIn.strings (in target 'GoogleSignIn_GoogleSignIn' from project 'GoogleSignIn')
    cd /Users/jans./Library/Developer/Xcode/DerivedData/meal.advisor.ios-csaldjncgoleykghtkpncaypzmvo/SourcePackages/checkouts/GoogleSignIn-iOS
    builtin-copy -exclude .DS_Store -exclude CVS -exclude .svn -exclude .git -exclude .hg -resolve-src-symlinks /Users/jans./Library/Developer/Xcode/DerivedData/meal.advisor.ios-csaldjncgoleykghtkpncaypzmvo/SourcePackages/checkouts/GoogleSignIn-iOS/GoogleSignIn/Sources/Strings/sk.lproj/GoogleSignIn.strings /Users/jans./Library/Developer/Xcode/DerivedData/meal.advisor.ios-csaldjncgoleykghtkpncaypzmvo/Build/Products/Debug-iphonesimulator/GoogleSignIn_GoogleSignIn.bundle/sk.lproj

CpResource /Users/jans./Library/Developer/Xcode/DerivedData/meal.advisor.ios-csaldjncgoleykghtkpncaypzmvo/Build/Products/Debug-iphonesimulator/GoogleSignIn_GoogleSignIn.bundle/ru.lproj/GoogleSignIn.strings /Users/jans./Library/Developer/Xcode/DerivedData/meal.advisor.ios-csaldjncgoleykghtkpncaypzmvo/SourcePackages/checkouts/GoogleSignIn-iOS/GoogleSignIn/Sources/Strings/ru.lproj/GoogleSignIn.strings (in target 'GoogleSignIn_GoogleSignIn' from project 'GoogleSignIn')
    cd /Users/jans./Library/Developer/Xcode/DerivedData/meal.advisor.ios-csaldjncgoleykghtkpncaypzmvo/SourcePackages/checkouts/GoogleSignIn-iOS
    builtin-copy -exclude .DS_Store -exclude CVS -exclude .svn -exclude .git -exclude .hg -resolve-src-symlinks /Users/jans./Library/Developer/Xcode/DerivedData/meal.advisor.ios-csaldjncgoleykghtkpncaypzmvo/SourcePackages/checkouts/GoogleSignIn-iOS/GoogleSignIn/Sources/Strings/ru.lproj/GoogleSignIn.strings /Users/jans./Library/Developer/Xcode/DerivedData/meal.advisor.ios-csaldjncgoleykghtkpncaypzmvo/Build/Products/Debug-iphonesimulator/GoogleSignIn_GoogleSignIn.bundle/ru.lproj

CpResource /Users/jans./Library/Developer/Xcode/DerivedData/meal.advisor.ios-csaldjncgoleykghtkpncaypzmvo/Build/Products/Debug-iphonesimulator/GoogleSignIn_GoogleSignIn.bundle/ro.lproj/GoogleSignIn.strings /Users/jans./Library/Developer/Xcode/DerivedData/meal.advisor.ios-csaldjncgoleykghtkpncaypzmvo/SourcePackages/checkouts/GoogleSignIn-iOS/GoogleSignIn/Sources/Strings/ro.lproj/GoogleSignIn.strings (in target 'GoogleSignIn_GoogleSignIn' from project 'GoogleSignIn')
    cd /Users/jans./Library/Developer/Xcode/DerivedData/meal.advisor.ios-csaldjncgoleykghtkpncaypzmvo/SourcePackages/checkouts/GoogleSignIn-iOS
    builtin-copy -exclude .DS_Store -exclude CVS -exclude .svn -exclude .git -exclude .hg -resolve-src-symlinks /Users/jans./Library/Developer/Xcode/DerivedData/meal.advisor.ios-csaldjncgoleykghtkpncaypzmvo/SourcePackages/checkouts/GoogleSignIn-iOS/GoogleSignIn/Sources/Strings/ro.lproj/GoogleSignIn.strings /Users/jans./Library/Developer/Xcode/DerivedData/meal.advisor.ios-csaldjncgoleykghtkpncaypzmvo/Build/Products/Debug-iphonesimulator/GoogleSignIn_GoogleSignIn.bundle/ro.lproj

CpResource /Users/jans./Library/Developer/Xcode/DerivedData/meal.advisor.ios-csaldjncgoleykghtkpncaypzmvo/Build/Products/Debug-iphonesimulator/GoogleSignIn_GoogleSignIn.bundle/pt_PT.lproj/GoogleSignIn.strings /Users/jans./Library/Developer/Xcode/DerivedData/meal.advisor.ios-csaldjncgoleykghtkpncaypzmvo/SourcePackages/checkouts/GoogleSignIn-iOS/GoogleSignIn/Sources/Strings/pt_PT.lproj/GoogleSignIn.strings (in target 'GoogleSignIn_GoogleSignIn' from project 'GoogleSignIn')
    cd /Users/jans./Library/Developer/Xcode/DerivedData/meal.advisor.ios-csaldjncgoleykghtkpncaypzmvo/SourcePackages/checkouts/GoogleSignIn-iOS
    builtin-copy -exclude .DS_Store -exclude CVS -exclude .svn -exclude .git -exclude .hg -resolve-src-symlinks /Users/jans./Library/Developer/Xcode/DerivedData/meal.advisor.ios-csaldjncgoleykghtkpncaypzmvo/SourcePackages/checkouts/GoogleSignIn-iOS/GoogleSignIn/Sources/Strings/pt_PT.lproj/GoogleSignIn.strings /Users/jans./Library/Developer/Xcode/DerivedData/meal.advisor.ios-csaldjncgoleykghtkpncaypzmvo/Build/Products/Debug-iphonesimulator/GoogleSignIn_GoogleSignIn.bundle/pt_PT.lproj

CpResource /Users/jans./Library/Developer/Xcode/DerivedData/meal.advisor.ios-csaldjncgoleykghtkpncaypzmvo/Build/Products/Debug-iphonesimulator/GoogleSignIn_GoogleSignIn.bundle/pt_BR.lproj/GoogleSignIn.strings /Users/jans./Library/Developer/Xcode/DerivedData/meal.advisor.ios-csaldjncgoleykghtkpncaypzmvo/SourcePackages/checkouts/GoogleSignIn-iOS/GoogleSignIn/Sources/Strings/pt_BR.lproj/GoogleSignIn.strings (in target 'GoogleSignIn_GoogleSignIn' from project 'GoogleSignIn')
    cd /Users/jans./Library/Developer/Xcode/DerivedData/meal.advisor.ios-csaldjncgoleykghtkpncaypzmvo/SourcePackages/checkouts/GoogleSignIn-iOS
    builtin-copy -exclude .DS_Store -exclude CVS -exclude .svn -exclude .git -exclude .hg -resolve-src-symlinks /Users/jans./Library/Developer/Xcode/DerivedData/meal.advisor.ios-csaldjncgoleykghtkpncaypzmvo/SourcePackages/checkouts/GoogleSignIn-iOS/GoogleSignIn/Sources/Strings/pt_BR.lproj/GoogleSignIn.strings /Users/jans./Library/Developer/Xcode/DerivedData/meal.advisor.ios-csaldjncgoleykghtkpncaypzmvo/Build/Products/Debug-iphonesimulator/GoogleSignIn_GoogleSignIn.bundle/pt_BR.lproj

CpResource /Users/jans./Library/Developer/Xcode/DerivedData/meal.advisor.ios-csaldjncgoleykghtkpncaypzmvo/Build/Products/Debug-iphonesimulator/GoogleSignIn_GoogleSignIn.bundle/pt.lproj/GoogleSignIn.strings /Users/jans./Library/Developer/Xcode/DerivedData/meal.advisor.ios-csaldjncgoleykghtkpncaypzmvo/SourcePackages/checkouts/GoogleSignIn-iOS/GoogleSignIn/Sources/Strings/pt.lproj/GoogleSignIn.strings (in target 'GoogleSignIn_GoogleSignIn' from project 'GoogleSignIn')
    cd /Users/jans./Library/Developer/Xcode/DerivedData/meal.advisor.ios-csaldjncgoleykghtkpncaypzmvo/SourcePackages/checkouts/GoogleSignIn-iOS
    builtin-copy -exclude .DS_Store -exclude CVS -exclude .svn -exclude .git -exclude .hg -resolve-src-symlinks /Users/jans./Library/Developer/Xcode/DerivedData/meal.advisor.ios-csaldjncgoleykghtkpncaypzmvo/SourcePackages/checkouts/GoogleSignIn-iOS/GoogleSignIn/Sources/Strings/pt.lproj/GoogleSignIn.strings /Users/jans./Library/Developer/Xcode/DerivedData/meal.advisor.ios-csaldjncgoleykghtkpncaypzmvo/Build/Products/Debug-iphonesimulator/GoogleSignIn_GoogleSignIn.bundle/pt.lproj

CpResource /Users/jans./Library/Developer/Xcode/DerivedData/meal.advisor.ios-csaldjncgoleykghtkpncaypzmvo/Build/Products/Debug-iphonesimulator/GoogleSignIn_GoogleSignIn.bundle/nl.lproj/GoogleSignIn.strings /Users/jans./Library/Developer/Xcode/DerivedData/meal.advisor.ios-csaldjncgoleykghtkpncaypzmvo/SourcePackages/checkouts/GoogleSignIn-iOS/GoogleSignIn/Sources/Strings/nl.lproj/GoogleSignIn.strings (in target 'GoogleSignIn_GoogleSignIn' from project 'GoogleSignIn')
    cd /Users/jans./Library/Developer/Xcode/DerivedData/meal.advisor.ios-csaldjncgoleykghtkpncaypzmvo/SourcePackages/checkouts/GoogleSignIn-iOS
    builtin-copy -exclude .DS_Store -exclude CVS -exclude .svn -exclude .git -exclude .hg -resolve-src-symlinks /Users/jans./Library/Developer/Xcode/DerivedData/meal.advisor.ios-csaldjncgoleykghtkpncaypzmvo/SourcePackages/checkouts/GoogleSignIn-iOS/GoogleSignIn/Sources/Strings/nl.lproj/GoogleSignIn.strings /Users/jans./Library/Developer/Xcode/DerivedData/meal.advisor.ios-csaldjncgoleykghtkpncaypzmvo/Build/Products/Debug-iphonesimulator/GoogleSignIn_GoogleSignIn.bundle/nl.lproj

CpResource /Users/jans./Library/Developer/Xcode/DerivedData/meal.advisor.ios-csaldjncgoleykghtkpncaypzmvo/Build/Products/Debug-iphonesimulator/GoogleSignIn_GoogleSignIn.bundle/pl.lproj/GoogleSignIn.strings /Users/jans./Library/Developer/Xcode/DerivedData/meal.advisor.ios-csaldjncgoleykghtkpncaypzmvo/SourcePackages/checkouts/GoogleSignIn-iOS/GoogleSignIn/Sources/Strings/pl.lproj/GoogleSignIn.strings (in target 'GoogleSignIn_GoogleSignIn' from project 'GoogleSignIn')
    cd /Users/jans./Library/Developer/Xcode/DerivedData/meal.advisor.ios-csaldjncgoleykghtkpncaypzmvo/SourcePackages/checkouts/GoogleSignIn-iOS
    builtin-copy -exclude .DS_Store -exclude CVS -exclude .svn -exclude .git -exclude .hg -resolve-src-symlinks /Users/jans./Library/Developer/Xcode/DerivedData/meal.advisor.ios-csaldjncgoleykghtkpncaypzmvo/SourcePackages/checkouts/GoogleSignIn-iOS/GoogleSignIn/Sources/Strings/pl.lproj/GoogleSignIn.strings /Users/jans./Library/Developer/Xcode/DerivedData/meal.advisor.ios-csaldjncgoleykghtkpncaypzmvo/Build/Products/Debug-iphonesimulator/GoogleSignIn_GoogleSignIn.bundle/pl.lproj

CpResource /Users/jans./Library/Developer/Xcode/DerivedData/meal.advisor.ios-csaldjncgoleykghtkpncaypzmvo/Build/Products/Debug-iphonesimulator/GoogleSignIn_GoogleSignIn.bundle/nb.lproj/GoogleSignIn.strings /Users/jans./Library/Developer/Xcode/DerivedData/meal.advisor.ios-csaldjncgoleykghtkpncaypzmvo/SourcePackages/checkouts/GoogleSignIn-iOS/GoogleSignIn/Sources/Strings/nb.lproj/GoogleSignIn.strings (in target 'GoogleSignIn_GoogleSignIn' from project 'GoogleSignIn')
    cd /Users/jans./Library/Developer/Xcode/DerivedData/meal.advisor.ios-csaldjncgoleykghtkpncaypzmvo/SourcePackages/checkouts/GoogleSignIn-iOS
    builtin-copy -exclude .DS_Store -exclude CVS -exclude .svn -exclude .git -exclude .hg -resolve-src-symlinks /Users/jans./Library/Developer/Xcode/DerivedData/meal.advisor.ios-csaldjncgoleykghtkpncaypzmvo/SourcePackages/checkouts/GoogleSignIn-iOS/GoogleSignIn/Sources/Strings/nb.lproj/GoogleSignIn.strings /Users/jans./Library/Developer/Xcode/DerivedData/meal.advisor.ios-csaldjncgoleykghtkpncaypzmvo/Build/Products/Debug-iphonesimulator/GoogleSignIn_GoogleSignIn.bundle/nb.lproj

CpResource /Users/jans./Library/Developer/Xcode/DerivedData/meal.advisor.ios-csaldjncgoleykghtkpncaypzmvo/Build/Products/Debug-iphonesimulator/GoogleSignIn_GoogleSignIn.bundle/ms.lproj/GoogleSignIn.strings /Users/jans./Library/Developer/Xcode/DerivedData/meal.advisor.ios-csaldjncgoleykghtkpncaypzmvo/SourcePackages/checkouts/GoogleSignIn-iOS/GoogleSignIn/Sources/Strings/ms.lproj/GoogleSignIn.strings (in target 'GoogleSignIn_GoogleSignIn' from project 'GoogleSignIn')
    cd /Users/jans./Library/Developer/Xcode/DerivedData/meal.advisor.ios-csaldjncgoleykghtkpncaypzmvo/SourcePackages/checkouts/GoogleSignIn-iOS
    builtin-copy -exclude .DS_Store -exclude CVS -exclude .svn -exclude .git -exclude .hg -resolve-src-symlinks /Users/jans./Library/Developer/Xcode/DerivedData/meal.advisor.ios-csaldjncgoleykghtkpncaypzmvo/SourcePackages/checkouts/GoogleSignIn-iOS/GoogleSignIn/Sources/Strings/ms.lproj/GoogleSignIn.strings /Users/jans./Library/Developer/Xcode/DerivedData/meal.advisor.ios-csaldjncgoleykghtkpncaypzmvo/Build/Products/Debug-iphonesimulator/GoogleSignIn_GoogleSignIn.bundle/ms.lproj

CpResource /Users/jans./Library/Developer/Xcode/DerivedData/meal.advisor.ios-csaldjncgoleykghtkpncaypzmvo/Build/Products/Debug-iphonesimulator/GoogleSignIn_GoogleSignIn.bundle/ko.lproj/GoogleSignIn.strings /Users/jans./Library/Developer/Xcode/DerivedData/meal.advisor.ios-csaldjncgoleykghtkpncaypzmvo/SourcePackages/checkouts/GoogleSignIn-iOS/GoogleSignIn/Sources/Strings/ko.lproj/GoogleSignIn.strings (in target 'GoogleSignIn_GoogleSignIn' from project 'GoogleSignIn')
    cd /Users/jans./Library/Developer/Xcode/DerivedData/meal.advisor.ios-csaldjncgoleykghtkpncaypzmvo/SourcePackages/checkouts/GoogleSignIn-iOS
    builtin-copy -exclude .DS_Store -exclude CVS -exclude .svn -exclude .git -exclude .hg -resolve-src-symlinks /Users/jans./Library/Developer/Xcode/DerivedData/meal.advisor.ios-csaldjncgoleykghtkpncaypzmvo/SourcePackages/checkouts/GoogleSignIn-iOS/GoogleSignIn/Sources/Strings/ko.lproj/GoogleSignIn.strings /Users/jans./Library/Developer/Xcode/DerivedData/meal.advisor.ios-csaldjncgoleykghtkpncaypzmvo/Build/Products/Debug-iphonesimulator/GoogleSignIn_GoogleSignIn.bundle/ko.lproj

CpResource /Users/jans./Library/Developer/Xcode/DerivedData/meal.advisor.ios-csaldjncgoleykghtkpncaypzmvo/Build/Products/Debug-iphonesimulator/GoogleSignIn_GoogleSignIn.bundle/ja.lproj/GoogleSignIn.strings /Users/jans./Library/Developer/Xcode/DerivedData/meal.advisor.ios-csaldjncgoleykghtkpncaypzmvo/SourcePackages/checkouts/GoogleSignIn-iOS/GoogleSignIn/Sources/Strings/ja.lproj/GoogleSignIn.strings (in target 'GoogleSignIn_GoogleSignIn' from project 'GoogleSignIn')
    cd /Users/jans./Library/Developer/Xcode/DerivedData/meal.advisor.ios-csaldjncgoleykghtkpncaypzmvo/SourcePackages/checkouts/GoogleSignIn-iOS
    builtin-copy -exclude .DS_Store -exclude CVS -exclude .svn -exclude .git -exclude .hg -resolve-src-symlinks /Users/jans./Library/Developer/Xcode/DerivedData/meal.advisor.ios-csaldjncgoleykghtkpncaypzmvo/SourcePackages/checkouts/GoogleSignIn-iOS/GoogleSignIn/Sources/Strings/ja.lproj/GoogleSignIn.strings /Users/jans./Library/Developer/Xcode/DerivedData/meal.advisor.ios-csaldjncgoleykghtkpncaypzmvo/Build/Products/Debug-iphonesimulator/GoogleSignIn_GoogleSignIn.bundle/ja.lproj

CpResource /Users/jans./Library/Developer/Xcode/DerivedData/meal.advisor.ios-csaldjncgoleykghtkpncaypzmvo/Build/Products/Debug-iphonesimulator/GoogleSignIn_GoogleSignIn.bundle/it.lproj/GoogleSignIn.strings /Users/jans./Library/Developer/Xcode/DerivedData/meal.advisor.ios-csaldjncgoleykghtkpncaypzmvo/SourcePackages/checkouts/GoogleSignIn-iOS/GoogleSignIn/Sources/Strings/it.lproj/GoogleSignIn.strings (in target 'GoogleSignIn_GoogleSignIn' from project 'GoogleSignIn')
    cd /Users/jans./Library/Developer/Xcode/DerivedData/meal.advisor.ios-csaldjncgoleykghtkpncaypzmvo/SourcePackages/checkouts/GoogleSignIn-iOS
    builtin-copy -exclude .DS_Store -exclude CVS -exclude .svn -exclude .git -exclude .hg -resolve-src-symlinks /Users/jans./Library/Developer/Xcode/DerivedData/meal.advisor.ios-csaldjncgoleykghtkpncaypzmvo/SourcePackages/checkouts/GoogleSignIn-iOS/GoogleSignIn/Sources/Strings/it.lproj/GoogleSignIn.strings /Users/jans./Library/Developer/Xcode/DerivedData/meal.advisor.ios-csaldjncgoleykghtkpncaypzmvo/Build/Products/Debug-iphonesimulator/GoogleSignIn_GoogleSignIn.bundle/it.lproj

CpResource /Users/jans./Library/Developer/Xcode/DerivedData/meal.advisor.ios-csaldjncgoleykghtkpncaypzmvo/Build/Products/Debug-iphonesimulator/GoogleSignIn_GoogleSignIn.bundle/id.lproj/GoogleSignIn.strings /Users/jans./Library/Developer/Xcode/DerivedData/meal.advisor.ios-csaldjncgoleykghtkpncaypzmvo/SourcePackages/checkouts/GoogleSignIn-iOS/GoogleSignIn/Sources/Strings/id.lproj/GoogleSignIn.strings (in target 'GoogleSignIn_GoogleSignIn' from project 'GoogleSignIn')
    cd /Users/jans./Library/Developer/Xcode/DerivedData/meal.advisor.ios-csaldjncgoleykghtkpncaypzmvo/SourcePackages/checkouts/GoogleSignIn-iOS
    builtin-copy -exclude .DS_Store -exclude CVS -exclude .svn -exclude .git -exclude .hg -resolve-src-symlinks /Users/jans./Library/Developer/Xcode/DerivedData/meal.advisor.ios-csaldjncgoleykghtkpncaypzmvo/SourcePackages/checkouts/GoogleSignIn-iOS/GoogleSignIn/Sources/Strings/id.lproj/GoogleSignIn.strings /Users/jans./Library/Developer/Xcode/DerivedData/meal.advisor.ios-csaldjncgoleykghtkpncaypzmvo/Build/Products/Debug-iphonesimulator/GoogleSignIn_GoogleSignIn.bundle/id.lproj

CpResource /Users/jans./Library/Developer/Xcode/DerivedData/meal.advisor.ios-csaldjncgoleykghtkpncaypzmvo/Build/Products/Debug-iphonesimulator/GoogleSignIn_GoogleSignIn.bundle/hu.lproj/GoogleSignIn.strings /Users/jans./Library/Developer/Xcode/DerivedData/meal.advisor.ios-csaldjncgoleykghtkpncaypzmvo/SourcePackages/checkouts/GoogleSignIn-iOS/GoogleSignIn/Sources/Strings/hu.lproj/GoogleSignIn.strings (in target 'GoogleSignIn_GoogleSignIn' from project 'GoogleSignIn')
    cd /Users/jans./Library/Developer/Xcode/DerivedData/meal.advisor.ios-csaldjncgoleykghtkpncaypzmvo/SourcePackages/checkouts/GoogleSignIn-iOS
    builtin-copy -exclude .DS_Store -exclude CVS -exclude .svn -exclude .git -exclude .hg -resolve-src-symlinks /Users/jans./Library/Developer/Xcode/DerivedData/meal.advisor.ios-csaldjncgoleykghtkpncaypzmvo/SourcePackages/checkouts/GoogleSignIn-iOS/GoogleSignIn/Sources/Strings/hu.lproj/GoogleSignIn.strings /Users/jans./Library/Developer/Xcode/DerivedData/meal.advisor.ios-csaldjncgoleykghtkpncaypzmvo/Build/Products/Debug-iphonesimulator/GoogleSignIn_GoogleSignIn.bundle/hu.lproj

CpResource /Users/jans./Library/Developer/Xcode/DerivedData/meal.advisor.ios-csaldjncgoleykghtkpncaypzmvo/Build/Products/Debug-iphonesimulator/GoogleSignIn_GoogleSignIn.bundle/hr.lproj/GoogleSignIn.strings /Users/jans./Library/Developer/Xcode/DerivedData/meal.advisor.ios-csaldjncgoleykghtkpncaypzmvo/SourcePackages/checkouts/GoogleSignIn-iOS/GoogleSignIn/Sources/Strings/hr.lproj/GoogleSignIn.strings (in target 'GoogleSignIn_GoogleSignIn' from project 'GoogleSignIn')
    cd /Users/jans./Library/Developer/Xcode/DerivedData/meal.advisor.ios-csaldjncgoleykghtkpncaypzmvo/SourcePackages/checkouts/GoogleSignIn-iOS
    builtin-copy -exclude .DS_Store -exclude CVS -exclude .svn -exclude .git -exclude .hg -resolve-src-symlinks /Users/jans./Library/Developer/Xcode/DerivedData/meal.advisor.ios-csaldjncgoleykghtkpncaypzmvo/SourcePackages/checkouts/GoogleSignIn-iOS/GoogleSignIn/Sources/Strings/hr.lproj/GoogleSignIn.strings /Users/jans./Library/Developer/Xcode/DerivedData/meal.advisor.ios-csaldjncgoleykghtkpncaypzmvo/Build/Products/Debug-iphonesimulator/GoogleSignIn_GoogleSignIn.bundle/hr.lproj

CpResource /Users/jans./Library/Developer/Xcode/DerivedData/meal.advisor.ios-csaldjncgoleykghtkpncaypzmvo/Build/Products/Debug-iphonesimulator/GoogleSignIn_GoogleSignIn.bundle/hi.lproj/GoogleSignIn.strings /Users/jans./Library/Developer/Xcode/DerivedData/meal.advisor.ios-csaldjncgoleykghtkpncaypzmvo/SourcePackages/checkouts/GoogleSignIn-iOS/GoogleSignIn/Sources/Strings/hi.lproj/GoogleSignIn.strings (in target 'GoogleSignIn_GoogleSignIn' from project 'GoogleSignIn')
    cd /Users/jans./Library/Developer/Xcode/DerivedData/meal.advisor.ios-csaldjncgoleykghtkpncaypzmvo/SourcePackages/checkouts/GoogleSignIn-iOS
    builtin-copy -exclude .DS_Store -exclude CVS -exclude .svn -exclude .git -exclude .hg -resolve-src-symlinks /Users/jans./Library/Developer/Xcode/DerivedData/meal.advisor.ios-csaldjncgoleykghtkpncaypzmvo/SourcePackages/checkouts/GoogleSignIn-iOS/GoogleSignIn/Sources/Strings/hi.lproj/GoogleSignIn.strings /Users/jans./Library/Developer/Xcode/DerivedData/meal.advisor.ios-csaldjncgoleykghtkpncaypzmvo/Build/Products/Debug-iphonesimulator/GoogleSignIn_GoogleSignIn.bundle/hi.lproj

CpResource /Users/jans./Library/Developer/Xcode/DerivedData/meal.advisor.ios-csaldjncgoleykghtkpncaypzmvo/Build/Products/Debug-iphonesimulator/GoogleSignIn_GoogleSignIn.bundle/he.lproj/GoogleSignIn.strings /Users/jans./Library/Developer/Xcode/DerivedData/meal.advisor.ios-csaldjncgoleykghtkpncaypzmvo/SourcePackages/checkouts/GoogleSignIn-iOS/GoogleSignIn/Sources/Strings/he.lproj/GoogleSignIn.strings (in target 'GoogleSignIn_GoogleSignIn' from project 'GoogleSignIn')
    cd /Users/jans./Library/Developer/Xcode/DerivedData/meal.advisor.ios-csaldjncgoleykghtkpncaypzmvo/SourcePackages/checkouts/GoogleSignIn-iOS
    builtin-copy -exclude .DS_Store -exclude CVS -exclude .svn -exclude .git -exclude .hg -resolve-src-symlinks /Users/jans./Library/Developer/Xcode/DerivedData/meal.advisor.ios-csaldjncgoleykghtkpncaypzmvo/SourcePackages/checkouts/GoogleSignIn-iOS/GoogleSignIn/Sources/Strings/he.lproj/GoogleSignIn.strings /Users/jans./Library/Developer/Xcode/DerivedData/meal.advisor.ios-csaldjncgoleykghtkpncaypzmvo/Build/Products/Debug-iphonesimulator/GoogleSignIn_GoogleSignIn.bundle/he.lproj

CpResource /Users/jans./Library/Developer/Xcode/DerivedData/meal.advisor.ios-csaldjncgoleykghtkpncaypzmvo/Build/Products/Debug-iphonesimulator/GoogleSignIn_GoogleSignIn.bundle/google@3x.png /Users/jans./Library/Developer/Xcode/DerivedData/meal.advisor.ios-csaldjncgoleykghtkpncaypzmvo/SourcePackages/checkouts/GoogleSignIn-iOS/GoogleSignIn/Sources/Resources/google@3x.png (in target 'GoogleSignIn_GoogleSignIn' from project 'GoogleSignIn')
    cd /Users/jans./Library/Developer/Xcode/DerivedData/meal.advisor.ios-csaldjncgoleykghtkpncaypzmvo/SourcePackages/checkouts/GoogleSignIn-iOS
    builtin-copy -exclude .DS_Store -exclude CVS -exclude .svn -exclude .git -exclude .hg -resolve-src-symlinks /Users/jans./Library/Developer/Xcode/DerivedData/meal.advisor.ios-csaldjncgoleykghtkpncaypzmvo/SourcePackages/checkouts/GoogleSignIn-iOS/GoogleSignIn/Sources/Resources/google@3x.png /Users/jans./Library/Developer/Xcode/DerivedData/meal.advisor.ios-csaldjncgoleykghtkpncaypzmvo/Build/Products/Debug-iphonesimulator/GoogleSignIn_GoogleSignIn.bundle

CpResource /Users/jans./Library/Developer/Xcode/DerivedData/meal.advisor.ios-csaldjncgoleykghtkpncaypzmvo/Build/Products/Debug-iphonesimulator/GoogleSignIn_GoogleSignIn.bundle/google@2x.png /Users/jans./Library/Developer/Xcode/DerivedData/meal.advisor.ios-csaldjncgoleykghtkpncaypzmvo/SourcePackages/checkouts/GoogleSignIn-iOS/GoogleSignIn/Sources/Resources/google@2x.png (in target 'GoogleSignIn_GoogleSignIn' from project 'GoogleSignIn')
    cd /Users/jans./Library/Developer/Xcode/DerivedData/meal.advisor.ios-csaldjncgoleykghtkpncaypzmvo/SourcePackages/checkouts/GoogleSignIn-iOS
    builtin-copy -exclude .DS_Store -exclude CVS -exclude .svn -exclude .git -exclude .hg -resolve-src-symlinks /Users/jans./Library/Developer/Xcode/DerivedData/meal.advisor.ios-csaldjncgoleykghtkpncaypzmvo/SourcePackages/checkouts/GoogleSignIn-iOS/GoogleSignIn/Sources/Resources/google@2x.png /Users/jans./Library/Developer/Xcode/DerivedData/meal.advisor.ios-csaldjncgoleykghtkpncaypzmvo/Build/Products/Debug-iphonesimulator/GoogleSignIn_GoogleSignIn.bundle

CpResource /Users/jans./Library/Developer/Xcode/DerivedData/meal.advisor.ios-csaldjncgoleykghtkpncaypzmvo/Build/Products/Debug-iphonesimulator/GoogleSignIn_GoogleSignIn.bundle/google.png /Users/jans./Library/Developer/Xcode/DerivedData/meal.advisor.ios-csaldjncgoleykghtkpncaypzmvo/SourcePackages/checkouts/GoogleSignIn-iOS/GoogleSignIn/Sources/Resources/google.png (in target 'GoogleSignIn_GoogleSignIn' from project 'GoogleSignIn')
    cd /Users/jans./Library/Developer/Xcode/DerivedData/meal.advisor.ios-csaldjncgoleykghtkpncaypzmvo/SourcePackages/checkouts/GoogleSignIn-iOS
    builtin-copy -exclude .DS_Store -exclude CVS -exclude .svn -exclude .git -exclude .hg -resolve-src-symlinks /Users/jans./Library/Developer/Xcode/DerivedData/meal.advisor.ios-csaldjncgoleykghtkpncaypzmvo/SourcePackages/checkouts/GoogleSignIn-iOS/GoogleSignIn/Sources/Resources/google.png /Users/jans./Library/Developer/Xcode/DerivedData/meal.advisor.ios-csaldjncgoleykghtkpncaypzmvo/Build/Products/Debug-iphonesimulator/GoogleSignIn_GoogleSignIn.bundle

CpResource /Users/jans./Library/Developer/Xcode/DerivedData/meal.advisor.ios-csaldjncgoleykghtkpncaypzmvo/Build/Products/Debug-iphonesimulator/GoogleSignIn_GoogleSignIn.bundle/fr_CA.lproj/GoogleSignIn.strings /Users/jans./Library/Developer/Xcode/DerivedData/meal.advisor.ios-csaldjncgoleykghtkpncaypzmvo/SourcePackages/checkouts/GoogleSignIn-iOS/GoogleSignIn/Sources/Strings/fr_CA.lproj/GoogleSignIn.strings (in target 'GoogleSignIn_GoogleSignIn' from project 'GoogleSignIn')
    cd /Users/jans./Library/Developer/Xcode/DerivedData/meal.advisor.ios-csaldjncgoleykghtkpncaypzmvo/SourcePackages/checkouts/GoogleSignIn-iOS
    builtin-copy -exclude .DS_Store -exclude CVS -exclude .svn -exclude .git -exclude .hg -resolve-src-symlinks /Users/jans./Library/Developer/Xcode/DerivedData/meal.advisor.ios-csaldjncgoleykghtkpncaypzmvo/SourcePackages/checkouts/GoogleSignIn-iOS/GoogleSignIn/Sources/Strings/fr_CA.lproj/GoogleSignIn.strings /Users/jans./Library/Developer/Xcode/DerivedData/meal.advisor.ios-csaldjncgoleykghtkpncaypzmvo/Build/Products/Debug-iphonesimulator/GoogleSignIn_GoogleSignIn.bundle/fr_CA.lproj

CpResource /Users/jans./Library/Developer/Xcode/DerivedData/meal.advisor.ios-csaldjncgoleykghtkpncaypzmvo/Build/Products/Debug-iphonesimulator/GoogleSignIn_GoogleSignIn.bundle/fr.lproj/GoogleSignIn.strings /Users/jans./Library/Developer/Xcode/DerivedData/meal.advisor.ios-csaldjncgoleykghtkpncaypzmvo/SourcePackages/checkouts/GoogleSignIn-iOS/GoogleSignIn/Sources/Strings/fr.lproj/GoogleSignIn.strings (in target 'GoogleSignIn_GoogleSignIn' from project 'GoogleSignIn')
    cd /Users/jans./Library/Developer/Xcode/DerivedData/meal.advisor.ios-csaldjncgoleykghtkpncaypzmvo/SourcePackages/checkouts/GoogleSignIn-iOS
    builtin-copy -exclude .DS_Store -exclude CVS -exclude .svn -exclude .git -exclude .hg -resolve-src-symlinks /Users/jans./Library/Developer/Xcode/DerivedData/meal.advisor.ios-csaldjncgoleykghtkpncaypzmvo/SourcePackages/checkouts/GoogleSignIn-iOS/GoogleSignIn/Sources/Strings/fr.lproj/GoogleSignIn.strings /Users/jans./Library/Developer/Xcode/DerivedData/meal.advisor.ios-csaldjncgoleykghtkpncaypzmvo/Build/Products/Debug-iphonesimulator/GoogleSignIn_GoogleSignIn.bundle/fr.lproj

CpResource /Users/jans./Library/Developer/Xcode/DerivedData/meal.advisor.ios-csaldjncgoleykghtkpncaypzmvo/Build/Products/Debug-iphonesimulator/GoogleSignIn_GoogleSignIn.bundle/fi.lproj/GoogleSignIn.strings /Users/jans./Library/Developer/Xcode/DerivedData/meal.advisor.ios-csaldjncgoleykghtkpncaypzmvo/SourcePackages/checkouts/GoogleSignIn-iOS/GoogleSignIn/Sources/Strings/fi.lproj/GoogleSignIn.strings (in target 'GoogleSignIn_GoogleSignIn' from project 'GoogleSignIn')
    cd /Users/jans./Library/Developer/Xcode/DerivedData/meal.advisor.ios-csaldjncgoleykghtkpncaypzmvo/SourcePackages/checkouts/GoogleSignIn-iOS
    builtin-copy -exclude .DS_Store -exclude CVS -exclude .svn -exclude .git -exclude .hg -resolve-src-symlinks /Users/jans./Library/Developer/Xcode/DerivedData/meal.advisor.ios-csaldjncgoleykghtkpncaypzmvo/SourcePackages/checkouts/GoogleSignIn-iOS/GoogleSignIn/Sources/Strings/fi.lproj/GoogleSignIn.strings /Users/jans./Library/Developer/Xcode/DerivedData/meal.advisor.ios-csaldjncgoleykghtkpncaypzmvo/Build/Products/Debug-iphonesimulator/GoogleSignIn_GoogleSignIn.bundle/fi.lproj

CpResource /Users/jans./Library/Developer/Xcode/DerivedData/meal.advisor.ios-csaldjncgoleykghtkpncaypzmvo/Build/Products/Debug-iphonesimulator/GoogleSignIn_GoogleSignIn.bundle/es_MX.lproj/GoogleSignIn.strings /Users/jans./Library/Developer/Xcode/DerivedData/meal.advisor.ios-csaldjncgoleykghtkpncaypzmvo/SourcePackages/checkouts/GoogleSignIn-iOS/GoogleSignIn/Sources/Strings/es_MX.lproj/GoogleSignIn.strings (in target 'GoogleSignIn_GoogleSignIn' from project 'GoogleSignIn')
    cd /Users/jans./Library/Developer/Xcode/DerivedData/meal.advisor.ios-csaldjncgoleykghtkpncaypzmvo/SourcePackages/checkouts/GoogleSignIn-iOS
    builtin-copy -exclude .DS_Store -exclude CVS -exclude .svn -exclude .git -exclude .hg -resolve-src-symlinks /Users/jans./Library/Developer/Xcode/DerivedData/meal.advisor.ios-csaldjncgoleykghtkpncaypzmvo/SourcePackages/checkouts/GoogleSignIn-iOS/GoogleSignIn/Sources/Strings/es_MX.lproj/GoogleSignIn.strings /Users/jans./Library/Developer/Xcode/DerivedData/meal.advisor.ios-csaldjncgoleykghtkpncaypzmvo/Build/Products/Debug-iphonesimulator/GoogleSignIn_GoogleSignIn.bundle/es_MX.lproj

CpResource /Users/jans./Library/Developer/Xcode/DerivedData/meal.advisor.ios-csaldjncgoleykghtkpncaypzmvo/Build/Products/Debug-iphonesimulator/GoogleSignIn_GoogleSignIn.bundle/es.lproj/GoogleSignIn.strings /Users/jans./Library/Developer/Xcode/DerivedData/meal.advisor.ios-csaldjncgoleykghtkpncaypzmvo/SourcePackages/checkouts/GoogleSignIn-iOS/GoogleSignIn/Sources/Strings/es.lproj/GoogleSignIn.strings (in target 'GoogleSignIn_GoogleSignIn' from project 'GoogleSignIn')
    cd /Users/jans./Library/Developer/Xcode/DerivedData/meal.advisor.ios-csaldjncgoleykghtkpncaypzmvo/SourcePackages/checkouts/GoogleSignIn-iOS
    builtin-copy -exclude .DS_Store -exclude CVS -exclude .svn -exclude .git -exclude .hg -resolve-src-symlinks /Users/jans./Library/Developer/Xcode/DerivedData/meal.advisor.ios-csaldjncgoleykghtkpncaypzmvo/SourcePackages/checkouts/GoogleSignIn-iOS/GoogleSignIn/Sources/Strings/es.lproj/GoogleSignIn.strings /Users/jans./Library/Developer/Xcode/DerivedData/meal.advisor.ios-csaldjncgoleykghtkpncaypzmvo/Build/Products/Debug-iphonesimulator/GoogleSignIn_GoogleSignIn.bundle/es.lproj

CpResource /Users/jans./Library/Developer/Xcode/DerivedData/meal.advisor.ios-csaldjncgoleykghtkpncaypzmvo/Build/Products/Debug-iphonesimulator/GoogleSignIn_GoogleSignIn.bundle/en_GB.lproj/GoogleSignIn.strings /Users/jans./Library/Developer/Xcode/DerivedData/meal.advisor.ios-csaldjncgoleykghtkpncaypzmvo/SourcePackages/checkouts/GoogleSignIn-iOS/GoogleSignIn/Sources/Strings/en_GB.lproj/GoogleSignIn.strings (in target 'GoogleSignIn_GoogleSignIn' from project 'GoogleSignIn')
    cd /Users/jans./Library/Developer/Xcode/DerivedData/meal.advisor.ios-csaldjncgoleykghtkpncaypzmvo/SourcePackages/checkouts/GoogleSignIn-iOS
    builtin-copy -exclude .DS_Store -exclude CVS -exclude .svn -exclude .git -exclude .hg -resolve-src-symlinks /Users/jans./Library/Developer/Xcode/DerivedData/meal.advisor.ios-csaldjncgoleykghtkpncaypzmvo/SourcePackages/checkouts/GoogleSignIn-iOS/GoogleSignIn/Sources/Strings/en_GB.lproj/GoogleSignIn.strings /Users/jans./Library/Developer/Xcode/DerivedData/meal.advisor.ios-csaldjncgoleykghtkpncaypzmvo/Build/Products/Debug-iphonesimulator/GoogleSignIn_GoogleSignIn.bundle/en_GB.lproj

CpResource /Users/jans./Library/Developer/Xcode/DerivedData/meal.advisor.ios-csaldjncgoleykghtkpncaypzmvo/Build/Products/Debug-iphonesimulator/GoogleSignIn_GoogleSignIn.bundle/en.lproj/GoogleSignIn.strings /Users/jans./Library/Developer/Xcode/DerivedData/meal.advisor.ios-csaldjncgoleykghtkpncaypzmvo/SourcePackages/checkouts/GoogleSignIn-iOS/GoogleSignIn/Sources/Strings/en.lproj/GoogleSignIn.strings (in target 'GoogleSignIn_GoogleSignIn' from project 'GoogleSignIn')
    cd /Users/jans./Library/Developer/Xcode/DerivedData/meal.advisor.ios-csaldjncgoleykghtkpncaypzmvo/SourcePackages/checkouts/GoogleSignIn-iOS
    builtin-copy -exclude .DS_Store -exclude CVS -exclude .svn -exclude .git -exclude .hg -resolve-src-symlinks /Users/jans./Library/Developer/Xcode/DerivedData/meal.advisor.ios-csaldjncgoleykghtkpncaypzmvo/SourcePackages/checkouts/GoogleSignIn-iOS/GoogleSignIn/Sources/Strings/en.lproj/GoogleSignIn.strings /Users/jans./Library/Developer/Xcode/DerivedData/meal.advisor.ios-csaldjncgoleykghtkpncaypzmvo/Build/Products/Debug-iphonesimulator/GoogleSignIn_GoogleSignIn.bundle/en.lproj

CpResource /Users/jans./Library/Developer/Xcode/DerivedData/meal.advisor.ios-csaldjncgoleykghtkpncaypzmvo/Build/Products/Debug-iphonesimulator/GoogleSignIn_GoogleSignIn.bundle/el.lproj/GoogleSignIn.strings /Users/jans./Library/Developer/Xcode/DerivedData/meal.advisor.ios-csaldjncgoleykghtkpncaypzmvo/SourcePackages/checkouts/GoogleSignIn-iOS/GoogleSignIn/Sources/Strings/el.lproj/GoogleSignIn.strings (in target 'GoogleSignIn_GoogleSignIn' from project 'GoogleSignIn')
    cd /Users/jans./Library/Developer/Xcode/DerivedData/meal.advisor.ios-csaldjncgoleykghtkpncaypzmvo/SourcePackages/checkouts/GoogleSignIn-iOS
    builtin-copy -exclude .DS_Store -exclude CVS -exclude .svn -exclude .git -exclude .hg -resolve-src-symlinks /Users/jans./Library/Developer/Xcode/DerivedData/meal.advisor.ios-csaldjncgoleykghtkpncaypzmvo/SourcePackages/checkouts/GoogleSignIn-iOS/GoogleSignIn/Sources/Strings/el.lproj/GoogleSignIn.strings /Users/jans./Library/Developer/Xcode/DerivedData/meal.advisor.ios-csaldjncgoleykghtkpncaypzmvo/Build/Products/Debug-iphonesimulator/GoogleSignIn_GoogleSignIn.bundle/el.lproj

CpResource /Users/jans./Library/Developer/Xcode/DerivedData/meal.advisor.ios-csaldjncgoleykghtkpncaypzmvo/Build/Products/Debug-iphonesimulator/GoogleSignIn_GoogleSignIn.bundle/de.lproj/GoogleSignIn.strings /Users/jans./Library/Developer/Xcode/DerivedData/meal.advisor.ios-csaldjncgoleykghtkpncaypzmvo/SourcePackages/checkouts/GoogleSignIn-iOS/GoogleSignIn/Sources/Strings/de.lproj/GoogleSignIn.strings (in target 'GoogleSignIn_GoogleSignIn' from project 'GoogleSignIn')
    cd /Users/jans./Library/Developer/Xcode/DerivedData/meal.advisor.ios-csaldjncgoleykghtkpncaypzmvo/SourcePackages/checkouts/GoogleSignIn-iOS
    builtin-copy -exclude .DS_Store -exclude CVS -exclude .svn -exclude .git -exclude .hg -resolve-src-symlinks /Users/jans./Library/Developer/Xcode/DerivedData/meal.advisor.ios-csaldjncgoleykghtkpncaypzmvo/SourcePackages/checkouts/GoogleSignIn-iOS/GoogleSignIn/Sources/Strings/de.lproj/GoogleSignIn.strings /Users/jans./Library/Developer/Xcode/DerivedData/meal.advisor.ios-csaldjncgoleykghtkpncaypzmvo/Build/Products/Debug-iphonesimulator/GoogleSignIn_GoogleSignIn.bundle/de.lproj

CpResource /Users/jans./Library/Developer/Xcode/DerivedData/meal.advisor.ios-csaldjncgoleykghtkpncaypzmvo/Build/Products/Debug-iphonesimulator/GoogleSignIn_GoogleSignIn.bundle/da.lproj/GoogleSignIn.strings /Users/jans./Library/Developer/Xcode/DerivedData/meal.advisor.ios-csaldjncgoleykghtkpncaypzmvo/SourcePackages/checkouts/GoogleSignIn-iOS/GoogleSignIn/Sources/Strings/da.lproj/GoogleSignIn.strings (in target 'GoogleSignIn_GoogleSignIn' from project 'GoogleSignIn')
    cd /Users/jans./Library/Developer/Xcode/DerivedData/meal.advisor.ios-csaldjncgoleykghtkpncaypzmvo/SourcePackages/checkouts/GoogleSignIn-iOS
    builtin-copy -exclude .DS_Store -exclude CVS -exclude .svn -exclude .git -exclude .hg -resolve-src-symlinks /Users/jans./Library/Developer/Xcode/DerivedData/meal.advisor.ios-csaldjncgoleykghtkpncaypzmvo/SourcePackages/checkouts/GoogleSignIn-iOS/GoogleSignIn/Sources/Strings/da.lproj/GoogleSignIn.strings /Users/jans./Library/Developer/Xcode/DerivedData/meal.advisor.ios-csaldjncgoleykghtkpncaypzmvo/Build/Products/Debug-iphonesimulator/GoogleSignIn_GoogleSignIn.bundle/da.lproj

CpResource /Users/jans./Library/Developer/Xcode/DerivedData/meal.advisor.ios-csaldjncgoleykghtkpncaypzmvo/Build/Products/Debug-iphonesimulator/GoogleSignIn_GoogleSignIn.bundle/cs.lproj/GoogleSignIn.strings /Users/jans./Library/Developer/Xcode/DerivedData/meal.advisor.ios-csaldjncgoleykghtkpncaypzmvo/SourcePackages/checkouts/GoogleSignIn-iOS/GoogleSignIn/Sources/Strings/cs.lproj/GoogleSignIn.strings (in target 'GoogleSignIn_GoogleSignIn' from project 'GoogleSignIn')
    cd /Users/jans./Library/Developer/Xcode/DerivedData/meal.advisor.ios-csaldjncgoleykghtkpncaypzmvo/SourcePackages/checkouts/GoogleSignIn-iOS
    builtin-copy -exclude .DS_Store -exclude CVS -exclude .svn -exclude .git -exclude .hg -resolve-src-symlinks /Users/jans./Library/Developer/Xcode/DerivedData/meal.advisor.ios-csaldjncgoleykghtkpncaypzmvo/SourcePackages/checkouts/GoogleSignIn-iOS/GoogleSignIn/Sources/Strings/cs.lproj/GoogleSignIn.strings /Users/jans./Library/Developer/Xcode/DerivedData/meal.advisor.ios-csaldjncgoleykghtkpncaypzmvo/Build/Products/Debug-iphonesimulator/GoogleSignIn_GoogleSignIn.bundle/cs.lproj

CpResource /Users/jans./Library/Developer/Xcode/DerivedData/meal.advisor.ios-csaldjncgoleykghtkpncaypzmvo/Build/Products/Debug-iphonesimulator/GoogleSignIn_GoogleSignIn.bundle/ca.lproj/GoogleSignIn.strings /Users/jans./Library/Developer/Xcode/DerivedData/meal.advisor.ios-csaldjncgoleykghtkpncaypzmvo/SourcePackages/checkouts/GoogleSignIn-iOS/GoogleSignIn/Sources/Strings/ca.lproj/GoogleSignIn.strings (in target 'GoogleSignIn_GoogleSignIn' from project 'GoogleSignIn')
    cd /Users/jans./Library/Developer/Xcode/DerivedData/meal.advisor.ios-csaldjncgoleykghtkpncaypzmvo/SourcePackages/checkouts/GoogleSignIn-iOS
    builtin-copy -exclude .DS_Store -exclude CVS -exclude .svn -exclude .git -exclude .hg -resolve-src-symlinks /Users/jans./Library/Developer/Xcode/DerivedData/meal.advisor.ios-csaldjncgoleykghtkpncaypzmvo/SourcePackages/checkouts/GoogleSignIn-iOS/GoogleSignIn/Sources/Strings/ca.lproj/GoogleSignIn.strings /Users/jans./Library/Developer/Xcode/DerivedData/meal.advisor.ios-csaldjncgoleykghtkpncaypzmvo/Build/Products/Debug-iphonesimulator/GoogleSignIn_GoogleSignIn.bundle/ca.lproj

CpResource /Users/jans./Library/Developer/Xcode/DerivedData/meal.advisor.ios-csaldjncgoleykghtkpncaypzmvo/Build/Products/Debug-iphonesimulator/GoogleSignIn_GoogleSignIn.bundle/ar.lproj/GoogleSignIn.strings /Users/jans./Library/Developer/Xcode/DerivedData/meal.advisor.ios-csaldjncgoleykghtkpncaypzmvo/SourcePackages/checkouts/GoogleSignIn-iOS/GoogleSignIn/Sources/Strings/ar.lproj/GoogleSignIn.strings (in target 'GoogleSignIn_GoogleSignIn' from project 'GoogleSignIn')
    cd /Users/jans./Library/Developer/Xcode/DerivedData/meal.advisor.ios-csaldjncgoleykghtkpncaypzmvo/SourcePackages/checkouts/GoogleSignIn-iOS
    builtin-copy -exclude .DS_Store -exclude CVS -exclude .svn -exclude .git -exclude .hg -resolve-src-symlinks /Users/jans./Library/Developer/Xcode/DerivedData/meal.advisor.ios-csaldjncgoleykghtkpncaypzmvo/SourcePackages/checkouts/GoogleSignIn-iOS/GoogleSignIn/Sources/Strings/ar.lproj/GoogleSignIn.strings /Users/jans./Library/Developer/Xcode/DerivedData/meal.advisor.ios-csaldjncgoleykghtkpncaypzmvo/Build/Products/Debug-iphonesimulator/GoogleSignIn_GoogleSignIn.bundle/ar.lproj

CpResource /Users/jans./Library/Developer/Xcode/DerivedData/meal.advisor.ios-csaldjncgoleykghtkpncaypzmvo/Build/Products/Debug-iphonesimulator/GoogleSignIn_GoogleSignIn.bundle/Roboto-Bold.ttf /Users/jans./Library/Developer/Xcode/DerivedData/meal.advisor.ios-csaldjncgoleykghtkpncaypzmvo/SourcePackages/checkouts/GoogleSignIn-iOS/GoogleSignIn/Sources/Resources/Roboto-Bold.ttf (in target 'GoogleSignIn_GoogleSignIn' from project 'GoogleSignIn')
    cd /Users/jans./Library/Developer/Xcode/DerivedData/meal.advisor.ios-csaldjncgoleykghtkpncaypzmvo/SourcePackages/checkouts/GoogleSignIn-iOS
    builtin-copy -exclude .DS_Store -exclude CVS -exclude .svn -exclude .git -exclude .hg -resolve-src-symlinks /Users/jans./Library/Developer/Xcode/DerivedData/meal.advisor.ios-csaldjncgoleykghtkpncaypzmvo/SourcePackages/checkouts/GoogleSignIn-iOS/GoogleSignIn/Sources/Resources/Roboto-Bold.ttf /Users/jans./Library/Developer/Xcode/DerivedData/meal.advisor.ios-csaldjncgoleykghtkpncaypzmvo/Build/Products/Debug-iphonesimulator/GoogleSignIn_GoogleSignIn.bundle

CpResource /Users/jans./Library/Developer/Xcode/DerivedData/meal.advisor.ios-csaldjncgoleykghtkpncaypzmvo/Build/Products/Debug-iphonesimulator/GoogleSignIn_GoogleSignIn.bundle/PrivacyInfo.xcprivacy /Users/jans./Library/Developer/Xcode/DerivedData/meal.advisor.ios-csaldjncgoleykghtkpncaypzmvo/SourcePackages/checkouts/GoogleSignIn-iOS/GoogleSignIn/Sources/Resources/PrivacyInfo.xcprivacy (in target 'GoogleSignIn_GoogleSignIn' from project 'GoogleSignIn')
    cd /Users/jans./Library/Developer/Xcode/DerivedData/meal.advisor.ios-csaldjncgoleykghtkpncaypzmvo/SourcePackages/checkouts/GoogleSignIn-iOS
    builtin-copy -exclude .DS_Store -exclude CVS -exclude .svn -exclude .git -exclude .hg -resolve-src-symlinks /Users/jans./Library/Developer/Xcode/DerivedData/meal.advisor.ios-csaldjncgoleykghtkpncaypzmvo/SourcePackages/checkouts/GoogleSignIn-iOS/GoogleSignIn/Sources/Resources/PrivacyInfo.xcprivacy /Users/jans./Library/Developer/Xcode/DerivedData/meal.advisor.ios-csaldjncgoleykghtkpncaypzmvo/Build/Products/Debug-iphonesimulator/GoogleSignIn_GoogleSignIn.bundle

CpResource /Users/jans./Library/Developer/Xcode/DerivedData/meal.advisor.ios-csaldjncgoleykghtkpncaypzmvo/Build/Products/Debug-iphonesimulator/GTMSessionFetcher_GTMSessionFetcherCore.bundle/PrivacyInfo.xcprivacy /Users/jans./Library/Developer/Xcode/DerivedData/meal.advisor.ios-csaldjncgoleykghtkpncaypzmvo/SourcePackages/checkouts/gtm-session-fetcher/Sources/Core/Resources/PrivacyInfo.xcprivacy (in target 'GTMSessionFetcher_GTMSessionFetcherCore' from project 'GTMSessionFetcher')
    cd /Users/jans./Library/Developer/Xcode/DerivedData/meal.advisor.ios-csaldjncgoleykghtkpncaypzmvo/SourcePackages/checkouts/gtm-session-fetcher
    builtin-copy -exclude .DS_Store -exclude CVS -exclude .svn -exclude .git -exclude .hg -resolve-src-symlinks /Users/jans./Library/Developer/Xcode/DerivedData/meal.advisor.ios-csaldjncgoleykghtkpncaypzmvo/SourcePackages/checkouts/gtm-session-fetcher/Sources/Core/Resources/PrivacyInfo.xcprivacy /Users/jans./Library/Developer/Xcode/DerivedData/meal.advisor.ios-csaldjncgoleykghtkpncaypzmvo/Build/Products/Debug-iphonesimulator/GTMSessionFetcher_GTMSessionFetcherCore.bundle

ProcessInfoPlistFile /Users/jans./Library/Developer/Xcode/DerivedData/meal.advisor.ios-csaldjncgoleykghtkpncaypzmvo/Build/Products/Debug-iphonesimulator/GTMSessionFetcher_GTMSessionFetcherCore.bundle/Info.plist /Users/jans./Library/Developer/Xcode/DerivedData/meal.advisor.ios-csaldjncgoleykghtkpncaypzmvo/Build/Intermediates.noindex/GTMSessionFetcher.build/Debug-iphonesimulator/GTMSessionFetcher_GTMSessionFetcherCore.build/empty-GTMSessionFetcher_GTMSessionFetcherCore.plist (in target 'GTMSessionFetcher_GTMSessionFetcherCore' from project 'GTMSessionFetcher')
    cd /Users/jans./Library/Developer/Xcode/DerivedData/meal.advisor.ios-csaldjncgoleykghtkpncaypzmvo/SourcePackages/checkouts/gtm-session-fetcher
    builtin-infoPlistUtility /Users/jans./Library/Developer/Xcode/DerivedData/meal.advisor.ios-csaldjncgoleykghtkpncaypzmvo/Build/Intermediates.noindex/GTMSessionFetcher.build/Debug-iphonesimulator/GTMSessionFetcher_GTMSessionFetcherCore.build/empty-GTMSessionFetcher_GTMSessionFetcherCore.plist -producttype com.apple.product-type.bundle -expandbuildsettings -format binary -platform iphonesimulator -o /Users/jans./Library/Developer/Xcode/DerivedData/meal.advisor.ios-csaldjncgoleykghtkpncaypzmvo/Build/Products/Debug-iphonesimulator/GTMSessionFetcher_GTMSessionFetcherCore.bundle/Info.plist

ProcessInfoPlistFile /Users/jans./Library/Developer/Xcode/DerivedData/meal.advisor.ios-csaldjncgoleykghtkpncaypzmvo/Build/Products/Debug-iphonesimulator/GTMAppAuth_GTMAppAuth.bundle/Info.plist /Users/jans./Library/Developer/Xcode/DerivedData/meal.advisor.ios-csaldjncgoleykghtkpncaypzmvo/Build/Intermediates.noindex/GTMAppAuth.build/Debug-iphonesimulator/GTMAppAuth_GTMAppAuth.build/empty-GTMAppAuth_GTMAppAuth.plist (in target 'GTMAppAuth_GTMAppAuth' from project 'GTMAppAuth')
    cd /Users/jans./Library/Developer/Xcode/DerivedData/meal.advisor.ios-csaldjncgoleykghtkpncaypzmvo/SourcePackages/checkouts/GTMAppAuth
    builtin-infoPlistUtility /Users/jans./Library/Developer/Xcode/DerivedData/meal.advisor.ios-csaldjncgoleykghtkpncaypzmvo/Build/Intermediates.noindex/GTMAppAuth.build/Debug-iphonesimulator/GTMAppAuth_GTMAppAuth.build/empty-GTMAppAuth_GTMAppAuth.plist -producttype com.apple.product-type.bundle -expandbuildsettings -format binary -platform iphonesimulator -o /Users/jans./Library/Developer/Xcode/DerivedData/meal.advisor.ios-csaldjncgoleykghtkpncaypzmvo/Build/Products/Debug-iphonesimulator/GTMAppAuth_GTMAppAuth.bundle/Info.plist

CpResource /Users/jans./Library/Developer/Xcode/DerivedData/meal.advisor.ios-csaldjncgoleykghtkpncaypzmvo/Build/Products/Debug-iphonesimulator/GTMAppAuth_GTMAppAuth.bundle/PrivacyInfo.xcprivacy /Users/jans./Library/Developer/Xcode/DerivedData/meal.advisor.ios-csaldjncgoleykghtkpncaypzmvo/SourcePackages/checkouts/GTMAppAuth/GTMAppAuth/Sources/Resources/PrivacyInfo.xcprivacy (in target 'GTMAppAuth_GTMAppAuth' from project 'GTMAppAuth')
    cd /Users/jans./Library/Developer/Xcode/DerivedData/meal.advisor.ios-csaldjncgoleykghtkpncaypzmvo/SourcePackages/checkouts/GTMAppAuth
    builtin-copy -exclude .DS_Store -exclude CVS -exclude .svn -exclude .git -exclude .hg -resolve-src-symlinks /Users/jans./Library/Developer/Xcode/DerivedData/meal.advisor.ios-csaldjncgoleykghtkpncaypzmvo/SourcePackages/checkouts/GTMAppAuth/GTMAppAuth/Sources/Resources/PrivacyInfo.xcprivacy /Users/jans./Library/Developer/Xcode/DerivedData/meal.advisor.ios-csaldjncgoleykghtkpncaypzmvo/Build/Products/Debug-iphonesimulator/GTMAppAuth_GTMAppAuth.bundle

ProcessInfoPlistFile /Users/jans./Library/Developer/Xcode/DerivedData/meal.advisor.ios-csaldjncgoleykghtkpncaypzmvo/Build/Products/Debug-iphonesimulator/AppAuth_AppAuthCore.bundle/Info.plist /Users/jans./Library/Developer/Xcode/DerivedData/meal.advisor.ios-csaldjncgoleykghtkpncaypzmvo/Build/Intermediates.noindex/AppAuth.build/Debug-iphonesimulator/AppAuth_AppAuthCore.build/empty-AppAuth_AppAuthCore.plist (in target 'AppAuth_AppAuthCore' from project 'AppAuth')
    cd /Users/jans./Library/Developer/Xcode/DerivedData/meal.advisor.ios-csaldjncgoleykghtkpncaypzmvo/SourcePackages/checkouts/AppAuth-iOS
    builtin-infoPlistUtility /Users/jans./Library/Developer/Xcode/DerivedData/meal.advisor.ios-csaldjncgoleykghtkpncaypzmvo/Build/Intermediates.noindex/AppAuth.build/Debug-iphonesimulator/AppAuth_AppAuthCore.build/empty-AppAuth_AppAuthCore.plist -producttype com.apple.product-type.bundle -expandbuildsettings -format binary -platform iphonesimulator -o /Users/jans./Library/Developer/Xcode/DerivedData/meal.advisor.ios-csaldjncgoleykghtkpncaypzmvo/Build/Products/Debug-iphonesimulator/AppAuth_AppAuthCore.bundle/Info.plist

CpResource /Users/jans./Library/Developer/Xcode/DerivedData/meal.advisor.ios-csaldjncgoleykghtkpncaypzmvo/Build/Products/Debug-iphonesimulator/AppAuth_AppAuthCore.bundle/PrivacyInfo.xcprivacy /Users/jans./Library/Developer/Xcode/DerivedData/meal.advisor.ios-csaldjncgoleykghtkpncaypzmvo/SourcePackages/checkouts/AppAuth-iOS/Sources/AppAuthCore/Resources/PrivacyInfo.xcprivacy (in target 'AppAuth_AppAuthCore' from project 'AppAuth')
    cd /Users/jans./Library/Developer/Xcode/DerivedData/meal.advisor.ios-csaldjncgoleykghtkpncaypzmvo/SourcePackages/checkouts/AppAuth-iOS
    builtin-copy -exclude .DS_Store -exclude CVS -exclude .svn -exclude .git -exclude .hg -resolve-src-symlinks /Users/jans./Library/Developer/Xcode/DerivedData/meal.advisor.ios-csaldjncgoleykghtkpncaypzmvo/SourcePackages/checkouts/AppAuth-iOS/Sources/AppAuthCore/Resources/PrivacyInfo.xcprivacy /Users/jans./Library/Developer/Xcode/DerivedData/meal.advisor.ios-csaldjncgoleykghtkpncaypzmvo/Build/Products/Debug-iphonesimulator/AppAuth_AppAuthCore.bundle

ProcessInfoPlistFile /Users/jans./Library/Developer/Xcode/DerivedData/meal.advisor.ios-csaldjncgoleykghtkpncaypzmvo/Build/Products/Debug-iphonesimulator/AppAuth_AppAuth.bundle/Info.plist /Users/jans./Library/Developer/Xcode/DerivedData/meal.advisor.ios-csaldjncgoleykghtkpncaypzmvo/Build/Intermediates.noindex/AppAuth.build/Debug-iphonesimulator/AppAuth_AppAuth.build/empty-AppAuth_AppAuth.plist (in target 'AppAuth_AppAuth' from project 'AppAuth')
    cd /Users/jans./Library/Developer/Xcode/DerivedData/meal.advisor.ios-csaldjncgoleykghtkpncaypzmvo/SourcePackages/checkouts/AppAuth-iOS
    builtin-infoPlistUtility /Users/jans./Library/Developer/Xcode/DerivedData/meal.advisor.ios-csaldjncgoleykghtkpncaypzmvo/Build/Intermediates.noindex/AppAuth.build/Debug-iphonesimulator/AppAuth_AppAuth.build/empty-AppAuth_AppAuth.plist -producttype com.apple.product-type.bundle -expandbuildsettings -format binary -platform iphonesimulator -o /Users/jans./Library/Developer/Xcode/DerivedData/meal.advisor.ios-csaldjncgoleykghtkpncaypzmvo/Build/Products/Debug-iphonesimulator/AppAuth_AppAuth.bundle/Info.plist

CpResource /Users/jans./Library/Developer/Xcode/DerivedData/meal.advisor.ios-csaldjncgoleykghtkpncaypzmvo/Build/Products/Debug-iphonesimulator/AppAuth_AppAuth.bundle/PrivacyInfo.xcprivacy /Users/jans./Library/Developer/Xcode/DerivedData/meal.advisor.ios-csaldjncgoleykghtkpncaypzmvo/SourcePackages/checkouts/AppAuth-iOS/Sources/AppAuth/Resources/PrivacyInfo.xcprivacy (in target 'AppAuth_AppAuth' from project 'AppAuth')
    cd /Users/jans./Library/Developer/Xcode/DerivedData/meal.advisor.ios-csaldjncgoleykghtkpncaypzmvo/SourcePackages/checkouts/AppAuth-iOS
    builtin-copy -exclude .DS_Store -exclude CVS -exclude .svn -exclude .git -exclude .hg -resolve-src-symlinks /Users/jans./Library/Developer/Xcode/DerivedData/meal.advisor.ios-csaldjncgoleykghtkpncaypzmvo/SourcePackages/checkouts/AppAuth-iOS/Sources/AppAuth/Resources/PrivacyInfo.xcprivacy /Users/jans./Library/Developer/Xcode/DerivedData/meal.advisor.ios-csaldjncgoleykghtkpncaypzmvo/Build/Products/Debug-iphonesimulator/AppAuth_AppAuth.bundle

RegisterExecutionPolicyException /Users/jans./Library/Developer/Xcode/DerivedData/meal.advisor.ios-csaldjncgoleykghtkpncaypzmvo/Build/Products/Debug-iphonesimulator/swift-crypto_Crypto.bundle (in target 'swift-crypto_Crypto' from project 'swift-crypto')
    cd /Users/jans./Library/Developer/Xcode/DerivedData/meal.advisor.ios-csaldjncgoleykghtkpncaypzmvo/SourcePackages/checkouts/swift-crypto
    builtin-RegisterExecutionPolicyException /Users/jans./Library/Developer/Xcode/DerivedData/meal.advisor.ios-csaldjncgoleykghtkpncaypzmvo/Build/Products/Debug-iphonesimulator/swift-crypto_Crypto.bundle

RegisterExecutionPolicyException /Users/jans./Library/Developer/Xcode/DerivedData/meal.advisor.ios-csaldjncgoleykghtkpncaypzmvo/Build/Products/Debug-iphonesimulator/GoogleSignIn_GoogleSignIn.bundle (in target 'GoogleSignIn_GoogleSignIn' from project 'GoogleSignIn')
    cd /Users/jans./Library/Developer/Xcode/DerivedData/meal.advisor.ios-csaldjncgoleykghtkpncaypzmvo/SourcePackages/checkouts/GoogleSignIn-iOS
    builtin-RegisterExecutionPolicyException /Users/jans./Library/Developer/Xcode/DerivedData/meal.advisor.ios-csaldjncgoleykghtkpncaypzmvo/Build/Products/Debug-iphonesimulator/GoogleSignIn_GoogleSignIn.bundle

RegisterExecutionPolicyException /Users/jans./Library/Developer/Xcode/DerivedData/meal.advisor.ios-csaldjncgoleykghtkpncaypzmvo/Build/Products/Debug-iphonesimulator/Kingfisher_Kingfisher.bundle (in target 'Kingfisher_Kingfisher' from project 'Kingfisher')
    cd /Users/jans./Library/Developer/Xcode/DerivedData/meal.advisor.ios-csaldjncgoleykghtkpncaypzmvo/SourcePackages/checkouts/Kingfisher
    builtin-RegisterExecutionPolicyException /Users/jans./Library/Developer/Xcode/DerivedData/meal.advisor.ios-csaldjncgoleykghtkpncaypzmvo/Build/Products/Debug-iphonesimulator/Kingfisher_Kingfisher.bundle

RegisterExecutionPolicyException /Users/jans./Library/Developer/Xcode/DerivedData/meal.advisor.ios-csaldjncgoleykghtkpncaypzmvo/Build/Products/Debug-iphonesimulator/GTMAppAuth_GTMAppAuth.bundle (in target 'GTMAppAuth_GTMAppAuth' from project 'GTMAppAuth')
    cd /Users/jans./Library/Developer/Xcode/DerivedData/meal.advisor.ios-csaldjncgoleykghtkpncaypzmvo/SourcePackages/checkouts/GTMAppAuth
    builtin-RegisterExecutionPolicyException /Users/jans./Library/Developer/Xcode/DerivedData/meal.advisor.ios-csaldjncgoleykghtkpncaypzmvo/Build/Products/Debug-iphonesimulator/GTMAppAuth_GTMAppAuth.bundle

RegisterExecutionPolicyException /Users/jans./Library/Developer/Xcode/DerivedData/meal.advisor.ios-csaldjncgoleykghtkpncaypzmvo/Build/Products/Debug-iphonesimulator/AppAuth_AppAuthCore.bundle (in target 'AppAuth_AppAuthCore' from project 'AppAuth')
    cd /Users/jans./Library/Developer/Xcode/DerivedData/meal.advisor.ios-csaldjncgoleykghtkpncaypzmvo/SourcePackages/checkouts/AppAuth-iOS
    builtin-RegisterExecutionPolicyException /Users/jans./Library/Developer/Xcode/DerivedData/meal.advisor.ios-csaldjncgoleykghtkpncaypzmvo/Build/Products/Debug-iphonesimulator/AppAuth_AppAuthCore.bundle

RegisterExecutionPolicyException /Users/jans./Library/Developer/Xcode/DerivedData/meal.advisor.ios-csaldjncgoleykghtkpncaypzmvo/Build/Products/Debug-iphonesimulator/GTMSessionFetcher_GTMSessionFetcherCore.bundle (in target 'GTMSessionFetcher_GTMSessionFetcherCore' from project 'GTMSessionFetcher')
    cd /Users/jans./Library/Developer/Xcode/DerivedData/meal.advisor.ios-csaldjncgoleykghtkpncaypzmvo/SourcePackages/checkouts/gtm-session-fetcher
    builtin-RegisterExecutionPolicyException /Users/jans./Library/Developer/Xcode/DerivedData/meal.advisor.ios-csaldjncgoleykghtkpncaypzmvo/Build/Products/Debug-iphonesimulator/GTMSessionFetcher_GTMSessionFetcherCore.bundle

RegisterExecutionPolicyException /Users/jans./Library/Developer/Xcode/DerivedData/meal.advisor.ios-csaldjncgoleykghtkpncaypzmvo/Build/Products/Debug-iphonesimulator/AppAuth_AppAuth.bundle (in target 'AppAuth_AppAuth' from project 'AppAuth')
    cd /Users/jans./Library/Developer/Xcode/DerivedData/meal.advisor.ios-csaldjncgoleykghtkpncaypzmvo/SourcePackages/checkouts/AppAuth-iOS
    builtin-RegisterExecutionPolicyException /Users/jans./Library/Developer/Xcode/DerivedData/meal.advisor.ios-csaldjncgoleykghtkpncaypzmvo/Build/Products/Debug-iphonesimulator/AppAuth_AppAuth.bundle

Touch /Users/jans./Library/Developer/Xcode/DerivedData/meal.advisor.ios-csaldjncgoleykghtkpncaypzmvo/Build/Products/Debug-iphonesimulator/swift-crypto_Crypto.bundle (in target 'swift-crypto_Crypto' from project 'swift-crypto')
    cd /Users/jans./Library/Developer/Xcode/DerivedData/meal.advisor.ios-csaldjncgoleykghtkpncaypzmvo/SourcePackages/checkouts/swift-crypto
    /usr/bin/touch -c /Users/jans./Library/Developer/Xcode/DerivedData/meal.advisor.ios-csaldjncgoleykghtkpncaypzmvo/Build/Products/Debug-iphonesimulator/swift-crypto_Crypto.bundle

Touch /Users/jans./Library/Developer/Xcode/DerivedData/meal.advisor.ios-csaldjncgoleykghtkpncaypzmvo/Build/Products/Debug-iphonesimulator/GoogleSignIn_GoogleSignIn.bundle (in target 'GoogleSignIn_GoogleSignIn' from project 'GoogleSignIn')
    cd /Users/jans./Library/Developer/Xcode/DerivedData/meal.advisor.ios-csaldjncgoleykghtkpncaypzmvo/SourcePackages/checkouts/GoogleSignIn-iOS
    /usr/bin/touch -c /Users/jans./Library/Developer/Xcode/DerivedData/meal.advisor.ios-csaldjncgoleykghtkpncaypzmvo/Build/Products/Debug-iphonesimulator/GoogleSignIn_GoogleSignIn.bundle

Touch /Users/jans./Library/Developer/Xcode/DerivedData/meal.advisor.ios-csaldjncgoleykghtkpncaypzmvo/Build/Products/Debug-iphonesimulator/Kingfisher_Kingfisher.bundle (in target 'Kingfisher_Kingfisher' from project 'Kingfisher')
    cd /Users/jans./Library/Developer/Xcode/DerivedData/meal.advisor.ios-csaldjncgoleykghtkpncaypzmvo/SourcePackages/checkouts/Kingfisher
    /usr/bin/touch -c /Users/jans./Library/Developer/Xcode/DerivedData/meal.advisor.ios-csaldjncgoleykghtkpncaypzmvo/Build/Products/Debug-iphonesimulator/Kingfisher_Kingfisher.bundle

Touch /Users/jans./Library/Developer/Xcode/DerivedData/meal.advisor.ios-csaldjncgoleykghtkpncaypzmvo/Build/Products/Debug-iphonesimulator/GTMAppAuth_GTMAppAuth.bundle (in target 'GTMAppAuth_GTMAppAuth' from project 'GTMAppAuth')
    cd /Users/jans./Library/Developer/Xcode/DerivedData/meal.advisor.ios-csaldjncgoleykghtkpncaypzmvo/SourcePackages/checkouts/GTMAppAuth
    /usr/bin/touch -c /Users/jans./Library/Developer/Xcode/DerivedData/meal.advisor.ios-csaldjncgoleykghtkpncaypzmvo/Build/Products/Debug-iphonesimulator/GTMAppAuth_GTMAppAuth.bundle

Touch /Users/jans./Library/Developer/Xcode/DerivedData/meal.advisor.ios-csaldjncgoleykghtkpncaypzmvo/Build/Products/Debug-iphonesimulator/AppAuth_AppAuthCore.bundle (in target 'AppAuth_AppAuthCore' from project 'AppAuth')
    cd /Users/jans./Library/Developer/Xcode/DerivedData/meal.advisor.ios-csaldjncgoleykghtkpncaypzmvo/SourcePackages/checkouts/AppAuth-iOS
    /usr/bin/touch -c /Users/jans./Library/Developer/Xcode/DerivedData/meal.advisor.ios-csaldjncgoleykghtkpncaypzmvo/Build/Products/Debug-iphonesimulator/AppAuth_AppAuthCore.bundle

Touch /Users/jans./Library/Developer/Xcode/DerivedData/meal.advisor.ios-csaldjncgoleykghtkpncaypzmvo/Build/Products/Debug-iphonesimulator/GTMSessionFetcher_GTMSessionFetcherCore.bundle (in target 'GTMSessionFetcher_GTMSessionFetcherCore' from project 'GTMSessionFetcher')
    cd /Users/jans./Library/Developer/Xcode/DerivedData/meal.advisor.ios-csaldjncgoleykghtkpncaypzmvo/SourcePackages/checkouts/gtm-session-fetcher
    /usr/bin/touch -c /Users/jans./Library/Developer/Xcode/DerivedData/meal.advisor.ios-csaldjncgoleykghtkpncaypzmvo/Build/Products/Debug-iphonesimulator/GTMSessionFetcher_GTMSessionFetcherCore.bundle

Touch /Users/jans./Library/Developer/Xcode/DerivedData/meal.advisor.ios-csaldjncgoleykghtkpncaypzmvo/Build/Products/Debug-iphonesimulator/AppAuth_AppAuth.bundle (in target 'AppAuth_AppAuth' from project 'AppAuth')
    cd /Users/jans./Library/Developer/Xcode/DerivedData/meal.advisor.ios-csaldjncgoleykghtkpncaypzmvo/SourcePackages/checkouts/AppAuth-iOS
    /usr/bin/touch -c /Users/jans./Library/Developer/Xcode/DerivedData/meal.advisor.ios-csaldjncgoleykghtkpncaypzmvo/Build/Products/Debug-iphonesimulator/AppAuth_AppAuth.bundle

ScanDependencies /Users/jans./Library/Developer/Xcode/DerivedData/meal.advisor.ios-csaldjncgoleykghtkpncaypzmvo/Build/Intermediates.noindex/GTMSessionFetcher.build/Debug-iphonesimulator/GTMSessionFetcherCore.build/Objects-normal/arm64/GTMSessionFetcherLogging.o /Users/jans./Library/Developer/Xcode/DerivedData/meal.advisor.ios-csaldjncgoleykghtkpncaypzmvo/SourcePackages/checkouts/gtm-session-fetcher/Sources/Core/GTMSessionFetcherLogging.m normal arm64 objective-c com.apple.compilers.llvm.clang.1_0.compiler (in target 'GTMSessionFetcherCore' from project 'GTMSessionFetcher')
    cd /Users/jans./Downloads/meal.advisor/meal.advisor.ios/meal.advisor.ios/meal.advisor.ios/meal.advisor.ios.xcodeproj
    
    Using response file: /Users/jans./Library/Developer/Xcode/DerivedData/meal.advisor.ios-csaldjncgoleykghtkpncaypzmvo/Build/Intermediates.noindex/GTMSessionFetcher.build/Debug-iphonesimulator/GTMSessionFetcherCore.build/Objects-normal/arm64/e6072d4f65d7061329687fe24e3d63a7-common-args.resp
    
    builtin-ScanDependencies -o /Users/jans./Library/Developer/Xcode/DerivedData/meal.advisor.ios-csaldjncgoleykghtkpncaypzmvo/Build/Intermediates.noindex/GTMSessionFetcher.build/Debug-iphonesimulator/GTMSessionFetcherCore.build/Objects-normal/arm64/GTMSessionFetcherLogging.o.scan -- /Applications/Xcode.app/Contents/Developer/Toolchains/XcodeDefault.xctoolchain/usr/bin/clang -x objective-c -ivfsstatcache /Users/jans./Library/Developer/Xcode/DerivedData/SDKStatCaches.noindex/iphonesimulator18.5-22F76-d5fc8ad4295d2ef488fb7d0f804ce0c4.sdkstatcache -fmessage-length\=0 -fdiagnostics-show-note-include-stack -fmacro-backtrace-limit\=0 -fno-color-diagnostics -fmodules-prune-interval\=86400 -fmodules-prune-after\=345600 -fbuild-session-file\=/Users/jans./Library/Developer/Xcode/DerivedData/ModuleCache.noindex/Session.modulevalidation -fmodules-validate-once-per-build-session -Wnon-modular-include-in-framework-module -Werror\=non-modular-include-in-framework-module -Wno-trigraphs -Wno-missing-field-initializers -Wno-missing-prototypes -Wno-return-type -Wno-implicit-atomic-properties -Wno-objc-interface-ivars -Wno-arc-repeated-use-of-weak -Wno-missing-braces -Wparentheses -Wswitch -Wno-unused-function -Wno-unused-label -Wno-unused-parameter -Wno-unused-variable -Wunused-value -Wno-empty-body -Wno-uninitialized -Wno-unknown-pragmas -w -Wno-shadow -Wno-four-char-constants -Wno-conversion -Wno-constant-conversion -Wno-int-conversion -Wno-bool-conversion -Wno-enum-conversion -Wno-float-conversion -Wno-non-literal-null-conversion -Wno-objc-literal-conversion -Wshorten-64-to-32 -Wpointer-sign -Wno-newline-eof -Wno-selector -Wno-strict-selector-match -Wno-undeclared-selector -Wno-deprecated-implementations -Wno-implicit-fallthrough -fstrict-aliasing -Wprotocol -Wdeprecated-declarations -Wno-sign-conversion -Wno-infinite-recursion -Wno-comma -Wno-block-capture-autoreleasing -Wno-strict-prototypes -Wno-semicolon-before-method-body -index-store-path /Users/jans./Library/Developer/Xcode/DerivedData/meal.advisor.ios-csaldjncgoleykghtkpncaypzmvo/Index.noindex/DataStore @/Users/jans./Library/Developer/Xcode/DerivedData/meal.advisor.ios-csaldjncgoleykghtkpncaypzmvo/Build/Intermediates.noindex/GTMSessionFetcher.build/Debug-iphonesimulator/GTMSessionFetcherCore.build/Objects-normal/arm64/e6072d4f65d7061329687fe24e3d63a7-common-args.resp -include /Users/jans./Library/Developer/Xcode/DerivedData/meal.advisor.ios-csaldjncgoleykghtkpncaypzmvo/Build/Intermediates.noindex/GTMSessionFetcher.build/Debug-iphonesimulator/GTMSessionFetcherCore.build/DerivedSources/resource_bundle_accessor.h -MMD -MT dependencies -MF /Users/jans./Library/Developer/Xcode/DerivedData/meal.advisor.ios-csaldjncgoleykghtkpncaypzmvo/Build/Intermediates.noindex/GTMSessionFetcher.build/Debug-iphonesimulator/GTMSessionFetcherCore.build/Objects-normal/arm64/GTMSessionFetcherLogging.d --serialize-diagnostics /Users/jans./Library/Developer/Xcode/DerivedData/meal.advisor.ios-csaldjncgoleykghtkpncaypzmvo/Build/Intermediates.noindex/GTMSessionFetcher.build/Debug-iphonesimulator/GTMSessionFetcherCore.build/Objects-normal/arm64/GTMSessionFetcherLogging.dia -c /Users/jans./Library/Developer/Xcode/DerivedData/meal.advisor.ios-csaldjncgoleykghtkpncaypzmvo/SourcePackages/checkouts/gtm-session-fetcher/Sources/Core/GTMSessionFetcherLogging.m -o /Users/jans./Library/Developer/Xcode/DerivedData/meal.advisor.ios-csaldjncgoleykghtkpncaypzmvo/Build/Intermediates.noindex/GTMSessionFetcher.build/Debug-iphonesimulator/GTMSessionFetcherCore.build/Objects-normal/arm64/GTMSessionFetcherLogging.o -index-unit-output-path /GTMSessionFetcher.build/Debug-iphonesimulator/GTMSessionFetcherCore.build/Objects-normal/arm64/GTMSessionFetcherLogging.o

ScanDependencies /Users/jans./Library/Developer/Xcode/DerivedData/meal.advisor.ios-csaldjncgoleykghtkpncaypzmvo/Build/Intermediates.noindex/GTMSessionFetcher.build/Debug-iphonesimulator/GTMSessionFetcherCore.build/Objects-normal/arm64/GTMSessionUploadFetcher.o /Users/jans./Library/Developer/Xcode/DerivedData/meal.advisor.ios-csaldjncgoleykghtkpncaypzmvo/SourcePackages/checkouts/gtm-session-fetcher/Sources/Core/GTMSessionUploadFetcher.m normal arm64 objective-c com.apple.compilers.llvm.clang.1_0.compiler (in target 'GTMSessionFetcherCore' from project 'GTMSessionFetcher')
    cd /Users/jans./Downloads/meal.advisor/meal.advisor.ios/meal.advisor.ios/meal.advisor.ios/meal.advisor.ios.xcodeproj
    
    Using response file: /Users/jans./Library/Developer/Xcode/DerivedData/meal.advisor.ios-csaldjncgoleykghtkpncaypzmvo/Build/Intermediates.noindex/GTMSessionFetcher.build/Debug-iphonesimulator/GTMSessionFetcherCore.build/Objects-normal/arm64/e6072d4f65d7061329687fe24e3d63a7-common-args.resp
    
    builtin-ScanDependencies -o /Users/jans./Library/Developer/Xcode/DerivedData/meal.advisor.ios-csaldjncgoleykghtkpncaypzmvo/Build/Intermediates.noindex/GTMSessionFetcher.build/Debug-iphonesimulator/GTMSessionFetcherCore.build/Objects-normal/arm64/GTMSessionUploadFetcher.o.scan -- /Applications/Xcode.app/Contents/Developer/Toolchains/XcodeDefault.xctoolchain/usr/bin/clang -x objective-c -ivfsstatcache /Users/jans./Library/Developer/Xcode/DerivedData/SDKStatCaches.noindex/iphonesimulator18.5-22F76-d5fc8ad4295d2ef488fb7d0f804ce0c4.sdkstatcache -fmessage-length\=0 -fdiagnostics-show-note-include-stack -fmacro-backtrace-limit\=0 -fno-color-diagnostics -fmodules-prune-interval\=86400 -fmodules-prune-after\=345600 -fbuild-session-file\=/Users/jans./Library/Developer/Xcode/DerivedData/ModuleCache.noindex/Session.modulevalidation -fmodules-validate-once-per-build-session -Wnon-modular-include-in-framework-module -Werror\=non-modular-include-in-framework-module -Wno-trigraphs -Wno-missing-field-initializers -Wno-missing-prototypes -Wno-return-type -Wno-implicit-atomic-properties -Wno-objc-interface-ivars -Wno-arc-repeated-use-of-weak -Wno-missing-braces -Wparentheses -Wswitch -Wno-unused-function -Wno-unused-label -Wno-unused-parameter -Wno-unused-variable -Wunused-value -Wno-empty-body -Wno-uninitialized -Wno-unknown-pragmas -w -Wno-shadow -Wno-four-char-constants -Wno-conversion -Wno-constant-conversion -Wno-int-conversion -Wno-bool-conversion -Wno-enum-conversion -Wno-float-conversion -Wno-non-literal-null-conversion -Wno-objc-literal-conversion -Wshorten-64-to-32 -Wpointer-sign -Wno-newline-eof -Wno-selector -Wno-strict-selector-match -Wno-undeclared-selector -Wno-deprecated-implementations -Wno-implicit-fallthrough -fstrict-aliasing -Wprotocol -Wdeprecated-declarations -Wno-sign-conversion -Wno-infinite-recursion -Wno-comma -Wno-block-capture-autoreleasing -Wno-strict-prototypes -Wno-semicolon-before-method-body -index-store-path /Users/jans./Library/Developer/Xcode/DerivedData/meal.advisor.ios-csaldjncgoleykghtkpncaypzmvo/Index.noindex/DataStore @/Users/jans./Library/Developer/Xcode/DerivedData/meal.advisor.ios-csaldjncgoleykghtkpncaypzmvo/Build/Intermediates.noindex/GTMSessionFetcher.build/Debug-iphonesimulator/GTMSessionFetcherCore.build/Objects-normal/arm64/e6072d4f65d7061329687fe24e3d63a7-common-args.resp -include /Users/jans./Library/Developer/Xcode/DerivedData/meal.advisor.ios-csaldjncgoleykghtkpncaypzmvo/Build/Intermediates.noindex/GTMSessionFetcher.build/Debug-iphonesimulator/GTMSessionFetcherCore.build/DerivedSources/resource_bundle_accessor.h -MMD -MT dependencies -MF /Users/jans./Library/Developer/Xcode/DerivedData/meal.advisor.ios-csaldjncgoleykghtkpncaypzmvo/Build/Intermediates.noindex/GTMSessionFetcher.build/Debug-iphonesimulator/GTMSessionFetcherCore.build/Objects-normal/arm64/GTMSessionUploadFetcher.d --serialize-diagnostics /Users/jans./Library/Developer/Xcode/DerivedData/meal.advisor.ios-csaldjncgoleykghtkpncaypzmvo/Build/Intermediates.noindex/GTMSessionFetcher.build/Debug-iphonesimulator/GTMSessionFetcherCore.build/Objects-normal/arm64/GTMSessionUploadFetcher.dia -c /Users/jans./Library/Developer/Xcode/DerivedData/meal.advisor.ios-csaldjncgoleykghtkpncaypzmvo/SourcePackages/checkouts/gtm-session-fetcher/Sources/Core/GTMSessionUploadFetcher.m -o /Users/jans./Library/Developer/Xcode/DerivedData/meal.advisor.ios-csaldjncgoleykghtkpncaypzmvo/Build/Intermediates.noindex/GTMSessionFetcher.build/Debug-iphonesimulator/GTMSessionFetcherCore.build/Objects-normal/arm64/GTMSessionUploadFetcher.o -index-unit-output-path /GTMSessionFetcher.build/Debug-iphonesimulator/GTMSessionFetcherCore.build/Objects-normal/arm64/GTMSessionUploadFetcher.o

ScanDependencies /Users/jans./Library/Developer/Xcode/DerivedData/meal.advisor.ios-csaldjncgoleykghtkpncaypzmvo/Build/Intermediates.noindex/GTMSessionFetcher.build/Debug-iphonesimulator/GTMSessionFetcherCore.build/Objects-normal/arm64/GTMSessionFetcherService.o /Users/jans./Library/Developer/Xcode/DerivedData/meal.advisor.ios-csaldjncgoleykghtkpncaypzmvo/SourcePackages/checkouts/gtm-session-fetcher/Sources/Core/GTMSessionFetcherService.m normal arm64 objective-c com.apple.compilers.llvm.clang.1_0.compiler (in target 'GTMSessionFetcherCore' from project 'GTMSessionFetcher')
    cd /Users/jans./Downloads/meal.advisor/meal.advisor.ios/meal.advisor.ios/meal.advisor.ios/meal.advisor.ios.xcodeproj
    
    Using response file: /Users/jans./Library/Developer/Xcode/DerivedData/meal.advisor.ios-csaldjncgoleykghtkpncaypzmvo/Build/Intermediates.noindex/GTMSessionFetcher.build/Debug-iphonesimulator/GTMSessionFetcherCore.build/Objects-normal/arm64/e6072d4f65d7061329687fe24e3d63a7-common-args.resp
    
    builtin-ScanDependencies -o /Users/jans./Library/Developer/Xcode/DerivedData/meal.advisor.ios-csaldjncgoleykghtkpncaypzmvo/Build/Intermediates.noindex/GTMSessionFetcher.build/Debug-iphonesimulator/GTMSessionFetcherCore.build/Objects-normal/arm64/GTMSessionFetcherService.o.scan -- /Applications/Xcode.app/Contents/Developer/Toolchains/XcodeDefault.xctoolchain/usr/bin/clang -x objective-c -ivfsstatcache /Users/jans./Library/Developer/Xcode/DerivedData/SDKStatCaches.noindex/iphonesimulator18.5-22F76-d5fc8ad4295d2ef488fb7d0f804ce0c4.sdkstatcache -fmessage-length\=0 -fdiagnostics-show-note-include-stack -fmacro-backtrace-limit\=0 -fno-color-diagnostics -fmodules-prune-interval\=86400 -fmodules-prune-after\=345600 -fbuild-session-file\=/Users/jans./Library/Developer/Xcode/DerivedData/ModuleCache.noindex/Session.modulevalidation -fmodules-validate-once-per-build-session -Wnon-modular-include-in-framework-module -Werror\=non-modular-include-in-framework-module -Wno-trigraphs -Wno-missing-field-initializers -Wno-missing-prototypes -Wno-return-type -Wno-implicit-atomic-properties -Wno-objc-interface-ivars -Wno-arc-repeated-use-of-weak -Wno-missing-braces -Wparentheses -Wswitch -Wno-unused-function -Wno-unused-label -Wno-unused-parameter -Wno-unused-variable -Wunused-value -Wno-empty-body -Wno-uninitialized -Wno-unknown-pragmas -w -Wno-shadow -Wno-four-char-constants -Wno-conversion -Wno-constant-conversion -Wno-int-conversion -Wno-bool-conversion -Wno-enum-conversion -Wno-float-conversion -Wno-non-literal-null-conversion -Wno-objc-literal-conversion -Wshorten-64-to-32 -Wpointer-sign -Wno-newline-eof -Wno-selector -Wno-strict-selector-match -Wno-undeclared-selector -Wno-deprecated-implementations -Wno-implicit-fallthrough -fstrict-aliasing -Wprotocol -Wdeprecated-declarations -Wno-sign-conversion -Wno-infinite-recursion -Wno-comma -Wno-block-capture-autoreleasing -Wno-strict-prototypes -Wno-semicolon-before-method-body -index-store-path /Users/jans./Library/Developer/Xcode/DerivedData/meal.advisor.ios-csaldjncgoleykghtkpncaypzmvo/Index.noindex/DataStore @/Users/jans./Library/Developer/Xcode/DerivedData/meal.advisor.ios-csaldjncgoleykghtkpncaypzmvo/Build/Intermediates.noindex/GTMSessionFetcher.build/Debug-iphonesimulator/GTMSessionFetcherCore.build/Objects-normal/arm64/e6072d4f65d7061329687fe24e3d63a7-common-args.resp -include /Users/jans./Library/Developer/Xcode/DerivedData/meal.advisor.ios-csaldjncgoleykghtkpncaypzmvo/Build/Intermediates.noindex/GTMSessionFetcher.build/Debug-iphonesimulator/GTMSessionFetcherCore.build/DerivedSources/resource_bundle_accessor.h -MMD -MT dependencies -MF /Users/jans./Library/Developer/Xcode/DerivedData/meal.advisor.ios-csaldjncgoleykghtkpncaypzmvo/Build/Intermediates.noindex/GTMSessionFetcher.build/Debug-iphonesimulator/GTMSessionFetcherCore.build/Objects-normal/arm64/GTMSessionFetcherService.d --serialize-diagnostics /Users/jans./Library/Developer/Xcode/DerivedData/meal.advisor.ios-csaldjncgoleykghtkpncaypzmvo/Build/Intermediates.noindex/GTMSessionFetcher.build/Debug-iphonesimulator/GTMSessionFetcherCore.build/Objects-normal/arm64/GTMSessionFetcherService.dia -c /Users/jans./Library/Developer/Xcode/DerivedData/meal.advisor.ios-csaldjncgoleykghtkpncaypzmvo/SourcePackages/checkouts/gtm-session-fetcher/Sources/Core/GTMSessionFetcherService.m -o /Users/jans./Library/Developer/Xcode/DerivedData/meal.advisor.ios-csaldjncgoleykghtkpncaypzmvo/Build/Intermediates.noindex/GTMSessionFetcher.build/Debug-iphonesimulator/GTMSessionFetcherCore.build/Objects-normal/arm64/GTMSessionFetcherService.o -index-unit-output-path /GTMSessionFetcher.build/Debug-iphonesimulator/GTMSessionFetcherCore.build/Objects-normal/arm64/GTMSessionFetcherService.o

ScanDependencies /Users/jans./Library/Developer/Xcode/DerivedData/meal.advisor.ios-csaldjncgoleykghtkpncaypzmvo/Build/Intermediates.noindex/GTMSessionFetcher.build/Debug-iphonesimulator/GTMSessionFetcherCore.build/Objects-normal/arm64/GTMSessionFetcher.o /Users/jans./Library/Developer/Xcode/DerivedData/meal.advisor.ios-csaldjncgoleykghtkpncaypzmvo/SourcePackages/checkouts/gtm-session-fetcher/Sources/Core/GTMSessionFetcher.m normal arm64 objective-c com.apple.compilers.llvm.clang.1_0.compiler (in target 'GTMSessionFetcherCore' from project 'GTMSessionFetcher')
    cd /Users/jans./Downloads/meal.advisor/meal.advisor.ios/meal.advisor.ios/meal.advisor.ios/meal.advisor.ios.xcodeproj
    
    Using response file: /Users/jans./Library/Developer/Xcode/DerivedData/meal.advisor.ios-csaldjncgoleykghtkpncaypzmvo/Build/Intermediates.noindex/GTMSessionFetcher.build/Debug-iphonesimulator/GTMSessionFetcherCore.build/Objects-normal/arm64/e6072d4f65d7061329687fe24e3d63a7-common-args.resp
    
    builtin-ScanDependencies -o /Users/jans./Library/Developer/Xcode/DerivedData/meal.advisor.ios-csaldjncgoleykghtkpncaypzmvo/Build/Intermediates.noindex/GTMSessionFetcher.build/Debug-iphonesimulator/GTMSessionFetcherCore.build/Objects-normal/arm64/GTMSessionFetcher.o.scan -- /Applications/Xcode.app/Contents/Developer/Toolchains/XcodeDefault.xctoolchain/usr/bin/clang -x objective-c -ivfsstatcache /Users/jans./Library/Developer/Xcode/DerivedData/SDKStatCaches.noindex/iphonesimulator18.5-22F76-d5fc8ad4295d2ef488fb7d0f804ce0c4.sdkstatcache -fmessage-length\=0 -fdiagnostics-show-note-include-stack -fmacro-backtrace-limit\=0 -fno-color-diagnostics -fmodules-prune-interval\=86400 -fmodules-prune-after\=345600 -fbuild-session-file\=/Users/jans./Library/Developer/Xcode/DerivedData/ModuleCache.noindex/Session.modulevalidation -fmodules-validate-once-per-build-session -Wnon-modular-include-in-framework-module -Werror\=non-modular-include-in-framework-module -Wno-trigraphs -Wno-missing-field-initializers -Wno-missing-prototypes -Wno-return-type -Wno-implicit-atomic-properties -Wno-objc-interface-ivars -Wno-arc-repeated-use-of-weak -Wno-missing-braces -Wparentheses -Wswitch -Wno-unused-function -Wno-unused-label -Wno-unused-parameter -Wno-unused-variable -Wunused-value -Wno-empty-body -Wno-uninitialized -Wno-unknown-pragmas -w -Wno-shadow -Wno-four-char-constants -Wno-conversion -Wno-constant-conversion -Wno-int-conversion -Wno-bool-conversion -Wno-enum-conversion -Wno-float-conversion -Wno-non-literal-null-conversion -Wno-objc-literal-conversion -Wshorten-64-to-32 -Wpointer-sign -Wno-newline-eof -Wno-selector -Wno-strict-selector-match -Wno-undeclared-selector -Wno-deprecated-implementations -Wno-implicit-fallthrough -fstrict-aliasing -Wprotocol -Wdeprecated-declarations -Wno-sign-conversion -Wno-infinite-recursion -Wno-comma -Wno-block-capture-autoreleasing -Wno-strict-prototypes -Wno-semicolon-before-method-body -index-store-path /Users/jans./Library/Developer/Xcode/DerivedData/meal.advisor.ios-csaldjncgoleykghtkpncaypzmvo/Index.noindex/DataStore @/Users/jans./Library/Developer/Xcode/DerivedData/meal.advisor.ios-csaldjncgoleykghtkpncaypzmvo/Build/Intermediates.noindex/GTMSessionFetcher.build/Debug-iphonesimulator/GTMSessionFetcherCore.build/Objects-normal/arm64/e6072d4f65d7061329687fe24e3d63a7-common-args.resp -include /Users/jans./Library/Developer/Xcode/DerivedData/meal.advisor.ios-csaldjncgoleykghtkpncaypzmvo/Build/Intermediates.noindex/GTMSessionFetcher.build/Debug-iphonesimulator/GTMSessionFetcherCore.build/DerivedSources/resource_bundle_accessor.h -MMD -MT dependencies -MF /Users/jans./Library/Developer/Xcode/DerivedData/meal.advisor.ios-csaldjncgoleykghtkpncaypzmvo/Build/Intermediates.noindex/GTMSessionFetcher.build/Debug-iphonesimulator/GTMSessionFetcherCore.build/Objects-normal/arm64/GTMSessionFetcher.d --serialize-diagnostics /Users/jans./Library/Developer/Xcode/DerivedData/meal.advisor.ios-csaldjncgoleykghtkpncaypzmvo/Build/Intermediates.noindex/GTMSessionFetcher.build/Debug-iphonesimulator/GTMSessionFetcherCore.build/Objects-normal/arm64/GTMSessionFetcher.dia -c /Users/jans./Library/Developer/Xcode/DerivedData/meal.advisor.ios-csaldjncgoleykghtkpncaypzmvo/SourcePackages/checkouts/gtm-session-fetcher/Sources/Core/GTMSessionFetcher.m -o /Users/jans./Library/Developer/Xcode/DerivedData/meal.advisor.ios-csaldjncgoleykghtkpncaypzmvo/Build/Intermediates.noindex/GTMSessionFetcher.build/Debug-iphonesimulator/GTMSessionFetcherCore.build/Objects-normal/arm64/GTMSessionFetcher.o -index-unit-output-path /GTMSessionFetcher.build/Debug-iphonesimulator/GTMSessionFetcherCore.build/Objects-normal/arm64/GTMSessionFetcher.o

ScanDependencies /Users/jans./Library/Developer/Xcode/DerivedData/meal.advisor.ios-csaldjncgoleykghtkpncaypzmvo/Build/Intermediates.noindex/GTMSessionFetcher.build/Debug-iphonesimulator/GTMSessionFetcherCore.build/Objects-normal/arm64/resource_bundle_accessor.o /Users/jans./Library/Developer/Xcode/DerivedData/meal.advisor.ios-csaldjncgoleykghtkpncaypzmvo/Build/Intermediates.noindex/GTMSessionFetcher.build/Debug-iphonesimulator/GTMSessionFetcherCore.build/DerivedSources/resource_bundle_accessor.m normal arm64 objective-c com.apple.compilers.llvm.clang.1_0.compiler (in target 'GTMSessionFetcherCore' from project 'GTMSessionFetcher')
    cd /Users/jans./Downloads/meal.advisor/meal.advisor.ios/meal.advisor.ios/meal.advisor.ios/meal.advisor.ios.xcodeproj
    
    Using response file: /Users/jans./Library/Developer/Xcode/DerivedData/meal.advisor.ios-csaldjncgoleykghtkpncaypzmvo/Build/Intermediates.noindex/GTMSessionFetcher.build/Debug-iphonesimulator/GTMSessionFetcherCore.build/Objects-normal/arm64/e6072d4f65d7061329687fe24e3d63a7-common-args.resp
    
    builtin-ScanDependencies -o /Users/jans./Library/Developer/Xcode/DerivedData/meal.advisor.ios-csaldjncgoleykghtkpncaypzmvo/Build/Intermediates.noindex/GTMSessionFetcher.build/Debug-iphonesimulator/GTMSessionFetcherCore.build/Objects-normal/arm64/resource_bundle_accessor.o.scan -- /Applications/Xcode.app/Contents/Developer/Toolchains/XcodeDefault.xctoolchain/usr/bin/clang -x objective-c -ivfsstatcache /Users/jans./Library/Developer/Xcode/DerivedData/SDKStatCaches.noindex/iphonesimulator18.5-22F76-d5fc8ad4295d2ef488fb7d0f804ce0c4.sdkstatcache -fmessage-length\=0 -fdiagnostics-show-note-include-stack -fmacro-backtrace-limit\=0 -fno-color-diagnostics -fmodules-prune-interval\=86400 -fmodules-prune-after\=345600 -fbuild-session-file\=/Users/jans./Library/Developer/Xcode/DerivedData/ModuleCache.noindex/Session.modulevalidation -fmodules-validate-once-per-build-session -Wnon-modular-include-in-framework-module -Werror\=non-modular-include-in-framework-module -Wno-trigraphs -Wno-missing-field-initializers -Wno-missing-prototypes -Wno-return-type -Wno-implicit-atomic-properties -Wno-objc-interface-ivars -Wno-arc-repeated-use-of-weak -Wno-missing-braces -Wparentheses -Wswitch -Wno-unused-function -Wno-unused-label -Wno-unused-parameter -Wno-unused-variable -Wunused-value -Wno-empty-body -Wno-uninitialized -Wno-unknown-pragmas -w -Wno-shadow -Wno-four-char-constants -Wno-conversion -Wno-constant-conversion -Wno-int-conversion -Wno-bool-conversion -Wno-enum-conversion -Wno-float-conversion -Wno-non-literal-null-conversion -Wno-objc-literal-conversion -Wshorten-64-to-32 -Wpointer-sign -Wno-newline-eof -Wno-selector -Wno-strict-selector-match -Wno-undeclared-selector -Wno-deprecated-implementations -Wno-implicit-fallthrough -fstrict-aliasing -Wprotocol -Wdeprecated-declarations -Wno-sign-conversion -Wno-infinite-recursion -Wno-comma -Wno-block-capture-autoreleasing -Wno-strict-prototypes -Wno-semicolon-before-method-body -index-store-path /Users/jans./Library/Developer/Xcode/DerivedData/meal.advisor.ios-csaldjncgoleykghtkpncaypzmvo/Index.noindex/DataStore @/Users/jans./Library/Developer/Xcode/DerivedData/meal.advisor.ios-csaldjncgoleykghtkpncaypzmvo/Build/Intermediates.noindex/GTMSessionFetcher.build/Debug-iphonesimulator/GTMSessionFetcherCore.build/Objects-normal/arm64/e6072d4f65d7061329687fe24e3d63a7-common-args.resp -include /Users/jans./Library/Developer/Xcode/DerivedData/meal.advisor.ios-csaldjncgoleykghtkpncaypzmvo/Build/Intermediates.noindex/GTMSessionFetcher.build/Debug-iphonesimulator/GTMSessionFetcherCore.build/DerivedSources/resource_bundle_accessor.h -MMD -MT dependencies -MF /Users/jans./Library/Developer/Xcode/DerivedData/meal.advisor.ios-csaldjncgoleykghtkpncaypzmvo/Build/Intermediates.noindex/GTMSessionFetcher.build/Debug-iphonesimulator/GTMSessionFetcherCore.build/Objects-normal/arm64/resource_bundle_accessor.d --serialize-diagnostics /Users/jans./Library/Developer/Xcode/DerivedData/meal.advisor.ios-csaldjncgoleykghtkpncaypzmvo/Build/Intermediates.noindex/GTMSessionFetcher.build/Debug-iphonesimulator/GTMSessionFetcherCore.build/Objects-normal/arm64/resource_bundle_accessor.dia -c /Users/jans./Library/Developer/Xcode/DerivedData/meal.advisor.ios-csaldjncgoleykghtkpncaypzmvo/Build/Intermediates.noindex/GTMSessionFetcher.build/Debug-iphonesimulator/GTMSessionFetcherCore.build/DerivedSources/resource_bundle_accessor.m -o /Users/jans./Library/Developer/Xcode/DerivedData/meal.advisor.ios-csaldjncgoleykghtkpncaypzmvo/Build/Intermediates.noindex/GTMSessionFetcher.build/Debug-iphonesimulator/GTMSessionFetcherCore.build/Objects-normal/arm64/resource_bundle_accessor.o -index-unit-output-path /GTMSessionFetcher.build/Debug-iphonesimulator/GTMSessionFetcherCore.build/Objects-normal/arm64/resource_bundle_accessor.o

ScanDependencies /Users/jans./Library/Developer/Xcode/DerivedData/meal.advisor.ios-csaldjncgoleykghtkpncaypzmvo/Build/Intermediates.noindex/AppAuth.build/Debug-iphonesimulator/AppAuthCore.build/Objects-normal/arm64/OIDURLSessionProvider.o /Users/jans./Library/Developer/Xcode/DerivedData/meal.advisor.ios-csaldjncgoleykghtkpncaypzmvo/SourcePackages/checkouts/AppAuth-iOS/Sources/AppAuthCore/OIDURLSessionProvider.m normal arm64 objective-c com.apple.compilers.llvm.clang.1_0.compiler (in target 'AppAuthCore' from project 'AppAuth')
    cd /Users/jans./Downloads/meal.advisor/meal.advisor.ios/meal.advisor.ios/meal.advisor.ios/meal.advisor.ios.xcodeproj
    
    Using response file: /Users/jans./Library/Developer/Xcode/DerivedData/meal.advisor.ios-csaldjncgoleykghtkpncaypzmvo/Build/Intermediates.noindex/AppAuth.build/Debug-iphonesimulator/AppAuthCore.build/Objects-normal/arm64/e6072d4f65d7061329687fe24e3d63a7-common-args.resp
    
    builtin-ScanDependencies -o /Users/jans./Library/Developer/Xcode/DerivedData/meal.advisor.ios-csaldjncgoleykghtkpncaypzmvo/Build/Intermediates.noindex/AppAuth.build/Debug-iphonesimulator/AppAuthCore.build/Objects-normal/arm64/OIDURLSessionProvider.o.scan -- /Applications/Xcode.app/Contents/Developer/Toolchains/XcodeDefault.xctoolchain/usr/bin/clang -x objective-c -ivfsstatcache /Users/jans./Library/Developer/Xcode/DerivedData/SDKStatCaches.noindex/iphonesimulator18.5-22F76-d5fc8ad4295d2ef488fb7d0f804ce0c4.sdkstatcache -fmessage-length\=0 -fdiagnostics-show-note-include-stack -fmacro-backtrace-limit\=0 -fno-color-diagnostics -fmodules-prune-interval\=86400 -fmodules-prune-after\=345600 -fbuild-session-file\=/Users/jans./Library/Developer/Xcode/DerivedData/ModuleCache.noindex/Session.modulevalidation -fmodules-validate-once-per-build-session -Wnon-modular-include-in-framework-module -Werror\=non-modular-include-in-framework-module -Wno-trigraphs -Wno-missing-field-initializers -Wno-missing-prototypes -Wno-return-type -Wno-implicit-atomic-properties -Wno-objc-interface-ivars -Wno-arc-repeated-use-of-weak -Wno-missing-braces -Wparentheses -Wswitch -Wno-unused-function -Wno-unused-label -Wno-unused-parameter -Wno-unused-variable -Wunused-value -Wno-empty-body -Wno-uninitialized -Wno-unknown-pragmas -w -Wno-shadow -Wno-four-char-constants -Wno-conversion -Wno-constant-conversion -Wno-int-conversion -Wno-bool-conversion -Wno-enum-conversion -Wno-float-conversion -Wno-non-literal-null-conversion -Wno-objc-literal-conversion -Wshorten-64-to-32 -Wpointer-sign -Wno-newline-eof -Wno-selector -Wno-strict-selector-match -Wno-undeclared-selector -Wno-deprecated-implementations -Wno-implicit-fallthrough -fstrict-aliasing -Wprotocol -Wdeprecated-declarations -Wno-sign-conversion -Wno-infinite-recursion -Wno-comma -Wno-block-capture-autoreleasing -Wno-strict-prototypes -Wno-semicolon-before-method-body -index-store-path /Users/jans./Library/Developer/Xcode/DerivedData/meal.advisor.ios-csaldjncgoleykghtkpncaypzmvo/Index.noindex/DataStore @/Users/jans./Library/Developer/Xcode/DerivedData/meal.advisor.ios-csaldjncgoleykghtkpncaypzmvo/Build/Intermediates.noindex/AppAuth.build/Debug-iphonesimulator/AppAuthCore.build/Objects-normal/arm64/e6072d4f65d7061329687fe24e3d63a7-common-args.resp -include /Users/jans./Library/Developer/Xcode/DerivedData/meal.advisor.ios-csaldjncgoleykghtkpncaypzmvo/Build/Intermediates.noindex/AppAuth.build/Debug-iphonesimulator/AppAuthCore.build/DerivedSources/resource_bundle_accessor.h -MMD -MT dependencies -MF /Users/jans./Library/Developer/Xcode/DerivedData/meal.advisor.ios-csaldjncgoleykghtkpncaypzmvo/Build/Intermediates.noindex/AppAuth.build/Debug-iphonesimulator/AppAuthCore.build/Objects-normal/arm64/OIDURLSessionProvider.d --serialize-diagnostics /Users/jans./Library/Developer/Xcode/DerivedData/meal.advisor.ios-csaldjncgoleykghtkpncaypzmvo/Build/Intermediates.noindex/AppAuth.build/Debug-iphonesimulator/AppAuthCore.build/Objects-normal/arm64/OIDURLSessionProvider.dia -c /Users/jans./Library/Developer/Xcode/DerivedData/meal.advisor.ios-csaldjncgoleykghtkpncaypzmvo/SourcePackages/checkouts/AppAuth-iOS/Sources/AppAuthCore/OIDURLSessionProvider.m -o /Users/jans./Library/Developer/Xcode/DerivedData/meal.advisor.ios-csaldjncgoleykghtkpncaypzmvo/Build/Intermediates.noindex/AppAuth.build/Debug-iphonesimulator/AppAuthCore.build/Objects-normal/arm64/OIDURLSessionProvider.o -index-unit-output-path /AppAuth.build/Debug-iphonesimulator/AppAuthCore.build/Objects-normal/arm64/OIDURLSessionProvider.o

ScanDependencies /Users/jans./Library/Developer/Xcode/DerivedData/meal.advisor.ios-csaldjncgoleykghtkpncaypzmvo/Build/Intermediates.noindex/AppAuth.build/Debug-iphonesimulator/AppAuthCore.build/Objects-normal/arm64/OIDURLQueryComponent.o /Users/jans./Library/Developer/Xcode/DerivedData/meal.advisor.ios-csaldjncgoleykghtkpncaypzmvo/SourcePackages/checkouts/AppAuth-iOS/Sources/AppAuthCore/OIDURLQueryComponent.m normal arm64 objective-c com.apple.compilers.llvm.clang.1_0.compiler (in target 'AppAuthCore' from project 'AppAuth')
    cd /Users/jans./Downloads/meal.advisor/meal.advisor.ios/meal.advisor.ios/meal.advisor.ios/meal.advisor.ios.xcodeproj
    
    Using response file: /Users/jans./Library/Developer/Xcode/DerivedData/meal.advisor.ios-csaldjncgoleykghtkpncaypzmvo/Build/Intermediates.noindex/AppAuth.build/Debug-iphonesimulator/AppAuthCore.build/Objects-normal/arm64/e6072d4f65d7061329687fe24e3d63a7-common-args.resp
    
    builtin-ScanDependencies -o /Users/jans./Library/Developer/Xcode/DerivedData/meal.advisor.ios-csaldjncgoleykghtkpncaypzmvo/Build/Intermediates.noindex/AppAuth.build/Debug-iphonesimulator/AppAuthCore.build/Objects-normal/arm64/OIDURLQueryComponent.o.scan -- /Applications/Xcode.app/Contents/Developer/Toolchains/XcodeDefault.xctoolchain/usr/bin/clang -x objective-c -ivfsstatcache /Users/jans./Library/Developer/Xcode/DerivedData/SDKStatCaches.noindex/iphonesimulator18.5-22F76-d5fc8ad4295d2ef488fb7d0f804ce0c4.sdkstatcache -fmessage-length\=0 -fdiagnostics-show-note-include-stack -fmacro-backtrace-limit\=0 -fno-color-diagnostics -fmodules-prune-interval\=86400 -fmodules-prune-after\=345600 -fbuild-session-file\=/Users/jans./Library/Developer/Xcode/DerivedData/ModuleCache.noindex/Session.modulevalidation -fmodules-validate-once-per-build-session -Wnon-modular-include-in-framework-module -Werror\=non-modular-include-in-framework-module -Wno-trigraphs -Wno-missing-field-initializers -Wno-missing-prototypes -Wno-return-type -Wno-implicit-atomic-properties -Wno-objc-interface-ivars -Wno-arc-repeated-use-of-weak -Wno-missing-braces -Wparentheses -Wswitch -Wno-unused-function -Wno-unused-label -Wno-unused-parameter -Wno-unused-variable -Wunused-value -Wno-empty-body -Wno-uninitialized -Wno-unknown-pragmas -w -Wno-shadow -Wno-four-char-constants -Wno-conversion -Wno-constant-conversion -Wno-int-conversion -Wno-bool-conversion -Wno-enum-conversion -Wno-float-conversion -Wno-non-literal-null-conversion -Wno-objc-literal-conversion -Wshorten-64-to-32 -Wpointer-sign -Wno-newline-eof -Wno-selector -Wno-strict-selector-match -Wno-undeclared-selector -Wno-deprecated-implementations -Wno-implicit-fallthrough -fstrict-aliasing -Wprotocol -Wdeprecated-declarations -Wno-sign-conversion -Wno-infinite-recursion -Wno-comma -Wno-block-capture-autoreleasing -Wno-strict-prototypes -Wno-semicolon-before-method-body -index-store-path /Users/jans./Library/Developer/Xcode/DerivedData/meal.advisor.ios-csaldjncgoleykghtkpncaypzmvo/Index.noindex/DataStore @/Users/jans./Library/Developer/Xcode/DerivedData/meal.advisor.ios-csaldjncgoleykghtkpncaypzmvo/Build/Intermediates.noindex/AppAuth.build/Debug-iphonesimulator/AppAuthCore.build/Objects-normal/arm64/e6072d4f65d7061329687fe24e3d63a7-common-args.resp -include /Users/jans./Library/Developer/Xcode/DerivedData/meal.advisor.ios-csaldjncgoleykghtkpncaypzmvo/Build/Intermediates.noindex/AppAuth.build/Debug-iphonesimulator/AppAuthCore.build/DerivedSources/resource_bundle_accessor.h -MMD -MT dependencies -MF /Users/jans./Library/Developer/Xcode/DerivedData/meal.advisor.ios-csaldjncgoleykghtkpncaypzmvo/Build/Intermediates.noindex/AppAuth.build/Debug-iphonesimulator/AppAuthCore.build/Objects-normal/arm64/OIDURLQueryComponent.d --serialize-diagnostics /Users/jans./Library/Developer/Xcode/DerivedData/meal.advisor.ios-csaldjncgoleykghtkpncaypzmvo/Build/Intermediates.noindex/AppAuth.build/Debug-iphonesimulator/AppAuthCore.build/Objects-normal/arm64/OIDURLQueryComponent.dia -c /Users/jans./Library/Developer/Xcode/DerivedData/meal.advisor.ios-csaldjncgoleykghtkpncaypzmvo/SourcePackages/checkouts/AppAuth-iOS/Sources/AppAuthCore/OIDURLQueryComponent.m -o /Users/jans./Library/Developer/Xcode/DerivedData/meal.advisor.ios-csaldjncgoleykghtkpncaypzmvo/Build/Intermediates.noindex/AppAuth.build/Debug-iphonesimulator/AppAuthCore.build/Objects-normal/arm64/OIDURLQueryComponent.o -index-unit-output-path /AppAuth.build/Debug-iphonesimulator/AppAuthCore.build/Objects-normal/arm64/OIDURLQueryComponent.o

ScanDependencies /Users/jans./Library/Developer/Xcode/DerivedData/meal.advisor.ios-csaldjncgoleykghtkpncaypzmvo/Build/Intermediates.noindex/AppAuth.build/Debug-iphonesimulator/AppAuthCore.build/Objects-normal/arm64/OIDTokenUtilities.o /Users/jans./Library/Developer/Xcode/DerivedData/meal.advisor.ios-csaldjncgoleykghtkpncaypzmvo/SourcePackages/checkouts/AppAuth-iOS/Sources/AppAuthCore/OIDTokenUtilities.m normal arm64 objective-c com.apple.compilers.llvm.clang.1_0.compiler (in target 'AppAuthCore' from project 'AppAuth')
    cd /Users/jans./Downloads/meal.advisor/meal.advisor.ios/meal.advisor.ios/meal.advisor.ios/meal.advisor.ios.xcodeproj
    
    Using response file: /Users/jans./Library/Developer/Xcode/DerivedData/meal.advisor.ios-csaldjncgoleykghtkpncaypzmvo/Build/Intermediates.noindex/AppAuth.build/Debug-iphonesimulator/AppAuthCore.build/Objects-normal/arm64/e6072d4f65d7061329687fe24e3d63a7-common-args.resp
    
    builtin-ScanDependencies -o /Users/jans./Library/Developer/Xcode/DerivedData/meal.advisor.ios-csaldjncgoleykghtkpncaypzmvo/Build/Intermediates.noindex/AppAuth.build/Debug-iphonesimulator/AppAuthCore.build/Objects-normal/arm64/OIDTokenUtilities.o.scan -- /Applications/Xcode.app/Contents/Developer/Toolchains/XcodeDefault.xctoolchain/usr/bin/clang -x objective-c -ivfsstatcache /Users/jans./Library/Developer/Xcode/DerivedData/SDKStatCaches.noindex/iphonesimulator18.5-22F76-d5fc8ad4295d2ef488fb7d0f804ce0c4.sdkstatcache -fmessage-length\=0 -fdiagnostics-show-note-include-stack -fmacro-backtrace-limit\=0 -fno-color-diagnostics -fmodules-prune-interval\=86400 -fmodules-prune-after\=345600 -fbuild-session-file\=/Users/jans./Library/Developer/Xcode/DerivedData/ModuleCache.noindex/Session.modulevalidation -fmodules-validate-once-per-build-session -Wnon-modular-include-in-framework-module -Werror\=non-modular-include-in-framework-module -Wno-trigraphs -Wno-missing-field-initializers -Wno-missing-prototypes -Wno-return-type -Wno-implicit-atomic-properties -Wno-objc-interface-ivars -Wno-arc-repeated-use-of-weak -Wno-missing-braces -Wparentheses -Wswitch -Wno-unused-function -Wno-unused-label -Wno-unused-parameter -Wno-unused-variable -Wunused-value -Wno-empty-body -Wno-uninitialized -Wno-unknown-pragmas -w -Wno-shadow -Wno-four-char-constants -Wno-conversion -Wno-constant-conversion -Wno-int-conversion -Wno-bool-conversion -Wno-enum-conversion -Wno-float-conversion -Wno-non-literal-null-conversion -Wno-objc-literal-conversion -Wshorten-64-to-32 -Wpointer-sign -Wno-newline-eof -Wno-selector -Wno-strict-selector-match -Wno-undeclared-selector -Wno-deprecated-implementations -Wno-implicit-fallthrough -fstrict-aliasing -Wprotocol -Wdeprecated-declarations -Wno-sign-conversion -Wno-infinite-recursion -Wno-comma -Wno-block-capture-autoreleasing -Wno-strict-prototypes -Wno-semicolon-before-method-body -index-store-path /Users/jans./Library/Developer/Xcode/DerivedData/meal.advisor.ios-csaldjncgoleykghtkpncaypzmvo/Index.noindex/DataStore @/Users/jans./Library/Developer/Xcode/DerivedData/meal.advisor.ios-csaldjncgoleykghtkpncaypzmvo/Build/Intermediates.noindex/AppAuth.build/Debug-iphonesimulator/AppAuthCore.build/Objects-normal/arm64/e6072d4f65d7061329687fe24e3d63a7-common-args.resp -include /Users/jans./Library/Developer/Xcode/DerivedData/meal.advisor.ios-csaldjncgoleykghtkpncaypzmvo/Build/Intermediates.noindex/AppAuth.build/Debug-iphonesimulator/AppAuthCore.build/DerivedSources/resource_bundle_accessor.h -MMD -MT dependencies -MF /Users/jans./Library/Developer/Xcode/DerivedData/meal.advisor.ios-csaldjncgoleykghtkpncaypzmvo/Build/Intermediates.noindex/AppAuth.build/Debug-iphonesimulator/AppAuthCore.build/Objects-normal/arm64/OIDTokenUtilities.d --serialize-diagnostics /Users/jans./Library/Developer/Xcode/DerivedData/meal.advisor.ios-csaldjncgoleykghtkpncaypzmvo/Build/Intermediates.noindex/AppAuth.build/Debug-iphonesimulator/AppAuthCore.build/Objects-normal/arm64/OIDTokenUtilities.dia -c /Users/jans./Library/Developer/Xcode/DerivedData/meal.advisor.ios-csaldjncgoleykghtkpncaypzmvo/SourcePackages/checkouts/AppAuth-iOS/Sources/AppAuthCore/OIDTokenUtilities.m -o /Users/jans./Library/Developer/Xcode/DerivedData/meal.advisor.ios-csaldjncgoleykghtkpncaypzmvo/Build/Intermediates.noindex/AppAuth.build/Debug-iphonesimulator/AppAuthCore.build/Objects-normal/arm64/OIDTokenUtilities.o -index-unit-output-path /AppAuth.build/Debug-iphonesimulator/AppAuthCore.build/Objects-normal/arm64/OIDTokenUtilities.o

SwiftDriver Kingfisher normal arm64 com.apple.xcode.tools.swift.compiler (in target 'Kingfisher' from project 'Kingfisher')
    cd /Users/jans./Downloads/meal.advisor/meal.advisor.ios/meal.advisor.ios/meal.advisor.ios/meal.advisor.ios.xcodeproj
    builtin-SwiftDriver -- /Applications/Xcode.app/Contents/Developer/Toolchains/XcodeDefault.xctoolchain/usr/bin/swiftc -module-name Kingfisher -Onone -enforce-exclusivity\=checked @/Users/jans./Library/Developer/Xcode/DerivedData/meal.advisor.ios-csaldjncgoleykghtkpncaypzmvo/Build/Intermediates.noindex/Kingfisher.build/Debug-iphonesimulator/Kingfisher.build/Objects-normal/arm64/Kingfisher.SwiftFileList -DSWIFT_PACKAGE -DDEBUG -DXcode -plugin-path /Applications/Xcode.app/Contents/Developer/Toolchains/XcodeDefault.xctoolchain/usr/lib/swift/host/plugins/testing -enable-experimental-feature DebugDescriptionMacro -sdk /Applications/Xcode.app/Contents/Developer/Platforms/iPhoneSimulator.platform/Developer/SDKs/iPhoneSimulator18.5.sdk -target arm64-apple-ios12.0-simulator -g -module-cache-path /Users/jans./Library/Developer/Xcode/DerivedData/ModuleCache.noindex -Xfrontend -serialize-debugging-options -enable-testing -suppress-warnings -index-store-path /Users/jans./Library/Developer/Xcode/DerivedData/meal.advisor.ios-csaldjncgoleykghtkpncaypzmvo/Index.noindex/DataStore -swift-version 5 -I /Users/jans./Library/Developer/Xcode/DerivedData/meal.advisor.ios-csaldjncgoleykghtkpncaypzmvo/Build/Products/Debug-iphonesimulator -I /Applications/Xcode.app/Contents/Developer/Platforms/iPhoneSimulator.platform/Developer/usr/lib -F /Users/jans./Library/Developer/Xcode/DerivedData/meal.advisor.ios-csaldjncgoleykghtkpncaypzmvo/Build/Products/Debug-iphonesimulator -F /Applications/Xcode.app/Contents/Developer/Platforms/iPhoneSimulator.platform/Developer/Library/Frameworks -F /Applications/Xcode.app/Contents/Developer/Platforms/iPhoneSimulator.platform/Developer/SDKs/iPhoneSimulator18.5.sdk/Developer/Library/Frameworks -c -j8 -enable-batch-mode -incremental -Xcc -ivfsstatcache -Xcc /Users/jans./Library/Developer/Xcode/DerivedData/SDKStatCaches.noindex/iphonesimulator18.5-22F76-d5fc8ad4295d2ef488fb7d0f804ce0c4.sdkstatcache -output-file-map /Users/jans./Library/Developer/Xcode/DerivedData/meal.advisor.ios-csaldjncgoleykghtkpncaypzmvo/Build/Intermediates.noindex/Kingfisher.build/Debug-iphonesimulator/Kingfisher.build/Objects-normal/arm64/Kingfisher-OutputFileMap.json -use-frontend-parseable-output -save-temps -no-color-diagnostics -serialize-diagnostics -emit-dependencies -emit-module -emit-module-path /Users/jans./Library/Developer/Xcode/DerivedData/meal.advisor.ios-csaldjncgoleykghtkpncaypzmvo/Build/Intermediates.noindex/Kingfisher.build/Debug-iphonesimulator/Kingfisher.build/Objects-normal/arm64/Kingfisher.swiftmodule -validate-clang-modules-once -clang-build-session-file /Users/jans./Library/Developer/Xcode/DerivedData/ModuleCache.noindex/Session.modulevalidation -package-name kingfisher -Xcc -I/Users/jans./Library/Developer/Xcode/DerivedData/meal.advisor.ios-csaldjncgoleykghtkpncaypzmvo/Build/Intermediates.noindex/Kingfisher.build/Debug-iphonesimulator/Kingfisher.build/swift-overrides.hmap -emit-const-values -Xfrontend -const-gather-protocols-file -Xfrontend /Users/jans./Library/Developer/Xcode/DerivedData/meal.advisor.ios-csaldjncgoleykghtkpncaypzmvo/Build/Intermediates.noindex/Kingfisher.build/Debug-iphonesimulator/Kingfisher.build/Objects-normal/arm64/Kingfisher_const_extract_protocols.json -Xcc -I/Users/jans./Library/Developer/Xcode/DerivedData/meal.advisor.ios-csaldjncgoleykghtkpncaypzmvo/Build/Products/Debug-iphonesimulator/include -Xcc -I/Users/jans./Library/Developer/Xcode/DerivedData/meal.advisor.ios-csaldjncgoleykghtkpncaypzmvo/Build/Intermediates.noindex/Kingfisher.build/Debug-iphonesimulator/Kingfisher.build/DerivedSources-normal/arm64 -Xcc -I/Users/jans./Library/Developer/Xcode/DerivedData/meal.advisor.ios-csaldjncgoleykghtkpncaypzmvo/Build/Intermediates.noindex/Kingfisher.build/Debug-iphonesimulator/Kingfisher.build/DerivedSources/arm64 -Xcc -I/Users/jans./Library/Developer/Xcode/DerivedData/meal.advisor.ios-csaldjncgoleykghtkpncaypzmvo/Build/Intermediates.noindex/Kingfisher.build/Debug-iphonesimulator/Kingfisher.build/DerivedSources -Xcc -DSWIFT_PACKAGE -Xcc -DDEBUG\=1 -emit-objc-header -emit-objc-header-path /Users/jans./Library/Developer/Xcode/DerivedData/meal.advisor.ios-csaldjncgoleykghtkpncaypzmvo/Build/Intermediates.noindex/Kingfisher.build/Debug-iphonesimulator/Kingfisher.build/Objects-normal/arm64/Kingfisher-Swift.h -working-directory /Users/jans./Downloads/meal.advisor/meal.advisor.ios/meal.advisor.ios/meal.advisor.ios/meal.advisor.ios.xcodeproj -experimental-emit-module-separately -disable-cmo

SwiftDriver IssueReportingPackageSupport normal arm64 com.apple.xcode.tools.swift.compiler (in target 'IssueReportingPackageSupport' from project 'xctest-dynamic-overlay')
    cd /Users/jans./Downloads/meal.advisor/meal.advisor.ios/meal.advisor.ios/meal.advisor.ios/meal.advisor.ios.xcodeproj
    builtin-SwiftDriver -- /Applications/Xcode.app/Contents/Developer/Toolchains/XcodeDefault.xctoolchain/usr/bin/swiftc -module-name IssueReportingPackageSupport -Onone -enforce-exclusivity\=checked @/Users/jans./Library/Developer/Xcode/DerivedData/meal.advisor.ios-csaldjncgoleykghtkpncaypzmvo/Build/Intermediates.noindex/xctest-dynamic-overlay.build/Debug-iphonesimulator/IssueReportingPackageSupport.build/Objects-normal/arm64/IssueReportingPackageSupport.SwiftFileList -DSWIFT_PACKAGE -DDEBUG -DXcode -plugin-path /Applications/Xcode.app/Contents/Developer/Toolchains/XcodeDefault.xctoolchain/usr/lib/swift/host/plugins/testing -enable-experimental-feature DebugDescriptionMacro -sdk /Applications/Xcode.app/Contents/Developer/Platforms/iPhoneSimulator.platform/Developer/SDKs/iPhoneSimulator18.5.sdk -target arm64-apple-ios13.0-simulator -g -module-cache-path /Users/jans./Library/Developer/Xcode/DerivedData/ModuleCache.noindex -Xfrontend -serialize-debugging-options -enable-testing -suppress-warnings -index-store-path /Users/jans./Library/Developer/Xcode/DerivedData/meal.advisor.ios-csaldjncgoleykghtkpncaypzmvo/Index.noindex/DataStore -swift-version 6 -I /Users/jans./Library/Developer/Xcode/DerivedData/meal.advisor.ios-csaldjncgoleykghtkpncaypzmvo/Build/Products/Debug-iphonesimulator -I /Applications/Xcode.app/Contents/Developer/Platforms/iPhoneSimulator.platform/Developer/usr/lib -F /Users/jans./Library/Developer/Xcode/DerivedData/meal.advisor.ios-csaldjncgoleykghtkpncaypzmvo/Build/Products/Debug-iphonesimulator -F /Applications/Xcode.app/Contents/Developer/Platforms/iPhoneSimulator.platform/Developer/Library/Frameworks -F /Applications/Xcode.app/Contents/Developer/Platforms/iPhoneSimulator.platform/Developer/SDKs/iPhoneSimulator18.5.sdk/Developer/Library/Frameworks -parse-as-library -c -j8 -enable-batch-mode -incremental -Xcc -ivfsstatcache -Xcc /Users/jans./Library/Developer/Xcode/DerivedData/SDKStatCaches.noindex/iphonesimulator18.5-22F76-d5fc8ad4295d2ef488fb7d0f804ce0c4.sdkstatcache -output-file-map /Users/jans./Library/Developer/Xcode/DerivedData/meal.advisor.ios-csaldjncgoleykghtkpncaypzmvo/Build/Intermediates.noindex/xctest-dynamic-overlay.build/Debug-iphonesimulator/IssueReportingPackageSupport.build/Objects-normal/arm64/IssueReportingPackageSupport-OutputFileMap.json -use-frontend-parseable-output -save-temps -no-color-diagnostics -serialize-diagnostics -emit-dependencies -emit-module -emit-module-path /Users/jans./Library/Developer/Xcode/DerivedData/meal.advisor.ios-csaldjncgoleykghtkpncaypzmvo/Build/Intermediates.noindex/xctest-dynamic-overlay.build/Debug-iphonesimulator/IssueReportingPackageSupport.build/Objects-normal/arm64/IssueReportingPackageSupport.swiftmodule -user-module-version 1.6.1 -validate-clang-modules-once -clang-build-session-file /Users/jans./Library/Developer/Xcode/DerivedData/ModuleCache.noindex/Session.modulevalidation -package-name xctest_dynamic_overlay -Xcc -I/Users/jans./Library/Developer/Xcode/DerivedData/meal.advisor.ios-csaldjncgoleykghtkpncaypzmvo/Build/Intermediates.noindex/xctest-dynamic-overlay.build/Debug-iphonesimulator/IssueReportingPackageSupport.build/swift-overrides.hmap -emit-const-values -Xfrontend -const-gather-protocols-file -Xfrontend /Users/jans./Library/Developer/Xcode/DerivedData/meal.advisor.ios-csaldjncgoleykghtkpncaypzmvo/Build/Intermediates.noindex/xctest-dynamic-overlay.build/Debug-iphonesimulator/IssueReportingPackageSupport.build/Objects-normal/arm64/IssueReportingPackageSupport_const_extract_protocols.json -Xcc -I/Users/jans./Library/Developer/Xcode/DerivedData/meal.advisor.ios-csaldjncgoleykghtkpncaypzmvo/Build/Products/Debug-iphonesimulator/include -Xcc -I/Users/jans./Library/Developer/Xcode/DerivedData/meal.advisor.ios-csaldjncgoleykghtkpncaypzmvo/Build/Intermediates.noindex/xctest-dynamic-overlay.build/Debug-iphonesimulator/IssueReportingPackageSupport.build/DerivedSources-normal/arm64 -Xcc -I/Users/jans./Library/Developer/Xcode/DerivedData/meal.advisor.ios-csaldjncgoleykghtkpncaypzmvo/Build/Intermediates.noindex/xctest-dynamic-overlay.build/Debug-iphonesimulator/IssueReportingPackageSupport.build/DerivedSources/arm64 -Xcc -I/Users/jans./Library/Developer/Xcode/DerivedData/meal.advisor.ios-csaldjncgoleykghtkpncaypzmvo/Build/Intermediates.noindex/xctest-dynamic-overlay.build/Debug-iphonesimulator/IssueReportingPackageSupport.build/DerivedSources -Xcc -DSWIFT_PACKAGE -Xcc -DDEBUG\=1 -emit-objc-header -emit-objc-header-path /Users/jans./Library/Developer/Xcode/DerivedData/meal.advisor.ios-csaldjncgoleykghtkpncaypzmvo/Build/Intermediates.noindex/xctest-dynamic-overlay.build/Debug-iphonesimulator/IssueReportingPackageSupport.build/Objects-normal/arm64/IssueReportingPackageSupport-Swift.h -working-directory /Users/jans./Downloads/meal.advisor/meal.advisor.ios/meal.advisor.ios/meal.advisor.ios/meal.advisor.ios.xcodeproj -experimental-emit-module-separately -disable-cmo

SwiftDriver HTTPTypes normal arm64 com.apple.xcode.tools.swift.compiler (in target 'HTTPTypes' from project 'swift-http-types')
    cd /Users/jans./Downloads/meal.advisor/meal.advisor.ios/meal.advisor.ios/meal.advisor.ios/meal.advisor.ios.xcodeproj
    builtin-SwiftDriver -- /Applications/Xcode.app/Contents/Developer/Toolchains/XcodeDefault.xctoolchain/usr/bin/swiftc -module-name HTTPTypes -Onone -enforce-exclusivity\=checked @/Users/jans./Library/Developer/Xcode/DerivedData/meal.advisor.ios-csaldjncgoleykghtkpncaypzmvo/Build/Intermediates.noindex/swift-http-types.build/Debug-iphonesimulator/HTTPTypes.build/Objects-normal/arm64/HTTPTypes.SwiftFileList -DSWIFT_PACKAGE -DDEBUG -DXcode -enable-experimental-feature StrictConcurrency\=complete -enable-upcoming-feature MemberImportVisibility -plugin-path /Applications/Xcode.app/Contents/Developer/Toolchains/XcodeDefault.xctoolchain/usr/lib/swift/host/plugins/testing -enable-experimental-feature DebugDescriptionMacro -sdk /Applications/Xcode.app/Contents/Developer/Platforms/iPhoneSimulator.platform/Developer/SDKs/iPhoneSimulator18.5.sdk -target arm64-apple-ios12.0-simulator -g -module-cache-path /Users/jans./Library/Developer/Xcode/DerivedData/ModuleCache.noindex -Xfrontend -serialize-debugging-options -enable-testing -suppress-warnings -index-store-path /Users/jans./Library/Developer/Xcode/DerivedData/meal.advisor.ios-csaldjncgoleykghtkpncaypzmvo/Index.noindex/DataStore -swift-version 5 -I /Users/jans./Library/Developer/Xcode/DerivedData/meal.advisor.ios-csaldjncgoleykghtkpncaypzmvo/Build/Products/Debug-iphonesimulator -I /Applications/Xcode.app/Contents/Developer/Platforms/iPhoneSimulator.platform/Developer/usr/lib -F /Users/jans./Library/Developer/Xcode/DerivedData/meal.advisor.ios-csaldjncgoleykghtkpncaypzmvo/Build/Products/Debug-iphonesimulator -F /Applications/Xcode.app/Contents/Developer/Platforms/iPhoneSimulator.platform/Developer/Library/Frameworks -F /Applications/Xcode.app/Contents/Developer/Platforms/iPhoneSimulator.platform/Developer/SDKs/iPhoneSimulator18.5.sdk/Developer/Library/Frameworks -c -j8 -enable-batch-mode -incremental -Xcc -ivfsstatcache -Xcc /Users/jans./Library/Developer/Xcode/DerivedData/SDKStatCaches.noindex/iphonesimulator18.5-22F76-d5fc8ad4295d2ef488fb7d0f804ce0c4.sdkstatcache -output-file-map /Users/jans./Library/Developer/Xcode/DerivedData/meal.advisor.ios-csaldjncgoleykghtkpncaypzmvo/Build/Intermediates.noindex/swift-http-types.build/Debug-iphonesimulator/HTTPTypes.build/Objects-normal/arm64/HTTPTypes-OutputFileMap.json -use-frontend-parseable-output -save-temps -no-color-diagnostics -serialize-diagnostics -emit-dependencies -emit-module -emit-module-path /Users/jans./Library/Developer/Xcode/DerivedData/meal.advisor.ios-csaldjncgoleykghtkpncaypzmvo/Build/Intermediates.noindex/swift-http-types.build/Debug-iphonesimulator/HTTPTypes.build/Objects-normal/arm64/HTTPTypes.swiftmodule -validate-clang-modules-once -clang-build-session-file /Users/jans./Library/Developer/Xcode/DerivedData/ModuleCache.noindex/Session.modulevalidation -package-name swift_http_types -Xcc -I/Users/jans./Library/Developer/Xcode/DerivedData/meal.advisor.ios-csaldjncgoleykghtkpncaypzmvo/Build/Intermediates.noindex/swift-http-types.build/Debug-iphonesimulator/HTTPTypes.build/swift-overrides.hmap -emit-const-values -Xfrontend -const-gather-protocols-file -Xfrontend /Users/jans./Library/Developer/Xcode/DerivedData/meal.advisor.ios-csaldjncgoleykghtkpncaypzmvo/Build/Intermediates.noindex/swift-http-types.build/Debug-iphonesimulator/HTTPTypes.build/Objects-normal/arm64/HTTPTypes_const_extract_protocols.json -Xcc -I/Users/jans./Library/Developer/Xcode/DerivedData/meal.advisor.ios-csaldjncgoleykghtkpncaypzmvo/Build/Products/Debug-iphonesimulator/include -Xcc -I/Users/jans./Library/Developer/Xcode/DerivedData/meal.advisor.ios-csaldjncgoleykghtkpncaypzmvo/Build/Intermediates.noindex/swift-http-types.build/Debug-iphonesimulator/HTTPTypes.build/DerivedSources-normal/arm64 -Xcc -I/Users/jans./Library/Developer/Xcode/DerivedData/meal.advisor.ios-csaldjncgoleykghtkpncaypzmvo/Build/Intermediates.noindex/swift-http-types.build/Debug-iphonesimulator/HTTPTypes.build/DerivedSources/arm64 -Xcc -I/Users/jans./Library/Developer/Xcode/DerivedData/meal.advisor.ios-csaldjncgoleykghtkpncaypzmvo/Build/Intermediates.noindex/swift-http-types.build/Debug-iphonesimulator/HTTPTypes.build/DerivedSources -Xcc -DSWIFT_PACKAGE -Xcc -DDEBUG\=1 -emit-objc-header -emit-objc-header-path /Users/jans./Library/Developer/Xcode/DerivedData/meal.advisor.ios-csaldjncgoleykghtkpncaypzmvo/Build/Intermediates.noindex/swift-http-types.build/Debug-iphonesimulator/HTTPTypes.build/Objects-normal/arm64/HTTPTypes-Swift.h -working-directory /Users/jans./Downloads/meal.advisor/meal.advisor.ios/meal.advisor.ios/meal.advisor.ios/meal.advisor.ios.xcodeproj -experimental-emit-module-separately -disable-cmo

SwiftDriver GTMAppAuth normal arm64 com.apple.xcode.tools.swift.compiler (in target 'GTMAppAuth' from project 'GTMAppAuth')
    cd /Users/jans./Downloads/meal.advisor/meal.advisor.ios/meal.advisor.ios/meal.advisor.ios/meal.advisor.ios.xcodeproj
    builtin-SwiftDriver -- /Applications/Xcode.app/Contents/Developer/Toolchains/XcodeDefault.xctoolchain/usr/bin/swiftc -module-name GTMAppAuth -Onone -enforce-exclusivity\=checked @/Users/jans./Library/Developer/Xcode/DerivedData/meal.advisor.ios-csaldjncgoleykghtkpncaypzmvo/Build/Intermediates.noindex/GTMAppAuth.build/Debug-iphonesimulator/GTMAppAuth.build/Objects-normal/arm64/GTMAppAuth.SwiftFileList -DSWIFT_PACKAGE -DDEBUG -Xcc -fmodule-map-file\=/Users/jans./Library/Developer/Xcode/DerivedData/meal.advisor.ios-csaldjncgoleykghtkpncaypzmvo/Build/Intermediates.noindex/GeneratedModuleMaps-iphonesimulator/GTMSessionFetcherCore.modulemap -Xcc -fmodule-map-file\=/Users/jans./Library/Developer/Xcode/DerivedData/meal.advisor.ios-csaldjncgoleykghtkpncaypzmvo/Build/Intermediates.noindex/GeneratedModuleMaps-iphonesimulator/AppAuthCore.modulemap -DXcode -plugin-path /Applications/Xcode.app/Contents/Developer/Toolchains/XcodeDefault.xctoolchain/usr/lib/swift/host/plugins/testing -enable-experimental-feature DebugDescriptionMacro -sdk /Applications/Xcode.app/Contents/Developer/Platforms/iPhoneSimulator.platform/Developer/SDKs/iPhoneSimulator18.5.sdk -target arm64-apple-ios12.0-simulator -g -module-cache-path /Users/jans./Library/Developer/Xcode/DerivedData/ModuleCache.noindex -Xfrontend -serialize-debugging-options -enable-testing -suppress-warnings -index-store-path /Users/jans./Library/Developer/Xcode/DerivedData/meal.advisor.ios-csaldjncgoleykghtkpncaypzmvo/Index.noindex/DataStore -swift-version 5 -I /Users/jans./Library/Developer/Xcode/DerivedData/meal.advisor.ios-csaldjncgoleykghtkpncaypzmvo/Build/Products/Debug-iphonesimulator -I /Applications/Xcode.app/Contents/Developer/Platforms/iPhoneSimulator.platform/Developer/usr/lib -F /Users/jans./Library/Developer/Xcode/DerivedData/meal.advisor.ios-csaldjncgoleykghtkpncaypzmvo/Build/Products/Debug-iphonesimulator/PackageFrameworks -F /Users/jans./Library/Developer/Xcode/DerivedData/meal.advisor.ios-csaldjncgoleykghtkpncaypzmvo/Build/Products/Debug-iphonesimulator/PackageFrameworks -F /Users/jans./Library/Developer/Xcode/DerivedData/meal.advisor.ios-csaldjncgoleykghtkpncaypzmvo/Build/Products/Debug-iphonesimulator -F /Applications/Xcode.app/Contents/Developer/Platforms/iPhoneSimulator.platform/Developer/Library/Frameworks -F /Applications/Xcode.app/Contents/Developer/Platforms/iPhoneSimulator.platform/Developer/SDKs/iPhoneSimulator18.5.sdk/Developer/Library/Frameworks -c -j8 -enable-batch-mode -incremental -Xcc -ivfsstatcache -Xcc /Users/jans./Library/Developer/Xcode/DerivedData/SDKStatCaches.noindex/iphonesimulator18.5-22F76-d5fc8ad4295d2ef488fb7d0f804ce0c4.sdkstatcache -output-file-map /Users/jans./Library/Developer/Xcode/DerivedData/meal.advisor.ios-csaldjncgoleykghtkpncaypzmvo/Build/Intermediates.noindex/GTMAppAuth.build/Debug-iphonesimulator/GTMAppAuth.build/Objects-normal/arm64/GTMAppAuth-OutputFileMap.json -use-frontend-parseable-output -save-temps -no-color-diagnostics -serialize-diagnostics -emit-dependencies -emit-module -emit-module-path /Users/jans./Library/Developer/Xcode/DerivedData/meal.advisor.ios-csaldjncgoleykghtkpncaypzmvo/Build/Intermediates.noindex/GTMAppAuth.build/Debug-iphonesimulator/GTMAppAuth.build/Objects-normal/arm64/GTMAppAuth.swiftmodule -validate-clang-modules-once -clang-build-session-file /Users/jans./Library/Developer/Xcode/DerivedData/ModuleCache.noindex/Session.modulevalidation -Xcc -I/Users/jans./Library/Developer/Xcode/DerivedData/meal.advisor.ios-csaldjncgoleykghtkpncaypzmvo/Build/Intermediates.noindex/GTMAppAuth.build/Debug-iphonesimulator/GTMAppAuth.build/swift-overrides.hmap -emit-const-values -Xfrontend -const-gather-protocols-file -Xfrontend /Users/jans./Library/Developer/Xcode/DerivedData/meal.advisor.ios-csaldjncgoleykghtkpncaypzmvo/Build/Intermediates.noindex/GTMAppAuth.build/Debug-iphonesimulator/GTMAppAuth.build/Objects-normal/arm64/GTMAppAuth_const_extract_protocols.json -Xcc -I/Users/jans./Library/Developer/Xcode/DerivedData/meal.advisor.ios-csaldjncgoleykghtkpncaypzmvo/SourcePackages/checkouts/gtm-session-fetcher/Sources/Core/Public -Xcc -I/Users/jans./Library/Developer/Xcode/DerivedData/meal.advisor.ios-csaldjncgoleykghtkpncaypzmvo/SourcePackages/checkouts/AppAuth-iOS/Sources/AppAuthCore -Xcc -I/Users/jans./Library/Developer/Xcode/DerivedData/meal.advisor.ios-csaldjncgoleykghtkpncaypzmvo/Build/Products/Debug-iphonesimulator/include -Xcc -I/Users/jans./Library/Developer/Xcode/DerivedData/meal.advisor.ios-csaldjncgoleykghtkpncaypzmvo/Build/Intermediates.noindex/GTMAppAuth.build/Debug-iphonesimulator/GTMAppAuth.build/DerivedSources-normal/arm64 -Xcc -I/Users/jans./Library/Developer/Xcode/DerivedData/meal.advisor.ios-csaldjncgoleykghtkpncaypzmvo/Build/Intermediates.noindex/GTMAppAuth.build/Debug-iphonesimulator/GTMAppAuth.build/DerivedSources/arm64 -Xcc -I/Users/jans./Library/Developer/Xcode/DerivedData/meal.advisor.ios-csaldjncgoleykghtkpncaypzmvo/Build/Intermediates.noindex/GTMAppAuth.build/Debug-iphonesimulator/GTMAppAuth.build/DerivedSources -Xcc -DSWIFT_PACKAGE -Xcc -DDEBUG\=1 -emit-objc-header -emit-objc-header-path /Users/jans./Library/Developer/Xcode/DerivedData/meal.advisor.ios-csaldjncgoleykghtkpncaypzmvo/Build/Intermediates.noindex/GTMAppAuth.build/Debug-iphonesimulator/GTMAppAuth.build/Objects-normal/arm64/GTMAppAuth-Swift.h -working-directory /Users/jans./Downloads/meal.advisor/meal.advisor.ios/meal.advisor.ios/meal.advisor.ios/meal.advisor.ios.xcodeproj -experimental-emit-module-separately -disable-cmo

SwiftDriver Crypto normal arm64 com.apple.xcode.tools.swift.compiler (in target 'Crypto' from project 'swift-crypto')
    cd /Users/jans./Downloads/meal.advisor/meal.advisor.ios/meal.advisor.ios/meal.advisor.ios/meal.advisor.ios.xcodeproj
    builtin-SwiftDriver -- /Applications/Xcode.app/Contents/Developer/Toolchains/XcodeDefault.xctoolchain/usr/bin/swiftc -module-name Crypto -Onone -enforce-exclusivity\=checked @/Users/jans./Library/Developer/Xcode/DerivedData/meal.advisor.ios-csaldjncgoleykghtkpncaypzmvo/Build/Intermediates.noindex/swift-crypto.build/Debug-iphonesimulator/Crypto.build/Objects-normal/arm64/Crypto.SwiftFileList -DSWIFT_PACKAGE -DDEBUG -DCRYPTO_IN_SWIFTPM -DXcode -enable-upcoming-feature MemberImportVisibility -plugin-path /Applications/Xcode.app/Contents/Developer/Toolchains/XcodeDefault.xctoolchain/usr/lib/swift/host/plugins/testing -enable-experimental-feature DebugDescriptionMacro -sdk /Applications/Xcode.app/Contents/Developer/Platforms/iPhoneSimulator.platform/Developer/SDKs/iPhoneSimulator18.5.sdk -target arm64-apple-ios12.0-simulator -g -module-cache-path /Users/jans./Library/Developer/Xcode/DerivedData/ModuleCache.noindex -Xfrontend -serialize-debugging-options -enable-testing -suppress-warnings -index-store-path /Users/jans./Library/Developer/Xcode/DerivedData/meal.advisor.ios-csaldjncgoleykghtkpncaypzmvo/Index.noindex/DataStore -swift-version 5 -I /Users/jans./Library/Developer/Xcode/DerivedData/meal.advisor.ios-csaldjncgoleykghtkpncaypzmvo/Build/Products/Debug-iphonesimulator -I /Applications/Xcode.app/Contents/Developer/Platforms/iPhoneSimulator.platform/Developer/usr/lib -F /Users/jans./Library/Developer/Xcode/DerivedData/meal.advisor.ios-csaldjncgoleykghtkpncaypzmvo/Build/Products/Debug-iphonesimulator -F /Applications/Xcode.app/Contents/Developer/Platforms/iPhoneSimulator.platform/Developer/Library/Frameworks -F /Applications/Xcode.app/Contents/Developer/Platforms/iPhoneSimulator.platform/Developer/SDKs/iPhoneSimulator18.5.sdk/Developer/Library/Frameworks -c -j8 -enable-batch-mode -incremental -Xcc -ivfsstatcache -Xcc /Users/jans./Library/Developer/Xcode/DerivedData/SDKStatCaches.noindex/iphonesimulator18.5-22F76-d5fc8ad4295d2ef488fb7d0f804ce0c4.sdkstatcache -output-file-map /Users/jans./Library/Developer/Xcode/DerivedData/meal.advisor.ios-csaldjncgoleykghtkpncaypzmvo/Build/Intermediates.noindex/swift-crypto.build/Debug-iphonesimulator/Crypto.build/Objects-normal/arm64/Crypto-OutputFileMap.json -use-frontend-parseable-output -save-temps -no-color-diagnostics -serialize-diagnostics -emit-dependencies -emit-module -emit-module-path /Users/jans./Library/Developer/Xcode/DerivedData/meal.advisor.ios-csaldjncgoleykghtkpncaypzmvo/Build/Intermediates.noindex/swift-crypto.build/Debug-iphonesimulator/Crypto.build/Objects-normal/arm64/Crypto.swiftmodule -validate-clang-modules-once -clang-build-session-file /Users/jans./Library/Developer/Xcode/DerivedData/ModuleCache.noindex/Session.modulevalidation -package-name swift_crypto -Xcc -I/Users/jans./Library/Developer/Xcode/DerivedData/meal.advisor.ios-csaldjncgoleykghtkpncaypzmvo/Build/Intermediates.noindex/swift-crypto.build/Debug-iphonesimulator/Crypto.build/swift-overrides.hmap -emit-const-values -Xfrontend -const-gather-protocols-file -Xfrontend /Users/jans./Library/Developer/Xcode/DerivedData/meal.advisor.ios-csaldjncgoleykghtkpncaypzmvo/Build/Intermediates.noindex/swift-crypto.build/Debug-iphonesimulator/Crypto.build/Objects-normal/arm64/Crypto_const_extract_protocols.json -Xcc -I/Users/jans./Library/Developer/Xcode/DerivedData/meal.advisor.ios-csaldjncgoleykghtkpncaypzmvo/Build/Products/Debug-iphonesimulator/include -Xcc -I/Users/jans./Library/Developer/Xcode/DerivedData/meal.advisor.ios-csaldjncgoleykghtkpncaypzmvo/Build/Intermediates.noindex/swift-crypto.build/Debug-iphonesimulator/Crypto.build/DerivedSources-normal/arm64 -Xcc -I/Users/jans./Library/Developer/Xcode/DerivedData/meal.advisor.ios-csaldjncgoleykghtkpncaypzmvo/Build/Intermediates.noindex/swift-crypto.build/Debug-iphonesimulator/Crypto.build/DerivedSources/arm64 -Xcc -I/Users/jans./Library/Developer/Xcode/DerivedData/meal.advisor.ios-csaldjncgoleykghtkpncaypzmvo/Build/Intermediates.noindex/swift-crypto.build/Debug-iphonesimulator/Crypto.build/DerivedSources -Xcc -DSWIFT_PACKAGE -Xcc -DDEBUG\=1 -emit-objc-header -emit-objc-header-path /Users/jans./Library/Developer/Xcode/DerivedData/meal.advisor.ios-csaldjncgoleykghtkpncaypzmvo/Build/Intermediates.noindex/swift-crypto.build/Debug-iphonesimulator/Crypto.build/Objects-normal/arm64/Crypto-Swift.h -working-directory /Users/jans./Downloads/meal.advisor/meal.advisor.ios/meal.advisor.ios/meal.advisor.ios/meal.advisor.ios.xcodeproj -experimental-emit-module-separately -disable-cmo

SwiftDriver ConcurrencyExtras normal arm64 com.apple.xcode.tools.swift.compiler (in target 'ConcurrencyExtras' from project 'swift-concurrency-extras')
    cd /Users/jans./Downloads/meal.advisor/meal.advisor.ios/meal.advisor.ios/meal.advisor.ios/meal.advisor.ios.xcodeproj
    builtin-SwiftDriver -- /Applications/Xcode.app/Contents/Developer/Toolchains/XcodeDefault.xctoolchain/usr/bin/swiftc -module-name ConcurrencyExtras -Onone -enforce-exclusivity\=checked @/Users/jans./Library/Developer/Xcode/DerivedData/meal.advisor.ios-csaldjncgoleykghtkpncaypzmvo/Build/Intermediates.noindex/swift-concurrency-extras.build/Debug-iphonesimulator/ConcurrencyExtras.build/Objects-normal/arm64/ConcurrencyExtras.SwiftFileList -DSWIFT_PACKAGE -DDEBUG -DXcode -plugin-path /Applications/Xcode.app/Contents/Developer/Toolchains/XcodeDefault.xctoolchain/usr/lib/swift/host/plugins/testing -enable-experimental-feature DebugDescriptionMacro -sdk /Applications/Xcode.app/Contents/Developer/Platforms/iPhoneSimulator.platform/Developer/SDKs/iPhoneSimulator18.5.sdk -target arm64-apple-ios13.0-simulator -g -module-cache-path /Users/jans./Library/Developer/Xcode/DerivedData/ModuleCache.noindex -Xfrontend -serialize-debugging-options -enable-testing -suppress-warnings -index-store-path /Users/jans./Library/Developer/Xcode/DerivedData/meal.advisor.ios-csaldjncgoleykghtkpncaypzmvo/Index.noindex/DataStore -swift-version 6 -I /Users/jans./Library/Developer/Xcode/DerivedData/meal.advisor.ios-csaldjncgoleykghtkpncaypzmvo/Build/Products/Debug-iphonesimulator -I /Applications/Xcode.app/Contents/Developer/Platforms/iPhoneSimulator.platform/Developer/usr/lib -F /Users/jans./Library/Developer/Xcode/DerivedData/meal.advisor.ios-csaldjncgoleykghtkpncaypzmvo/Build/Products/Debug-iphonesimulator -F /Applications/Xcode.app/Contents/Developer/Platforms/iPhoneSimulator.platform/Developer/Library/Frameworks -F /Applications/Xcode.app/Contents/Developer/Platforms/iPhoneSimulator.platform/Developer/SDKs/iPhoneSimulator18.5.sdk/Developer/Library/Frameworks -c -j8 -enable-batch-mode -incremental -Xcc -ivfsstatcache -Xcc /Users/jans./Library/Developer/Xcode/DerivedData/SDKStatCaches.noindex/iphonesimulator18.5-22F76-d5fc8ad4295d2ef488fb7d0f804ce0c4.sdkstatcache -output-file-map /Users/jans./Library/Developer/Xcode/DerivedData/meal.advisor.ios-csaldjncgoleykghtkpncaypzmvo/Build/Intermediates.noindex/swift-concurrency-extras.build/Debug-iphonesimulator/ConcurrencyExtras.build/Objects-normal/arm64/ConcurrencyExtras-OutputFileMap.json -use-frontend-parseable-output -save-temps -no-color-diagnostics -serialize-diagnostics -emit-dependencies -emit-module -emit-module-path /Users/jans./Library/Developer/Xcode/DerivedData/meal.advisor.ios-csaldjncgoleykghtkpncaypzmvo/Build/Intermediates.noindex/swift-concurrency-extras.build/Debug-iphonesimulator/ConcurrencyExtras.build/Objects-normal/arm64/ConcurrencyExtras.swiftmodule -user-module-version 1.3.2 -validate-clang-modules-once -clang-build-session-file /Users/jans./Library/Developer/Xcode/DerivedData/ModuleCache.noindex/Session.modulevalidation -package-name swift_concurrency_extras -Xcc -I/Users/jans./Library/Developer/Xcode/DerivedData/meal.advisor.ios-csaldjncgoleykghtkpncaypzmvo/Build/Intermediates.noindex/swift-concurrency-extras.build/Debug-iphonesimulator/ConcurrencyExtras.build/swift-overrides.hmap -emit-const-values -Xfrontend -const-gather-protocols-file -Xfrontend /Users/jans./Library/Developer/Xcode/DerivedData/meal.advisor.ios-csaldjncgoleykghtkpncaypzmvo/Build/Intermediates.noindex/swift-concurrency-extras.build/Debug-iphonesimulator/ConcurrencyExtras.build/Objects-normal/arm64/ConcurrencyExtras_const_extract_protocols.json -Xcc -I/Users/jans./Library/Developer/Xcode/DerivedData/meal.advisor.ios-csaldjncgoleykghtkpncaypzmvo/Build/Products/Debug-iphonesimulator/include -Xcc -I/Users/jans./Library/Developer/Xcode/DerivedData/meal.advisor.ios-csaldjncgoleykghtkpncaypzmvo/Build/Intermediates.noindex/swift-concurrency-extras.build/Debug-iphonesimulator/ConcurrencyExtras.build/DerivedSources-normal/arm64 -Xcc -I/Users/jans./Library/Developer/Xcode/DerivedData/meal.advisor.ios-csaldjncgoleykghtkpncaypzmvo/Build/Intermediates.noindex/swift-concurrency-extras.build/Debug-iphonesimulator/ConcurrencyExtras.build/DerivedSources/arm64 -Xcc -I/Users/jans./Library/Developer/Xcode/DerivedData/meal.advisor.ios-csaldjncgoleykghtkpncaypzmvo/Build/Intermediates.noindex/swift-concurrency-extras.build/Debug-iphonesimulator/ConcurrencyExtras.build/DerivedSources -Xcc -DSWIFT_PACKAGE -Xcc -DDEBUG\=1 -emit-objc-header -emit-objc-header-path /Users/jans./Library/Developer/Xcode/DerivedData/meal.advisor.ios-csaldjncgoleykghtkpncaypzmvo/Build/Intermediates.noindex/swift-concurrency-extras.build/Debug-iphonesimulator/ConcurrencyExtras.build/Objects-normal/arm64/ConcurrencyExtras-Swift.h -working-directory /Users/jans./Downloads/meal.advisor/meal.advisor.ios/meal.advisor.ios/meal.advisor.ios/meal.advisor.ios.xcodeproj -experimental-emit-module-separately -disable-cmo

ScanDependencies /Users/jans./Library/Developer/Xcode/DerivedData/meal.advisor.ios-csaldjncgoleykghtkpncaypzmvo/Build/Intermediates.noindex/AppAuth.build/Debug-iphonesimulator/AppAuthCore.build/Objects-normal/arm64/resource_bundle_accessor.o /Users/jans./Library/Developer/Xcode/DerivedData/meal.advisor.ios-csaldjncgoleykghtkpncaypzmvo/Build/Intermediates.noindex/AppAuth.build/Debug-iphonesimulator/AppAuthCore.build/DerivedSources/resource_bundle_accessor.m normal arm64 objective-c com.apple.compilers.llvm.clang.1_0.compiler (in target 'AppAuthCore' from project 'AppAuth')
    cd /Users/jans./Downloads/meal.advisor/meal.advisor.ios/meal.advisor.ios/meal.advisor.ios/meal.advisor.ios.xcodeproj
    
    Using response file: /Users/jans./Library/Developer/Xcode/DerivedData/meal.advisor.ios-csaldjncgoleykghtkpncaypzmvo/Build/Intermediates.noindex/AppAuth.build/Debug-iphonesimulator/AppAuthCore.build/Objects-normal/arm64/e6072d4f65d7061329687fe24e3d63a7-common-args.resp
    
    builtin-ScanDependencies -o /Users/jans./Library/Developer/Xcode/DerivedData/meal.advisor.ios-csaldjncgoleykghtkpncaypzmvo/Build/Intermediates.noindex/AppAuth.build/Debug-iphonesimulator/AppAuthCore.build/Objects-normal/arm64/resource_bundle_accessor.o.scan -- /Applications/Xcode.app/Contents/Developer/Toolchains/XcodeDefault.xctoolchain/usr/bin/clang -x objective-c -ivfsstatcache /Users/jans./Library/Developer/Xcode/DerivedData/SDKStatCaches.noindex/iphonesimulator18.5-22F76-d5fc8ad4295d2ef488fb7d0f804ce0c4.sdkstatcache -fmessage-length\=0 -fdiagnostics-show-note-include-stack -fmacro-backtrace-limit\=0 -fno-color-diagnostics -fmodules-prune-interval\=86400 -fmodules-prune-after\=345600 -fbuild-session-file\=/Users/jans./Library/Developer/Xcode/DerivedData/ModuleCache.noindex/Session.modulevalidation -fmodules-validate-once-per-build-session -Wnon-modular-include-in-framework-module -Werror\=non-modular-include-in-framework-module -Wno-trigraphs -Wno-missing-field-initializers -Wno-missing-prototypes -Wno-return-type -Wno-implicit-atomic-properties -Wno-objc-interface-ivars -Wno-arc-repeated-use-of-weak -Wno-missing-braces -Wparentheses -Wswitch -Wno-unused-function -Wno-unused-label -Wno-unused-parameter -Wno-unused-variable -Wunused-value -Wno-empty-body -Wno-uninitialized -Wno-unknown-pragmas -w -Wno-shadow -Wno-four-char-constants -Wno-conversion -Wno-constant-conversion -Wno-int-conversion -Wno-bool-conversion -Wno-enum-conversion -Wno-float-conversion -Wno-non-literal-null-conversion -Wno-objc-literal-conversion -Wshorten-64-to-32 -Wpointer-sign -Wno-newline-eof -Wno-selector -Wno-strict-selector-match -Wno-undeclared-selector -Wno-deprecated-implementations -Wno-implicit-fallthrough -fstrict-aliasing -Wprotocol -Wdeprecated-declarations -Wno-sign-conversion -Wno-infinite-recursion -Wno-comma -Wno-block-capture-autoreleasing -Wno-strict-prototypes -Wno-semicolon-before-method-body -index-store-path /Users/jans./Library/Developer/Xcode/DerivedData/meal.advisor.ios-csaldjncgoleykghtkpncaypzmvo/Index.noindex/DataStore @/Users/jans./Library/Developer/Xcode/DerivedData/meal.advisor.ios-csaldjncgoleykghtkpncaypzmvo/Build/Intermediates.noindex/AppAuth.build/Debug-iphonesimulator/AppAuthCore.build/Objects-normal/arm64/e6072d4f65d7061329687fe24e3d63a7-common-args.resp -include /Users/jans./Library/Developer/Xcode/DerivedData/meal.advisor.ios-csaldjncgoleykghtkpncaypzmvo/Build/Intermediates.noindex/AppAuth.build/Debug-iphonesimulator/AppAuthCore.build/DerivedSources/resource_bundle_accessor.h -MMD -MT dependencies -MF /Users/jans./Library/Developer/Xcode/DerivedData/meal.advisor.ios-csaldjncgoleykghtkpncaypzmvo/Build/Intermediates.noindex/AppAuth.build/Debug-iphonesimulator/AppAuthCore.build/Objects-normal/arm64/resource_bundle_accessor.d --serialize-diagnostics /Users/jans./Library/Developer/Xcode/DerivedData/meal.advisor.ios-csaldjncgoleykghtkpncaypzmvo/Build/Intermediates.noindex/AppAuth.build/Debug-iphonesimulator/AppAuthCore.build/Objects-normal/arm64/resource_bundle_accessor.dia -c /Users/jans./Library/Developer/Xcode/DerivedData/meal.advisor.ios-csaldjncgoleykghtkpncaypzmvo/Build/Intermediates.noindex/AppAuth.build/Debug-iphonesimulator/AppAuthCore.build/DerivedSources/resource_bundle_accessor.m -o /Users/jans./Library/Developer/Xcode/DerivedData/meal.advisor.ios-csaldjncgoleykghtkpncaypzmvo/Build/Intermediates.noindex/AppAuth.build/Debug-iphonesimulator/AppAuthCore.build/Objects-normal/arm64/resource_bundle_accessor.o -index-unit-output-path /AppAuth.build/Debug-iphonesimulator/AppAuthCore.build/Objects-normal/arm64/resource_bundle_accessor.o

PrecompileModule /Users/jans./Library/Developer/Xcode/DerivedData/meal.advisor.ios-csaldjncgoleykghtkpncaypzmvo/Build/Intermediates.noindex/ExplicitPrecompiledModules/_Builtin_stdarg-2XVK0L7CHDP1LQWUBVYX7SL12.scan
    cd /Users/jans./Downloads/meal.advisor/meal.advisor.ios/meal.advisor.ios/meal.advisor.ios/meal.advisor.ios.xcodeproj
    builtin-precompileModule /Users/jans./Library/Developer/Xcode/DerivedData/meal.advisor.ios-csaldjncgoleykghtkpncaypzmvo/Build/Intermediates.noindex/ExplicitPrecompiledModules/_Builtin_stdarg-2XVK0L7CHDP1LQWUBVYX7SL12.scan

PrecompileModule /Users/jans./Library/Developer/Xcode/DerivedData/meal.advisor.ios-csaldjncgoleykghtkpncaypzmvo/Build/Intermediates.noindex/ExplicitPrecompiledModules/_Builtin_iso646-6YT6H47SZMR1P9ZKPA7WIT8B8.scan
    cd /Users/jans./Downloads/meal.advisor/meal.advisor.ios/meal.advisor.ios/meal.advisor.ios/meal.advisor.ios.xcodeproj
    builtin-precompileModule /Users/jans./Library/Developer/Xcode/DerivedData/meal.advisor.ios-csaldjncgoleykghtkpncaypzmvo/Build/Intermediates.noindex/ExplicitPrecompiledModules/_Builtin_iso646-6YT6H47SZMR1P9ZKPA7WIT8B8.scan

PrecompileModule /Users/jans./Library/Developer/Xcode/DerivedData/meal.advisor.ios-csaldjncgoleykghtkpncaypzmvo/Build/Intermediates.noindex/ExplicitPrecompiledModules/os_availability_internal-84KFR78A8HU9F547U2L70IZBW.scan
    cd /Users/jans./Downloads/meal.advisor/meal.advisor.ios/meal.advisor.ios/meal.advisor.ios/meal.advisor.ios.xcodeproj
    builtin-precompileModule /Users/jans./Library/Developer/Xcode/DerivedData/meal.advisor.ios-csaldjncgoleykghtkpncaypzmvo/Build/Intermediates.noindex/ExplicitPrecompiledModules/os_availability_internal-84KFR78A8HU9F547U2L70IZBW.scan

SwiftEmitModule normal arm64 Emitting\ module\ for\ IssueReportingPackageSupport (in target 'IssueReportingPackageSupport' from project 'xctest-dynamic-overlay')

SwiftCompile normal arm64 /Users/jans./Library/Developer/Xcode/DerivedData/meal.advisor.ios-csaldjncgoleykghtkpncaypzmvo/SourcePackages/checkouts/xctest-dynamic-overlay/Sources/IssueReportingPackageSupport/_Test.swift (in target 'IssueReportingPackageSupport' from project 'xctest-dynamic-overlay')
    cd /Users/jans./Downloads/meal.advisor/meal.advisor.ios/meal.advisor.ios/meal.advisor.ios/meal.advisor.ios.xcodeproj
    

PrecompileModule /Users/jans./Library/Developer/Xcode/DerivedData/meal.advisor.ios-csaldjncgoleykghtkpncaypzmvo/Build/Intermediates.noindex/ExplicitPrecompiledModules/ptrauth-3G14PHGT37SPO63UJAA29RF20.scan
    cd /Users/jans./Downloads/meal.advisor/meal.advisor.ios/meal.advisor.ios/meal.advisor.ios/meal.advisor.ios.xcodeproj
    builtin-precompileModule /Users/jans./Library/Developer/Xcode/DerivedData/meal.advisor.ios-csaldjncgoleykghtkpncaypzmvo/Build/Intermediates.noindex/ExplicitPrecompiledModules/ptrauth-3G14PHGT37SPO63UJAA29RF20.scan

PrecompileModule /Users/jans./Library/Developer/Xcode/DerivedData/meal.advisor.ios-csaldjncgoleykghtkpncaypzmvo/Build/Intermediates.noindex/ExplicitPrecompiledModules/_Builtin_stddef-IKKF2UK0PFFE1X7YUK459KJP.scan
    cd /Users/jans./Downloads/meal.advisor/meal.advisor.ios/meal.advisor.ios/meal.advisor.ios/meal.advisor.ios.xcodeproj
    builtin-precompileModule /Users/jans./Library/Developer/Xcode/DerivedData/meal.advisor.ios-csaldjncgoleykghtkpncaypzmvo/Build/Intermediates.noindex/ExplicitPrecompiledModules/_Builtin_stddef-IKKF2UK0PFFE1X7YUK459KJP.scan

PrecompileModule /Users/jans./Library/Developer/Xcode/DerivedData/meal.advisor.ios-csaldjncgoleykghtkpncaypzmvo/Build/Intermediates.noindex/ExplicitPrecompiledModules/_float-8OXR76E3211Q55DW3Q2BYXFHR.scan
    cd /Users/jans./Downloads/meal.advisor/meal.advisor.ios/meal.advisor.ios/meal.advisor.ios/meal.advisor.ios.xcodeproj
    builtin-precompileModule /Users/jans./Library/Developer/Xcode/DerivedData/meal.advisor.ios-csaldjncgoleykghtkpncaypzmvo/Build/Intermediates.noindex/ExplicitPrecompiledModules/_float-8OXR76E3211Q55DW3Q2BYXFHR.scan

PrecompileModule /Users/jans./Library/Developer/Xcode/DerivedData/meal.advisor.ios-csaldjncgoleykghtkpncaypzmvo/Build/Intermediates.noindex/ExplicitPrecompiledModules/_Builtin_stdbool-5LLKYZ9PADXEZK77TYF6Y9SH1.scan
    cd /Users/jans./Downloads/meal.advisor/meal.advisor.ios/meal.advisor.ios/meal.advisor.ios/meal.advisor.ios.xcodeproj
    builtin-precompileModule /Users/jans./Library/Developer/Xcode/DerivedData/meal.advisor.ios-csaldjncgoleykghtkpncaypzmvo/Build/Intermediates.noindex/ExplicitPrecompiledModules/_Builtin_stdbool-5LLKYZ9PADXEZK77TYF6Y9SH1.scan

PrecompileModule /Users/jans./Library/Developer/Xcode/DerivedData/meal.advisor.ios-csaldjncgoleykghtkpncaypzmvo/Build/Intermediates.noindex/ExplicitPrecompiledModules/_fenv-668I2UEW2QAHNZZFHRZ83ZLDG.scan
    cd /Users/jans./Downloads/meal.advisor/meal.advisor.ios/meal.advisor.ios/meal.advisor.ios/meal.advisor.ios.xcodeproj
    builtin-precompileModule /Users/jans./Library/Developer/Xcode/DerivedData/meal.advisor.ios-csaldjncgoleykghtkpncaypzmvo/Build/Intermediates.noindex/ExplicitPrecompiledModules/_fenv-668I2UEW2QAHNZZFHRZ83ZLDG.scan

PrecompileModule /Users/jans./Library/Developer/Xcode/DerivedData/meal.advisor.ios-csaldjncgoleykghtkpncaypzmvo/Build/Intermediates.noindex/ExplicitPrecompiledModules/_Builtin_float-5XW23YMG7UA722GG7CJJYP16W.scan
    cd /Users/jans./Downloads/meal.advisor/meal.advisor.ios/meal.advisor.ios/meal.advisor.ios/meal.advisor.ios.xcodeproj
    builtin-precompileModule /Users/jans./Library/Developer/Xcode/DerivedData/meal.advisor.ios-csaldjncgoleykghtkpncaypzmvo/Build/Intermediates.noindex/ExplicitPrecompiledModules/_Builtin_float-5XW23YMG7UA722GG7CJJYP16W.scan

PrecompileModule /Users/jans./Library/Developer/Xcode/DerivedData/meal.advisor.ios-csaldjncgoleykghtkpncaypzmvo/Build/Intermediates.noindex/ExplicitPrecompiledModules/TargetConditionals-CYI2JQNV7W6OTVEE1UKR3T3O6.scan
    cd /Users/jans./Downloads/meal.advisor/meal.advisor.ios/meal.advisor.ios/meal.advisor.ios/meal.advisor.ios.xcodeproj
    builtin-precompileModule /Users/jans./Library/Developer/Xcode/DerivedData/meal.advisor.ios-csaldjncgoleykghtkpncaypzmvo/Build/Intermediates.noindex/ExplicitPrecompiledModules/TargetConditionals-CYI2JQNV7W6OTVEE1UKR3T3O6.scan

PrecompileModule /Users/jans./Library/Developer/Xcode/DerivedData/meal.advisor.ios-csaldjncgoleykghtkpncaypzmvo/Build/Intermediates.noindex/ExplicitPrecompiledModules/ptrcheck-3GQMJTQMRWGBON780MPV92WR9.scan
    cd /Users/jans./Downloads/meal.advisor/meal.advisor.ios/meal.advisor.ios/meal.advisor.ios/meal.advisor.ios.xcodeproj
    builtin-precompileModule /Users/jans./Library/Developer/Xcode/DerivedData/meal.advisor.ios-csaldjncgoleykghtkpncaypzmvo/Build/Intermediates.noindex/ExplicitPrecompiledModules/ptrcheck-3GQMJTQMRWGBON780MPV92WR9.scan

SwiftEmitModule normal arm64 Emitting\ module\ for\ HTTPTypes (in target 'HTTPTypes' from project 'swift-http-types')
EmitSwiftModule normal arm64 (in target 'HTTPTypes' from project 'swift-http-types')
    cd /Users/jans./Downloads/meal.advisor/meal.advisor.ios/meal.advisor.ios/meal.advisor.ios/meal.advisor.ios.xcodeproj
    

SwiftEmitModule normal arm64 Emitting\ module\ for\ GTMAppAuth (in target 'GTMAppAuth' from project 'GTMAppAuth')
EmitSwiftModule normal arm64 (in target 'GTMAppAuth' from project 'GTMAppAuth')
    cd /Users/jans./Downloads/meal.advisor/meal.advisor.ios/meal.advisor.ios/meal.advisor.ios/meal.advisor.ios.xcodeproj
    

PrecompileModule /Users/jans./Library/Developer/Xcode/DerivedData/meal.advisor.ios-csaldjncgoleykghtkpncaypzmvo/Build/Intermediates.noindex/ExplicitPrecompiledModules/os_availability-DXJNVLY8VDGWQP1Q6RU0TI133.scan
    cd /Users/jans./Downloads/meal.advisor/meal.advisor.ios/meal.advisor.ios/meal.advisor.ios/meal.advisor.ios.xcodeproj
    builtin-precompileModule /Users/jans./Library/Developer/Xcode/DerivedData/meal.advisor.ios-csaldjncgoleykghtkpncaypzmvo/Build/Intermediates.noindex/ExplicitPrecompiledModules/os_availability-DXJNVLY8VDGWQP1Q6RU0TI133.scan

SwiftCompile normal arm64 Compiling\ _Test.swift /Users/jans./Library/Developer/Xcode/DerivedData/meal.advisor.ios-csaldjncgoleykghtkpncaypzmvo/SourcePackages/checkouts/xctest-dynamic-overlay/Sources/IssueReportingPackageSupport/_Test.swift (in target 'IssueReportingPackageSupport' from project 'xctest-dynamic-overlay')

SwiftCompile normal arm64 /Users/jans./Library/Developer/Xcode/DerivedData/meal.advisor.ios-csaldjncgoleykghtkpncaypzmvo/SourcePackages/checkouts/xctest-dynamic-overlay/Sources/IssueReportingPackageSupport/_Test.swift (in target 'IssueReportingPackageSupport' from project 'xctest-dynamic-overlay')
    cd /Users/jans./Downloads/meal.advisor/meal.advisor.ios/meal.advisor.ios/meal.advisor.ios/meal.advisor.ios.xcodeproj
    

SwiftEmitModule normal arm64 Emitting\ module\ for\ ConcurrencyExtras (in target 'ConcurrencyExtras' from project 'swift-concurrency-extras')

EmitSwiftModule normal arm64 (in target 'ConcurrencyExtras' from project 'swift-concurrency-extras')
    cd /Users/jans./Downloads/meal.advisor/meal.advisor.ios/meal.advisor.ios/meal.advisor.ios/meal.advisor.ios.xcodeproj
    

SwiftCompile normal arm64 Compiling\ ISOLatin1String.swift /Users/jans./Library/Developer/Xcode/DerivedData/meal.advisor.ios-csaldjncgoleykghtkpncaypzmvo/SourcePackages/checkouts/swift-http-types/Sources/HTTPTypes/ISOLatin1String.swift (in target 'HTTPTypes' from project 'swift-http-types')

SwiftCompile normal arm64 /Users/jans./Library/Developer/Xcode/DerivedData/meal.advisor.ios-csaldjncgoleykghtkpncaypzmvo/SourcePackages/checkouts/swift-http-types/Sources/HTTPTypes/ISOLatin1String.swift (in target 'HTTPTypes' from project 'swift-http-types')
    cd /Users/jans./Downloads/meal.advisor/meal.advisor.ios/meal.advisor.ios/meal.advisor.ios/meal.advisor.ios.xcodeproj
    

PrecompileModule /Users/jans./Library/Developer/Xcode/DerivedData/meal.advisor.ios-csaldjncgoleykghtkpncaypzmvo/Build/Intermediates.noindex/ExplicitPrecompiledModules/DarwinFoundation-ZOIELR0A6X46AN2J9926DX9O.scan
    cd /Users/jans./Downloads/meal.advisor/meal.advisor.ios/meal.advisor.ios/meal.advisor.ios/meal.advisor.ios.xcodeproj
    builtin-precompileModule /Users/jans./Library/Developer/Xcode/DerivedData/meal.advisor.ios-csaldjncgoleykghtkpncaypzmvo/Build/Intermediates.noindex/ExplicitPrecompiledModules/DarwinFoundation-ZOIELR0A6X46AN2J9926DX9O.scan

SwiftDriverJobDiscovery normal arm64 Emitting module for IssueReportingPackageSupport (in target 'IssueReportingPackageSupport' from project 'xctest-dynamic-overlay')

SwiftDriver\ Compilation\ Requirements IssueReportingPackageSupport normal arm64 com.apple.xcode.tools.swift.compiler (in target 'IssueReportingPackageSupport' from project 'xctest-dynamic-overlay')
    cd /Users/jans./Downloads/meal.advisor/meal.advisor.ios/meal.advisor.ios/meal.advisor.ios/meal.advisor.ios.xcodeproj
    builtin-Swift-Compilation-Requirements -- /Applications/Xcode.app/Contents/Developer/Toolchains/XcodeDefault.xctoolchain/usr/bin/swiftc -module-name IssueReportingPackageSupport -Onone -enforce-exclusivity\=checked @/Users/jans./Library/Developer/Xcode/DerivedData/meal.advisor.ios-csaldjncgoleykghtkpncaypzmvo/Build/Intermediates.noindex/xctest-dynamic-overlay.build/Debug-iphonesimulator/IssueReportingPackageSupport.build/Objects-normal/arm64/IssueReportingPackageSupport.SwiftFileList -DSWIFT_PACKAGE -DDEBUG -DXcode -plugin-path /Applications/Xcode.app/Contents/Developer/Toolchains/XcodeDefault.xctoolchain/usr/lib/swift/host/plugins/testing -enable-experimental-feature DebugDescriptionMacro -sdk /Applications/Xcode.app/Contents/Developer/Platforms/iPhoneSimulator.platform/Developer/SDKs/iPhoneSimulator18.5.sdk -target arm64-apple-ios13.0-simulator -g -module-cache-path /Users/jans./Library/Developer/Xcode/DerivedData/ModuleCache.noindex -Xfrontend -serialize-debugging-options -enable-testing -suppress-warnings -index-store-path /Users/jans./Library/Developer/Xcode/DerivedData/meal.advisor.ios-csaldjncgoleykghtkpncaypzmvo/Index.noindex/DataStore -swift-version 6 -I /Users/jans./Library/Developer/Xcode/DerivedData/meal.advisor.ios-csaldjncgoleykghtkpncaypzmvo/Build/Products/Debug-iphonesimulator -I /Applications/Xcode.app/Contents/Developer/Platforms/iPhoneSimulator.platform/Developer/usr/lib -F /Users/jans./Library/Developer/Xcode/DerivedData/meal.advisor.ios-csaldjncgoleykghtkpncaypzmvo/Build/Products/Debug-iphonesimulator -F /Applications/Xcode.app/Contents/Developer/Platforms/iPhoneSimulator.platform/Developer/Library/Frameworks -F /Applications/Xcode.app/Contents/Developer/Platforms/iPhoneSimulator.platform/Developer/SDKs/iPhoneSimulator18.5.sdk/Developer/Library/Frameworks -parse-as-library -c -j8 -enable-batch-mode -incremental -Xcc -ivfsstatcache -Xcc /Users/jans./Library/Developer/Xcode/DerivedData/SDKStatCaches.noindex/iphonesimulator18.5-22F76-d5fc8ad4295d2ef488fb7d0f804ce0c4.sdkstatcache -output-file-map /Users/jans./Library/Developer/Xcode/DerivedData/meal.advisor.ios-csaldjncgoleykghtkpncaypzmvo/Build/Intermediates.noindex/xctest-dynamic-overlay.build/Debug-iphonesimulator/IssueReportingPackageSupport.build/Objects-normal/arm64/IssueReportingPackageSupport-OutputFileMap.json -use-frontend-parseable-output -save-temps -no-color-diagnostics -serialize-diagnostics -emit-dependencies -emit-module -emit-module-path /Users/jans./Library/Developer/Xcode/DerivedData/meal.advisor.ios-csaldjncgoleykghtkpncaypzmvo/Build/Intermediates.noindex/xctest-dynamic-overlay.build/Debug-iphonesimulator/IssueReportingPackageSupport.build/Objects-normal/arm64/IssueReportingPackageSupport.swiftmodule -user-module-version 1.6.1 -validate-clang-modules-once -clang-build-session-file /Users/jans./Library/Developer/Xcode/DerivedData/ModuleCache.noindex/Session.modulevalidation -package-name xctest_dynamic_overlay -Xcc -I/Users/jans./Library/Developer/Xcode/DerivedData/meal.advisor.ios-csaldjncgoleykghtkpncaypzmvo/Build/Intermediates.noindex/xctest-dynamic-overlay.build/Debug-iphonesimulator/IssueReportingPackageSupport.build/swift-overrides.hmap -emit-const-values -Xfrontend -const-gather-protocols-file -Xfrontend /Users/jans./Library/Developer/Xcode/DerivedData/meal.advisor.ios-csaldjncgoleykghtkpncaypzmvo/Build/Intermediates.noindex/xctest-dynamic-overlay.build/Debug-iphonesimulator/IssueReportingPackageSupport.build/Objects-normal/arm64/IssueReportingPackageSupport_const_extract_protocols.json -Xcc -I/Users/jans./Library/Developer/Xcode/DerivedData/meal.advisor.ios-csaldjncgoleykghtkpncaypzmvo/Build/Products/Debug-iphonesimulator/include -Xcc -I/Users/jans./Library/Developer/Xcode/DerivedData/meal.advisor.ios-csaldjncgoleykghtkpncaypzmvo/Build/Intermediates.noindex/xctest-dynamic-overlay.build/Debug-iphonesimulator/IssueReportingPackageSupport.build/DerivedSources-normal/arm64 -Xcc -I/Users/jans./Library/Developer/Xcode/DerivedData/meal.advisor.ios-csaldjncgoleykghtkpncaypzmvo/Build/Intermediates.noindex/xctest-dynamic-overlay.build/Debug-iphonesimulator/IssueReportingPackageSupport.build/DerivedSources/arm64 -Xcc -I/Users/jans./Library/Developer/Xcode/DerivedData/meal.advisor.ios-csaldjncgoleykghtkpncaypzmvo/Build/Intermediates.noindex/xctest-dynamic-overlay.build/Debug-iphonesimulator/IssueReportingPackageSupport.build/DerivedSources -Xcc -DSWIFT_PACKAGE -Xcc -DDEBUG\=1 -emit-objc-header -emit-objc-header-path /Users/jans./Library/Developer/Xcode/DerivedData/meal.advisor.ios-csaldjncgoleykghtkpncaypzmvo/Build/Intermediates.noindex/xctest-dynamic-overlay.build/Debug-iphonesimulator/IssueReportingPackageSupport.build/Objects-normal/arm64/IssueReportingPackageSupport-Swift.h -working-directory /Users/jans./Downloads/meal.advisor/meal.advisor.ios/meal.advisor.ios/meal.advisor.ios/meal.advisor.ios.xcodeproj -experimental-emit-module-separately -disable-cmo

PrecompileModule /Users/jans./Library/Developer/Xcode/DerivedData/meal.advisor.ios-csaldjncgoleykghtkpncaypzmvo/Build/Intermediates.noindex/ExplicitPrecompiledModules/AvailabilityMacros-38GEROAQSG1TO147RJAZ8Y45J.scan
    cd /Users/jans./Downloads/meal.advisor/meal.advisor.ios/meal.advisor.ios/meal.advisor.ios/meal.advisor.ios.xcodeproj
    builtin-precompileModule /Users/jans./Library/Developer/Xcode/DerivedData/meal.advisor.ios-csaldjncgoleykghtkpncaypzmvo/Build/Intermediates.noindex/ExplicitPrecompiledModules/AvailabilityMacros-38GEROAQSG1TO147RJAZ8Y45J.scan

SwiftCompile normal arm64 Compiling\ NIOLock.swift /Users/jans./Library/Developer/Xcode/DerivedData/meal.advisor.ios-csaldjncgoleykghtkpncaypzmvo/SourcePackages/checkouts/swift-http-types/Sources/HTTPTypes/NIOLock.swift (in target 'HTTPTypes' from project 'swift-http-types')

SwiftCompile normal arm64 /Users/jans./Library/Developer/Xcode/DerivedData/meal.advisor.ios-csaldjncgoleykghtkpncaypzmvo/SourcePackages/checkouts/swift-http-types/Sources/HTTPTypes/NIOLock.swift (in target 'HTTPTypes' from project 'swift-http-types')
    cd /Users/jans./Downloads/meal.advisor/meal.advisor.ios/meal.advisor.ios/meal.advisor.ios/meal.advisor.ios.xcodeproj
    

SwiftEmitModule normal arm64 Emitting\ module\ for\ Kingfisher (in target 'Kingfisher' from project 'Kingfisher')
EmitSwiftModule normal arm64 (in target 'Kingfisher' from project 'Kingfisher')
    cd /Users/jans./Downloads/meal.advisor/meal.advisor.ios/meal.advisor.ios/meal.advisor.ios/meal.advisor.ios.xcodeproj
    

SwiftMergeGeneratedHeaders /Users/jans./Library/Developer/Xcode/DerivedData/meal.advisor.ios-csaldjncgoleykghtkpncaypzmvo/Build/Intermediates.noindex/GeneratedModuleMaps-iphonesimulator/IssueReportingPackageSupport-Swift.h /Users/jans./Library/Developer/Xcode/DerivedData/meal.advisor.ios-csaldjncgoleykghtkpncaypzmvo/Build/Intermediates.noindex/xctest-dynamic-overlay.build/Debug-iphonesimulator/IssueReportingPackageSupport.build/Objects-normal/arm64/IssueReportingPackageSupport-Swift.h (in target 'IssueReportingPackageSupport' from project 'xctest-dynamic-overlay')
    cd /Users/jans./Library/Developer/Xcode/DerivedData/meal.advisor.ios-csaldjncgoleykghtkpncaypzmvo/SourcePackages/checkouts/xctest-dynamic-overlay
    builtin-swiftHeaderTool -arch arm64 /Users/jans./Library/Developer/Xcode/DerivedData/meal.advisor.ios-csaldjncgoleykghtkpncaypzmvo/Build/Intermediates.noindex/xctest-dynamic-overlay.build/Debug-iphonesimulator/IssueReportingPackageSupport.build/Objects-normal/arm64/IssueReportingPackageSupport-Swift.h -o /Users/jans./Library/Developer/Xcode/DerivedData/meal.advisor.ios-csaldjncgoleykghtkpncaypzmvo/Build/Intermediates.noindex/GeneratedModuleMaps-iphonesimulator/IssueReportingPackageSupport-Swift.h

Copy /Users/jans./Library/Developer/Xcode/DerivedData/meal.advisor.ios-csaldjncgoleykghtkpncaypzmvo/Build/Products/Debug-iphonesimulator/IssueReportingPackageSupport.swiftmodule/arm64-apple-ios-simulator.swiftmodule /Users/jans./Library/Developer/Xcode/DerivedData/meal.advisor.ios-csaldjncgoleykghtkpncaypzmvo/Build/Intermediates.noindex/xctest-dynamic-overlay.build/Debug-iphonesimulator/IssueReportingPackageSupport.build/Objects-normal/arm64/IssueReportingPackageSupport.swiftmodule (in target 'IssueReportingPackageSupport' from project 'xctest-dynamic-overlay')
    cd /Users/jans./Library/Developer/Xcode/DerivedData/meal.advisor.ios-csaldjncgoleykghtkpncaypzmvo/SourcePackages/checkouts/xctest-dynamic-overlay
    builtin-copy -exclude .DS_Store -exclude CVS -exclude .svn -exclude .git -exclude .hg -resolve-src-symlinks -rename /Users/jans./Library/Developer/Xcode/DerivedData/meal.advisor.ios-csaldjncgoleykghtkpncaypzmvo/Build/Intermediates.noindex/xctest-dynamic-overlay.build/Debug-iphonesimulator/IssueReportingPackageSupport.build/Objects-normal/arm64/IssueReportingPackageSupport.swiftmodule /Users/jans./Library/Developer/Xcode/DerivedData/meal.advisor.ios-csaldjncgoleykghtkpncaypzmvo/Build/Products/Debug-iphonesimulator/IssueReportingPackageSupport.swiftmodule/arm64-apple-ios-simulator.swiftmodule

Copy /Users/jans./Library/Developer/Xcode/DerivedData/meal.advisor.ios-csaldjncgoleykghtkpncaypzmvo/Build/Products/Debug-iphonesimulator/IssueReportingPackageSupport.swiftmodule/arm64-apple-ios-simulator.swiftdoc /Users/jans./Library/Developer/Xcode/DerivedData/meal.advisor.ios-csaldjncgoleykghtkpncaypzmvo/Build/Intermediates.noindex/xctest-dynamic-overlay.build/Debug-iphonesimulator/IssueReportingPackageSupport.build/Objects-normal/arm64/IssueReportingPackageSupport.swiftdoc (in target 'IssueReportingPackageSupport' from project 'xctest-dynamic-overlay')
    cd /Users/jans./Library/Developer/Xcode/DerivedData/meal.advisor.ios-csaldjncgoleykghtkpncaypzmvo/SourcePackages/checkouts/xctest-dynamic-overlay
    builtin-copy -exclude .DS_Store -exclude CVS -exclude .svn -exclude .git -exclude .hg -resolve-src-symlinks -rename /Users/jans./Library/Developer/Xcode/DerivedData/meal.advisor.ios-csaldjncgoleykghtkpncaypzmvo/Build/Intermediates.noindex/xctest-dynamic-overlay.build/Debug-iphonesimulator/IssueReportingPackageSupport.build/Objects-normal/arm64/IssueReportingPackageSupport.swiftdoc /Users/jans./Library/Developer/Xcode/DerivedData/meal.advisor.ios-csaldjncgoleykghtkpncaypzmvo/Build/Products/Debug-iphonesimulator/IssueReportingPackageSupport.swiftmodule/arm64-apple-ios-simulator.swiftdoc

Copy /Users/jans./Library/Developer/Xcode/DerivedData/meal.advisor.ios-csaldjncgoleykghtkpncaypzmvo/Build/Products/Debug-iphonesimulator/IssueReportingPackageSupport.swiftmodule/arm64-apple-ios-simulator.abi.json /Users/jans./Library/Developer/Xcode/DerivedData/meal.advisor.ios-csaldjncgoleykghtkpncaypzmvo/Build/Intermediates.noindex/xctest-dynamic-overlay.build/Debug-iphonesimulator/IssueReportingPackageSupport.build/Objects-normal/arm64/IssueReportingPackageSupport.abi.json (in target 'IssueReportingPackageSupport' from project 'xctest-dynamic-overlay')
    cd /Users/jans./Library/Developer/Xcode/DerivedData/meal.advisor.ios-csaldjncgoleykghtkpncaypzmvo/SourcePackages/checkouts/xctest-dynamic-overlay
    builtin-copy -exclude .DS_Store -exclude CVS -exclude .svn -exclude .git -exclude .hg -resolve-src-symlinks -rename /Users/jans./Library/Developer/Xcode/DerivedData/meal.advisor.ios-csaldjncgoleykghtkpncaypzmvo/Build/Intermediates.noindex/xctest-dynamic-overlay.build/Debug-iphonesimulator/IssueReportingPackageSupport.build/Objects-normal/arm64/IssueReportingPackageSupport.abi.json /Users/jans./Library/Developer/Xcode/DerivedData/meal.advisor.ios-csaldjncgoleykghtkpncaypzmvo/Build/Products/Debug-iphonesimulator/IssueReportingPackageSupport.swiftmodule/arm64-apple-ios-simulator.abi.json

Copy /Users/jans./Library/Developer/Xcode/DerivedData/meal.advisor.ios-csaldjncgoleykghtkpncaypzmvo/Build/Products/Debug-iphonesimulator/IssueReportingPackageSupport.swiftmodule/Project/arm64-apple-ios-simulator.swiftsourceinfo /Users/jans./Library/Developer/Xcode/DerivedData/meal.advisor.ios-csaldjncgoleykghtkpncaypzmvo/Build/Intermediates.noindex/xctest-dynamic-overlay.build/Debug-iphonesimulator/IssueReportingPackageSupport.build/Objects-normal/arm64/IssueReportingPackageSupport.swiftsourceinfo (in target 'IssueReportingPackageSupport' from project 'xctest-dynamic-overlay')
    cd /Users/jans./Library/Developer/Xcode/DerivedData/meal.advisor.ios-csaldjncgoleykghtkpncaypzmvo/SourcePackages/checkouts/xctest-dynamic-overlay
    builtin-copy -exclude .DS_Store -exclude CVS -exclude .svn -exclude .git -exclude .hg -resolve-src-symlinks -rename /Users/jans./Library/Developer/Xcode/DerivedData/meal.advisor.ios-csaldjncgoleykghtkpncaypzmvo/Build/Intermediates.noindex/xctest-dynamic-overlay.build/Debug-iphonesimulator/IssueReportingPackageSupport.build/Objects-normal/arm64/IssueReportingPackageSupport.swiftsourceinfo /Users/jans./Library/Developer/Xcode/DerivedData/meal.advisor.ios-csaldjncgoleykghtkpncaypzmvo/Build/Products/Debug-iphonesimulator/IssueReportingPackageSupport.swiftmodule/Project/arm64-apple-ios-simulator.swiftsourceinfo

SwiftEmitModule normal arm64 Emitting\ module\ for\ Crypto (in target 'Crypto' from project 'swift-crypto')

EmitSwiftModule normal arm64 (in target 'Crypto' from project 'swift-crypto')
    cd /Users/jans./Downloads/meal.advisor/meal.advisor.ios/meal.advisor.ios/meal.advisor.ios/meal.advisor.ios.xcodeproj
    

PrecompileModule /Users/jans./Library/Developer/Xcode/DerivedData/meal.advisor.ios-csaldjncgoleykghtkpncaypzmvo/Build/Intermediates.noindex/ExplicitPrecompiledModules/sys_time-2QCCMJE22ZZHSR4A6EATY6PLU.scan
    cd /Users/jans./Downloads/meal.advisor/meal.advisor.ios/meal.advisor.ios/meal.advisor.ios/meal.advisor.ios.xcodeproj
    builtin-precompileModule /Users/jans./Library/Developer/Xcode/DerivedData/meal.advisor.ios-csaldjncgoleykghtkpncaypzmvo/Build/Intermediates.noindex/ExplicitPrecompiledModules/sys_time-2QCCMJE22ZZHSR4A6EATY6PLU.scan

SwiftDriverJobDiscovery normal arm64 Compiling _Test.swift (in target 'IssueReportingPackageSupport' from project 'xctest-dynamic-overlay')

PrecompileModule /Users/jans./Library/Developer/Xcode/DerivedData/meal.advisor.ios-csaldjncgoleykghtkpncaypzmvo/Build/Intermediates.noindex/ExplicitPrecompiledModules/_useconds_t-8M449XH295HVNMS0KWFLKMEMR.scan
    cd /Users/jans./Downloads/meal.advisor/meal.advisor.ios/meal.advisor.ios/meal.advisor.ios/meal.advisor.ios.xcodeproj
    builtin-precompileModule /Users/jans./Library/Developer/Xcode/DerivedData/meal.advisor.ios-csaldjncgoleykghtkpncaypzmvo/Build/Intermediates.noindex/ExplicitPrecompiledModules/_useconds_t-8M449XH295HVNMS0KWFLKMEMR.scan

PrecompileModule /Users/jans./Library/Developer/Xcode/DerivedData/meal.advisor.ios-csaldjncgoleykghtkpncaypzmvo/Build/Intermediates.noindex/ExplicitPrecompiledModules/runetype-5MCLLOTU41FQQTLB8F3Y4QW6A.scan
    cd /Users/jans./Downloads/meal.advisor/meal.advisor.ios/meal.advisor.ios/meal.advisor.ios/meal.advisor.ios.xcodeproj
    builtin-precompileModule /Users/jans./Library/Developer/Xcode/DerivedData/meal.advisor.ios-csaldjncgoleykghtkpncaypzmvo/Build/Intermediates.noindex/ExplicitPrecompiledModules/runetype-5MCLLOTU41FQQTLB8F3Y4QW6A.scan

PrecompileModule /Users/jans./Library/Developer/Xcode/DerivedData/meal.advisor.ios-csaldjncgoleykghtkpncaypzmvo/Build/Intermediates.noindex/ExplicitPrecompiledModules/_locale-CNSAREN5UNGK3SWIGE0VHKALE.scan
    cd /Users/jans./Downloads/meal.advisor/meal.advisor.ios/meal.advisor.ios/meal.advisor.ios/meal.advisor.ios.xcodeproj
    builtin-precompileModule /Users/jans./Library/Developer/Xcode/DerivedData/meal.advisor.ios-csaldjncgoleykghtkpncaypzmvo/Build/Intermediates.noindex/ExplicitPrecompiledModules/_locale-CNSAREN5UNGK3SWIGE0VHKALE.scan

PrecompileModule /Users/jans./Library/Developer/Xcode/DerivedData/meal.advisor.ios-csaldjncgoleykghtkpncaypzmvo/Build/Intermediates.noindex/ExplicitPrecompiledModules/uuid-1XO0JNSNM7BFADHHOCYZK59S4.scan
    cd /Users/jans./Downloads/meal.advisor/meal.advisor.ios/meal.advisor.ios/meal.advisor.ios/meal.advisor.ios.xcodeproj
    builtin-precompileModule /Users/jans./Library/Developer/Xcode/DerivedData/meal.advisor.ios-csaldjncgoleykghtkpncaypzmvo/Build/Intermediates.noindex/ExplicitPrecompiledModules/uuid-1XO0JNSNM7BFADHHOCYZK59S4.scan

PrecompileModule /Users/jans./Library/Developer/Xcode/DerivedData/meal.advisor.ios-csaldjncgoleykghtkpncaypzmvo/Build/Intermediates.noindex/ExplicitPrecompiledModules/alloca-C41PN8CE4PPJUK25MWA0MNZWJ.scan
    cd /Users/jans./Downloads/meal.advisor/meal.advisor.ios/meal.advisor.ios/meal.advisor.ios/meal.advisor.ios.xcodeproj
    builtin-precompileModule /Users/jans./Library/Developer/Xcode/DerivedData/meal.advisor.ios-csaldjncgoleykghtkpncaypzmvo/Build/Intermediates.noindex/ExplicitPrecompiledModules/alloca-C41PN8CE4PPJUK25MWA0MNZWJ.scan

PrecompileModule /Users/jans./Library/Developer/Xcode/DerivedData/meal.advisor.ios-csaldjncgoleykghtkpncaypzmvo/Build/Intermediates.noindex/ExplicitPrecompiledModules/mach-68LI9YJTESC1NNAYS70FE9CDB.scan
    cd /Users/jans./Downloads/meal.advisor/meal.advisor.ios/meal.advisor.ios/meal.advisor.ios/meal.advisor.ios.xcodeproj
    builtin-precompileModule /Users/jans./Library/Developer/Xcode/DerivedData/meal.advisor.ios-csaldjncgoleykghtkpncaypzmvo/Build/Intermediates.noindex/ExplicitPrecompiledModules/mach-68LI9YJTESC1NNAYS70FE9CDB.scan

SwiftDriverJobDiscovery normal arm64 Compiling NIOLock.swift (in target 'HTTPTypes' from project 'swift-http-types')

PrecompileModule /Users/jans./Library/Developer/Xcode/DerivedData/meal.advisor.ios-csaldjncgoleykghtkpncaypzmvo/Build/Intermediates.noindex/ExplicitPrecompiledModules/_assert-AJNQUBQKL46CYGKZYJJHI1O51.scan
    cd /Users/jans./Downloads/meal.advisor/meal.advisor.ios/meal.advisor.ios/meal.advisor.ios/meal.advisor.ios.xcodeproj
    builtin-precompileModule /Users/jans./Library/Developer/Xcode/DerivedData/meal.advisor.ios-csaldjncgoleykghtkpncaypzmvo/Build/Intermediates.noindex/ExplicitPrecompiledModules/_assert-AJNQUBQKL46CYGKZYJJHI1O51.scan

PrecompileModule /Users/jans./Library/Developer/Xcode/DerivedData/meal.advisor.ios-csaldjncgoleykghtkpncaypzmvo/Build/Intermediates.noindex/ExplicitPrecompiledModules/_strings-6IG2LNBXET1Q1KCMQ8ISOBF0T.scan
    cd /Users/jans./Downloads/meal.advisor/meal.advisor.ios/meal.advisor.ios/meal.advisor.ios/meal.advisor.ios.xcodeproj
    builtin-precompileModule /Users/jans./Library/Developer/Xcode/DerivedData/meal.advisor.ios-csaldjncgoleykghtkpncaypzmvo/Build/Intermediates.noindex/ExplicitPrecompiledModules/_strings-6IG2LNBXET1Q1KCMQ8ISOBF0T.scan

PrecompileModule /Users/jans./Library/Developer/Xcode/DerivedData/meal.advisor.ios-csaldjncgoleykghtkpncaypzmvo/Build/Intermediates.noindex/ExplicitPrecompiledModules/_complex-6JINMNE881157HKN7JACGKL8P.scan
    cd /Users/jans./Downloads/meal.advisor/meal.advisor.ios/meal.advisor.ios/meal.advisor.ios/meal.advisor.ios.xcodeproj
    builtin-precompileModule /Users/jans./Library/Developer/Xcode/DerivedData/meal.advisor.ios-csaldjncgoleykghtkpncaypzmvo/Build/Intermediates.noindex/ExplicitPrecompiledModules/_complex-6JINMNE881157HKN7JACGKL8P.scan

PrecompileModule /Users/jans./Library/Developer/Xcode/DerivedData/meal.advisor.ios-csaldjncgoleykghtkpncaypzmvo/Build/Intermediates.noindex/ExplicitPrecompiledModules/_stdint-9AFIRL1O309T36FJ1TL7492WO.scan
    cd /Users/jans./Downloads/meal.advisor/meal.advisor.ios/meal.advisor.ios/meal.advisor.ios/meal.advisor.ios.xcodeproj
    builtin-precompileModule /Users/jans./Library/Developer/Xcode/DerivedData/meal.advisor.ios-csaldjncgoleykghtkpncaypzmvo/Build/Intermediates.noindex/ExplicitPrecompiledModules/_stdint-9AFIRL1O309T36FJ1TL7492WO.scan

PrecompileModule /Users/jans./Library/Developer/Xcode/DerivedData/meal.advisor.ios-csaldjncgoleykghtkpncaypzmvo/Build/Intermediates.noindex/ExplicitPrecompiledModules/_math-A37VTSU0RBIB3SXWQSW39MUHW.scan
    cd /Users/jans./Downloads/meal.advisor/meal.advisor.ios/meal.advisor.ios/meal.advisor.ios/meal.advisor.ios.xcodeproj
    builtin-precompileModule /Users/jans./Library/Developer/Xcode/DerivedData/meal.advisor.ios-csaldjncgoleykghtkpncaypzmvo/Build/Intermediates.noindex/ExplicitPrecompiledModules/_math-A37VTSU0RBIB3SXWQSW39MUHW.scan

SwiftDriverJobDiscovery normal arm64 Emitting module for ConcurrencyExtras (in target 'ConcurrencyExtras' from project 'swift-concurrency-extras')

SwiftDriver\ Compilation\ Requirements ConcurrencyExtras normal arm64 com.apple.xcode.tools.swift.compiler (in target 'ConcurrencyExtras' from project 'swift-concurrency-extras')
    cd /Users/jans./Downloads/meal.advisor/meal.advisor.ios/meal.advisor.ios/meal.advisor.ios/meal.advisor.ios.xcodeproj
    builtin-Swift-Compilation-Requirements -- /Applications/Xcode.app/Contents/Developer/Toolchains/XcodeDefault.xctoolchain/usr/bin/swiftc -module-name ConcurrencyExtras -Onone -enforce-exclusivity\=checked @/Users/jans./Library/Developer/Xcode/DerivedData/meal.advisor.ios-csaldjncgoleykghtkpncaypzmvo/Build/Intermediates.noindex/swift-concurrency-extras.build/Debug-iphonesimulator/ConcurrencyExtras.build/Objects-normal/arm64/ConcurrencyExtras.SwiftFileList -DSWIFT_PACKAGE -DDEBUG -DXcode -plugin-path /Applications/Xcode.app/Contents/Developer/Toolchains/XcodeDefault.xctoolchain/usr/lib/swift/host/plugins/testing -enable-experimental-feature DebugDescriptionMacro -sdk /Applications/Xcode.app/Contents/Developer/Platforms/iPhoneSimulator.platform/Developer/SDKs/iPhoneSimulator18.5.sdk -target arm64-apple-ios13.0-simulator -g -module-cache-path /Users/jans./Library/Developer/Xcode/DerivedData/ModuleCache.noindex -Xfrontend -serialize-debugging-options -enable-testing -suppress-warnings -index-store-path /Users/jans./Library/Developer/Xcode/DerivedData/meal.advisor.ios-csaldjncgoleykghtkpncaypzmvo/Index.noindex/DataStore -swift-version 6 -I /Users/jans./Library/Developer/Xcode/DerivedData/meal.advisor.ios-csaldjncgoleykghtkpncaypzmvo/Build/Products/Debug-iphonesimulator -I /Applications/Xcode.app/Contents/Developer/Platforms/iPhoneSimulator.platform/Developer/usr/lib -F /Users/jans./Library/Developer/Xcode/DerivedData/meal.advisor.ios-csaldjncgoleykghtkpncaypzmvo/Build/Products/Debug-iphonesimulator -F /Applications/Xcode.app/Contents/Developer/Platforms/iPhoneSimulator.platform/Developer/Library/Frameworks -F /Applications/Xcode.app/Contents/Developer/Platforms/iPhoneSimulator.platform/Developer/SDKs/iPhoneSimulator18.5.sdk/Developer/Library/Frameworks -c -j8 -enable-batch-mode -incremental -Xcc -ivfsstatcache -Xcc /Users/jans./Library/Developer/Xcode/DerivedData/SDKStatCaches.noindex/iphonesimulator18.5-22F76-d5fc8ad4295d2ef488fb7d0f804ce0c4.sdkstatcache -output-file-map /Users/jans./Library/Developer/Xcode/DerivedData/meal.advisor.ios-csaldjncgoleykghtkpncaypzmvo/Build/Intermediates.noindex/swift-concurrency-extras.build/Debug-iphonesimulator/ConcurrencyExtras.build/Objects-normal/arm64/ConcurrencyExtras-OutputFileMap.json -use-frontend-parseable-output -save-temps -no-color-diagnostics -serialize-diagnostics -emit-dependencies -emit-module -emit-module-path /Users/jans./Library/Developer/Xcode/DerivedData/meal.advisor.ios-csaldjncgoleykghtkpncaypzmvo/Build/Intermediates.noindex/swift-concurrency-extras.build/Debug-iphonesimulator/ConcurrencyExtras.build/Objects-normal/arm64/ConcurrencyExtras.swiftmodule -user-module-version 1.3.2 -validate-clang-modules-once -clang-build-session-file /Users/jans./Library/Developer/Xcode/DerivedData/ModuleCache.noindex/Session.modulevalidation -package-name swift_concurrency_extras -Xcc -I/Users/jans./Library/Developer/Xcode/DerivedData/meal.advisor.ios-csaldjncgoleykghtkpncaypzmvo/Build/Intermediates.noindex/swift-concurrency-extras.build/Debug-iphonesimulator/ConcurrencyExtras.build/swift-overrides.hmap -emit-const-values -Xfrontend -const-gather-protocols-file -Xfrontend /Users/jans./Library/Developer/Xcode/DerivedData/meal.advisor.ios-csaldjncgoleykghtkpncaypzmvo/Build/Intermediates.noindex/swift-concurrency-extras.build/Debug-iphonesimulator/ConcurrencyExtras.build/Objects-normal/arm64/ConcurrencyExtras_const_extract_protocols.json -Xcc -I/Users/jans./Library/Developer/Xcode/DerivedData/meal.advisor.ios-csaldjncgoleykghtkpncaypzmvo/Build/Products/Debug-iphonesimulator/include -Xcc -I/Users/jans./Library/Developer/Xcode/DerivedData/meal.advisor.ios-csaldjncgoleykghtkpncaypzmvo/Build/Intermediates.noindex/swift-concurrency-extras.build/Debug-iphonesimulator/ConcurrencyExtras.build/DerivedSources-normal/arm64 -Xcc -I/Users/jans./Library/Developer/Xcode/DerivedData/meal.advisor.ios-csaldjncgoleykghtkpncaypzmvo/Build/Intermediates.noindex/swift-concurrency-extras.build/Debug-iphonesimulator/ConcurrencyExtras.build/DerivedSources/arm64 -Xcc -I/Users/jans./Library/Developer/Xcode/DerivedData/meal.advisor.ios-csaldjncgoleykghtkpncaypzmvo/Build/Intermediates.noindex/swift-concurrency-extras.build/Debug-iphonesimulator/ConcurrencyExtras.build/DerivedSources -Xcc -DSWIFT_PACKAGE -Xcc -DDEBUG\=1 -emit-objc-header -emit-objc-header-path /Users/jans./Library/Developer/Xcode/DerivedData/meal.advisor.ios-csaldjncgoleykghtkpncaypzmvo/Build/Intermediates.noindex/swift-concurrency-extras.build/Debug-iphonesimulator/ConcurrencyExtras.build/Objects-normal/arm64/ConcurrencyExtras-Swift.h -working-directory /Users/jans./Downloads/meal.advisor/meal.advisor.ios/meal.advisor.ios/meal.advisor.ios/meal.advisor.ios.xcodeproj -experimental-emit-module-separately -disable-cmo

PrecompileModule /Users/jans./Library/Developer/Xcode/DerivedData/meal.advisor.ios-csaldjncgoleykghtkpncaypzmvo/Build/Intermediates.noindex/ExplicitPrecompiledModules/xlocale-F2R9IC1XPPBQHBP4DVN6EEFZ.scan
    cd /Users/jans./Downloads/meal.advisor/meal.advisor.ios/meal.advisor.ios/meal.advisor.ios/meal.advisor.ios.xcodeproj
    builtin-precompileModule /Users/jans./Library/Developer/Xcode/DerivedData/meal.advisor.ios-csaldjncgoleykghtkpncaypzmvo/Build/Intermediates.noindex/ExplicitPrecompiledModules/xlocale-F2R9IC1XPPBQHBP4DVN6EEFZ.scan

SwiftMergeGeneratedHeaders /Users/jans./Library/Developer/Xcode/DerivedData/meal.advisor.ios-csaldjncgoleykghtkpncaypzmvo/Build/Intermediates.noindex/GeneratedModuleMaps-iphonesimulator/ConcurrencyExtras-Swift.h /Users/jans./Library/Developer/Xcode/DerivedData/meal.advisor.ios-csaldjncgoleykghtkpncaypzmvo/Build/Intermediates.noindex/swift-concurrency-extras.build/Debug-iphonesimulator/ConcurrencyExtras.build/Objects-normal/arm64/ConcurrencyExtras-Swift.h (in target 'ConcurrencyExtras' from project 'swift-concurrency-extras')
    cd /Users/jans./Library/Developer/Xcode/DerivedData/meal.advisor.ios-csaldjncgoleykghtkpncaypzmvo/SourcePackages/checkouts/swift-concurrency-extras
    builtin-swiftHeaderTool -arch arm64 /Users/jans./Library/Developer/Xcode/DerivedData/meal.advisor.ios-csaldjncgoleykghtkpncaypzmvo/Build/Intermediates.noindex/swift-concurrency-extras.build/Debug-iphonesimulator/ConcurrencyExtras.build/Objects-normal/arm64/ConcurrencyExtras-Swift.h -o /Users/jans./Library/Developer/Xcode/DerivedData/meal.advisor.ios-csaldjncgoleykghtkpncaypzmvo/Build/Intermediates.noindex/GeneratedModuleMaps-iphonesimulator/ConcurrencyExtras-Swift.h

SwiftDriverJobDiscovery normal arm64 Compiling ISOLatin1String.swift (in target 'HTTPTypes' from project 'swift-http-types')

Copy /Users/jans./Library/Developer/Xcode/DerivedData/meal.advisor.ios-csaldjncgoleykghtkpncaypzmvo/Build/Products/Debug-iphonesimulator/ConcurrencyExtras.swiftmodule/arm64-apple-ios-simulator.swiftmodule /Users/jans./Library/Developer/Xcode/DerivedData/meal.advisor.ios-csaldjncgoleykghtkpncaypzmvo/Build/Intermediates.noindex/swift-concurrency-extras.build/Debug-iphonesimulator/ConcurrencyExtras.build/Objects-normal/arm64/ConcurrencyExtras.swiftmodule (in target 'ConcurrencyExtras' from project 'swift-concurrency-extras')
    cd /Users/jans./Library/Developer/Xcode/DerivedData/meal.advisor.ios-csaldjncgoleykghtkpncaypzmvo/SourcePackages/checkouts/swift-concurrency-extras
    builtin-copy -exclude .DS_Store -exclude CVS -exclude .svn -exclude .git -exclude .hg -resolve-src-symlinks -rename /Users/jans./Library/Developer/Xcode/DerivedData/meal.advisor.ios-csaldjncgoleykghtkpncaypzmvo/Build/Intermediates.noindex/swift-concurrency-extras.build/Debug-iphonesimulator/ConcurrencyExtras.build/Objects-normal/arm64/ConcurrencyExtras.swiftmodule /Users/jans./Library/Developer/Xcode/DerivedData/meal.advisor.ios-csaldjncgoleykghtkpncaypzmvo/Build/Products/Debug-iphonesimulator/ConcurrencyExtras.swiftmodule/arm64-apple-ios-simulator.swiftmodule

Copy /Users/jans./Library/Developer/Xcode/DerivedData/meal.advisor.ios-csaldjncgoleykghtkpncaypzmvo/Build/Products/Debug-iphonesimulator/ConcurrencyExtras.swiftmodule/arm64-apple-ios-simulator.swiftdoc /Users/jans./Library/Developer/Xcode/DerivedData/meal.advisor.ios-csaldjncgoleykghtkpncaypzmvo/Build/Intermediates.noindex/swift-concurrency-extras.build/Debug-iphonesimulator/ConcurrencyExtras.build/Objects-normal/arm64/ConcurrencyExtras.swiftdoc (in target 'ConcurrencyExtras' from project 'swift-concurrency-extras')
    cd /Users/jans./Library/Developer/Xcode/DerivedData/meal.advisor.ios-csaldjncgoleykghtkpncaypzmvo/SourcePackages/checkouts/swift-concurrency-extras
    builtin-copy -exclude .DS_Store -exclude CVS -exclude .svn -exclude .git -exclude .hg -resolve-src-symlinks -rename /Users/jans./Library/Developer/Xcode/DerivedData/meal.advisor.ios-csaldjncgoleykghtkpncaypzmvo/Build/Intermediates.noindex/swift-concurrency-extras.build/Debug-iphonesimulator/ConcurrencyExtras.build/Objects-normal/arm64/ConcurrencyExtras.swiftdoc /Users/jans./Library/Developer/Xcode/DerivedData/meal.advisor.ios-csaldjncgoleykghtkpncaypzmvo/Build/Products/Debug-iphonesimulator/ConcurrencyExtras.swiftmodule/arm64-apple-ios-simulator.swiftdoc

Copy /Users/jans./Library/Developer/Xcode/DerivedData/meal.advisor.ios-csaldjncgoleykghtkpncaypzmvo/Build/Products/Debug-iphonesimulator/ConcurrencyExtras.swiftmodule/arm64-apple-ios-simulator.abi.json /Users/jans./Library/Developer/Xcode/DerivedData/meal.advisor.ios-csaldjncgoleykghtkpncaypzmvo/Build/Intermediates.noindex/swift-concurrency-extras.build/Debug-iphonesimulator/ConcurrencyExtras.build/Objects-normal/arm64/ConcurrencyExtras.abi.json (in target 'ConcurrencyExtras' from project 'swift-concurrency-extras')
    cd /Users/jans./Library/Developer/Xcode/DerivedData/meal.advisor.ios-csaldjncgoleykghtkpncaypzmvo/SourcePackages/checkouts/swift-concurrency-extras
    builtin-copy -exclude .DS_Store -exclude CVS -exclude .svn -exclude .git -exclude .hg -resolve-src-symlinks -rename /Users/jans./Library/Developer/Xcode/DerivedData/meal.advisor.ios-csaldjncgoleykghtkpncaypzmvo/Build/Intermediates.noindex/swift-concurrency-extras.build/Debug-iphonesimulator/ConcurrencyExtras.build/Objects-normal/arm64/ConcurrencyExtras.abi.json /Users/jans./Library/Developer/Xcode/DerivedData/meal.advisor.ios-csaldjncgoleykghtkpncaypzmvo/Build/Products/Debug-iphonesimulator/ConcurrencyExtras.swiftmodule/arm64-apple-ios-simulator.abi.json

Copy /Users/jans./Library/Developer/Xcode/DerivedData/meal.advisor.ios-csaldjncgoleykghtkpncaypzmvo/Build/Products/Debug-iphonesimulator/ConcurrencyExtras.swiftmodule/Project/arm64-apple-ios-simulator.swiftsourceinfo /Users/jans./Library/Developer/Xcode/DerivedData/meal.advisor.ios-csaldjncgoleykghtkpncaypzmvo/Build/Intermediates.noindex/swift-concurrency-extras.build/Debug-iphonesimulator/ConcurrencyExtras.build/Objects-normal/arm64/ConcurrencyExtras.swiftsourceinfo (in target 'ConcurrencyExtras' from project 'swift-concurrency-extras')
    cd /Users/jans./Library/Developer/Xcode/DerivedData/meal.advisor.ios-csaldjncgoleykghtkpncaypzmvo/SourcePackages/checkouts/swift-concurrency-extras
    builtin-copy -exclude .DS_Store -exclude CVS -exclude .svn -exclude .git -exclude .hg -resolve-src-symlinks -rename /Users/jans./Library/Developer/Xcode/DerivedData/meal.advisor.ios-csaldjncgoleykghtkpncaypzmvo/Build/Intermediates.noindex/swift-concurrency-extras.build/Debug-iphonesimulator/ConcurrencyExtras.build/Objects-normal/arm64/ConcurrencyExtras.swiftsourceinfo /Users/jans./Library/Developer/Xcode/DerivedData/meal.advisor.ios-csaldjncgoleykghtkpncaypzmvo/Build/Products/Debug-iphonesimulator/ConcurrencyExtras.swiftmodule/Project/arm64-apple-ios-simulator.swiftsourceinfo

PrecompileModule /Users/jans./Library/Developer/Xcode/DerivedData/meal.advisor.ios-csaldjncgoleykghtkpncaypzmvo/Build/Intermediates.noindex/ExplicitPrecompiledModules/_Builtin_stdint-F2AYJZ8NK66IWMR89SSD8PHGE.scan
    cd /Users/jans./Downloads/meal.advisor/meal.advisor.ios/meal.advisor.ios/meal.advisor.ios/meal.advisor.ios.xcodeproj
    builtin-precompileModule /Users/jans./Library/Developer/Xcode/DerivedData/meal.advisor.ios-csaldjncgoleykghtkpncaypzmvo/Build/Intermediates.noindex/ExplicitPrecompiledModules/_Builtin_stdint-F2AYJZ8NK66IWMR89SSD8PHGE.scan

PrecompileModule /Users/jans./Library/Developer/Xcode/DerivedData/meal.advisor.ios-csaldjncgoleykghtkpncaypzmvo/Build/Intermediates.noindex/ExplicitPrecompiledModules/netinet_in-EDCLBPXC38VMR8VPUGRO816L4.scan
    cd /Users/jans./Downloads/meal.advisor/meal.advisor.ios/meal.advisor.ios/meal.advisor.ios/meal.advisor.ios.xcodeproj
    builtin-precompileModule /Users/jans./Library/Developer/Xcode/DerivedData/meal.advisor.ios-csaldjncgoleykghtkpncaypzmvo/Build/Intermediates.noindex/ExplicitPrecompiledModules/netinet_in-EDCLBPXC38VMR8VPUGRO816L4.scan

PrecompileModule /Users/jans./Library/Developer/Xcode/DerivedData/meal.advisor.ios-csaldjncgoleykghtkpncaypzmvo/Build/Intermediates.noindex/ExplicitPrecompiledModules/_setjmp-4G7GR11E7R4S72NH8OELRYWHY.scan
    cd /Users/jans./Downloads/meal.advisor/meal.advisor.ios/meal.advisor.ios/meal.advisor.ios/meal.advisor.ios.xcodeproj
    builtin-precompileModule /Users/jans./Library/Developer/Xcode/DerivedData/meal.advisor.ios-csaldjncgoleykghtkpncaypzmvo/Build/Intermediates.noindex/ExplicitPrecompiledModules/_setjmp-4G7GR11E7R4S72NH8OELRYWHY.scan

SwiftDriverJobDiscovery normal arm64 Emitting module for HTTPTypes (in target 'HTTPTypes' from project 'swift-http-types')

SwiftDriver\ Compilation\ Requirements HTTPTypes normal arm64 com.apple.xcode.tools.swift.compiler (in target 'HTTPTypes' from project 'swift-http-types')
    cd /Users/jans./Downloads/meal.advisor/meal.advisor.ios/meal.advisor.ios/meal.advisor.ios/meal.advisor.ios.xcodeproj
    builtin-Swift-Compilation-Requirements -- /Applications/Xcode.app/Contents/Developer/Toolchains/XcodeDefault.xctoolchain/usr/bin/swiftc -module-name HTTPTypes -Onone -enforce-exclusivity\=checked @/Users/jans./Library/Developer/Xcode/DerivedData/meal.advisor.ios-csaldjncgoleykghtkpncaypzmvo/Build/Intermediates.noindex/swift-http-types.build/Debug-iphonesimulator/HTTPTypes.build/Objects-normal/arm64/HTTPTypes.SwiftFileList -DSWIFT_PACKAGE -DDEBUG -DXcode -enable-experimental-feature StrictConcurrency\=complete -enable-upcoming-feature MemberImportVisibility -plugin-path /Applications/Xcode.app/Contents/Developer/Toolchains/XcodeDefault.xctoolchain/usr/lib/swift/host/plugins/testing -enable-experimental-feature DebugDescriptionMacro -sdk /Applications/Xcode.app/Contents/Developer/Platforms/iPhoneSimulator.platform/Developer/SDKs/iPhoneSimulator18.5.sdk -target arm64-apple-ios12.0-simulator -g -module-cache-path /Users/jans./Library/Developer/Xcode/DerivedData/ModuleCache.noindex -Xfrontend -serialize-debugging-options -enable-testing -suppress-warnings -index-store-path /Users/jans./Library/Developer/Xcode/DerivedData/meal.advisor.ios-csaldjncgoleykghtkpncaypzmvo/Index.noindex/DataStore -swift-version 5 -I /Users/jans./Library/Developer/Xcode/DerivedData/meal.advisor.ios-csaldjncgoleykghtkpncaypzmvo/Build/Products/Debug-iphonesimulator -I /Applications/Xcode.app/Contents/Developer/Platforms/iPhoneSimulator.platform/Developer/usr/lib -F /Users/jans./Library/Developer/Xcode/DerivedData/meal.advisor.ios-csaldjncgoleykghtkpncaypzmvo/Build/Products/Debug-iphonesimulator -F /Applications/Xcode.app/Contents/Developer/Platforms/iPhoneSimulator.platform/Developer/Library/Frameworks -F /Applications/Xcode.app/Contents/Developer/Platforms/iPhoneSimulator.platform/Developer/SDKs/iPhoneSimulator18.5.sdk/Developer/Library/Frameworks -c -j8 -enable-batch-mode -incremental -Xcc -ivfsstatcache -Xcc /Users/jans./Library/Developer/Xcode/DerivedData/SDKStatCaches.noindex/iphonesimulator18.5-22F76-d5fc8ad4295d2ef488fb7d0f804ce0c4.sdkstatcache -output-file-map /Users/jans./Library/Developer/Xcode/DerivedData/meal.advisor.ios-csaldjncgoleykghtkpncaypzmvo/Build/Intermediates.noindex/swift-http-types.build/Debug-iphonesimulator/HTTPTypes.build/Objects-normal/arm64/HTTPTypes-OutputFileMap.json -use-frontend-parseable-output -save-temps -no-color-diagnostics -serialize-diagnostics -emit-dependencies -emit-module -emit-module-path /Users/jans./Library/Developer/Xcode/DerivedData/meal.advisor.ios-csaldjncgoleykghtkpncaypzmvo/Build/Intermediates.noindex/swift-http-types.build/Debug-iphonesimulator/HTTPTypes.build/Objects-normal/arm64/HTTPTypes.swiftmodule -validate-clang-modules-once -clang-build-session-file /Users/jans./Library/Developer/Xcode/DerivedData/ModuleCache.noindex/Session.modulevalidation -package-name swift_http_types -Xcc -I/Users/jans./Library/Developer/Xcode/DerivedData/meal.advisor.ios-csaldjncgoleykghtkpncaypzmvo/Build/Intermediates.noindex/swift-http-types.build/Debug-iphonesimulator/HTTPTypes.build/swift-overrides.hmap -emit-const-values -Xfrontend -const-gather-protocols-file -Xfrontend /Users/jans./Library/Developer/Xcode/DerivedData/meal.advisor.ios-csaldjncgoleykghtkpncaypzmvo/Build/Intermediates.noindex/swift-http-types.build/Debug-iphonesimulator/HTTPTypes.build/Objects-normal/arm64/HTTPTypes_const_extract_protocols.json -Xcc -I/Users/jans./Library/Developer/Xcode/DerivedData/meal.advisor.ios-csaldjncgoleykghtkpncaypzmvo/Build/Products/Debug-iphonesimulator/include -Xcc -I/Users/jans./Library/Developer/Xcode/DerivedData/meal.advisor.ios-csaldjncgoleykghtkpncaypzmvo/Build/Intermediates.noindex/swift-http-types.build/Debug-iphonesimulator/HTTPTypes.build/DerivedSources-normal/arm64 -Xcc -I/Users/jans./Library/Developer/Xcode/DerivedData/meal.advisor.ios-csaldjncgoleykghtkpncaypzmvo/Build/Intermediates.noindex/swift-http-types.build/Debug-iphonesimulator/HTTPTypes.build/DerivedSources/arm64 -Xcc -I/Users/jans./Library/Developer/Xcode/DerivedData/meal.advisor.ios-csaldjncgoleykghtkpncaypzmvo/Build/Intermediates.noindex/swift-http-types.build/Debug-iphonesimulator/HTTPTypes.build/DerivedSources -Xcc -DSWIFT_PACKAGE -Xcc -DDEBUG\=1 -emit-objc-header -emit-objc-header-path /Users/jans./Library/Developer/Xcode/DerivedData/meal.advisor.ios-csaldjncgoleykghtkpncaypzmvo/Build/Intermediates.noindex/swift-http-types.build/Debug-iphonesimulator/HTTPTypes.build/Objects-normal/arm64/HTTPTypes-Swift.h -working-directory /Users/jans./Downloads/meal.advisor/meal.advisor.ios/meal.advisor.ios/meal.advisor.ios/meal.advisor.ios.xcodeproj -experimental-emit-module-separately -disable-cmo

PrecompileModule /Users/jans./Library/Developer/Xcode/DerivedData/meal.advisor.ios-csaldjncgoleykghtkpncaypzmvo/Build/Intermediates.noindex/ExplicitPrecompiledModules/_tgmath-BN7CJ1FKYBH3X42ZKA4ZCIV7E.scan
    cd /Users/jans./Downloads/meal.advisor/meal.advisor.ios/meal.advisor.ios/meal.advisor.ios/meal.advisor.ios.xcodeproj
    builtin-precompileModule /Users/jans./Library/Developer/Xcode/DerivedData/meal.advisor.ios-csaldjncgoleykghtkpncaypzmvo/Build/Intermediates.noindex/ExplicitPrecompiledModules/_tgmath-BN7CJ1FKYBH3X42ZKA4ZCIV7E.scan

SwiftMergeGeneratedHeaders /Users/jans./Library/Developer/Xcode/DerivedData/meal.advisor.ios-csaldjncgoleykghtkpncaypzmvo/Build/Intermediates.noindex/GeneratedModuleMaps-iphonesimulator/HTTPTypes-Swift.h /Users/jans./Library/Developer/Xcode/DerivedData/meal.advisor.ios-csaldjncgoleykghtkpncaypzmvo/Build/Intermediates.noindex/swift-http-types.build/Debug-iphonesimulator/HTTPTypes.build/Objects-normal/arm64/HTTPTypes-Swift.h (in target 'HTTPTypes' from project 'swift-http-types')
    cd /Users/jans./Library/Developer/Xcode/DerivedData/meal.advisor.ios-csaldjncgoleykghtkpncaypzmvo/SourcePackages/checkouts/swift-http-types
    builtin-swiftHeaderTool -arch arm64 /Users/jans./Library/Developer/Xcode/DerivedData/meal.advisor.ios-csaldjncgoleykghtkpncaypzmvo/Build/Intermediates.noindex/swift-http-types.build/Debug-iphonesimulator/HTTPTypes.build/Objects-normal/arm64/HTTPTypes-Swift.h -o /Users/jans./Library/Developer/Xcode/DerivedData/meal.advisor.ios-csaldjncgoleykghtkpncaypzmvo/Build/Intermediates.noindex/GeneratedModuleMaps-iphonesimulator/HTTPTypes-Swift.h

Copy /Users/jans./Library/Developer/Xcode/DerivedData/meal.advisor.ios-csaldjncgoleykghtkpncaypzmvo/Build/Products/Debug-iphonesimulator/HTTPTypes.swiftmodule/arm64-apple-ios-simulator.swiftmodule /Users/jans./Library/Developer/Xcode/DerivedData/meal.advisor.ios-csaldjncgoleykghtkpncaypzmvo/Build/Intermediates.noindex/swift-http-types.build/Debug-iphonesimulator/HTTPTypes.build/Objects-normal/arm64/HTTPTypes.swiftmodule (in target 'HTTPTypes' from project 'swift-http-types')
    cd /Users/jans./Library/Developer/Xcode/DerivedData/meal.advisor.ios-csaldjncgoleykghtkpncaypzmvo/SourcePackages/checkouts/swift-http-types
    builtin-copy -exclude .DS_Store -exclude CVS -exclude .svn -exclude .git -exclude .hg -resolve-src-symlinks -rename /Users/jans./Library/Developer/Xcode/DerivedData/meal.advisor.ios-csaldjncgoleykghtkpncaypzmvo/Build/Intermediates.noindex/swift-http-types.build/Debug-iphonesimulator/HTTPTypes.build/Objects-normal/arm64/HTTPTypes.swiftmodule /Users/jans./Library/Developer/Xcode/DerivedData/meal.advisor.ios-csaldjncgoleykghtkpncaypzmvo/Build/Products/Debug-iphonesimulator/HTTPTypes.swiftmodule/arm64-apple-ios-simulator.swiftmodule

Copy /Users/jans./Library/Developer/Xcode/DerivedData/meal.advisor.ios-csaldjncgoleykghtkpncaypzmvo/Build/Products/Debug-iphonesimulator/HTTPTypes.swiftmodule/arm64-apple-ios-simulator.swiftdoc /Users/jans./Library/Developer/Xcode/DerivedData/meal.advisor.ios-csaldjncgoleykghtkpncaypzmvo/Build/Intermediates.noindex/swift-http-types.build/Debug-iphonesimulator/HTTPTypes.build/Objects-normal/arm64/HTTPTypes.swiftdoc (in target 'HTTPTypes' from project 'swift-http-types')
    cd /Users/jans./Library/Developer/Xcode/DerivedData/meal.advisor.ios-csaldjncgoleykghtkpncaypzmvo/SourcePackages/checkouts/swift-http-types
    builtin-copy -exclude .DS_Store -exclude CVS -exclude .svn -exclude .git -exclude .hg -resolve-src-symlinks -rename /Users/jans./Library/Developer/Xcode/DerivedData/meal.advisor.ios-csaldjncgoleykghtkpncaypzmvo/Build/Intermediates.noindex/swift-http-types.build/Debug-iphonesimulator/HTTPTypes.build/Objects-normal/arm64/HTTPTypes.swiftdoc /Users/jans./Library/Developer/Xcode/DerivedData/meal.advisor.ios-csaldjncgoleykghtkpncaypzmvo/Build/Products/Debug-iphonesimulator/HTTPTypes.swiftmodule/arm64-apple-ios-simulator.swiftdoc

Copy /Users/jans./Library/Developer/Xcode/DerivedData/meal.advisor.ios-csaldjncgoleykghtkpncaypzmvo/Build/Products/Debug-iphonesimulator/HTTPTypes.swiftmodule/arm64-apple-ios-simulator.abi.json /Users/jans./Library/Developer/Xcode/DerivedData/meal.advisor.ios-csaldjncgoleykghtkpncaypzmvo/Build/Intermediates.noindex/swift-http-types.build/Debug-iphonesimulator/HTTPTypes.build/Objects-normal/arm64/HTTPTypes.abi.json (in target 'HTTPTypes' from project 'swift-http-types')
    cd /Users/jans./Library/Developer/Xcode/DerivedData/meal.advisor.ios-csaldjncgoleykghtkpncaypzmvo/SourcePackages/checkouts/swift-http-types
    builtin-copy -exclude .DS_Store -exclude CVS -exclude .svn -exclude .git -exclude .hg -resolve-src-symlinks -rename /Users/jans./Library/Developer/Xcode/DerivedData/meal.advisor.ios-csaldjncgoleykghtkpncaypzmvo/Build/Intermediates.noindex/swift-http-types.build/Debug-iphonesimulator/HTTPTypes.build/Objects-normal/arm64/HTTPTypes.abi.json /Users/jans./Library/Developer/Xcode/DerivedData/meal.advisor.ios-csaldjncgoleykghtkpncaypzmvo/Build/Products/Debug-iphonesimulator/HTTPTypes.swiftmodule/arm64-apple-ios-simulator.abi.json

Copy /Users/jans./Library/Developer/Xcode/DerivedData/meal.advisor.ios-csaldjncgoleykghtkpncaypzmvo/Build/Products/Debug-iphonesimulator/HTTPTypes.swiftmodule/Project/arm64-apple-ios-simulator.swiftsourceinfo /Users/jans./Library/Developer/Xcode/DerivedData/meal.advisor.ios-csaldjncgoleykghtkpncaypzmvo/Build/Intermediates.noindex/swift-http-types.build/Debug-iphonesimulator/HTTPTypes.build/Objects-normal/arm64/HTTPTypes.swiftsourceinfo (in target 'HTTPTypes' from project 'swift-http-types')
    cd /Users/jans./Library/Developer/Xcode/DerivedData/meal.advisor.ios-csaldjncgoleykghtkpncaypzmvo/SourcePackages/checkouts/swift-http-types
    builtin-copy -exclude .DS_Store -exclude CVS -exclude .svn -exclude .git -exclude .hg -resolve-src-symlinks -rename /Users/jans./Library/Developer/Xcode/DerivedData/meal.advisor.ios-csaldjncgoleykghtkpncaypzmvo/Build/Intermediates.noindex/swift-http-types.build/Debug-iphonesimulator/HTTPTypes.build/Objects-normal/arm64/HTTPTypes.swiftsourceinfo /Users/jans./Library/Developer/Xcode/DerivedData/meal.advisor.ios-csaldjncgoleykghtkpncaypzmvo/Build/Products/Debug-iphonesimulator/HTTPTypes.swiftmodule/Project/arm64-apple-ios-simulator.swiftsourceinfo

PrecompileModule /Users/jans./Library/Developer/Xcode/DerivedData/meal.advisor.ios-csaldjncgoleykghtkpncaypzmvo/Build/Intermediates.noindex/ExplicitPrecompiledModules/_sys_select-7BSD54I7KABVAZSSYBK5G7FPW.scan
    cd /Users/jans./Downloads/meal.advisor/meal.advisor.ios/meal.advisor.ios/meal.advisor.ios/meal.advisor.ios.xcodeproj
    builtin-precompileModule /Users/jans./Library/Developer/Xcode/DerivedData/meal.advisor.ios-csaldjncgoleykghtkpncaypzmvo/Build/Intermediates.noindex/ExplicitPrecompiledModules/_sys_select-7BSD54I7KABVAZSSYBK5G7FPW.scan

PrecompileModule /Users/jans./Library/Developer/Xcode/DerivedData/meal.advisor.ios-csaldjncgoleykghtkpncaypzmvo/Build/Intermediates.noindex/ExplicitPrecompiledModules/_inttypes-1DT1CUMH8NX3DYKAHGE4FNQR0.scan
    cd /Users/jans./Downloads/meal.advisor/meal.advisor.ios/meal.advisor.ios/meal.advisor.ios/meal.advisor.ios.xcodeproj
    builtin-precompileModule /Users/jans./Library/Developer/Xcode/DerivedData/meal.advisor.ios-csaldjncgoleykghtkpncaypzmvo/Build/Intermediates.noindex/ExplicitPrecompiledModules/_inttypes-1DT1CUMH8NX3DYKAHGE4FNQR0.scan

PrecompileModule /Users/jans./Library/Developer/Xcode/DerivedData/meal.advisor.ios-csaldjncgoleykghtkpncaypzmvo/Build/Intermediates.noindex/ExplicitPrecompiledModules/_errno-B3MI20KAR0KLJDM9Z83Z824LE.scan
    cd /Users/jans./Downloads/meal.advisor/meal.advisor.ios/meal.advisor.ios/meal.advisor.ios/meal.advisor.ios.xcodeproj
    builtin-precompileModule /Users/jans./Library/Developer/Xcode/DerivedData/meal.advisor.ios-csaldjncgoleykghtkpncaypzmvo/Build/Intermediates.noindex/ExplicitPrecompiledModules/_errno-B3MI20KAR0KLJDM9Z83Z824LE.scan

PrecompileModule /Users/jans./Library/Developer/Xcode/DerivedData/meal.advisor.ios-csaldjncgoleykghtkpncaypzmvo/Build/Intermediates.noindex/ExplicitPrecompiledModules/_ctype-C22GODAM228084M5Y6CKY8F7N.scan
    cd /Users/jans./Downloads/meal.advisor/meal.advisor.ios/meal.advisor.ios/meal.advisor.ios/meal.advisor.ios.xcodeproj
    builtin-precompileModule /Users/jans./Library/Developer/Xcode/DerivedData/meal.advisor.ios-csaldjncgoleykghtkpncaypzmvo/Build/Intermediates.noindex/ExplicitPrecompiledModules/_ctype-C22GODAM228084M5Y6CKY8F7N.scan

PrecompileModule /Users/jans./Library/Developer/Xcode/DerivedData/meal.advisor.ios-csaldjncgoleykghtkpncaypzmvo/Build/Intermediates.noindex/ExplicitPrecompiledModules/_limits-CT4S14N9KWP4YXKR8FKFH02XM.scan
    cd /Users/jans./Downloads/meal.advisor/meal.advisor.ios/meal.advisor.ios/meal.advisor.ios/meal.advisor.ios.xcodeproj
    builtin-precompileModule /Users/jans./Library/Developer/Xcode/DerivedData/meal.advisor.ios-csaldjncgoleykghtkpncaypzmvo/Build/Intermediates.noindex/ExplicitPrecompiledModules/_limits-CT4S14N9KWP4YXKR8FKFH02XM.scan

PrecompileModule /Users/jans./Library/Developer/Xcode/DerivedData/meal.advisor.ios-csaldjncgoleykghtkpncaypzmvo/Build/Intermediates.noindex/ExplicitPrecompiledModules/_Builtin_tgmath-7I4RJXMV0FKQRRHWYPBTP27DO.scan
    cd /Users/jans./Downloads/meal.advisor/meal.advisor.ios/meal.advisor.ios/meal.advisor.ios/meal.advisor.ios.xcodeproj
    builtin-precompileModule /Users/jans./Library/Developer/Xcode/DerivedData/meal.advisor.ios-csaldjncgoleykghtkpncaypzmvo/Build/Intermediates.noindex/ExplicitPrecompiledModules/_Builtin_tgmath-7I4RJXMV0FKQRRHWYPBTP27DO.scan

PrecompileModule /Users/jans./Library/Developer/Xcode/DerivedData/meal.advisor.ios-csaldjncgoleykghtkpncaypzmvo/Build/Intermediates.noindex/ExplicitPrecompiledModules/_Builtin_stdatomic-4339NGAUNMY8B63A0DUPRVK7U.scan
    cd /Users/jans./Downloads/meal.advisor/meal.advisor.ios/meal.advisor.ios/meal.advisor.ios/meal.advisor.ios.xcodeproj
    builtin-precompileModule /Users/jans./Library/Developer/Xcode/DerivedData/meal.advisor.ios-csaldjncgoleykghtkpncaypzmvo/Build/Intermediates.noindex/ExplicitPrecompiledModules/_Builtin_stdatomic-4339NGAUNMY8B63A0DUPRVK7U.scan

PrecompileModule /Users/jans./Library/Developer/Xcode/DerivedData/meal.advisor.ios-csaldjncgoleykghtkpncaypzmvo/Build/Intermediates.noindex/ExplicitPrecompiledModules/sys_types-2NIDXMSGSYKTNKKQ1GC8KHPTE.scan
    cd /Users/jans./Downloads/meal.advisor/meal.advisor.ios/meal.advisor.ios/meal.advisor.ios/meal.advisor.ios.xcodeproj
    builtin-precompileModule /Users/jans./Library/Developer/Xcode/DerivedData/meal.advisor.ios-csaldjncgoleykghtkpncaypzmvo/Build/Intermediates.noindex/ExplicitPrecompiledModules/sys_types-2NIDXMSGSYKTNKKQ1GC8KHPTE.scan

PrecompileModule /Users/jans./Library/Developer/Xcode/DerivedData/meal.advisor.ios-csaldjncgoleykghtkpncaypzmvo/Build/Intermediates.noindex/ExplicitPrecompiledModules/_Builtin_inttypes-B9S0AIRJK5JE65G1AI6F6EY90.scan
    cd /Users/jans./Downloads/meal.advisor/meal.advisor.ios/meal.advisor.ios/meal.advisor.ios/meal.advisor.ios.xcodeproj
    builtin-precompileModule /Users/jans./Library/Developer/Xcode/DerivedData/meal.advisor.ios-csaldjncgoleykghtkpncaypzmvo/Build/Intermediates.noindex/ExplicitPrecompiledModules/_Builtin_inttypes-B9S0AIRJK5JE65G1AI6F6EY90.scan

PrecompileModule /Users/jans./Library/Developer/Xcode/DerivedData/meal.advisor.ios-csaldjncgoleykghtkpncaypzmvo/Build/Intermediates.noindex/ExplicitPrecompiledModules/__wctype-72WKGBQ5RK42XEF2DT86UR6TG.scan
    cd /Users/jans./Downloads/meal.advisor/meal.advisor.ios/meal.advisor.ios/meal.advisor.ios/meal.advisor.ios.xcodeproj
    builtin-precompileModule /Users/jans./Library/Developer/Xcode/DerivedData/meal.advisor.ios-csaldjncgoleykghtkpncaypzmvo/Build/Intermediates.noindex/ExplicitPrecompiledModules/__wctype-72WKGBQ5RK42XEF2DT86UR6TG.scan

SwiftCompile normal arm64 Compiling\ KingfisherOptionsInfo.swift,\ Filter.swift,\ GIFAnimatedImage.swift,\ GraphicsContext.swift,\ Image.swift,\ ImageDrawing.swift,\ ImageFormat.swift,\ ImageProcessor.swift /Users/jans./Library/Developer/Xcode/DerivedData/meal.advisor.ios-csaldjncgoleykghtkpncaypzmvo/SourcePackages/checkouts/Kingfisher/Sources/General/KingfisherOptionsInfo.swift /Users/jans./Library/Developer/Xcode/DerivedData/meal.advisor.ios-csaldjncgoleykghtkpncaypzmvo/SourcePackages/checkouts/Kingfisher/Sources/Image/Filter.swift /Users/jans./Library/Developer/Xcode/DerivedData/meal.advisor.ios-csaldjncgoleykghtkpncaypzmvo/SourcePackages/checkouts/Kingfisher/Sources/Image/GIFAnimatedImage.swift /Users/jans./Library/Developer/Xcode/DerivedData/meal.advisor.ios-csaldjncgoleykghtkpncaypzmvo/SourcePackages/checkouts/Kingfisher/Sources/Image/GraphicsContext.swift /Users/jans./Library/Developer/Xcode/DerivedData/meal.advisor.ios-csaldjncgoleykghtkpncaypzmvo/SourcePackages/checkouts/Kingfisher/Sources/Image/Image.swift /Users/jans./Library/Developer/Xcode/DerivedData/meal.advisor.ios-csaldjncgoleykghtkpncaypzmvo/SourcePackages/checkouts/Kingfisher/Sources/Image/ImageDrawing.swift /Users/jans./Library/Developer/Xcode/DerivedData/meal.advisor.ios-csaldjncgoleykghtkpncaypzmvo/SourcePackages/checkouts/Kingfisher/Sources/Image/ImageFormat.swift /Users/jans./Library/Developer/Xcode/DerivedData/meal.advisor.ios-csaldjncgoleykghtkpncaypzmvo/SourcePackages/checkouts/Kingfisher/Sources/Image/ImageProcessor.swift (in target 'Kingfisher' from project 'Kingfisher')
SwiftCompile normal arm64 /Users/jans./Library/Developer/Xcode/DerivedData/meal.advisor.ios-csaldjncgoleykghtkpncaypzmvo/SourcePackages/checkouts/Kingfisher/Sources/General/KingfisherOptionsInfo.swift (in target 'Kingfisher' from project 'Kingfisher')
    cd /Users/jans./Downloads/meal.advisor/meal.advisor.ios/meal.advisor.ios/meal.advisor.ios/meal.advisor.ios.xcodeproj
    

SwiftCompile normal arm64 /Users/jans./Library/Developer/Xcode/DerivedData/meal.advisor.ios-csaldjncgoleykghtkpncaypzmvo/SourcePackages/checkouts/Kingfisher/Sources/Image/Filter.swift (in target 'Kingfisher' from project 'Kingfisher')
    cd /Users/jans./Downloads/meal.advisor/meal.advisor.ios/meal.advisor.ios/meal.advisor.ios/meal.advisor.ios.xcodeproj
    

SwiftCompile normal arm64 /Users/jans./Library/Developer/Xcode/DerivedData/meal.advisor.ios-csaldjncgoleykghtkpncaypzmvo/SourcePackages/checkouts/Kingfisher/Sources/Image/GIFAnimatedImage.swift (in target 'Kingfisher' from project 'Kingfisher')
    cd /Users/jans./Downloads/meal.advisor/meal.advisor.ios/meal.advisor.ios/meal.advisor.ios/meal.advisor.ios.xcodeproj
    

SwiftCompile normal arm64 /Users/jans./Library/Developer/Xcode/DerivedData/meal.advisor.ios-csaldjncgoleykghtkpncaypzmvo/SourcePackages/checkouts/Kingfisher/Sources/Image/GraphicsContext.swift (in target 'Kingfisher' from project 'Kingfisher')
    cd /Users/jans./Downloads/meal.advisor/meal.advisor.ios/meal.advisor.ios/meal.advisor.ios/meal.advisor.ios.xcodeproj
    

SwiftCompile normal arm64 /Users/jans./Library/Developer/Xcode/DerivedData/meal.advisor.ios-csaldjncgoleykghtkpncaypzmvo/SourcePackages/checkouts/Kingfisher/Sources/Image/Image.swift (in target 'Kingfisher' from project 'Kingfisher')
    cd /Users/jans./Downloads/meal.advisor/meal.advisor.ios/meal.advisor.ios/meal.advisor.ios/meal.advisor.ios.xcodeproj
    

SwiftCompile normal arm64 /Users/jans./Library/Developer/Xcode/DerivedData/meal.advisor.ios-csaldjncgoleykghtkpncaypzmvo/SourcePackages/checkouts/Kingfisher/Sources/Image/ImageDrawing.swift (in target 'Kingfisher' from project 'Kingfisher')
    cd /Users/jans./Downloads/meal.advisor/meal.advisor.ios/meal.advisor.ios/meal.advisor.ios/meal.advisor.ios.xcodeproj
    

SwiftCompile normal arm64 /Users/jans./Library/Developer/Xcode/DerivedData/meal.advisor.ios-csaldjncgoleykghtkpncaypzmvo/SourcePackages/checkouts/Kingfisher/Sources/Image/ImageFormat.swift (in target 'Kingfisher' from project 'Kingfisher')
    cd /Users/jans./Downloads/meal.advisor/meal.advisor.ios/meal.advisor.ios/meal.advisor.ios/meal.advisor.ios.xcodeproj
    

SwiftCompile normal arm64 /Users/jans./Library/Developer/Xcode/DerivedData/meal.advisor.ios-csaldjncgoleykghtkpncaypzmvo/SourcePackages/checkouts/Kingfisher/Sources/Image/ImageProcessor.swift (in target 'Kingfisher' from project 'Kingfisher')
    cd /Users/jans./Downloads/meal.advisor/meal.advisor.ios/meal.advisor.ios/meal.advisor.ios/meal.advisor.ios.xcodeproj
    

PrecompileModule /Users/jans./Library/Developer/Xcode/DerivedData/meal.advisor.ios-csaldjncgoleykghtkpncaypzmvo/Build/Intermediates.noindex/ExplicitPrecompiledModules/_Builtin_limits-89OHCLKK2DG2K1QUFOA4DAANW.scan
    cd /Users/jans./Downloads/meal.advisor/meal.advisor.ios/meal.advisor.ios/meal.advisor.ios/meal.advisor.ios.xcodeproj
    builtin-precompileModule /Users/jans./Library/Developer/Xcode/DerivedData/meal.advisor.ios-csaldjncgoleykghtkpncaypzmvo/Build/Intermediates.noindex/ExplicitPrecompiledModules/_Builtin_limits-89OHCLKK2DG2K1QUFOA4DAANW.scan

SwiftCompile normal arm64 Compiling\ PHPickerResultImageDataProvider.swift,\ Resource.swift,\ Source.swift,\ KF.swift,\ KFOptionsSetter.swift,\ Kingfisher.swift,\ KingfisherError.swift,\ KingfisherManager.swift /Users/jans./Library/Developer/Xcode/DerivedData/meal.advisor.ios-csaldjncgoleykghtkpncaypzmvo/SourcePackages/checkouts/Kingfisher/Sources/General/ImageSource/PHPickerResultImageDataProvider.swift /Users/jans./Library/Developer/Xcode/DerivedData/meal.advisor.ios-csaldjncgoleykghtkpncaypzmvo/SourcePackages/checkouts/Kingfisher/Sources/General/ImageSource/Resource.swift /Users/jans./Library/Developer/Xcode/DerivedData/meal.advisor.ios-csaldjncgoleykghtkpncaypzmvo/SourcePackages/checkouts/Kingfisher/Sources/General/ImageSource/Source.swift /Users/jans./Library/Developer/Xcode/DerivedData/meal.advisor.ios-csaldjncgoleykghtkpncaypzmvo/SourcePackages/checkouts/Kingfisher/Sources/General/KF.swift /Users/jans./Library/Developer/Xcode/DerivedData/meal.advisor.ios-csaldjncgoleykghtkpncaypzmvo/SourcePackages/checkouts/Kingfisher/Sources/General/KFOptionsSetter.swift /Users/jans./Library/Developer/Xcode/DerivedData/meal.advisor.ios-csaldjncgoleykghtkpncaypzmvo/SourcePackages/checkouts/Kingfisher/Sources/General/Kingfisher.swift /Users/jans./Library/Developer/Xcode/DerivedData/meal.advisor.ios-csaldjncgoleykghtkpncaypzmvo/SourcePackages/checkouts/Kingfisher/Sources/General/KingfisherError.swift /Users/jans./Library/Developer/Xcode/DerivedData/meal.advisor.ios-csaldjncgoleykghtkpncaypzmvo/SourcePackages/checkouts/Kingfisher/Sources/General/KingfisherManager.swift (in target 'Kingfisher' from project 'Kingfisher')

SwiftCompile normal arm64 /Users/jans./Library/Developer/Xcode/DerivedData/meal.advisor.ios-csaldjncgoleykghtkpncaypzmvo/SourcePackages/checkouts/Kingfisher/Sources/General/ImageSource/PHPickerResultImageDataProvider.swift (in target 'Kingfisher' from project 'Kingfisher')
    cd /Users/jans./Downloads/meal.advisor/meal.advisor.ios/meal.advisor.ios/meal.advisor.ios/meal.advisor.ios.xcodeproj
    

SwiftCompile normal arm64 /Users/jans./Library/Developer/Xcode/DerivedData/meal.advisor.ios-csaldjncgoleykghtkpncaypzmvo/SourcePackages/checkouts/Kingfisher/Sources/General/ImageSource/Resource.swift (in target 'Kingfisher' from project 'Kingfisher')
    cd /Users/jans./Downloads/meal.advisor/meal.advisor.ios/meal.advisor.ios/meal.advisor.ios/meal.advisor.ios.xcodeproj
    

SwiftCompile normal arm64 /Users/jans./Library/Developer/Xcode/DerivedData/meal.advisor.ios-csaldjncgoleykghtkpncaypzmvo/SourcePackages/checkouts/Kingfisher/Sources/General/ImageSource/Source.swift (in target 'Kingfisher' from project 'Kingfisher')
    cd /Users/jans./Downloads/meal.advisor/meal.advisor.ios/meal.advisor.ios/meal.advisor.ios/meal.advisor.ios.xcodeproj
    

SwiftCompile normal arm64 /Users/jans./Library/Developer/Xcode/DerivedData/meal.advisor.ios-csaldjncgoleykghtkpncaypzmvo/SourcePackages/checkouts/Kingfisher/Sources/General/KF.swift (in target 'Kingfisher' from project 'Kingfisher')
    cd /Users/jans./Downloads/meal.advisor/meal.advisor.ios/meal.advisor.ios/meal.advisor.ios/meal.advisor.ios.xcodeproj
    

SwiftCompile normal arm64 /Users/jans./Library/Developer/Xcode/DerivedData/meal.advisor.ios-csaldjncgoleykghtkpncaypzmvo/SourcePackages/checkouts/Kingfisher/Sources/General/KFOptionsSetter.swift (in target 'Kingfisher' from project 'Kingfisher')
    cd /Users/jans./Downloads/meal.advisor/meal.advisor.ios/meal.advisor.ios/meal.advisor.ios/meal.advisor.ios.xcodeproj
    

SwiftCompile normal arm64 /Users/jans./Library/Developer/Xcode/DerivedData/meal.advisor.ios-csaldjncgoleykghtkpncaypzmvo/SourcePackages/checkouts/Kingfisher/Sources/General/Kingfisher.swift (in target 'Kingfisher' from project 'Kingfisher')
    cd /Users/jans./Downloads/meal.advisor/meal.advisor.ios/meal.advisor.ios/meal.advisor.ios/meal.advisor.ios.xcodeproj
    

SwiftCompile normal arm64 /Users/jans./Library/Developer/Xcode/DerivedData/meal.advisor.ios-csaldjncgoleykghtkpncaypzmvo/SourcePackages/checkouts/Kingfisher/Sources/General/KingfisherError.swift (in target 'Kingfisher' from project 'Kingfisher')
    cd /Users/jans./Downloads/meal.advisor/meal.advisor.ios/meal.advisor.ios/meal.advisor.ios/meal.advisor.ios.xcodeproj
    

SwiftCompile normal arm64 /Users/jans./Library/Developer/Xcode/DerivedData/meal.advisor.ios-csaldjncgoleykghtkpncaypzmvo/SourcePackages/checkouts/Kingfisher/Sources/General/KingfisherManager.swift (in target 'Kingfisher' from project 'Kingfisher')
    cd /Users/jans./Downloads/meal.advisor/meal.advisor.ios/meal.advisor.ios/meal.advisor.ios/meal.advisor.ios.xcodeproj
    

SwiftCompile normal arm64 Compiling\ DisplayLink.swift,\ ExtensionHelpers.swift,\ Result.swift,\ Runtime.swift,\ SizeExtensions.swift,\ String+MD5.swift,\ AnimatedImageView.swift,\ Indicator.swift /Users/jans./Library/Developer/Xcode/DerivedData/meal.advisor.ios-csaldjncgoleykghtkpncaypzmvo/SourcePackages/checkouts/Kingfisher/Sources/Utility/DisplayLink.swift /Users/jans./Library/Developer/Xcode/DerivedData/meal.advisor.ios-csaldjncgoleykghtkpncaypzmvo/SourcePackages/checkouts/Kingfisher/Sources/Utility/ExtensionHelpers.swift /Users/jans./Library/Developer/Xcode/DerivedData/meal.advisor.ios-csaldjncgoleykghtkpncaypzmvo/SourcePackages/checkouts/Kingfisher/Sources/Utility/Result.swift /Users/jans./Library/Developer/Xcode/DerivedData/meal.advisor.ios-csaldjncgoleykghtkpncaypzmvo/SourcePackages/checkouts/Kingfisher/Sources/Utility/Runtime.swift /Users/jans./Library/Developer/Xcode/DerivedData/meal.advisor.ios-csaldjncgoleykghtkpncaypzmvo/SourcePackages/checkouts/Kingfisher/Sources/Utility/SizeExtensions.swift /Users/jans./Library/Developer/Xcode/DerivedData/meal.advisor.ios-csaldjncgoleykghtkpncaypzmvo/SourcePackages/checkouts/Kingfisher/Sources/Utility/String+MD5.swift /Users/jans./Library/Developer/Xcode/DerivedData/meal.advisor.ios-csaldjncgoleykghtkpncaypzmvo/SourcePackages/checkouts/Kingfisher/Sources/Views/AnimatedImageView.swift /Users/jans./Library/Developer/Xcode/DerivedData/meal.advisor.ios-csaldjncgoleykghtkpncaypzmvo/SourcePackages/checkouts/Kingfisher/Sources/Views/Indicator.swift (in target 'Kingfisher' from project 'Kingfisher')

SwiftCompile normal arm64 /Users/jans./Library/Developer/Xcode/DerivedData/meal.advisor.ios-csaldjncgoleykghtkpncaypzmvo/SourcePackages/checkouts/Kingfisher/Sources/Utility/DisplayLink.swift (in target 'Kingfisher' from project 'Kingfisher')
    cd /Users/jans./Downloads/meal.advisor/meal.advisor.ios/meal.advisor.ios/meal.advisor.ios/meal.advisor.ios.xcodeproj
    

SwiftCompile normal arm64 /Users/jans./Library/Developer/Xcode/DerivedData/meal.advisor.ios-csaldjncgoleykghtkpncaypzmvo/SourcePackages/checkouts/Kingfisher/Sources/Utility/ExtensionHelpers.swift (in target 'Kingfisher' from project 'Kingfisher')
    cd /Users/jans./Downloads/meal.advisor/meal.advisor.ios/meal.advisor.ios/meal.advisor.ios/meal.advisor.ios.xcodeproj
    

SwiftCompile normal arm64 /Users/jans./Library/Developer/Xcode/DerivedData/meal.advisor.ios-csaldjncgoleykghtkpncaypzmvo/SourcePackages/checkouts/Kingfisher/Sources/Utility/Result.swift (in target 'Kingfisher' from project 'Kingfisher')
    cd /Users/jans./Downloads/meal.advisor/meal.advisor.ios/meal.advisor.ios/meal.advisor.ios/meal.advisor.ios.xcodeproj
    

SwiftCompile normal arm64 /Users/jans./Library/Developer/Xcode/DerivedData/meal.advisor.ios-csaldjncgoleykghtkpncaypzmvo/SourcePackages/checkouts/Kingfisher/Sources/Utility/Runtime.swift (in target 'Kingfisher' from project 'Kingfisher')
    cd /Users/jans./Downloads/meal.advisor/meal.advisor.ios/meal.advisor.ios/meal.advisor.ios/meal.advisor.ios.xcodeproj
    

SwiftCompile normal arm64 /Users/jans./Library/Developer/Xcode/DerivedData/meal.advisor.ios-csaldjncgoleykghtkpncaypzmvo/SourcePackages/checkouts/Kingfisher/Sources/Utility/SizeExtensions.swift (in target 'Kingfisher' from project 'Kingfisher')
    cd /Users/jans./Downloads/meal.advisor/meal.advisor.ios/meal.advisor.ios/meal.advisor.ios/meal.advisor.ios.xcodeproj
    

SwiftCompile normal arm64 /Users/jans./Library/Developer/Xcode/DerivedData/meal.advisor.ios-csaldjncgoleykghtkpncaypzmvo/SourcePackages/checkouts/Kingfisher/Sources/Utility/String+MD5.swift (in target 'Kingfisher' from project 'Kingfisher')
    cd /Users/jans./Downloads/meal.advisor/meal.advisor.ios/meal.advisor.ios/meal.advisor.ios/meal.advisor.ios.xcodeproj
    

SwiftCompile normal arm64 /Users/jans./Library/Developer/Xcode/DerivedData/meal.advisor.ios-csaldjncgoleykghtkpncaypzmvo/SourcePackages/checkouts/Kingfisher/Sources/Views/AnimatedImageView.swift (in target 'Kingfisher' from project 'Kingfisher')
    cd /Users/jans./Downloads/meal.advisor/meal.advisor.ios/meal.advisor.ios/meal.advisor.ios/meal.advisor.ios.xcodeproj
    

SwiftCompile normal arm64 /Users/jans./Library/Developer/Xcode/DerivedData/meal.advisor.ios-csaldjncgoleykghtkpncaypzmvo/SourcePackages/checkouts/Kingfisher/Sources/Views/Indicator.swift (in target 'Kingfisher' from project 'Kingfisher')
    cd /Users/jans./Downloads/meal.advisor/meal.advisor.ios/meal.advisor.ios/meal.advisor.ios/meal.advisor.ios.xcodeproj
    

PrecompileModule /Users/jans./Library/Developer/Xcode/DerivedData/meal.advisor.ios-csaldjncgoleykghtkpncaypzmvo/Build/Intermediates.noindex/ExplicitPrecompiledModules/_stdio-A62GJZIREFM2LJKXPNG38LKHQ.scan
    cd /Users/jans./Downloads/meal.advisor/meal.advisor.ios/meal.advisor.ios/meal.advisor.ios/meal.advisor.ios.xcodeproj
    builtin-precompileModule /Users/jans./Library/Developer/Xcode/DerivedData/meal.advisor.ios-csaldjncgoleykghtkpncaypzmvo/Build/Intermediates.noindex/ExplicitPrecompiledModules/_stdio-A62GJZIREFM2LJKXPNG38LKHQ.scan

SwiftDriverJobDiscovery normal arm64 Emitting module for Crypto (in target 'Crypto' from project 'swift-crypto')

SwiftDriver\ Compilation\ Requirements Crypto normal arm64 com.apple.xcode.tools.swift.compiler (in target 'Crypto' from project 'swift-crypto')
    cd /Users/jans./Downloads/meal.advisor/meal.advisor.ios/meal.advisor.ios/meal.advisor.ios/meal.advisor.ios.xcodeproj
    builtin-Swift-Compilation-Requirements -- /Applications/Xcode.app/Contents/Developer/Toolchains/XcodeDefault.xctoolchain/usr/bin/swiftc -module-name Crypto -Onone -enforce-exclusivity\=checked @/Users/jans./Library/Developer/Xcode/DerivedData/meal.advisor.ios-csaldjncgoleykghtkpncaypzmvo/Build/Intermediates.noindex/swift-crypto.build/Debug-iphonesimulator/Crypto.build/Objects-normal/arm64/Crypto.SwiftFileList -DSWIFT_PACKAGE -DDEBUG -DCRYPTO_IN_SWIFTPM -DXcode -enable-upcoming-feature MemberImportVisibility -plugin-path /Applications/Xcode.app/Contents/Developer/Toolchains/XcodeDefault.xctoolchain/usr/lib/swift/host/plugins/testing -enable-experimental-feature DebugDescriptionMacro -sdk /Applications/Xcode.app/Contents/Developer/Platforms/iPhoneSimulator.platform/Developer/SDKs/iPhoneSimulator18.5.sdk -target arm64-apple-ios12.0-simulator -g -module-cache-path /Users/jans./Library/Developer/Xcode/DerivedData/ModuleCache.noindex -Xfrontend -serialize-debugging-options -enable-testing -suppress-warnings -index-store-path /Users/jans./Library/Developer/Xcode/DerivedData/meal.advisor.ios-csaldjncgoleykghtkpncaypzmvo/Index.noindex/DataStore -swift-version 5 -I /Users/jans./Library/Developer/Xcode/DerivedData/meal.advisor.ios-csaldjncgoleykghtkpncaypzmvo/Build/Products/Debug-iphonesimulator -I /Applications/Xcode.app/Contents/Developer/Platforms/iPhoneSimulator.platform/Developer/usr/lib -F /Users/jans./Library/Developer/Xcode/DerivedData/meal.advisor.ios-csaldjncgoleykghtkpncaypzmvo/Build/Products/Debug-iphonesimulator -F /Applications/Xcode.app/Contents/Developer/Platforms/iPhoneSimulator.platform/Developer/Library/Frameworks -F /Applications/Xcode.app/Contents/Developer/Platforms/iPhoneSimulator.platform/Developer/SDKs/iPhoneSimulator18.5.sdk/Developer/Library/Frameworks -c -j8 -enable-batch-mode -incremental -Xcc -ivfsstatcache -Xcc /Users/jans./Library/Developer/Xcode/DerivedData/SDKStatCaches.noindex/iphonesimulator18.5-22F76-d5fc8ad4295d2ef488fb7d0f804ce0c4.sdkstatcache -output-file-map /Users/jans./Library/Developer/Xcode/DerivedData/meal.advisor.ios-csaldjncgoleykghtkpncaypzmvo/Build/Intermediates.noindex/swift-crypto.build/Debug-iphonesimulator/Crypto.build/Objects-normal/arm64/Crypto-OutputFileMap.json -use-frontend-parseable-output -save-temps -no-color-diagnostics -serialize-diagnostics -emit-dependencies -emit-module -emit-module-path /Users/jans./Library/Developer/Xcode/DerivedData/meal.advisor.ios-csaldjncgoleykghtkpncaypzmvo/Build/Intermediates.noindex/swift-crypto.build/Debug-iphonesimulator/Crypto.build/Objects-normal/arm64/Crypto.swiftmodule -validate-clang-modules-once -clang-build-session-file /Users/jans./Library/Developer/Xcode/DerivedData/ModuleCache.noindex/Session.modulevalidation -package-name swift_crypto -Xcc -I/Users/jans./Library/Developer/Xcode/DerivedData/meal.advisor.ios-csaldjncgoleykghtkpncaypzmvo/Build/Intermediates.noindex/swift-crypto.build/Debug-iphonesimulator/Crypto.build/swift-overrides.hmap -emit-const-values -Xfrontend -const-gather-protocols-file -Xfrontend /Users/jans./Library/Developer/Xcode/DerivedData/meal.advisor.ios-csaldjncgoleykghtkpncaypzmvo/Build/Intermediates.noindex/swift-crypto.build/Debug-iphonesimulator/Crypto.build/Objects-normal/arm64/Crypto_const_extract_protocols.json -Xcc -I/Users/jans./Library/Developer/Xcode/DerivedData/meal.advisor.ios-csaldjncgoleykghtkpncaypzmvo/Build/Products/Debug-iphonesimulator/include -Xcc -I/Users/jans./Library/Developer/Xcode/DerivedData/meal.advisor.ios-csaldjncgoleykghtkpncaypzmvo/Build/Intermediates.noindex/swift-crypto.build/Debug-iphonesimulator/Crypto.build/DerivedSources-normal/arm64 -Xcc -I/Users/jans./Library/Developer/Xcode/DerivedData/meal.advisor.ios-csaldjncgoleykghtkpncaypzmvo/Build/Intermediates.noindex/swift-crypto.build/Debug-iphonesimulator/Crypto.build/DerivedSources/arm64 -Xcc -I/Users/jans./Library/Developer/Xcode/DerivedData/meal.advisor.ios-csaldjncgoleykghtkpncaypzmvo/Build/Intermediates.noindex/swift-crypto.build/Debug-iphonesimulator/Crypto.build/DerivedSources -Xcc -DSWIFT_PACKAGE -Xcc -DDEBUG\=1 -emit-objc-header -emit-objc-header-path /Users/jans./Library/Developer/Xcode/DerivedData/meal.advisor.ios-csaldjncgoleykghtkpncaypzmvo/Build/Intermediates.noindex/swift-crypto.build/Debug-iphonesimulator/Crypto.build/Objects-normal/arm64/Crypto-Swift.h -working-directory /Users/jans./Downloads/meal.advisor/meal.advisor.ios/meal.advisor.ios/meal.advisor.ios/meal.advisor.ios.xcodeproj -experimental-emit-module-separately -disable-cmo

PrecompileModule /Users/jans./Library/Developer/Xcode/DerivedData/meal.advisor.ios-csaldjncgoleykghtkpncaypzmvo/Build/Intermediates.noindex/ExplicitPrecompiledModules/_string-1J4GKL3V4PZGE0028LBQXWQQN.scan
    cd /Users/jans./Downloads/meal.advisor/meal.advisor.ios/meal.advisor.ios/meal.advisor.ios/meal.advisor.ios.xcodeproj
    builtin-precompileModule /Users/jans./Library/Developer/Xcode/DerivedData/meal.advisor.ios-csaldjncgoleykghtkpncaypzmvo/Build/Intermediates.noindex/ExplicitPrecompiledModules/_string-1J4GKL3V4PZGE0028LBQXWQQN.scan

PrecompileModule /Users/jans./Library/Developer/Xcode/DerivedData/meal.advisor.ios-csaldjncgoleykghtkpncaypzmvo/Build/Intermediates.noindex/ExplicitPrecompiledModules/sys_resource-63UIUXHE4Z2GWL7CK6AYEJ0AQ.scan
    cd /Users/jans./Downloads/meal.advisor/meal.advisor.ios/meal.advisor.ios/meal.advisor.ios/meal.advisor.ios.xcodeproj
    builtin-precompileModule /Users/jans./Library/Developer/Xcode/DerivedData/meal.advisor.ios-csaldjncgoleykghtkpncaypzmvo/Build/Intermediates.noindex/ExplicitPrecompiledModules/sys_resource-63UIUXHE4Z2GWL7CK6AYEJ0AQ.scan

SwiftMergeGeneratedHeaders /Users/jans./Library/Developer/Xcode/DerivedData/meal.advisor.ios-csaldjncgoleykghtkpncaypzmvo/Build/Intermediates.noindex/GeneratedModuleMaps-iphonesimulator/Crypto-Swift.h /Users/jans./Library/Developer/Xcode/DerivedData/meal.advisor.ios-csaldjncgoleykghtkpncaypzmvo/Build/Intermediates.noindex/swift-crypto.build/Debug-iphonesimulator/Crypto.build/Objects-normal/arm64/Crypto-Swift.h (in target 'Crypto' from project 'swift-crypto')
    cd /Users/jans./Library/Developer/Xcode/DerivedData/meal.advisor.ios-csaldjncgoleykghtkpncaypzmvo/SourcePackages/checkouts/swift-crypto
    builtin-swiftHeaderTool -arch arm64 /Users/jans./Library/Developer/Xcode/DerivedData/meal.advisor.ios-csaldjncgoleykghtkpncaypzmvo/Build/Intermediates.noindex/swift-crypto.build/Debug-iphonesimulator/Crypto.build/Objects-normal/arm64/Crypto-Swift.h -o /Users/jans./Library/Developer/Xcode/DerivedData/meal.advisor.ios-csaldjncgoleykghtkpncaypzmvo/Build/Intermediates.noindex/GeneratedModuleMaps-iphonesimulator/Crypto-Swift.h

Copy /Users/jans./Library/Developer/Xcode/DerivedData/meal.advisor.ios-csaldjncgoleykghtkpncaypzmvo/Build/Products/Debug-iphonesimulator/Crypto.swiftmodule/arm64-apple-ios-simulator.swiftmodule /Users/jans./Library/Developer/Xcode/DerivedData/meal.advisor.ios-csaldjncgoleykghtkpncaypzmvo/Build/Intermediates.noindex/swift-crypto.build/Debug-iphonesimulator/Crypto.build/Objects-normal/arm64/Crypto.swiftmodule (in target 'Crypto' from project 'swift-crypto')
    cd /Users/jans./Library/Developer/Xcode/DerivedData/meal.advisor.ios-csaldjncgoleykghtkpncaypzmvo/SourcePackages/checkouts/swift-crypto
    builtin-copy -exclude .DS_Store -exclude CVS -exclude .svn -exclude .git -exclude .hg -resolve-src-symlinks -rename /Users/jans./Library/Developer/Xcode/DerivedData/meal.advisor.ios-csaldjncgoleykghtkpncaypzmvo/Build/Intermediates.noindex/swift-crypto.build/Debug-iphonesimulator/Crypto.build/Objects-normal/arm64/Crypto.swiftmodule /Users/jans./Library/Developer/Xcode/DerivedData/meal.advisor.ios-csaldjncgoleykghtkpncaypzmvo/Build/Products/Debug-iphonesimulator/Crypto.swiftmodule/arm64-apple-ios-simulator.swiftmodule

Copy /Users/jans./Library/Developer/Xcode/DerivedData/meal.advisor.ios-csaldjncgoleykghtkpncaypzmvo/Build/Products/Debug-iphonesimulator/Crypto.swiftmodule/arm64-apple-ios-simulator.swiftdoc /Users/jans./Library/Developer/Xcode/DerivedData/meal.advisor.ios-csaldjncgoleykghtkpncaypzmvo/Build/Intermediates.noindex/swift-crypto.build/Debug-iphonesimulator/Crypto.build/Objects-normal/arm64/Crypto.swiftdoc (in target 'Crypto' from project 'swift-crypto')
    cd /Users/jans./Library/Developer/Xcode/DerivedData/meal.advisor.ios-csaldjncgoleykghtkpncaypzmvo/SourcePackages/checkouts/swift-crypto
    builtin-copy -exclude .DS_Store -exclude CVS -exclude .svn -exclude .git -exclude .hg -resolve-src-symlinks -rename /Users/jans./Library/Developer/Xcode/DerivedData/meal.advisor.ios-csaldjncgoleykghtkpncaypzmvo/Build/Intermediates.noindex/swift-crypto.build/Debug-iphonesimulator/Crypto.build/Objects-normal/arm64/Crypto.swiftdoc /Users/jans./Library/Developer/Xcode/DerivedData/meal.advisor.ios-csaldjncgoleykghtkpncaypzmvo/Build/Products/Debug-iphonesimulator/Crypto.swiftmodule/arm64-apple-ios-simulator.swiftdoc

Copy /Users/jans./Library/Developer/Xcode/DerivedData/meal.advisor.ios-csaldjncgoleykghtkpncaypzmvo/Build/Products/Debug-iphonesimulator/Crypto.swiftmodule/arm64-apple-ios-simulator.abi.json /Users/jans./Library/Developer/Xcode/DerivedData/meal.advisor.ios-csaldjncgoleykghtkpncaypzmvo/Build/Intermediates.noindex/swift-crypto.build/Debug-iphonesimulator/Crypto.build/Objects-normal/arm64/Crypto.abi.json (in target 'Crypto' from project 'swift-crypto')
    cd /Users/jans./Library/Developer/Xcode/DerivedData/meal.advisor.ios-csaldjncgoleykghtkpncaypzmvo/SourcePackages/checkouts/swift-crypto
    builtin-copy -exclude .DS_Store -exclude CVS -exclude .svn -exclude .git -exclude .hg -resolve-src-symlinks -rename /Users/jans./Library/Developer/Xcode/DerivedData/meal.advisor.ios-csaldjncgoleykghtkpncaypzmvo/Build/Intermediates.noindex/swift-crypto.build/Debug-iphonesimulator/Crypto.build/Objects-normal/arm64/Crypto.abi.json /Users/jans./Library/Developer/Xcode/DerivedData/meal.advisor.ios-csaldjncgoleykghtkpncaypzmvo/Build/Products/Debug-iphonesimulator/Crypto.swiftmodule/arm64-apple-ios-simulator.abi.json

Copy /Users/jans./Library/Developer/Xcode/DerivedData/meal.advisor.ios-csaldjncgoleykghtkpncaypzmvo/Build/Products/Debug-iphonesimulator/Crypto.swiftmodule/Project/arm64-apple-ios-simulator.swiftsourceinfo /Users/jans./Library/Developer/Xcode/DerivedData/meal.advisor.ios-csaldjncgoleykghtkpncaypzmvo/Build/Intermediates.noindex/swift-crypto.build/Debug-iphonesimulator/Crypto.build/Objects-normal/arm64/Crypto.swiftsourceinfo (in target 'Crypto' from project 'swift-crypto')
    cd /Users/jans./Library/Developer/Xcode/DerivedData/meal.advisor.ios-csaldjncgoleykghtkpncaypzmvo/SourcePackages/checkouts/swift-crypto
    builtin-copy -exclude .DS_Store -exclude CVS -exclude .svn -exclude .git -exclude .hg -resolve-src-symlinks -rename /Users/jans./Library/Developer/Xcode/DerivedData/meal.advisor.ios-csaldjncgoleykghtkpncaypzmvo/Build/Intermediates.noindex/swift-crypto.build/Debug-iphonesimulator/Crypto.build/Objects-normal/arm64/Crypto.swiftsourceinfo /Users/jans./Library/Developer/Xcode/DerivedData/meal.advisor.ios-csaldjncgoleykghtkpncaypzmvo/Build/Products/Debug-iphonesimulator/Crypto.swiftmodule/Project/arm64-apple-ios-simulator.swiftsourceinfo

PrecompileModule /Users/jans./Library/Developer/Xcode/DerivedData/meal.advisor.ios-csaldjncgoleykghtkpncaypzmvo/Build/Intermediates.noindex/ExplicitPrecompiledModules/_signal-7S5AYJPFV4ZMIMVN3W6WJP414.scan
    cd /Users/jans./Downloads/meal.advisor/meal.advisor.ios/meal.advisor.ios/meal.advisor.ios/meal.advisor.ios.xcodeproj
    builtin-precompileModule /Users/jans./Library/Developer/Xcode/DerivedData/meal.advisor.ios-csaldjncgoleykghtkpncaypzmvo/Build/Intermediates.noindex/ExplicitPrecompiledModules/_signal-7S5AYJPFV4ZMIMVN3W6WJP414.scan

PrecompileModule /Users/jans./Library/Developer/Xcode/DerivedData/meal.advisor.ios-csaldjncgoleykghtkpncaypzmvo/Build/Intermediates.noindex/ExplicitPrecompiledModules/nl_types-2HPCS90XG2SVZ3EPWC92IYQUZ.scan
    cd /Users/jans./Downloads/meal.advisor/meal.advisor.ios/meal.advisor.ios/meal.advisor.ios/meal.advisor.ios.xcodeproj
    builtin-precompileModule /Users/jans./Library/Developer/Xcode/DerivedData/meal.advisor.ios-csaldjncgoleykghtkpncaypzmvo/Build/Intermediates.noindex/ExplicitPrecompiledModules/nl_types-2HPCS90XG2SVZ3EPWC92IYQUZ.scan

PrecompileModule /Users/jans./Library/Developer/Xcode/DerivedData/meal.advisor.ios-csaldjncgoleykghtkpncaypzmvo/Build/Intermediates.noindex/ExplicitPrecompiledModules/_wctype-7WCTNEHR74U87XDGSMUZO8FMF.scan
    cd /Users/jans./Downloads/meal.advisor/meal.advisor.ios/meal.advisor.ios/meal.advisor.ios/meal.advisor.ios.xcodeproj
    builtin-precompileModule /Users/jans./Library/Developer/Xcode/DerivedData/meal.advisor.ios-csaldjncgoleykghtkpncaypzmvo/Build/Intermediates.noindex/ExplicitPrecompiledModules/_wctype-7WCTNEHR74U87XDGSMUZO8FMF.scan

PrecompileModule /Users/jans./Library/Developer/Xcode/DerivedData/meal.advisor.ios-csaldjncgoleykghtkpncaypzmvo/Build/Intermediates.noindex/ExplicitPrecompiledModules/_time-1XVBT1LR1QRBNFMWJ502RLJOO.scan
    cd /Users/jans./Downloads/meal.advisor/meal.advisor.ios/meal.advisor.ios/meal.advisor.ios/meal.advisor.ios.xcodeproj
    builtin-precompileModule /Users/jans./Library/Developer/Xcode/DerivedData/meal.advisor.ios-csaldjncgoleykghtkpncaypzmvo/Build/Intermediates.noindex/ExplicitPrecompiledModules/_time-1XVBT1LR1QRBNFMWJ502RLJOO.scan

SwiftCompile normal arm64 Compiling\ ImageProgressive.swift,\ ImageTransition.swift,\ Placeholder.swift,\ AuthenticationChallengeResponsable.swift,\ ImageDataProcessor.swift,\ ImageDownloader.swift,\ ImageDownloaderDelegate.swift,\ ImageModifier.swift /Users/jans./Library/Developer/Xcode/DerivedData/meal.advisor.ios-csaldjncgoleykghtkpncaypzmvo/SourcePackages/checkouts/Kingfisher/Sources/Image/ImageProgressive.swift /Users/jans./Library/Developer/Xcode/DerivedData/meal.advisor.ios-csaldjncgoleykghtkpncaypzmvo/SourcePackages/checkouts/Kingfisher/Sources/Image/ImageTransition.swift /Users/jans./Library/Developer/Xcode/DerivedData/meal.advisor.ios-csaldjncgoleykghtkpncaypzmvo/SourcePackages/checkouts/Kingfisher/Sources/Image/Placeholder.swift /Users/jans./Library/Developer/Xcode/DerivedData/meal.advisor.ios-csaldjncgoleykghtkpncaypzmvo/SourcePackages/checkouts/Kingfisher/Sources/Networking/AuthenticationChallengeResponsable.swift /Users/jans./Library/Developer/Xcode/DerivedData/meal.advisor.ios-csaldjncgoleykghtkpncaypzmvo/SourcePackages/checkouts/Kingfisher/Sources/Networking/ImageDataProcessor.swift /Users/jans./Library/Developer/Xcode/DerivedData/meal.advisor.ios-csaldjncgoleykghtkpncaypzmvo/SourcePackages/checkouts/Kingfisher/Sources/Networking/ImageDownloader.swift /Users/jans./Library/Developer/Xcode/DerivedData/meal.advisor.ios-csaldjncgoleykghtkpncaypzmvo/SourcePackages/checkouts/Kingfisher/Sources/Networking/ImageDownloaderDelegate.swift /Users/jans./Library/Developer/Xcode/DerivedData/meal.advisor.ios-csaldjncgoleykghtkpncaypzmvo/SourcePackages/checkouts/Kingfisher/Sources/Networking/ImageModifier.swift (in target 'Kingfisher' from project 'Kingfisher')

SwiftCompile normal arm64 /Users/jans./Library/Developer/Xcode/DerivedData/meal.advisor.ios-csaldjncgoleykghtkpncaypzmvo/SourcePackages/checkouts/Kingfisher/Sources/Image/ImageProgressive.swift (in target 'Kingfisher' from project 'Kingfisher')
    cd /Users/jans./Downloads/meal.advisor/meal.advisor.ios/meal.advisor.ios/meal.advisor.ios/meal.advisor.ios.xcodeproj
    

SwiftCompile normal arm64 /Users/jans./Library/Developer/Xcode/DerivedData/meal.advisor.ios-csaldjncgoleykghtkpncaypzmvo/SourcePackages/checkouts/Kingfisher/Sources/Image/ImageTransition.swift (in target 'Kingfisher' from project 'Kingfisher')
    cd /Users/jans./Downloads/meal.advisor/meal.advisor.ios/meal.advisor.ios/meal.advisor.ios/meal.advisor.ios.xcodeproj
    

SwiftCompile normal arm64 /Users/jans./Library/Developer/Xcode/DerivedData/meal.advisor.ios-csaldjncgoleykghtkpncaypzmvo/SourcePackages/checkouts/Kingfisher/Sources/Image/Placeholder.swift (in target 'Kingfisher' from project 'Kingfisher')
    cd /Users/jans./Downloads/meal.advisor/meal.advisor.ios/meal.advisor.ios/meal.advisor.ios/meal.advisor.ios.xcodeproj
    

SwiftCompile normal arm64 /Users/jans./Library/Developer/Xcode/DerivedData/meal.advisor.ios-csaldjncgoleykghtkpncaypzmvo/SourcePackages/checkouts/Kingfisher/Sources/Networking/AuthenticationChallengeResponsable.swift (in target 'Kingfisher' from project 'Kingfisher')
    cd /Users/jans./Downloads/meal.advisor/meal.advisor.ios/meal.advisor.ios/meal.advisor.ios/meal.advisor.ios.xcodeproj
    

SwiftCompile normal arm64 /Users/jans./Library/Developer/Xcode/DerivedData/meal.advisor.ios-csaldjncgoleykghtkpncaypzmvo/SourcePackages/checkouts/Kingfisher/Sources/Networking/ImageDataProcessor.swift (in target 'Kingfisher' from project 'Kingfisher')
    cd /Users/jans./Downloads/meal.advisor/meal.advisor.ios/meal.advisor.ios/meal.advisor.ios/meal.advisor.ios.xcodeproj
    

SwiftCompile normal arm64 /Users/jans./Library/Developer/Xcode/DerivedData/meal.advisor.ios-csaldjncgoleykghtkpncaypzmvo/SourcePackages/checkouts/Kingfisher/Sources/Networking/ImageDownloader.swift (in target 'Kingfisher' from project 'Kingfisher')
    cd /Users/jans./Downloads/meal.advisor/meal.advisor.ios/meal.advisor.ios/meal.advisor.ios/meal.advisor.ios.xcodeproj
    

SwiftCompile normal arm64 /Users/jans./Library/Developer/Xcode/DerivedData/meal.advisor.ios-csaldjncgoleykghtkpncaypzmvo/SourcePackages/checkouts/Kingfisher/Sources/Networking/ImageDownloaderDelegate.swift (in target 'Kingfisher' from project 'Kingfisher')
    cd /Users/jans./Downloads/meal.advisor/meal.advisor.ios/meal.advisor.ios/meal.advisor.ios/meal.advisor.ios.xcodeproj
    

SwiftCompile normal arm64 /Users/jans./Library/Developer/Xcode/DerivedData/meal.advisor.ios-csaldjncgoleykghtkpncaypzmvo/SourcePackages/checkouts/Kingfisher/Sources/Networking/ImageModifier.swift (in target 'Kingfisher' from project 'Kingfisher')
    cd /Users/jans./Downloads/meal.advisor/meal.advisor.ios/meal.advisor.ios/meal.advisor.ios/meal.advisor.ios.xcodeproj
    

SwiftCompile normal arm64 Compiling\ KFAnimatedImage.swift,\ KFImage.swift,\ KFImageOptions.swift,\ KFImageProtocol.swift,\ KFImageRenderer.swift,\ Box.swift,\ CallbackQueue.swift,\ Delegate.swift /Users/jans./Library/Developer/Xcode/DerivedData/meal.advisor.ios-csaldjncgoleykghtkpncaypzmvo/SourcePackages/checkouts/Kingfisher/Sources/SwiftUI/KFAnimatedImage.swift /Users/jans./Library/Developer/Xcode/DerivedData/meal.advisor.ios-csaldjncgoleykghtkpncaypzmvo/SourcePackages/checkouts/Kingfisher/Sources/SwiftUI/KFImage.swift /Users/jans./Library/Developer/Xcode/DerivedData/meal.advisor.ios-csaldjncgoleykghtkpncaypzmvo/SourcePackages/checkouts/Kingfisher/Sources/SwiftUI/KFImageOptions.swift /Users/jans./Library/Developer/Xcode/DerivedData/meal.advisor.ios-csaldjncgoleykghtkpncaypzmvo/SourcePackages/checkouts/Kingfisher/Sources/SwiftUI/KFImageProtocol.swift /Users/jans./Library/Developer/Xcode/DerivedData/meal.advisor.ios-csaldjncgoleykghtkpncaypzmvo/SourcePackages/checkouts/Kingfisher/Sources/SwiftUI/KFImageRenderer.swift /Users/jans./Library/Developer/Xcode/DerivedData/meal.advisor.ios-csaldjncgoleykghtkpncaypzmvo/SourcePackages/checkouts/Kingfisher/Sources/Utility/Box.swift /Users/jans./Library/Developer/Xcode/DerivedData/meal.advisor.ios-csaldjncgoleykghtkpncaypzmvo/SourcePackages/checkouts/Kingfisher/Sources/Utility/CallbackQueue.swift /Users/jans./Library/Developer/Xcode/DerivedData/meal.advisor.ios-csaldjncgoleykghtkpncaypzmvo/SourcePackages/checkouts/Kingfisher/Sources/Utility/Delegate.swift (in target 'Kingfisher' from project 'Kingfisher')

SwiftCompile normal arm64 /Users/jans./Library/Developer/Xcode/DerivedData/meal.advisor.ios-csaldjncgoleykghtkpncaypzmvo/SourcePackages/checkouts/Kingfisher/Sources/SwiftUI/KFAnimatedImage.swift (in target 'Kingfisher' from project 'Kingfisher')
    cd /Users/jans./Downloads/meal.advisor/meal.advisor.ios/meal.advisor.ios/meal.advisor.ios/meal.advisor.ios.xcodeproj
    

SwiftCompile normal arm64 /Users/jans./Library/Developer/Xcode/DerivedData/meal.advisor.ios-csaldjncgoleykghtkpncaypzmvo/SourcePackages/checkouts/Kingfisher/Sources/SwiftUI/KFImage.swift (in target 'Kingfisher' from project 'Kingfisher')
    cd /Users/jans./Downloads/meal.advisor/meal.advisor.ios/meal.advisor.ios/meal.advisor.ios/meal.advisor.ios.xcodeproj
    

SwiftCompile normal arm64 /Users/jans./Library/Developer/Xcode/DerivedData/meal.advisor.ios-csaldjncgoleykghtkpncaypzmvo/SourcePackages/checkouts/Kingfisher/Sources/SwiftUI/KFImageOptions.swift (in target 'Kingfisher' from project 'Kingfisher')
    cd /Users/jans./Downloads/meal.advisor/meal.advisor.ios/meal.advisor.ios/meal.advisor.ios/meal.advisor.ios.xcodeproj
    

SwiftCompile normal arm64 /Users/jans./Library/Developer/Xcode/DerivedData/meal.advisor.ios-csaldjncgoleykghtkpncaypzmvo/SourcePackages/checkouts/Kingfisher/Sources/SwiftUI/KFImageProtocol.swift (in target 'Kingfisher' from project 'Kingfisher')
    cd /Users/jans./Downloads/meal.advisor/meal.advisor.ios/meal.advisor.ios/meal.advisor.ios/meal.advisor.ios.xcodeproj
    

SwiftCompile normal arm64 /Users/jans./Library/Developer/Xcode/DerivedData/meal.advisor.ios-csaldjncgoleykghtkpncaypzmvo/SourcePackages/checkouts/Kingfisher/Sources/SwiftUI/KFImageRenderer.swift (in target 'Kingfisher' from project 'Kingfisher')
    cd /Users/jans./Downloads/meal.advisor/meal.advisor.ios/meal.advisor.ios/meal.advisor.ios/meal.advisor.ios.xcodeproj
    

SwiftCompile normal arm64 /Users/jans./Library/Developer/Xcode/DerivedData/meal.advisor.ios-csaldjncgoleykghtkpncaypzmvo/SourcePackages/checkouts/Kingfisher/Sources/Utility/Box.swift (in target 'Kingfisher' from project 'Kingfisher')
    cd /Users/jans./Downloads/meal.advisor/meal.advisor.ios/meal.advisor.ios/meal.advisor.ios/meal.advisor.ios.xcodeproj
    

SwiftCompile normal arm64 /Users/jans./Library/Developer/Xcode/DerivedData/meal.advisor.ios-csaldjncgoleykghtkpncaypzmvo/SourcePackages/checkouts/Kingfisher/Sources/Utility/CallbackQueue.swift (in target 'Kingfisher' from project 'Kingfisher')
    cd /Users/jans./Downloads/meal.advisor/meal.advisor.ios/meal.advisor.ios/meal.advisor.ios/meal.advisor.ios.xcodeproj
    

SwiftCompile normal arm64 /Users/jans./Library/Developer/Xcode/DerivedData/meal.advisor.ios-csaldjncgoleykghtkpncaypzmvo/SourcePackages/checkouts/Kingfisher/Sources/Utility/Delegate.swift (in target 'Kingfisher' from project 'Kingfisher')
    cd /Users/jans./Downloads/meal.advisor/meal.advisor.ios/meal.advisor.ios/meal.advisor.ios/meal.advisor.ios.xcodeproj
    

PrecompileModule /Users/jans./Library/Developer/Xcode/DerivedData/meal.advisor.ios-csaldjncgoleykghtkpncaypzmvo/Build/Intermediates.noindex/ExplicitPrecompiledModules/sys_wait-93HEVR6PRKS772D8HNHCH2RVK.scan
    cd /Users/jans./Downloads/meal.advisor/meal.advisor.ios/meal.advisor.ios/meal.advisor.ios/meal.advisor.ios.xcodeproj
    builtin-precompileModule /Users/jans./Library/Developer/Xcode/DerivedData/meal.advisor.ios-csaldjncgoleykghtkpncaypzmvo/Build/Intermediates.noindex/ExplicitPrecompiledModules/sys_wait-93HEVR6PRKS772D8HNHCH2RVK.scan

PrecompileModule /Users/jans./Library/Developer/Xcode/DerivedData/meal.advisor.ios-csaldjncgoleykghtkpncaypzmvo/Build/Intermediates.noindex/ExplicitPrecompiledModules/_wchar-FO3I4CMJSJ8FLWYFSB5O5BGA.scan
    cd /Users/jans./Downloads/meal.advisor/meal.advisor.ios/meal.advisor.ios/meal.advisor.ios/meal.advisor.ios.xcodeproj
    builtin-precompileModule /Users/jans./Library/Developer/Xcode/DerivedData/meal.advisor.ios-csaldjncgoleykghtkpncaypzmvo/Build/Intermediates.noindex/ExplicitPrecompiledModules/_wchar-FO3I4CMJSJ8FLWYFSB5O5BGA.scan

PrecompileModule /Users/jans./Library/Developer/Xcode/DerivedData/meal.advisor.ios-csaldjncgoleykghtkpncaypzmvo/Build/Intermediates.noindex/ExplicitPrecompiledModules/sys_select-37DVRZ9G6MY1ST0S4DST13MWE.scan
    cd /Users/jans./Downloads/meal.advisor/meal.advisor.ios/meal.advisor.ios/meal.advisor.ios/meal.advisor.ios.xcodeproj
    builtin-precompileModule /Users/jans./Library/Developer/Xcode/DerivedData/meal.advisor.ios-csaldjncgoleykghtkpncaypzmvo/Build/Intermediates.noindex/ExplicitPrecompiledModules/sys_select-37DVRZ9G6MY1ST0S4DST13MWE.scan

SwiftDriverJobDiscovery normal arm64 Emitting module for GTMAppAuth (in target 'GTMAppAuth' from project 'GTMAppAuth')

SwiftDriver\ Compilation\ Requirements GTMAppAuth normal arm64 com.apple.xcode.tools.swift.compiler (in target 'GTMAppAuth' from project 'GTMAppAuth')
    cd /Users/jans./Downloads/meal.advisor/meal.advisor.ios/meal.advisor.ios/meal.advisor.ios/meal.advisor.ios.xcodeproj
    builtin-Swift-Compilation-Requirements -- /Applications/Xcode.app/Contents/Developer/Toolchains/XcodeDefault.xctoolchain/usr/bin/swiftc -module-name GTMAppAuth -Onone -enforce-exclusivity\=checked @/Users/jans./Library/Developer/Xcode/DerivedData/meal.advisor.ios-csaldjncgoleykghtkpncaypzmvo/Build/Intermediates.noindex/GTMAppAuth.build/Debug-iphonesimulator/GTMAppAuth.build/Objects-normal/arm64/GTMAppAuth.SwiftFileList -DSWIFT_PACKAGE -DDEBUG -Xcc -fmodule-map-file\=/Users/jans./Library/Developer/Xcode/DerivedData/meal.advisor.ios-csaldjncgoleykghtkpncaypzmvo/Build/Intermediates.noindex/GeneratedModuleMaps-iphonesimulator/GTMSessionFetcherCore.modulemap -Xcc -fmodule-map-file\=/Users/jans./Library/Developer/Xcode/DerivedData/meal.advisor.ios-csaldjncgoleykghtkpncaypzmvo/Build/Intermediates.noindex/GeneratedModuleMaps-iphonesimulator/AppAuthCore.modulemap -DXcode -plugin-path /Applications/Xcode.app/Contents/Developer/Toolchains/XcodeDefault.xctoolchain/usr/lib/swift/host/plugins/testing -enable-experimental-feature DebugDescriptionMacro -sdk /Applications/Xcode.app/Contents/Developer/Platforms/iPhoneSimulator.platform/Developer/SDKs/iPhoneSimulator18.5.sdk -target arm64-apple-ios12.0-simulator -g -module-cache-path /Users/jans./Library/Developer/Xcode/DerivedData/ModuleCache.noindex -Xfrontend -serialize-debugging-options -enable-testing -suppress-warnings -index-store-path /Users/jans./Library/Developer/Xcode/DerivedData/meal.advisor.ios-csaldjncgoleykghtkpncaypzmvo/Index.noindex/DataStore -swift-version 5 -I /Users/jans./Library/Developer/Xcode/DerivedData/meal.advisor.ios-csaldjncgoleykghtkpncaypzmvo/Build/Products/Debug-iphonesimulator -I /Applications/Xcode.app/Contents/Developer/Platforms/iPhoneSimulator.platform/Developer/usr/lib -F /Users/jans./Library/Developer/Xcode/DerivedData/meal.advisor.ios-csaldjncgoleykghtkpncaypzmvo/Build/Products/Debug-iphonesimulator/PackageFrameworks -F /Users/jans./Library/Developer/Xcode/DerivedData/meal.advisor.ios-csaldjncgoleykghtkpncaypzmvo/Build/Products/Debug-iphonesimulator/PackageFrameworks -F /Users/jans./Library/Developer/Xcode/DerivedData/meal.advisor.ios-csaldjncgoleykghtkpncaypzmvo/Build/Products/Debug-iphonesimulator -F /Applications/Xcode.app/Contents/Developer/Platforms/iPhoneSimulator.platform/Developer/Library/Frameworks -F /Applications/Xcode.app/Contents/Developer/Platforms/iPhoneSimulator.platform/Developer/SDKs/iPhoneSimulator18.5.sdk/Developer/Library/Frameworks -c -j8 -enable-batch-mode -incremental -Xcc -ivfsstatcache -Xcc /Users/jans./Library/Developer/Xcode/DerivedData/SDKStatCaches.noindex/iphonesimulator18.5-22F76-d5fc8ad4295d2ef488fb7d0f804ce0c4.sdkstatcache -output-file-map /Users/jans./Library/Developer/Xcode/DerivedData/meal.advisor.ios-csaldjncgoleykghtkpncaypzmvo/Build/Intermediates.noindex/GTMAppAuth.build/Debug-iphonesimulator/GTMAppAuth.build/Objects-normal/arm64/GTMAppAuth-OutputFileMap.json -use-frontend-parseable-output -save-temps -no-color-diagnostics -serialize-diagnostics -emit-dependencies -emit-module -emit-module-path /Users/jans./Library/Developer/Xcode/DerivedData/meal.advisor.ios-csaldjncgoleykghtkpncaypzmvo/Build/Intermediates.noindex/GTMAppAuth.build/Debug-iphonesimulator/GTMAppAuth.build/Objects-normal/arm64/GTMAppAuth.swiftmodule -validate-clang-modules-once -clang-build-session-file /Users/jans./Library/Developer/Xcode/DerivedData/ModuleCache.noindex/Session.modulevalidation -Xcc -I/Users/jans./Library/Developer/Xcode/DerivedData/meal.advisor.ios-csaldjncgoleykghtkpncaypzmvo/Build/Intermediates.noindex/GTMAppAuth.build/Debug-iphonesimulator/GTMAppAuth.build/swift-overrides.hmap -emit-const-values -Xfrontend -const-gather-protocols-file -Xfrontend /Users/jans./Library/Developer/Xcode/DerivedData/meal.advisor.ios-csaldjncgoleykghtkpncaypzmvo/Build/Intermediates.noindex/GTMAppAuth.build/Debug-iphonesimulator/GTMAppAuth.build/Objects-normal/arm64/GTMAppAuth_const_extract_protocols.json -Xcc -I/Users/jans./Library/Developer/Xcode/DerivedData/meal.advisor.ios-csaldjncgoleykghtkpncaypzmvo/SourcePackages/checkouts/gtm-session-fetcher/Sources/Core/Public -Xcc -I/Users/jans./Library/Developer/Xcode/DerivedData/meal.advisor.ios-csaldjncgoleykghtkpncaypzmvo/SourcePackages/checkouts/AppAuth-iOS/Sources/AppAuthCore -Xcc -I/Users/jans./Library/Developer/Xcode/DerivedData/meal.advisor.ios-csaldjncgoleykghtkpncaypzmvo/Build/Products/Debug-iphonesimulator/include -Xcc -I/Users/jans./Library/Developer/Xcode/DerivedData/meal.advisor.ios-csaldjncgoleykghtkpncaypzmvo/Build/Intermediates.noindex/GTMAppAuth.build/Debug-iphonesimulator/GTMAppAuth.build/DerivedSources-normal/arm64 -Xcc -I/Users/jans./Library/Developer/Xcode/DerivedData/meal.advisor.ios-csaldjncgoleykghtkpncaypzmvo/Build/Intermediates.noindex/GTMAppAuth.build/Debug-iphonesimulator/GTMAppAuth.build/DerivedSources/arm64 -Xcc -I/Users/jans./Library/Developer/Xcode/DerivedData/meal.advisor.ios-csaldjncgoleykghtkpncaypzmvo/Build/Intermediates.noindex/GTMAppAuth.build/Debug-iphonesimulator/GTMAppAuth.build/DerivedSources -Xcc -DSWIFT_PACKAGE -Xcc -DDEBUG\=1 -emit-objc-header -emit-objc-header-path /Users/jans./Library/Developer/Xcode/DerivedData/meal.advisor.ios-csaldjncgoleykghtkpncaypzmvo/Build/Intermediates.noindex/GTMAppAuth.build/Debug-iphonesimulator/GTMAppAuth.build/Objects-normal/arm64/GTMAppAuth-Swift.h -working-directory /Users/jans./Downloads/meal.advisor/meal.advisor.ios/meal.advisor.ios/meal.advisor.ios/meal.advisor.ios.xcodeproj -experimental-emit-module-separately -disable-cmo

PrecompileModule /Users/jans./Library/Developer/Xcode/DerivedData/meal.advisor.ios-csaldjncgoleykghtkpncaypzmvo/Build/Intermediates.noindex/ExplicitPrecompiledModules/pthread-9F8DTOTE2ZCR9NR8URCTWFAYJ.scan
    cd /Users/jans./Downloads/meal.advisor/meal.advisor.ios/meal.advisor.ios/meal.advisor.ios/meal.advisor.ios.xcodeproj
    builtin-precompileModule /Users/jans./Library/Developer/Xcode/DerivedData/meal.advisor.ios-csaldjncgoleykghtkpncaypzmvo/Build/Intermediates.noindex/ExplicitPrecompiledModules/pthread-9F8DTOTE2ZCR9NR8URCTWFAYJ.scan

SwiftMergeGeneratedHeaders /Users/jans./Library/Developer/Xcode/DerivedData/meal.advisor.ios-csaldjncgoleykghtkpncaypzmvo/Build/Intermediates.noindex/GeneratedModuleMaps-iphonesimulator/GTMAppAuth-Swift.h /Users/jans./Library/Developer/Xcode/DerivedData/meal.advisor.ios-csaldjncgoleykghtkpncaypzmvo/Build/Intermediates.noindex/GTMAppAuth.build/Debug-iphonesimulator/GTMAppAuth.build/Objects-normal/arm64/GTMAppAuth-Swift.h (in target 'GTMAppAuth' from project 'GTMAppAuth')
    cd /Users/jans./Library/Developer/Xcode/DerivedData/meal.advisor.ios-csaldjncgoleykghtkpncaypzmvo/SourcePackages/checkouts/GTMAppAuth
    builtin-swiftHeaderTool -arch arm64 /Users/jans./Library/Developer/Xcode/DerivedData/meal.advisor.ios-csaldjncgoleykghtkpncaypzmvo/Build/Intermediates.noindex/GTMAppAuth.build/Debug-iphonesimulator/GTMAppAuth.build/Objects-normal/arm64/GTMAppAuth-Swift.h -o /Users/jans./Library/Developer/Xcode/DerivedData/meal.advisor.ios-csaldjncgoleykghtkpncaypzmvo/Build/Intermediates.noindex/GeneratedModuleMaps-iphonesimulator/GTMAppAuth-Swift.h

Copy /Users/jans./Library/Developer/Xcode/DerivedData/meal.advisor.ios-csaldjncgoleykghtkpncaypzmvo/Build/Products/Debug-iphonesimulator/GTMAppAuth.swiftmodule/arm64-apple-ios-simulator.swiftmodule /Users/jans./Library/Developer/Xcode/DerivedData/meal.advisor.ios-csaldjncgoleykghtkpncaypzmvo/Build/Intermediates.noindex/GTMAppAuth.build/Debug-iphonesimulator/GTMAppAuth.build/Objects-normal/arm64/GTMAppAuth.swiftmodule (in target 'GTMAppAuth' from project 'GTMAppAuth')
    cd /Users/jans./Library/Developer/Xcode/DerivedData/meal.advisor.ios-csaldjncgoleykghtkpncaypzmvo/SourcePackages/checkouts/GTMAppAuth
    builtin-copy -exclude .DS_Store -exclude CVS -exclude .svn -exclude .git -exclude .hg -resolve-src-symlinks -rename /Users/jans./Library/Developer/Xcode/DerivedData/meal.advisor.ios-csaldjncgoleykghtkpncaypzmvo/Build/Intermediates.noindex/GTMAppAuth.build/Debug-iphonesimulator/GTMAppAuth.build/Objects-normal/arm64/GTMAppAuth.swiftmodule /Users/jans./Library/Developer/Xcode/DerivedData/meal.advisor.ios-csaldjncgoleykghtkpncaypzmvo/Build/Products/Debug-iphonesimulator/GTMAppAuth.swiftmodule/arm64-apple-ios-simulator.swiftmodule

Copy /Users/jans./Library/Developer/Xcode/DerivedData/meal.advisor.ios-csaldjncgoleykghtkpncaypzmvo/Build/Products/Debug-iphonesimulator/GTMAppAuth.swiftmodule/arm64-apple-ios-simulator.swiftdoc /Users/jans./Library/Developer/Xcode/DerivedData/meal.advisor.ios-csaldjncgoleykghtkpncaypzmvo/Build/Intermediates.noindex/GTMAppAuth.build/Debug-iphonesimulator/GTMAppAuth.build/Objects-normal/arm64/GTMAppAuth.swiftdoc (in target 'GTMAppAuth' from project 'GTMAppAuth')
    cd /Users/jans./Library/Developer/Xcode/DerivedData/meal.advisor.ios-csaldjncgoleykghtkpncaypzmvo/SourcePackages/checkouts/GTMAppAuth
    builtin-copy -exclude .DS_Store -exclude CVS -exclude .svn -exclude .git -exclude .hg -resolve-src-symlinks -rename /Users/jans./Library/Developer/Xcode/DerivedData/meal.advisor.ios-csaldjncgoleykghtkpncaypzmvo/Build/Intermediates.noindex/GTMAppAuth.build/Debug-iphonesimulator/GTMAppAuth.build/Objects-normal/arm64/GTMAppAuth.swiftdoc /Users/jans./Library/Developer/Xcode/DerivedData/meal.advisor.ios-csaldjncgoleykghtkpncaypzmvo/Build/Products/Debug-iphonesimulator/GTMAppAuth.swiftmodule/arm64-apple-ios-simulator.swiftdoc

Copy /Users/jans./Library/Developer/Xcode/DerivedData/meal.advisor.ios-csaldjncgoleykghtkpncaypzmvo/Build/Products/Debug-iphonesimulator/GTMAppAuth.swiftmodule/arm64-apple-ios-simulator.abi.json /Users/jans./Library/Developer/Xcode/DerivedData/meal.advisor.ios-csaldjncgoleykghtkpncaypzmvo/Build/Intermediates.noindex/GTMAppAuth.build/Debug-iphonesimulator/GTMAppAuth.build/Objects-normal/arm64/GTMAppAuth.abi.json (in target 'GTMAppAuth' from project 'GTMAppAuth')
    cd /Users/jans./Library/Developer/Xcode/DerivedData/meal.advisor.ios-csaldjncgoleykghtkpncaypzmvo/SourcePackages/checkouts/GTMAppAuth
    builtin-copy -exclude .DS_Store -exclude CVS -exclude .svn -exclude .git -exclude .hg -resolve-src-symlinks -rename /Users/jans./Library/Developer/Xcode/DerivedData/meal.advisor.ios-csaldjncgoleykghtkpncaypzmvo/Build/Intermediates.noindex/GTMAppAuth.build/Debug-iphonesimulator/GTMAppAuth.build/Objects-normal/arm64/GTMAppAuth.abi.json /Users/jans./Library/Developer/Xcode/DerivedData/meal.advisor.ios-csaldjncgoleykghtkpncaypzmvo/Build/Products/Debug-iphonesimulator/GTMAppAuth.swiftmodule/arm64-apple-ios-simulator.abi.json

Copy /Users/jans./Library/Developer/Xcode/DerivedData/meal.advisor.ios-csaldjncgoleykghtkpncaypzmvo/Build/Products/Debug-iphonesimulator/GTMAppAuth.swiftmodule/Project/arm64-apple-ios-simulator.swiftsourceinfo /Users/jans./Library/Developer/Xcode/DerivedData/meal.advisor.ios-csaldjncgoleykghtkpncaypzmvo/Build/Intermediates.noindex/GTMAppAuth.build/Debug-iphonesimulator/GTMAppAuth.build/Objects-normal/arm64/GTMAppAuth.swiftsourceinfo (in target 'GTMAppAuth' from project 'GTMAppAuth')
    cd /Users/jans./Library/Developer/Xcode/DerivedData/meal.advisor.ios-csaldjncgoleykghtkpncaypzmvo/SourcePackages/checkouts/GTMAppAuth
    builtin-copy -exclude .DS_Store -exclude CVS -exclude .svn -exclude .git -exclude .hg -resolve-src-symlinks -rename /Users/jans./Library/Developer/Xcode/DerivedData/meal.advisor.ios-csaldjncgoleykghtkpncaypzmvo/Build/Intermediates.noindex/GTMAppAuth.build/Debug-iphonesimulator/GTMAppAuth.build/Objects-normal/arm64/GTMAppAuth.swiftsourceinfo /Users/jans./Library/Developer/Xcode/DerivedData/meal.advisor.ios-csaldjncgoleykghtkpncaypzmvo/Build/Products/Debug-iphonesimulator/GTMAppAuth.swiftmodule/Project/arm64-apple-ios-simulator.swiftsourceinfo

PrecompileModule /Users/jans./Library/Developer/Xcode/DerivedData/meal.advisor.ios-csaldjncgoleykghtkpncaypzmvo/Build/Intermediates.noindex/ExplicitPrecompiledModules/gethostuuid-307RJWZU0BVBBOPRYZOL1GWJ8.scan
    cd /Users/jans./Downloads/meal.advisor/meal.advisor.ios/meal.advisor.ios/meal.advisor.ios/meal.advisor.ios.xcodeproj
    builtin-precompileModule /Users/jans./Library/Developer/Xcode/DerivedData/meal.advisor.ios-csaldjncgoleykghtkpncaypzmvo/Build/Intermediates.noindex/ExplicitPrecompiledModules/gethostuuid-307RJWZU0BVBBOPRYZOL1GWJ8.scan

PrecompileModule /Users/jans./Library/Developer/Xcode/DerivedData/meal.advisor.ios-csaldjncgoleykghtkpncaypzmvo/Build/Intermediates.noindex/ExplicitPrecompiledModules/_stdlib-67D9UPVC4GL4OVNVNZ0VRXODD.scan
    cd /Users/jans./Downloads/meal.advisor/meal.advisor.ios/meal.advisor.ios/meal.advisor.ios/meal.advisor.ios.xcodeproj
    builtin-precompileModule /Users/jans./Library/Developer/Xcode/DerivedData/meal.advisor.ios-csaldjncgoleykghtkpncaypzmvo/Build/Intermediates.noindex/ExplicitPrecompiledModules/_stdlib-67D9UPVC4GL4OVNVNZ0VRXODD.scan

SwiftCompile normal arm64 Compiling\ resource_bundle_accessor.swift,\ CacheSerializer.swift,\ DiskStorage.swift,\ FormatIndicatedCacheSerializer.swift,\ ImageCache.swift,\ MemoryStorage.swift,\ Storage.swift,\ CPListItem+Kingfisher.swift /Users/jans./Library/Developer/Xcode/DerivedData/meal.advisor.ios-csaldjncgoleykghtkpncaypzmvo/Build/Intermediates.noindex/Kingfisher.build/Debug-iphonesimulator/Kingfisher.build/DerivedSources/resource_bundle_accessor.swift /Users/jans./Library/Developer/Xcode/DerivedData/meal.advisor.ios-csaldjncgoleykghtkpncaypzmvo/SourcePackages/checkouts/Kingfisher/Sources/Cache/CacheSerializer.swift /Users/jans./Library/Developer/Xcode/DerivedData/meal.advisor.ios-csaldjncgoleykghtkpncaypzmvo/SourcePackages/checkouts/Kingfisher/Sources/Cache/DiskStorage.swift /Users/jans./Library/Developer/Xcode/DerivedData/meal.advisor.ios-csaldjncgoleykghtkpncaypzmvo/SourcePackages/checkouts/Kingfisher/Sources/Cache/FormatIndicatedCacheSerializer.swift /Users/jans./Library/Developer/Xcode/DerivedData/meal.advisor.ios-csaldjncgoleykghtkpncaypzmvo/SourcePackages/checkouts/Kingfisher/Sources/Cache/ImageCache.swift /Users/jans./Library/Developer/Xcode/DerivedData/meal.advisor.ios-csaldjncgoleykghtkpncaypzmvo/SourcePackages/checkouts/Kingfisher/Sources/Cache/MemoryStorage.swift /Users/jans./Library/Developer/Xcode/DerivedData/meal.advisor.ios-csaldjncgoleykghtkpncaypzmvo/SourcePackages/checkouts/Kingfisher/Sources/Cache/Storage.swift /Users/jans./Library/Developer/Xcode/DerivedData/meal.advisor.ios-csaldjncgoleykghtkpncaypzmvo/SourcePackages/checkouts/Kingfisher/Sources/Extensions/CPListItem+Kingfisher.swift (in target 'Kingfisher' from project 'Kingfisher')
SwiftCompile normal arm64 /Users/jans./Library/Developer/Xcode/DerivedData/meal.advisor.ios-csaldjncgoleykghtkpncaypzmvo/Build/Intermediates.noindex/Kingfisher.build/Debug-iphonesimulator/Kingfisher.build/DerivedSources/resource_bundle_accessor.swift (in target 'Kingfisher' from project 'Kingfisher')
    cd /Users/jans./Downloads/meal.advisor/meal.advisor.ios/meal.advisor.ios/meal.advisor.ios/meal.advisor.ios.xcodeproj
    

SwiftCompile normal arm64 /Users/jans./Library/Developer/Xcode/DerivedData/meal.advisor.ios-csaldjncgoleykghtkpncaypzmvo/SourcePackages/checkouts/Kingfisher/Sources/Cache/CacheSerializer.swift (in target 'Kingfisher' from project 'Kingfisher')
    cd /Users/jans./Downloads/meal.advisor/meal.advisor.ios/meal.advisor.ios/meal.advisor.ios/meal.advisor.ios.xcodeproj
    

SwiftCompile normal arm64 /Users/jans./Library/Developer/Xcode/DerivedData/meal.advisor.ios-csaldjncgoleykghtkpncaypzmvo/SourcePackages/checkouts/Kingfisher/Sources/Cache/DiskStorage.swift (in target 'Kingfisher' from project 'Kingfisher')
    cd /Users/jans./Downloads/meal.advisor/meal.advisor.ios/meal.advisor.ios/meal.advisor.ios/meal.advisor.ios.xcodeproj
    

SwiftCompile normal arm64 /Users/jans./Library/Developer/Xcode/DerivedData/meal.advisor.ios-csaldjncgoleykghtkpncaypzmvo/SourcePackages/checkouts/Kingfisher/Sources/Cache/FormatIndicatedCacheSerializer.swift (in target 'Kingfisher' from project 'Kingfisher')
    cd /Users/jans./Downloads/meal.advisor/meal.advisor.ios/meal.advisor.ios/meal.advisor.ios/meal.advisor.ios.xcodeproj
    

SwiftCompile normal arm64 /Users/jans./Library/Developer/Xcode/DerivedData/meal.advisor.ios-csaldjncgoleykghtkpncaypzmvo/SourcePackages/checkouts/Kingfisher/Sources/Cache/ImageCache.swift (in target 'Kingfisher' from project 'Kingfisher')
    cd /Users/jans./Downloads/meal.advisor/meal.advisor.ios/meal.advisor.ios/meal.advisor.ios/meal.advisor.ios.xcodeproj
    

SwiftCompile normal arm64 /Users/jans./Library/Developer/Xcode/DerivedData/meal.advisor.ios-csaldjncgoleykghtkpncaypzmvo/SourcePackages/checkouts/Kingfisher/Sources/Cache/MemoryStorage.swift (in target 'Kingfisher' from project 'Kingfisher')
    cd /Users/jans./Downloads/meal.advisor/meal.advisor.ios/meal.advisor.ios/meal.advisor.ios/meal.advisor.ios.xcodeproj
    

SwiftCompile normal arm64 /Users/jans./Library/Developer/Xcode/DerivedData/meal.advisor.ios-csaldjncgoleykghtkpncaypzmvo/SourcePackages/checkouts/Kingfisher/Sources/Cache/Storage.swift (in target 'Kingfisher' from project 'Kingfisher')
    cd /Users/jans./Downloads/meal.advisor/meal.advisor.ios/meal.advisor.ios/meal.advisor.ios/meal.advisor.ios.xcodeproj
    

SwiftCompile normal arm64 /Users/jans./Library/Developer/Xcode/DerivedData/meal.advisor.ios-csaldjncgoleykghtkpncaypzmvo/SourcePackages/checkouts/Kingfisher/Sources/Extensions/CPListItem+Kingfisher.swift (in target 'Kingfisher' from project 'Kingfisher')
    cd /Users/jans./Downloads/meal.advisor/meal.advisor.ios/meal.advisor.ios/meal.advisor.ios/meal.advisor.ios.xcodeproj
    

PrecompileModule /Users/jans./Library/Developer/Xcode/DerivedData/meal.advisor.ios-csaldjncgoleykghtkpncaypzmvo/Build/Intermediates.noindex/ExplicitPrecompiledModules/unistd-BRO3LRMN9XE0S5MKWXQN6S9FF.scan
    cd /Users/jans./Downloads/meal.advisor/meal.advisor.ios/meal.advisor.ios/meal.advisor.ios/meal.advisor.ios.xcodeproj
    builtin-precompileModule /Users/jans./Library/Developer/Xcode/DerivedData/meal.advisor.ios-csaldjncgoleykghtkpncaypzmvo/Build/Intermediates.noindex/ExplicitPrecompiledModules/unistd-BRO3LRMN9XE0S5MKWXQN6S9FF.scan

PrecompileModule /Users/jans./Library/Developer/Xcode/DerivedData/meal.advisor.ios-csaldjncgoleykghtkpncaypzmvo/Build/Intermediates.noindex/ExplicitPrecompiledModules/CommonCrypto-D27GSFGWZMF1TJ29PYFY3P5YK.scan
    cd /Users/jans./Downloads/meal.advisor/meal.advisor.ios/meal.advisor.ios/meal.advisor.ios/meal.advisor.ios.xcodeproj
    builtin-precompileModule /Users/jans./Library/Developer/Xcode/DerivedData/meal.advisor.ios-csaldjncgoleykghtkpncaypzmvo/Build/Intermediates.noindex/ExplicitPrecompiledModules/CommonCrypto-D27GSFGWZMF1TJ29PYFY3P5YK.scan

PrecompileModule /Users/jans./Library/Developer/Xcode/DerivedData/meal.advisor.ios-csaldjncgoleykghtkpncaypzmvo/Build/Intermediates.noindex/ExplicitPrecompiledModules/Darwin-ANB5YZEMYYCOFR249TF3S75QW.scan
    cd /Users/jans./Downloads/meal.advisor/meal.advisor.ios/meal.advisor.ios/meal.advisor.ios/meal.advisor.ios.xcodeproj
    builtin-precompileModule /Users/jans./Library/Developer/Xcode/DerivedData/meal.advisor.ios-csaldjncgoleykghtkpncaypzmvo/Build/Intermediates.noindex/ExplicitPrecompiledModules/Darwin-ANB5YZEMYYCOFR249TF3S75QW.scan

SwiftCompile normal arm64 Compiling\ ImageView+Kingfisher.swift,\ NSButton+Kingfisher.swift,\ NSTextAttachment+Kingfisher.swift,\ TVMonogramView+Kingfisher.swift,\ UIButton+Kingfisher.swift,\ WKInterfaceImage+Kingfisher.swift,\ AVAssetImageDataProvider.swift,\ ImageDataProvider.swift /Users/jans./Library/Developer/Xcode/DerivedData/meal.advisor.ios-csaldjncgoleykghtkpncaypzmvo/SourcePackages/checkouts/Kingfisher/Sources/Extensions/ImageView+Kingfisher.swift /Users/jans./Library/Developer/Xcode/DerivedData/meal.advisor.ios-csaldjncgoleykghtkpncaypzmvo/SourcePackages/checkouts/Kingfisher/Sources/Extensions/NSButton+Kingfisher.swift /Users/jans./Library/Developer/Xcode/DerivedData/meal.advisor.ios-csaldjncgoleykghtkpncaypzmvo/SourcePackages/checkouts/Kingfisher/Sources/Extensions/NSTextAttachment+Kingfisher.swift /Users/jans./Library/Developer/Xcode/DerivedData/meal.advisor.ios-csaldjncgoleykghtkpncaypzmvo/SourcePackages/checkouts/Kingfisher/Sources/Extensions/TVMonogramView+Kingfisher.swift /Users/jans./Library/Developer/Xcode/DerivedData/meal.advisor.ios-csaldjncgoleykghtkpncaypzmvo/SourcePackages/checkouts/Kingfisher/Sources/Extensions/UIButton+Kingfisher.swift /Users/jans./Library/Developer/Xcode/DerivedData/meal.advisor.ios-csaldjncgoleykghtkpncaypzmvo/SourcePackages/checkouts/Kingfisher/Sources/Extensions/WKInterfaceImage+Kingfisher.swift /Users/jans./Library/Developer/Xcode/DerivedData/meal.advisor.ios-csaldjncgoleykghtkpncaypzmvo/SourcePackages/checkouts/Kingfisher/Sources/General/ImageSource/AVAssetImageDataProvider.swift /Users/jans./Library/Developer/Xcode/DerivedData/meal.advisor.ios-csaldjncgoleykghtkpncaypzmvo/SourcePackages/checkouts/Kingfisher/Sources/General/ImageSource/ImageDataProvider.swift (in target 'Kingfisher' from project 'Kingfisher')

SwiftCompile normal arm64 /Users/jans./Library/Developer/Xcode/DerivedData/meal.advisor.ios-csaldjncgoleykghtkpncaypzmvo/SourcePackages/checkouts/Kingfisher/Sources/Extensions/ImageView+Kingfisher.swift (in target 'Kingfisher' from project 'Kingfisher')
    cd /Users/jans./Downloads/meal.advisor/meal.advisor.ios/meal.advisor.ios/meal.advisor.ios/meal.advisor.ios.xcodeproj
    

SwiftCompile normal arm64 /Users/jans./Library/Developer/Xcode/DerivedData/meal.advisor.ios-csaldjncgoleykghtkpncaypzmvo/SourcePackages/checkouts/Kingfisher/Sources/Extensions/NSButton+Kingfisher.swift (in target 'Kingfisher' from project 'Kingfisher')
    cd /Users/jans./Downloads/meal.advisor/meal.advisor.ios/meal.advisor.ios/meal.advisor.ios/meal.advisor.ios.xcodeproj
    

SwiftCompile normal arm64 /Users/jans./Library/Developer/Xcode/DerivedData/meal.advisor.ios-csaldjncgoleykghtkpncaypzmvo/SourcePackages/checkouts/Kingfisher/Sources/Extensions/NSTextAttachment+Kingfisher.swift (in target 'Kingfisher' from project 'Kingfisher')
    cd /Users/jans./Downloads/meal.advisor/meal.advisor.ios/meal.advisor.ios/meal.advisor.ios/meal.advisor.ios.xcodeproj
    

SwiftCompile normal arm64 /Users/jans./Library/Developer/Xcode/DerivedData/meal.advisor.ios-csaldjncgoleykghtkpncaypzmvo/SourcePackages/checkouts/Kingfisher/Sources/Extensions/TVMonogramView+Kingfisher.swift (in target 'Kingfisher' from project 'Kingfisher')
    cd /Users/jans./Downloads/meal.advisor/meal.advisor.ios/meal.advisor.ios/meal.advisor.ios/meal.advisor.ios.xcodeproj
    

SwiftCompile normal arm64 /Users/jans./Library/Developer/Xcode/DerivedData/meal.advisor.ios-csaldjncgoleykghtkpncaypzmvo/SourcePackages/checkouts/Kingfisher/Sources/Extensions/UIButton+Kingfisher.swift (in target 'Kingfisher' from project 'Kingfisher')
    cd /Users/jans./Downloads/meal.advisor/meal.advisor.ios/meal.advisor.ios/meal.advisor.ios/meal.advisor.ios.xcodeproj
    

SwiftCompile normal arm64 /Users/jans./Library/Developer/Xcode/DerivedData/meal.advisor.ios-csaldjncgoleykghtkpncaypzmvo/SourcePackages/checkouts/Kingfisher/Sources/Extensions/WKInterfaceImage+Kingfisher.swift (in target 'Kingfisher' from project 'Kingfisher')
    cd /Users/jans./Downloads/meal.advisor/meal.advisor.ios/meal.advisor.ios/meal.advisor.ios/meal.advisor.ios.xcodeproj
    

SwiftCompile normal arm64 /Users/jans./Library/Developer/Xcode/DerivedData/meal.advisor.ios-csaldjncgoleykghtkpncaypzmvo/SourcePackages/checkouts/Kingfisher/Sources/General/ImageSource/AVAssetImageDataProvider.swift (in target 'Kingfisher' from project 'Kingfisher')
    cd /Users/jans./Downloads/meal.advisor/meal.advisor.ios/meal.advisor.ios/meal.advisor.ios/meal.advisor.ios.xcodeproj
    

SwiftCompile normal arm64 /Users/jans./Library/Developer/Xcode/DerivedData/meal.advisor.ios-csaldjncgoleykghtkpncaypzmvo/SourcePackages/checkouts/Kingfisher/Sources/General/ImageSource/ImageDataProvider.swift (in target 'Kingfisher' from project 'Kingfisher')
    cd /Users/jans./Downloads/meal.advisor/meal.advisor.ios/meal.advisor.ios/meal.advisor.ios/meal.advisor.ios.xcodeproj
    

PrecompileModule /Users/jans./Library/Developer/Xcode/DerivedData/meal.advisor.ios-csaldjncgoleykghtkpncaypzmvo/Build/Intermediates.noindex/ExplicitPrecompiledModules/ObjectiveC-EFH8UX916CXUNC3MDNS7C1EGA.scan
    cd /Users/jans./Downloads/meal.advisor/meal.advisor.ios/meal.advisor.ios/meal.advisor.ios/meal.advisor.ios.xcodeproj
    builtin-precompileModule /Users/jans./Library/Developer/Xcode/DerivedData/meal.advisor.ios-csaldjncgoleykghtkpncaypzmvo/Build/Intermediates.noindex/ExplicitPrecompiledModules/ObjectiveC-EFH8UX916CXUNC3MDNS7C1EGA.scan

SwiftDriverJobDiscovery normal arm64 Emitting module for Kingfisher (in target 'Kingfisher' from project 'Kingfisher')

SwiftDriver\ Compilation\ Requirements Kingfisher normal arm64 com.apple.xcode.tools.swift.compiler (in target 'Kingfisher' from project 'Kingfisher')
    cd /Users/jans./Downloads/meal.advisor/meal.advisor.ios/meal.advisor.ios/meal.advisor.ios/meal.advisor.ios.xcodeproj
    builtin-Swift-Compilation-Requirements -- /Applications/Xcode.app/Contents/Developer/Toolchains/XcodeDefault.xctoolchain/usr/bin/swiftc -module-name Kingfisher -Onone -enforce-exclusivity\=checked @/Users/jans./Library/Developer/Xcode/DerivedData/meal.advisor.ios-csaldjncgoleykghtkpncaypzmvo/Build/Intermediates.noindex/Kingfisher.build/Debug-iphonesimulator/Kingfisher.build/Objects-normal/arm64/Kingfisher.SwiftFileList -DSWIFT_PACKAGE -DDEBUG -DXcode -plugin-path /Applications/Xcode.app/Contents/Developer/Toolchains/XcodeDefault.xctoolchain/usr/lib/swift/host/plugins/testing -enable-experimental-feature DebugDescriptionMacro -sdk /Applications/Xcode.app/Contents/Developer/Platforms/iPhoneSimulator.platform/Developer/SDKs/iPhoneSimulator18.5.sdk -target arm64-apple-ios12.0-simulator -g -module-cache-path /Users/jans./Library/Developer/Xcode/DerivedData/ModuleCache.noindex -Xfrontend -serialize-debugging-options -enable-testing -suppress-warnings -index-store-path /Users/jans./Library/Developer/Xcode/DerivedData/meal.advisor.ios-csaldjncgoleykghtkpncaypzmvo/Index.noindex/DataStore -swift-version 5 -I /Users/jans./Library/Developer/Xcode/DerivedData/meal.advisor.ios-csaldjncgoleykghtkpncaypzmvo/Build/Products/Debug-iphonesimulator -I /Applications/Xcode.app/Contents/Developer/Platforms/iPhoneSimulator.platform/Developer/usr/lib -F /Users/jans./Library/Developer/Xcode/DerivedData/meal.advisor.ios-csaldjncgoleykghtkpncaypzmvo/Build/Products/Debug-iphonesimulator -F /Applications/Xcode.app/Contents/Developer/Platforms/iPhoneSimulator.platform/Developer/Library/Frameworks -F /Applications/Xcode.app/Contents/Developer/Platforms/iPhoneSimulator.platform/Developer/SDKs/iPhoneSimulator18.5.sdk/Developer/Library/Frameworks -c -j8 -enable-batch-mode -incremental -Xcc -ivfsstatcache -Xcc /Users/jans./Library/Developer/Xcode/DerivedData/SDKStatCaches.noindex/iphonesimulator18.5-22F76-d5fc8ad4295d2ef488fb7d0f804ce0c4.sdkstatcache -output-file-map /Users/jans./Library/Developer/Xcode/DerivedData/meal.advisor.ios-csaldjncgoleykghtkpncaypzmvo/Build/Intermediates.noindex/Kingfisher.build/Debug-iphonesimulator/Kingfisher.build/Objects-normal/arm64/Kingfisher-OutputFileMap.json -use-frontend-parseable-output -save-temps -no-color-diagnostics -serialize-diagnostics -emit-dependencies -emit-module -emit-module-path /Users/jans./Library/Developer/Xcode/DerivedData/meal.advisor.ios-csaldjncgoleykghtkpncaypzmvo/Build/Intermediates.noindex/Kingfisher.build/Debug-iphonesimulator/Kingfisher.build/Objects-normal/arm64/Kingfisher.swiftmodule -validate-clang-modules-once -clang-build-session-file /Users/jans./Library/Developer/Xcode/DerivedData/ModuleCache.noindex/Session.modulevalidation -package-name kingfisher -Xcc -I/Users/jans./Library/Developer/Xcode/DerivedData/meal.advisor.ios-csaldjncgoleykghtkpncaypzmvo/Build/Intermediates.noindex/Kingfisher.build/Debug-iphonesimulator/Kingfisher.build/swift-overrides.hmap -emit-const-values -Xfrontend -const-gather-protocols-file -Xfrontend /Users/jans./Library/Developer/Xcode/DerivedData/meal.advisor.ios-csaldjncgoleykghtkpncaypzmvo/Build/Intermediates.noindex/Kingfisher.build/Debug-iphonesimulator/Kingfisher.build/Objects-normal/arm64/Kingfisher_const_extract_protocols.json -Xcc -I/Users/jans./Library/Developer/Xcode/DerivedData/meal.advisor.ios-csaldjncgoleykghtkpncaypzmvo/Build/Products/Debug-iphonesimulator/include -Xcc -I/Users/jans./Library/Developer/Xcode/DerivedData/meal.advisor.ios-csaldjncgoleykghtkpncaypzmvo/Build/Intermediates.noindex/Kingfisher.build/Debug-iphonesimulator/Kingfisher.build/DerivedSources-normal/arm64 -Xcc -I/Users/jans./Library/Developer/Xcode/DerivedData/meal.advisor.ios-csaldjncgoleykghtkpncaypzmvo/Build/Intermediates.noindex/Kingfisher.build/Debug-iphonesimulator/Kingfisher.build/DerivedSources/arm64 -Xcc -I/Users/jans./Library/Developer/Xcode/DerivedData/meal.advisor.ios-csaldjncgoleykghtkpncaypzmvo/Build/Intermediates.noindex/Kingfisher.build/Debug-iphonesimulator/Kingfisher.build/DerivedSources -Xcc -DSWIFT_PACKAGE -Xcc -DDEBUG\=1 -emit-objc-header -emit-objc-header-path /Users/jans./Library/Developer/Xcode/DerivedData/meal.advisor.ios-csaldjncgoleykghtkpncaypzmvo/Build/Intermediates.noindex/Kingfisher.build/Debug-iphonesimulator/Kingfisher.build/Objects-normal/arm64/Kingfisher-Swift.h -working-directory /Users/jans./Downloads/meal.advisor/meal.advisor.ios/meal.advisor.ios/meal.advisor.ios/meal.advisor.ios.xcodeproj -experimental-emit-module-separately -disable-cmo

PrecompileModule /Users/jans./Library/Developer/Xcode/DerivedData/meal.advisor.ios-csaldjncgoleykghtkpncaypzmvo/Build/Intermediates.noindex/ExplicitPrecompiledModules/os_object-3HGFDAY9139H7TZSBC35TNICI.scan
    cd /Users/jans./Downloads/meal.advisor/meal.advisor.ios/meal.advisor.ios/meal.advisor.ios/meal.advisor.ios.xcodeproj
    builtin-precompileModule /Users/jans./Library/Developer/Xcode/DerivedData/meal.advisor.ios-csaldjncgoleykghtkpncaypzmvo/Build/Intermediates.noindex/ExplicitPrecompiledModules/os_object-3HGFDAY9139H7TZSBC35TNICI.scan

SwiftMergeGeneratedHeaders /Users/jans./Library/Developer/Xcode/DerivedData/meal.advisor.ios-csaldjncgoleykghtkpncaypzmvo/Build/Intermediates.noindex/GeneratedModuleMaps-iphonesimulator/Kingfisher-Swift.h /Users/jans./Library/Developer/Xcode/DerivedData/meal.advisor.ios-csaldjncgoleykghtkpncaypzmvo/Build/Intermediates.noindex/Kingfisher.build/Debug-iphonesimulator/Kingfisher.build/Objects-normal/arm64/Kingfisher-Swift.h (in target 'Kingfisher' from project 'Kingfisher')
    cd /Users/jans./Library/Developer/Xcode/DerivedData/meal.advisor.ios-csaldjncgoleykghtkpncaypzmvo/SourcePackages/checkouts/Kingfisher
    builtin-swiftHeaderTool -arch arm64 /Users/jans./Library/Developer/Xcode/DerivedData/meal.advisor.ios-csaldjncgoleykghtkpncaypzmvo/Build/Intermediates.noindex/Kingfisher.build/Debug-iphonesimulator/Kingfisher.build/Objects-normal/arm64/Kingfisher-Swift.h -o /Users/jans./Library/Developer/Xcode/DerivedData/meal.advisor.ios-csaldjncgoleykghtkpncaypzmvo/Build/Intermediates.noindex/GeneratedModuleMaps-iphonesimulator/Kingfisher-Swift.h

Copy /Users/jans./Library/Developer/Xcode/DerivedData/meal.advisor.ios-csaldjncgoleykghtkpncaypzmvo/Build/Products/Debug-iphonesimulator/Kingfisher.swiftmodule/arm64-apple-ios-simulator.swiftmodule /Users/jans./Library/Developer/Xcode/DerivedData/meal.advisor.ios-csaldjncgoleykghtkpncaypzmvo/Build/Intermediates.noindex/Kingfisher.build/Debug-iphonesimulator/Kingfisher.build/Objects-normal/arm64/Kingfisher.swiftmodule (in target 'Kingfisher' from project 'Kingfisher')
    cd /Users/jans./Library/Developer/Xcode/DerivedData/meal.advisor.ios-csaldjncgoleykghtkpncaypzmvo/SourcePackages/checkouts/Kingfisher
    builtin-copy -exclude .DS_Store -exclude CVS -exclude .svn -exclude .git -exclude .hg -resolve-src-symlinks -rename /Users/jans./Library/Developer/Xcode/DerivedData/meal.advisor.ios-csaldjncgoleykghtkpncaypzmvo/Build/Intermediates.noindex/Kingfisher.build/Debug-iphonesimulator/Kingfisher.build/Objects-normal/arm64/Kingfisher.swiftmodule /Users/jans./Library/Developer/Xcode/DerivedData/meal.advisor.ios-csaldjncgoleykghtkpncaypzmvo/Build/Products/Debug-iphonesimulator/Kingfisher.swiftmodule/arm64-apple-ios-simulator.swiftmodule

Copy /Users/jans./Library/Developer/Xcode/DerivedData/meal.advisor.ios-csaldjncgoleykghtkpncaypzmvo/Build/Products/Debug-iphonesimulator/Kingfisher.swiftmodule/arm64-apple-ios-simulator.swiftdoc /Users/jans./Library/Developer/Xcode/DerivedData/meal.advisor.ios-csaldjncgoleykghtkpncaypzmvo/Build/Intermediates.noindex/Kingfisher.build/Debug-iphonesimulator/Kingfisher.build/Objects-normal/arm64/Kingfisher.swiftdoc (in target 'Kingfisher' from project 'Kingfisher')
    cd /Users/jans./Library/Developer/Xcode/DerivedData/meal.advisor.ios-csaldjncgoleykghtkpncaypzmvo/SourcePackages/checkouts/Kingfisher
    builtin-copy -exclude .DS_Store -exclude CVS -exclude .svn -exclude .git -exclude .hg -resolve-src-symlinks -rename /Users/jans./Library/Developer/Xcode/DerivedData/meal.advisor.ios-csaldjncgoleykghtkpncaypzmvo/Build/Intermediates.noindex/Kingfisher.build/Debug-iphonesimulator/Kingfisher.build/Objects-normal/arm64/Kingfisher.swiftdoc /Users/jans./Library/Developer/Xcode/DerivedData/meal.advisor.ios-csaldjncgoleykghtkpncaypzmvo/Build/Products/Debug-iphonesimulator/Kingfisher.swiftmodule/arm64-apple-ios-simulator.swiftdoc

Copy /Users/jans./Library/Developer/Xcode/DerivedData/meal.advisor.ios-csaldjncgoleykghtkpncaypzmvo/Build/Products/Debug-iphonesimulator/Kingfisher.swiftmodule/arm64-apple-ios-simulator.abi.json /Users/jans./Library/Developer/Xcode/DerivedData/meal.advisor.ios-csaldjncgoleykghtkpncaypzmvo/Build/Intermediates.noindex/Kingfisher.build/Debug-iphonesimulator/Kingfisher.build/Objects-normal/arm64/Kingfisher.abi.json (in target 'Kingfisher' from project 'Kingfisher')
    cd /Users/jans./Library/Developer/Xcode/DerivedData/meal.advisor.ios-csaldjncgoleykghtkpncaypzmvo/SourcePackages/checkouts/Kingfisher
    builtin-copy -exclude .DS_Store -exclude CVS -exclude .svn -exclude .git -exclude .hg -resolve-src-symlinks -rename /Users/jans./Library/Developer/Xcode/DerivedData/meal.advisor.ios-csaldjncgoleykghtkpncaypzmvo/Build/Intermediates.noindex/Kingfisher.build/Debug-iphonesimulator/Kingfisher.build/Objects-normal/arm64/Kingfisher.abi.json /Users/jans./Library/Developer/Xcode/DerivedData/meal.advisor.ios-csaldjncgoleykghtkpncaypzmvo/Build/Products/Debug-iphonesimulator/Kingfisher.swiftmodule/arm64-apple-ios-simulator.abi.json

Copy /Users/jans./Library/Developer/Xcode/DerivedData/meal.advisor.ios-csaldjncgoleykghtkpncaypzmvo/Build/Products/Debug-iphonesimulator/Kingfisher.swiftmodule/Project/arm64-apple-ios-simulator.swiftsourceinfo /Users/jans./Library/Developer/Xcode/DerivedData/meal.advisor.ios-csaldjncgoleykghtkpncaypzmvo/Build/Intermediates.noindex/Kingfisher.build/Debug-iphonesimulator/Kingfisher.build/Objects-normal/arm64/Kingfisher.swiftsourceinfo (in target 'Kingfisher' from project 'Kingfisher')
    cd /Users/jans./Library/Developer/Xcode/DerivedData/meal.advisor.ios-csaldjncgoleykghtkpncaypzmvo/SourcePackages/checkouts/Kingfisher
    builtin-copy -exclude .DS_Store -exclude CVS -exclude .svn -exclude .git -exclude .hg -resolve-src-symlinks -rename /Users/jans./Library/Developer/Xcode/DerivedData/meal.advisor.ios-csaldjncgoleykghtkpncaypzmvo/Build/Intermediates.noindex/Kingfisher.build/Debug-iphonesimulator/Kingfisher.build/Objects-normal/arm64/Kingfisher.swiftsourceinfo /Users/jans./Library/Developer/Xcode/DerivedData/meal.advisor.ios-csaldjncgoleykghtkpncaypzmvo/Build/Products/Debug-iphonesimulator/Kingfisher.swiftmodule/Project/arm64-apple-ios-simulator.swiftsourceinfo

PrecompileModule /Users/jans./Library/Developer/Xcode/DerivedData/meal.advisor.ios-csaldjncgoleykghtkpncaypzmvo/Build/Intermediates.noindex/ExplicitPrecompiledModules/os_workgroup-7XX14JJIG2B9WWW3ST9GDQAHM.scan
    cd /Users/jans./Downloads/meal.advisor/meal.advisor.ios/meal.advisor.ios/meal.advisor.ios/meal.advisor.ios.xcodeproj
    builtin-precompileModule /Users/jans./Library/Developer/Xcode/DerivedData/meal.advisor.ios-csaldjncgoleykghtkpncaypzmvo/Build/Intermediates.noindex/ExplicitPrecompiledModules/os_workgroup-7XX14JJIG2B9WWW3ST9GDQAHM.scan

SwiftCompile normal arm64 Compiling\ ImagePrefetcher.swift,\ RedirectHandler.swift,\ RequestModifier.swift,\ RetryStrategy.swift,\ SessionDataTask.swift,\ SessionDelegate.swift,\ ImageBinder.swift,\ ImageContext.swift /Users/jans./Library/Developer/Xcode/DerivedData/meal.advisor.ios-csaldjncgoleykghtkpncaypzmvo/SourcePackages/checkouts/Kingfisher/Sources/Networking/ImagePrefetcher.swift /Users/jans./Library/Developer/Xcode/DerivedData/meal.advisor.ios-csaldjncgoleykghtkpncaypzmvo/SourcePackages/checkouts/Kingfisher/Sources/Networking/RedirectHandler.swift /Users/jans./Library/Developer/Xcode/DerivedData/meal.advisor.ios-csaldjncgoleykghtkpncaypzmvo/SourcePackages/checkouts/Kingfisher/Sources/Networking/RequestModifier.swift /Users/jans./Library/Developer/Xcode/DerivedData/meal.advisor.ios-csaldjncgoleykghtkpncaypzmvo/SourcePackages/checkouts/Kingfisher/Sources/Networking/RetryStrategy.swift /Users/jans./Library/Developer/Xcode/DerivedData/meal.advisor.ios-csaldjncgoleykghtkpncaypzmvo/SourcePackages/checkouts/Kingfisher/Sources/Networking/SessionDataTask.swift /Users/jans./Library/Developer/Xcode/DerivedData/meal.advisor.ios-csaldjncgoleykghtkpncaypzmvo/SourcePackages/checkouts/Kingfisher/Sources/Networking/SessionDelegate.swift /Users/jans./Library/Developer/Xcode/DerivedData/meal.advisor.ios-csaldjncgoleykghtkpncaypzmvo/SourcePackages/checkouts/Kingfisher/Sources/SwiftUI/ImageBinder.swift /Users/jans./Library/Developer/Xcode/DerivedData/meal.advisor.ios-csaldjncgoleykghtkpncaypzmvo/SourcePackages/checkouts/Kingfisher/Sources/SwiftUI/ImageContext.swift (in target 'Kingfisher' from project 'Kingfisher')
SwiftCompile normal arm64 /Users/jans./Library/Developer/Xcode/DerivedData/meal.advisor.ios-csaldjncgoleykghtkpncaypzmvo/SourcePackages/checkouts/Kingfisher/Sources/Networking/ImagePrefetcher.swift (in target 'Kingfisher' from project 'Kingfisher')
    cd /Users/jans./Downloads/meal.advisor/meal.advisor.ios/meal.advisor.ios/meal.advisor.ios/meal.advisor.ios.xcodeproj
    

SwiftCompile normal arm64 /Users/jans./Library/Developer/Xcode/DerivedData/meal.advisor.ios-csaldjncgoleykghtkpncaypzmvo/SourcePackages/checkouts/Kingfisher/Sources/Networking/RedirectHandler.swift (in target 'Kingfisher' from project 'Kingfisher')
    cd /Users/jans./Downloads/meal.advisor/meal.advisor.ios/meal.advisor.ios/meal.advisor.ios/meal.advisor.ios.xcodeproj
    

SwiftCompile normal arm64 /Users/jans./Library/Developer/Xcode/DerivedData/meal.advisor.ios-csaldjncgoleykghtkpncaypzmvo/SourcePackages/checkouts/Kingfisher/Sources/Networking/RequestModifier.swift (in target 'Kingfisher' from project 'Kingfisher')
    cd /Users/jans./Downloads/meal.advisor/meal.advisor.ios/meal.advisor.ios/meal.advisor.ios/meal.advisor.ios.xcodeproj
    

SwiftCompile normal arm64 /Users/jans./Library/Developer/Xcode/DerivedData/meal.advisor.ios-csaldjncgoleykghtkpncaypzmvo/SourcePackages/checkouts/Kingfisher/Sources/Networking/RetryStrategy.swift (in target 'Kingfisher' from project 'Kingfisher')
    cd /Users/jans./Downloads/meal.advisor/meal.advisor.ios/meal.advisor.ios/meal.advisor.ios/meal.advisor.ios.xcodeproj
    

SwiftCompile normal arm64 /Users/jans./Library/Developer/Xcode/DerivedData/meal.advisor.ios-csaldjncgoleykghtkpncaypzmvo/SourcePackages/checkouts/Kingfisher/Sources/Networking/SessionDataTask.swift (in target 'Kingfisher' from project 'Kingfisher')
    cd /Users/jans./Downloads/meal.advisor/meal.advisor.ios/meal.advisor.ios/meal.advisor.ios/meal.advisor.ios.xcodeproj
    

SwiftCompile normal arm64 /Users/jans./Library/Developer/Xcode/DerivedData/meal.advisor.ios-csaldjncgoleykghtkpncaypzmvo/SourcePackages/checkouts/Kingfisher/Sources/Networking/SessionDelegate.swift (in target 'Kingfisher' from project 'Kingfisher')
    cd /Users/jans./Downloads/meal.advisor/meal.advisor.ios/meal.advisor.ios/meal.advisor.ios/meal.advisor.ios.xcodeproj
    

SwiftCompile normal arm64 /Users/jans./Library/Developer/Xcode/DerivedData/meal.advisor.ios-csaldjncgoleykghtkpncaypzmvo/SourcePackages/checkouts/Kingfisher/Sources/SwiftUI/ImageBinder.swift (in target 'Kingfisher' from project 'Kingfisher')
    cd /Users/jans./Downloads/meal.advisor/meal.advisor.ios/meal.advisor.ios/meal.advisor.ios/meal.advisor.ios.xcodeproj
    

SwiftCompile normal arm64 /Users/jans./Library/Developer/Xcode/DerivedData/meal.advisor.ios-csaldjncgoleykghtkpncaypzmvo/SourcePackages/checkouts/Kingfisher/Sources/SwiftUI/ImageContext.swift (in target 'Kingfisher' from project 'Kingfisher')
    cd /Users/jans./Downloads/meal.advisor/meal.advisor.ios/meal.advisor.ios/meal.advisor.ios/meal.advisor.ios.xcodeproj
    

PrecompileModule /Users/jans./Library/Developer/Xcode/DerivedData/meal.advisor.ios-csaldjncgoleykghtkpncaypzmvo/Build/Intermediates.noindex/ExplicitPrecompiledModules/Dispatch-F5HNDJH0TG62WO7NW1T0QM3SC.scan
    cd /Users/jans./Downloads/meal.advisor/meal.advisor.ios/meal.advisor.ios/meal.advisor.ios/meal.advisor.ios.xcodeproj
    builtin-precompileModule /Users/jans./Library/Developer/Xcode/DerivedData/meal.advisor.ios-csaldjncgoleykghtkpncaypzmvo/Build/Intermediates.noindex/ExplicitPrecompiledModules/Dispatch-F5HNDJH0TG62WO7NW1T0QM3SC.scan

SwiftDriverJobDiscovery normal arm64 Compiling KFAnimatedImage.swift, KFImage.swift, KFImageOptions.swift, KFImageProtocol.swift, KFImageRenderer.swift, Box.swift, CallbackQueue.swift, Delegate.swift (in target 'Kingfisher' from project 'Kingfisher')

SwiftDriver\ Compilation IssueReportingPackageSupport normal arm64 com.apple.xcode.tools.swift.compiler (in target 'IssueReportingPackageSupport' from project 'xctest-dynamic-overlay')
    cd /Users/jans./Downloads/meal.advisor/meal.advisor.ios/meal.advisor.ios/meal.advisor.ios/meal.advisor.ios.xcodeproj
    builtin-Swift-Compilation -- /Applications/Xcode.app/Contents/Developer/Toolchains/XcodeDefault.xctoolchain/usr/bin/swiftc -module-name IssueReportingPackageSupport -Onone -enforce-exclusivity\=checked @/Users/jans./Library/Developer/Xcode/DerivedData/meal.advisor.ios-csaldjncgoleykghtkpncaypzmvo/Build/Intermediates.noindex/xctest-dynamic-overlay.build/Debug-iphonesimulator/IssueReportingPackageSupport.build/Objects-normal/arm64/IssueReportingPackageSupport.SwiftFileList -DSWIFT_PACKAGE -DDEBUG -DXcode -plugin-path /Applications/Xcode.app/Contents/Developer/Toolchains/XcodeDefault.xctoolchain/usr/lib/swift/host/plugins/testing -enable-experimental-feature DebugDescriptionMacro -sdk /Applications/Xcode.app/Contents/Developer/Platforms/iPhoneSimulator.platform/Developer/SDKs/iPhoneSimulator18.5.sdk -target arm64-apple-ios13.0-simulator -g -module-cache-path /Users/jans./Library/Developer/Xcode/DerivedData/ModuleCache.noindex -Xfrontend -serialize-debugging-options -enable-testing -suppress-warnings -index-store-path /Users/jans./Library/Developer/Xcode/DerivedData/meal.advisor.ios-csaldjncgoleykghtkpncaypzmvo/Index.noindex/DataStore -swift-version 6 -I /Users/jans./Library/Developer/Xcode/DerivedData/meal.advisor.ios-csaldjncgoleykghtkpncaypzmvo/Build/Products/Debug-iphonesimulator -I /Applications/Xcode.app/Contents/Developer/Platforms/iPhoneSimulator.platform/Developer/usr/lib -F /Users/jans./Library/Developer/Xcode/DerivedData/meal.advisor.ios-csaldjncgoleykghtkpncaypzmvo/Build/Products/Debug-iphonesimulator -F /Applications/Xcode.app/Contents/Developer/Platforms/iPhoneSimulator.platform/Developer/Library/Frameworks -F /Applications/Xcode.app/Contents/Developer/Platforms/iPhoneSimulator.platform/Developer/SDKs/iPhoneSimulator18.5.sdk/Developer/Library/Frameworks -parse-as-library -c -j8 -enable-batch-mode -incremental -Xcc -ivfsstatcache -Xcc /Users/jans./Library/Developer/Xcode/DerivedData/SDKStatCaches.noindex/iphonesimulator18.5-22F76-d5fc8ad4295d2ef488fb7d0f804ce0c4.sdkstatcache -output-file-map /Users/jans./Library/Developer/Xcode/DerivedData/meal.advisor.ios-csaldjncgoleykghtkpncaypzmvo/Build/Intermediates.noindex/xctest-dynamic-overlay.build/Debug-iphonesimulator/IssueReportingPackageSupport.build/Objects-normal/arm64/IssueReportingPackageSupport-OutputFileMap.json -use-frontend-parseable-output -save-temps -no-color-diagnostics -serialize-diagnostics -emit-dependencies -emit-module -emit-module-path /Users/jans./Library/Developer/Xcode/DerivedData/meal.advisor.ios-csaldjncgoleykghtkpncaypzmvo/Build/Intermediates.noindex/xctest-dynamic-overlay.build/Debug-iphonesimulator/IssueReportingPackageSupport.build/Objects-normal/arm64/IssueReportingPackageSupport.swiftmodule -user-module-version 1.6.1 -validate-clang-modules-once -clang-build-session-file /Users/jans./Library/Developer/Xcode/DerivedData/ModuleCache.noindex/Session.modulevalidation -package-name xctest_dynamic_overlay -Xcc -I/Users/jans./Library/Developer/Xcode/DerivedData/meal.advisor.ios-csaldjncgoleykghtkpncaypzmvo/Build/Intermediates.noindex/xctest-dynamic-overlay.build/Debug-iphonesimulator/IssueReportingPackageSupport.build/swift-overrides.hmap -emit-const-values -Xfrontend -const-gather-protocols-file -Xfrontend /Users/jans./Library/Developer/Xcode/DerivedData/meal.advisor.ios-csaldjncgoleykghtkpncaypzmvo/Build/Intermediates.noindex/xctest-dynamic-overlay.build/Debug-iphonesimulator/IssueReportingPackageSupport.build/Objects-normal/arm64/IssueReportingPackageSupport_const_extract_protocols.json -Xcc -I/Users/jans./Library/Developer/Xcode/DerivedData/meal.advisor.ios-csaldjncgoleykghtkpncaypzmvo/Build/Products/Debug-iphonesimulator/include -Xcc -I/Users/jans./Library/Developer/Xcode/DerivedData/meal.advisor.ios-csaldjncgoleykghtkpncaypzmvo/Build/Intermediates.noindex/xctest-dynamic-overlay.build/Debug-iphonesimulator/IssueReportingPackageSupport.build/DerivedSources-normal/arm64 -Xcc -I/Users/jans./Library/Developer/Xcode/DerivedData/meal.advisor.ios-csaldjncgoleykghtkpncaypzmvo/Build/Intermediates.noindex/xctest-dynamic-overlay.build/Debug-iphonesimulator/IssueReportingPackageSupport.build/DerivedSources/arm64 -Xcc -I/Users/jans./Library/Developer/Xcode/DerivedData/meal.advisor.ios-csaldjncgoleykghtkpncaypzmvo/Build/Intermediates.noindex/xctest-dynamic-overlay.build/Debug-iphonesimulator/IssueReportingPackageSupport.build/DerivedSources -Xcc -DSWIFT_PACKAGE -Xcc -DDEBUG\=1 -emit-objc-header -emit-objc-header-path /Users/jans./Library/Developer/Xcode/DerivedData/meal.advisor.ios-csaldjncgoleykghtkpncaypzmvo/Build/Intermediates.noindex/xctest-dynamic-overlay.build/Debug-iphonesimulator/IssueReportingPackageSupport.build/Objects-normal/arm64/IssueReportingPackageSupport-Swift.h -working-directory /Users/jans./Downloads/meal.advisor/meal.advisor.ios/meal.advisor.ios/meal.advisor.ios/meal.advisor.ios.xcodeproj -experimental-emit-module-separately -disable-cmo

PrecompileModule /Users/jans./Library/Developer/Xcode/DerivedData/meal.advisor.ios-csaldjncgoleykghtkpncaypzmvo/Build/Intermediates.noindex/ExplicitPrecompiledModules/XPC-4EZYQ98O5A6C5QJ59ACCQQ0V.scan
    cd /Users/jans./Downloads/meal.advisor/meal.advisor.ios/meal.advisor.ios/meal.advisor.ios/meal.advisor.ios.xcodeproj
    builtin-precompileModule /Users/jans./Library/Developer/Xcode/DerivedData/meal.advisor.ios-csaldjncgoleykghtkpncaypzmvo/Build/Intermediates.noindex/ExplicitPrecompiledModules/XPC-4EZYQ98O5A6C5QJ59ACCQQ0V.scan

PrecompileModule /Users/jans./Library/Developer/Xcode/DerivedData/meal.advisor.ios-csaldjncgoleykghtkpncaypzmvo/Build/Intermediates.noindex/ExplicitPrecompiledModules/CoreFoundation-53M37ZEVX6Y4IZ6J8WP3H5ES1.scan
    cd /Users/jans./Downloads/meal.advisor/meal.advisor.ios/meal.advisor.ios/meal.advisor.ios/meal.advisor.ios.xcodeproj
    builtin-precompileModule /Users/jans./Library/Developer/Xcode/DerivedData/meal.advisor.ios-csaldjncgoleykghtkpncaypzmvo/Build/Intermediates.noindex/ExplicitPrecompiledModules/CoreFoundation-53M37ZEVX6Y4IZ6J8WP3H5ES1.scan

SwiftCompile normal arm64 Compiling\ HTTPFieldName.swift /Users/jans./Library/Developer/Xcode/DerivedData/meal.advisor.ios-csaldjncgoleykghtkpncaypzmvo/SourcePackages/checkouts/swift-http-types/Sources/HTTPTypes/HTTPFieldName.swift (in target 'HTTPTypes' from project 'swift-http-types')

SwiftCompile normal arm64 /Users/jans./Library/Developer/Xcode/DerivedData/meal.advisor.ios-csaldjncgoleykghtkpncaypzmvo/SourcePackages/checkouts/swift-http-types/Sources/HTTPTypes/HTTPFieldName.swift (in target 'HTTPTypes' from project 'swift-http-types')
    cd /Users/jans./Downloads/meal.advisor/meal.advisor.ios/meal.advisor.ios/meal.advisor.ios/meal.advisor.ios.xcodeproj
    

PrecompileModule /Users/jans./Library/Developer/Xcode/DerivedData/meal.advisor.ios-csaldjncgoleykghtkpncaypzmvo/Build/Intermediates.noindex/ExplicitPrecompiledModules/CFNetwork-APYX6Y9RLA9MY8WFPF4JSH2R7.scan
    cd /Users/jans./Downloads/meal.advisor/meal.advisor.ios/meal.advisor.ios/meal.advisor.ios/meal.advisor.ios.xcodeproj
    builtin-precompileModule /Users/jans./Library/Developer/Xcode/DerivedData/meal.advisor.ios-csaldjncgoleykghtkpncaypzmvo/Build/Intermediates.noindex/ExplicitPrecompiledModules/CFNetwork-APYX6Y9RLA9MY8WFPF4JSH2R7.scan

SwiftDriverJobDiscovery normal arm64 Compiling ImageProgressive.swift, ImageTransition.swift, Placeholder.swift, AuthenticationChallengeResponsable.swift, ImageDataProcessor.swift, ImageDownloader.swift, ImageDownloaderDelegate.swift, ImageModifier.swift (in target 'Kingfisher' from project 'Kingfisher')

PrecompileModule /Users/jans./Library/Developer/Xcode/DerivedData/meal.advisor.ios-csaldjncgoleykghtkpncaypzmvo/Build/Intermediates.noindex/ExplicitPrecompiledModules/CoreGraphics-6SS18C5YP9T5L4U5WSLDVJFPG.scan
    cd /Users/jans./Downloads/meal.advisor/meal.advisor.ios/meal.advisor.ios/meal.advisor.ios/meal.advisor.ios.xcodeproj
    builtin-precompileModule /Users/jans./Library/Developer/Xcode/DerivedData/meal.advisor.ios-csaldjncgoleykghtkpncaypzmvo/Build/Intermediates.noindex/ExplicitPrecompiledModules/CoreGraphics-6SS18C5YP9T5L4U5WSLDVJFPG.scan

PrecompileModule /Users/jans./Library/Developer/Xcode/DerivedData/meal.advisor.ios-csaldjncgoleykghtkpncaypzmvo/Build/Intermediates.noindex/ExplicitPrecompiledModules/Security-8J673ZUPE40PJHR8W18BG0A3C.scan
    cd /Users/jans./Downloads/meal.advisor/meal.advisor.ios/meal.advisor.ios/meal.advisor.ios/meal.advisor.ios.xcodeproj
    builtin-precompileModule /Users/jans./Library/Developer/Xcode/DerivedData/meal.advisor.ios-csaldjncgoleykghtkpncaypzmvo/Build/Intermediates.noindex/ExplicitPrecompiledModules/Security-8J673ZUPE40PJHR8W18BG0A3C.scan

SwiftDriverJobDiscovery normal arm64 Compiling HTTPFieldName.swift (in target 'HTTPTypes' from project 'swift-http-types')

SwiftCompile normal arm64 Compiling\ HTTPParsedFields.swift /Users/jans./Library/Developer/Xcode/DerivedData/meal.advisor.ios-csaldjncgoleykghtkpncaypzmvo/SourcePackages/checkouts/swift-http-types/Sources/HTTPTypes/HTTPParsedFields.swift (in target 'HTTPTypes' from project 'swift-http-types')

SwiftCompile normal arm64 /Users/jans./Library/Developer/Xcode/DerivedData/meal.advisor.ios-csaldjncgoleykghtkpncaypzmvo/SourcePackages/checkouts/swift-http-types/Sources/HTTPTypes/HTTPParsedFields.swift (in target 'HTTPTypes' from project 'swift-http-types')
    cd /Users/jans./Downloads/meal.advisor/meal.advisor.ios/meal.advisor.ios/meal.advisor.ios/meal.advisor.ios.xcodeproj
    

SwiftDriverJobDiscovery normal arm64 Compiling DisplayLink.swift, ExtensionHelpers.swift, Result.swift, Runtime.swift, SizeExtensions.swift, String+MD5.swift, AnimatedImageView.swift, Indicator.swift (in target 'Kingfisher' from project 'Kingfisher')

SwiftCompile normal arm64 Compiling\ HTTPField.swift /Users/jans./Library/Developer/Xcode/DerivedData/meal.advisor.ios-csaldjncgoleykghtkpncaypzmvo/SourcePackages/checkouts/swift-http-types/Sources/HTTPTypes/HTTPField.swift (in target 'HTTPTypes' from project 'swift-http-types')

SwiftCompile normal arm64 /Users/jans./Library/Developer/Xcode/DerivedData/meal.advisor.ios-csaldjncgoleykghtkpncaypzmvo/SourcePackages/checkouts/swift-http-types/Sources/HTTPTypes/HTTPField.swift (in target 'HTTPTypes' from project 'swift-http-types')
    cd /Users/jans./Downloads/meal.advisor/meal.advisor.ios/meal.advisor.ios/meal.advisor.ios/meal.advisor.ios.xcodeproj
    

PrecompileModule /Users/jans./Library/Developer/Xcode/DerivedData/meal.advisor.ios-csaldjncgoleykghtkpncaypzmvo/Build/Intermediates.noindex/ExplicitPrecompiledModules/ImageIO-1XSY6D92S82INJKHR64N2TLPD.scan
    cd /Users/jans./Downloads/meal.advisor/meal.advisor.ios/meal.advisor.ios/meal.advisor.ios/meal.advisor.ios.xcodeproj
    builtin-precompileModule /Users/jans./Library/Developer/Xcode/DerivedData/meal.advisor.ios-csaldjncgoleykghtkpncaypzmvo/Build/Intermediates.noindex/ExplicitPrecompiledModules/ImageIO-1XSY6D92S82INJKHR64N2TLPD.scan

PrecompileModule /Users/jans./Library/Developer/Xcode/DerivedData/meal.advisor.ios-csaldjncgoleykghtkpncaypzmvo/Build/Intermediates.noindex/ExplicitPrecompiledModules/Foundation-8T762SGKMNZV3K1XQMOAFUEXW.scan
    cd /Users/jans./Downloads/meal.advisor/meal.advisor.ios/meal.advisor.ios/meal.advisor.ios/meal.advisor.ios.xcodeproj
    builtin-precompileModule /Users/jans./Library/Developer/Xcode/DerivedData/meal.advisor.ios-csaldjncgoleykghtkpncaypzmvo/Build/Intermediates.noindex/ExplicitPrecompiledModules/Foundation-8T762SGKMNZV3K1XQMOAFUEXW.scan

SwiftDriverJobDiscovery normal arm64 Compiling PHPickerResultImageDataProvider.swift, Resource.swift, Source.swift, KF.swift, KFOptionsSetter.swift, Kingfisher.swift, KingfisherError.swift, KingfisherManager.swift (in target 'Kingfisher' from project 'Kingfisher')

PrecompileModule /Users/jans./Library/Developer/Xcode/DerivedData/meal.advisor.ios-csaldjncgoleykghtkpncaypzmvo/Build/Intermediates.noindex/ExplicitPrecompiledModules/CoreText-D3EHSBG4U5DSNJ4S4EY5HQ2C2.scan
    cd /Users/jans./Downloads/meal.advisor/meal.advisor.ios/meal.advisor.ios/meal.advisor.ios/meal.advisor.ios.xcodeproj
    builtin-precompileModule /Users/jans./Library/Developer/Xcode/DerivedData/meal.advisor.ios-csaldjncgoleykghtkpncaypzmvo/Build/Intermediates.noindex/ExplicitPrecompiledModules/CoreText-D3EHSBG4U5DSNJ4S4EY5HQ2C2.scan

SwiftCompile normal arm64 Compiling\ HTTPRequest.swift /Users/jans./Library/Developer/Xcode/DerivedData/meal.advisor.ios-csaldjncgoleykghtkpncaypzmvo/SourcePackages/checkouts/swift-http-types/Sources/HTTPTypes/HTTPRequest.swift (in target 'HTTPTypes' from project 'swift-http-types')

SwiftCompile normal arm64 /Users/jans./Library/Developer/Xcode/DerivedData/meal.advisor.ios-csaldjncgoleykghtkpncaypzmvo/SourcePackages/checkouts/swift-http-types/Sources/HTTPTypes/HTTPRequest.swift (in target 'HTTPTypes' from project 'swift-http-types')
    cd /Users/jans./Downloads/meal.advisor/meal.advisor.ios/meal.advisor.ios/meal.advisor.ios/meal.advisor.ios.xcodeproj
    

SwiftDriverJobDiscovery normal arm64 Compiling KingfisherOptionsInfo.swift, Filter.swift, GIFAnimatedImage.swift, GraphicsContext.swift, Image.swift, ImageDrawing.swift, ImageFormat.swift, ImageProcessor.swift (in target 'Kingfisher' from project 'Kingfisher')

SwiftCompile normal arm64 Compiling\ HTTPFields.swift /Users/jans./Library/Developer/Xcode/DerivedData/meal.advisor.ios-csaldjncgoleykghtkpncaypzmvo/SourcePackages/checkouts/swift-http-types/Sources/HTTPTypes/HTTPFields.swift (in target 'HTTPTypes' from project 'swift-http-types')

SwiftCompile normal arm64 /Users/jans./Library/Developer/Xcode/DerivedData/meal.advisor.ios-csaldjncgoleykghtkpncaypzmvo/SourcePackages/checkouts/swift-http-types/Sources/HTTPTypes/HTTPFields.swift (in target 'HTTPTypes' from project 'swift-http-types')
    cd /Users/jans./Downloads/meal.advisor/meal.advisor.ios/meal.advisor.ios/meal.advisor.ios/meal.advisor.ios.xcodeproj
    

SwiftCompile normal arm64 Compiling\ HTTPResponse.swift /Users/jans./Library/Developer/Xcode/DerivedData/meal.advisor.ios-csaldjncgoleykghtkpncaypzmvo/SourcePackages/checkouts/swift-http-types/Sources/HTTPTypes/HTTPResponse.swift (in target 'HTTPTypes' from project 'swift-http-types')

SwiftCompile normal arm64 /Users/jans./Library/Developer/Xcode/DerivedData/meal.advisor.ios-csaldjncgoleykghtkpncaypzmvo/SourcePackages/checkouts/swift-http-types/Sources/HTTPTypes/HTTPResponse.swift (in target 'HTTPTypes' from project 'swift-http-types')
    cd /Users/jans./Downloads/meal.advisor/meal.advisor.ios/meal.advisor.ios/meal.advisor.ios/meal.advisor.ios.xcodeproj
    

SwiftDriverJobDiscovery normal arm64 Compiling ImageView+Kingfisher.swift, NSButton+Kingfisher.swift, NSTextAttachment+Kingfisher.swift, TVMonogramView+Kingfisher.swift, UIButton+Kingfisher.swift, WKInterfaceImage+Kingfisher.swift, AVAssetImageDataProvider.swift, ImageDataProvider.swift (in target 'Kingfisher' from project 'Kingfisher')

SwiftCompile normal arm64 Compiling\ AuthSession.swift /Users/jans./Library/Developer/Xcode/DerivedData/meal.advisor.ios-csaldjncgoleykghtkpncaypzmvo/SourcePackages/checkouts/GTMAppAuth/GTMAppAuth/Sources/AuthSession.swift (in target 'GTMAppAuth' from project 'GTMAppAuth')
SwiftCompile normal arm64 /Users/jans./Library/Developer/Xcode/DerivedData/meal.advisor.ios-csaldjncgoleykghtkpncaypzmvo/SourcePackages/checkouts/GTMAppAuth/GTMAppAuth/Sources/AuthSession.swift (in target 'GTMAppAuth' from project 'GTMAppAuth')
    cd /Users/jans./Downloads/meal.advisor/meal.advisor.ios/meal.advisor.ios/meal.advisor.ios/meal.advisor.ios.xcodeproj
    

SwiftDriverJobDiscovery normal arm64 Compiling HTTPParsedFields.swift (in target 'HTTPTypes' from project 'swift-http-types')

SwiftCompile normal arm64 Compiling\ AuthSessionDelegate.swift /Users/jans./Library/Developer/Xcode/DerivedData/meal.advisor.ios-csaldjncgoleykghtkpncaypzmvo/SourcePackages/checkouts/GTMAppAuth/GTMAppAuth/Sources/AuthSessionDelegate.swift (in target 'GTMAppAuth' from project 'GTMAppAuth')

SwiftCompile normal arm64 /Users/jans./Library/Developer/Xcode/DerivedData/meal.advisor.ios-csaldjncgoleykghtkpncaypzmvo/SourcePackages/checkouts/GTMAppAuth/GTMAppAuth/Sources/AuthSessionDelegate.swift (in target 'GTMAppAuth' from project 'GTMAppAuth')
    cd /Users/jans./Downloads/meal.advisor/meal.advisor.ios/meal.advisor.ios/meal.advisor.ios/meal.advisor.ios.xcodeproj
    

CompileC /Users/jans./Library/Developer/Xcode/DerivedData/meal.advisor.ios-csaldjncgoleykghtkpncaypzmvo/Build/Intermediates.noindex/GTMSessionFetcher.build/Debug-iphonesimulator/GTMSessionFetcherCore.build/Objects-normal/arm64/resource_bundle_accessor.o /Users/jans./Library/Developer/Xcode/DerivedData/meal.advisor.ios-csaldjncgoleykghtkpncaypzmvo/Build/Intermediates.noindex/GTMSessionFetcher.build/Debug-iphonesimulator/GTMSessionFetcherCore.build/DerivedSources/resource_bundle_accessor.m normal arm64 objective-c com.apple.compilers.llvm.clang.1_0.compiler (in target 'GTMSessionFetcherCore' from project 'GTMSessionFetcher')
    cd /Users/jans./Downloads/meal.advisor/meal.advisor.ios/meal.advisor.ios/meal.advisor.ios/meal.advisor.ios.xcodeproj
    
    Using response file: /Users/jans./Library/Developer/Xcode/DerivedData/meal.advisor.ios-csaldjncgoleykghtkpncaypzmvo/Build/Intermediates.noindex/GTMSessionFetcher.build/Debug-iphonesimulator/GTMSessionFetcherCore.build/Objects-normal/arm64/e6072d4f65d7061329687fe24e3d63a7-common-args.resp
    
    /Applications/Xcode.app/Contents/Developer/Toolchains/XcodeDefault.xctoolchain/usr/bin/clang -x objective-c -ivfsstatcache /Users/jans./Library/Developer/Xcode/DerivedData/SDKStatCaches.noindex/iphonesimulator18.5-22F76-d5fc8ad4295d2ef488fb7d0f804ce0c4.sdkstatcache -fmessage-length\=0 -fdiagnostics-show-note-include-stack -fmacro-backtrace-limit\=0 -fno-color-diagnostics -fmodules-prune-interval\=86400 -fmodules-prune-after\=345600 -fbuild-session-file\=/Users/jans./Library/Developer/Xcode/DerivedData/ModuleCache.noindex/Session.modulevalidation -fmodules-validate-once-per-build-session -Wnon-modular-include-in-framework-module -Werror\=non-modular-include-in-framework-module -Wno-trigraphs -Wno-missing-field-initializers -Wno-missing-prototypes -Wno-return-type -Wno-implicit-atomic-properties -Wno-objc-interface-ivars -Wno-arc-repeated-use-of-weak -Wno-missing-braces -Wparentheses -Wswitch -Wno-unused-function -Wno-unused-label -Wno-unused-parameter -Wno-unused-variable -Wunused-value -Wno-empty-body -Wno-uninitialized -Wno-unknown-pragmas -w -Wno-shadow -Wno-four-char-constants -Wno-conversion -Wno-constant-conversion -Wno-int-conversion -Wno-bool-conversion -Wno-enum-conversion -Wno-float-conversion -Wno-non-literal-null-conversion -Wno-objc-literal-conversion -Wshorten-64-to-32 -Wpointer-sign -Wno-newline-eof -Wno-selector -Wno-strict-selector-match -Wno-undeclared-selector -Wno-deprecated-implementations -Wno-implicit-fallthrough -fstrict-aliasing -Wprotocol -Wdeprecated-declarations -Wno-sign-conversion -Wno-infinite-recursion -Wno-comma -Wno-block-capture-autoreleasing -Wno-strict-prototypes -Wno-semicolon-before-method-body -index-store-path /Users/jans./Library/Developer/Xcode/DerivedData/meal.advisor.ios-csaldjncgoleykghtkpncaypzmvo/Index.noindex/DataStore @/Users/jans./Library/Developer/Xcode/DerivedData/meal.advisor.ios-csaldjncgoleykghtkpncaypzmvo/Build/Intermediates.noindex/GTMSessionFetcher.build/Debug-iphonesimulator/GTMSessionFetcherCore.build/Objects-normal/arm64/e6072d4f65d7061329687fe24e3d63a7-common-args.resp -include /Users/jans./Library/Developer/Xcode/DerivedData/meal.advisor.ios-csaldjncgoleykghtkpncaypzmvo/Build/Intermediates.noindex/GTMSessionFetcher.build/Debug-iphonesimulator/GTMSessionFetcherCore.build/DerivedSources/resource_bundle_accessor.h -MMD -MT dependencies -MF /Users/jans./Library/Developer/Xcode/DerivedData/meal.advisor.ios-csaldjncgoleykghtkpncaypzmvo/Build/Intermediates.noindex/GTMSessionFetcher.build/Debug-iphonesimulator/GTMSessionFetcherCore.build/Objects-normal/arm64/resource_bundle_accessor.d --serialize-diagnostics /Users/jans./Library/Developer/Xcode/DerivedData/meal.advisor.ios-csaldjncgoleykghtkpncaypzmvo/Build/Intermediates.noindex/GTMSessionFetcher.build/Debug-iphonesimulator/GTMSessionFetcherCore.build/Objects-normal/arm64/resource_bundle_accessor.dia -c /Users/jans./Library/Developer/Xcode/DerivedData/meal.advisor.ios-csaldjncgoleykghtkpncaypzmvo/Build/Intermediates.noindex/GTMSessionFetcher.build/Debug-iphonesimulator/GTMSessionFetcherCore.build/DerivedSources/resource_bundle_accessor.m -o /Users/jans./Library/Developer/Xcode/DerivedData/meal.advisor.ios-csaldjncgoleykghtkpncaypzmvo/Build/Intermediates.noindex/GTMSessionFetcher.build/Debug-iphonesimulator/GTMSessionFetcherCore.build/Objects-normal/arm64/resource_bundle_accessor.o -index-unit-output-path /GTMSessionFetcher.build/Debug-iphonesimulator/GTMSessionFetcherCore.build/Objects-normal/arm64/resource_bundle_accessor.o

SwiftDriverJobDiscovery normal arm64 Compiling HTTPField.swift (in target 'HTTPTypes' from project 'swift-http-types')

CompileC /Users/jans./Library/Developer/Xcode/DerivedData/meal.advisor.ios-csaldjncgoleykghtkpncaypzmvo/Build/Intermediates.noindex/AppAuth.build/Debug-iphonesimulator/AppAuthCore.build/Objects-normal/arm64/resource_bundle_accessor.o /Users/jans./Library/Developer/Xcode/DerivedData/meal.advisor.ios-csaldjncgoleykghtkpncaypzmvo/Build/Intermediates.noindex/AppAuth.build/Debug-iphonesimulator/AppAuthCore.build/DerivedSources/resource_bundle_accessor.m normal arm64 objective-c com.apple.compilers.llvm.clang.1_0.compiler (in target 'AppAuthCore' from project 'AppAuth')
    cd /Users/jans./Downloads/meal.advisor/meal.advisor.ios/meal.advisor.ios/meal.advisor.ios/meal.advisor.ios.xcodeproj
    
    Using response file: /Users/jans./Library/Developer/Xcode/DerivedData/meal.advisor.ios-csaldjncgoleykghtkpncaypzmvo/Build/Intermediates.noindex/AppAuth.build/Debug-iphonesimulator/AppAuthCore.build/Objects-normal/arm64/e6072d4f65d7061329687fe24e3d63a7-common-args.resp
    
    /Applications/Xcode.app/Contents/Developer/Toolchains/XcodeDefault.xctoolchain/usr/bin/clang -x objective-c -ivfsstatcache /Users/jans./Library/Developer/Xcode/DerivedData/SDKStatCaches.noindex/iphonesimulator18.5-22F76-d5fc8ad4295d2ef488fb7d0f804ce0c4.sdkstatcache -fmessage-length\=0 -fdiagnostics-show-note-include-stack -fmacro-backtrace-limit\=0 -fno-color-diagnostics -fmodules-prune-interval\=86400 -fmodules-prune-after\=345600 -fbuild-session-file\=/Users/jans./Library/Developer/Xcode/DerivedData/ModuleCache.noindex/Session.modulevalidation -fmodules-validate-once-per-build-session -Wnon-modular-include-in-framework-module -Werror\=non-modular-include-in-framework-module -Wno-trigraphs -Wno-missing-field-initializers -Wno-missing-prototypes -Wno-return-type -Wno-implicit-atomic-properties -Wno-objc-interface-ivars -Wno-arc-repeated-use-of-weak -Wno-missing-braces -Wparentheses -Wswitch -Wno-unused-function -Wno-unused-label -Wno-unused-parameter -Wno-unused-variable -Wunused-value -Wno-empty-body -Wno-uninitialized -Wno-unknown-pragmas -w -Wno-shadow -Wno-four-char-constants -Wno-conversion -Wno-constant-conversion -Wno-int-conversion -Wno-bool-conversion -Wno-enum-conversion -Wno-float-conversion -Wno-non-literal-null-conversion -Wno-objc-literal-conversion -Wshorten-64-to-32 -Wpointer-sign -Wno-newline-eof -Wno-selector -Wno-strict-selector-match -Wno-undeclared-selector -Wno-deprecated-implementations -Wno-implicit-fallthrough -fstrict-aliasing -Wprotocol -Wdeprecated-declarations -Wno-sign-conversion -Wno-infinite-recursion -Wno-comma -Wno-block-capture-autoreleasing -Wno-strict-prototypes -Wno-semicolon-before-method-body -index-store-path /Users/jans./Library/Developer/Xcode/DerivedData/meal.advisor.ios-csaldjncgoleykghtkpncaypzmvo/Index.noindex/DataStore @/Users/jans./Library/Developer/Xcode/DerivedData/meal.advisor.ios-csaldjncgoleykghtkpncaypzmvo/Build/Intermediates.noindex/AppAuth.build/Debug-iphonesimulator/AppAuthCore.build/Objects-normal/arm64/e6072d4f65d7061329687fe24e3d63a7-common-args.resp -include /Users/jans./Library/Developer/Xcode/DerivedData/meal.advisor.ios-csaldjncgoleykghtkpncaypzmvo/Build/Intermediates.noindex/AppAuth.build/Debug-iphonesimulator/AppAuthCore.build/DerivedSources/resource_bundle_accessor.h -MMD -MT dependencies -MF /Users/jans./Library/Developer/Xcode/DerivedData/meal.advisor.ios-csaldjncgoleykghtkpncaypzmvo/Build/Intermediates.noindex/AppAuth.build/Debug-iphonesimulator/AppAuthCore.build/Objects-normal/arm64/resource_bundle_accessor.d --serialize-diagnostics /Users/jans./Library/Developer/Xcode/DerivedData/meal.advisor.ios-csaldjncgoleykghtkpncaypzmvo/Build/Intermediates.noindex/AppAuth.build/Debug-iphonesimulator/AppAuthCore.build/Objects-normal/arm64/resource_bundle_accessor.dia -c /Users/jans./Library/Developer/Xcode/DerivedData/meal.advisor.ios-csaldjncgoleykghtkpncaypzmvo/Build/Intermediates.noindex/AppAuth.build/Debug-iphonesimulator/AppAuthCore.build/DerivedSources/resource_bundle_accessor.m -o /Users/jans./Library/Developer/Xcode/DerivedData/meal.advisor.ios-csaldjncgoleykghtkpncaypzmvo/Build/Intermediates.noindex/AppAuth.build/Debug-iphonesimulator/AppAuthCore.build/Objects-normal/arm64/resource_bundle_accessor.o -index-unit-output-path /AppAuth.build/Debug-iphonesimulator/AppAuthCore.build/Objects-normal/arm64/resource_bundle_accessor.o

CompileC /Users/jans./Library/Developer/Xcode/DerivedData/meal.advisor.ios-csaldjncgoleykghtkpncaypzmvo/Build/Intermediates.noindex/AppAuth.build/Debug-iphonesimulator/AppAuthCore.build/Objects-normal/arm64/OIDURLSessionProvider.o /Users/jans./Library/Developer/Xcode/DerivedData/meal.advisor.ios-csaldjncgoleykghtkpncaypzmvo/SourcePackages/checkouts/AppAuth-iOS/Sources/AppAuthCore/OIDURLSessionProvider.m normal arm64 objective-c com.apple.compilers.llvm.clang.1_0.compiler (in target 'AppAuthCore' from project 'AppAuth')
    cd /Users/jans./Downloads/meal.advisor/meal.advisor.ios/meal.advisor.ios/meal.advisor.ios/meal.advisor.ios.xcodeproj
    
    Using response file: /Users/jans./Library/Developer/Xcode/DerivedData/meal.advisor.ios-csaldjncgoleykghtkpncaypzmvo/Build/Intermediates.noindex/AppAuth.build/Debug-iphonesimulator/AppAuthCore.build/Objects-normal/arm64/e6072d4f65d7061329687fe24e3d63a7-common-args.resp
    
    /Applications/Xcode.app/Contents/Developer/Toolchains/XcodeDefault.xctoolchain/usr/bin/clang -x objective-c -ivfsstatcache /Users/jans./Library/Developer/Xcode/DerivedData/SDKStatCaches.noindex/iphonesimulator18.5-22F76-d5fc8ad4295d2ef488fb7d0f804ce0c4.sdkstatcache -fmessage-length\=0 -fdiagnostics-show-note-include-stack -fmacro-backtrace-limit\=0 -fno-color-diagnostics -fmodules-prune-interval\=86400 -fmodules-prune-after\=345600 -fbuild-session-file\=/Users/jans./Library/Developer/Xcode/DerivedData/ModuleCache.noindex/Session.modulevalidation -fmodules-validate-once-per-build-session -Wnon-modular-include-in-framework-module -Werror\=non-modular-include-in-framework-module -Wno-trigraphs -Wno-missing-field-initializers -Wno-missing-prototypes -Wno-return-type -Wno-implicit-atomic-properties -Wno-objc-interface-ivars -Wno-arc-repeated-use-of-weak -Wno-missing-braces -Wparentheses -Wswitch -Wno-unused-function -Wno-unused-label -Wno-unused-parameter -Wno-unused-variable -Wunused-value -Wno-empty-body -Wno-uninitialized -Wno-unknown-pragmas -w -Wno-shadow -Wno-four-char-constants -Wno-conversion -Wno-constant-conversion -Wno-int-conversion -Wno-bool-conversion -Wno-enum-conversion -Wno-float-conversion -Wno-non-literal-null-conversion -Wno-objc-literal-conversion -Wshorten-64-to-32 -Wpointer-sign -Wno-newline-eof -Wno-selector -Wno-strict-selector-match -Wno-undeclared-selector -Wno-deprecated-implementations -Wno-implicit-fallthrough -fstrict-aliasing -Wprotocol -Wdeprecated-declarations -Wno-sign-conversion -Wno-infinite-recursion -Wno-comma -Wno-block-capture-autoreleasing -Wno-strict-prototypes -Wno-semicolon-before-method-body -index-store-path /Users/jans./Library/Developer/Xcode/DerivedData/meal.advisor.ios-csaldjncgoleykghtkpncaypzmvo/Index.noindex/DataStore @/Users/jans./Library/Developer/Xcode/DerivedData/meal.advisor.ios-csaldjncgoleykghtkpncaypzmvo/Build/Intermediates.noindex/AppAuth.build/Debug-iphonesimulator/AppAuthCore.build/Objects-normal/arm64/e6072d4f65d7061329687fe24e3d63a7-common-args.resp -include /Users/jans./Library/Developer/Xcode/DerivedData/meal.advisor.ios-csaldjncgoleykghtkpncaypzmvo/Build/Intermediates.noindex/AppAuth.build/Debug-iphonesimulator/AppAuthCore.build/DerivedSources/resource_bundle_accessor.h -MMD -MT dependencies -MF /Users/jans./Library/Developer/Xcode/DerivedData/meal.advisor.ios-csaldjncgoleykghtkpncaypzmvo/Build/Intermediates.noindex/AppAuth.build/Debug-iphonesimulator/AppAuthCore.build/Objects-normal/arm64/OIDURLSessionProvider.d --serialize-diagnostics /Users/jans./Library/Developer/Xcode/DerivedData/meal.advisor.ios-csaldjncgoleykghtkpncaypzmvo/Build/Intermediates.noindex/AppAuth.build/Debug-iphonesimulator/AppAuthCore.build/Objects-normal/arm64/OIDURLSessionProvider.dia -c /Users/jans./Library/Developer/Xcode/DerivedData/meal.advisor.ios-csaldjncgoleykghtkpncaypzmvo/SourcePackages/checkouts/AppAuth-iOS/Sources/AppAuthCore/OIDURLSessionProvider.m -o /Users/jans./Library/Developer/Xcode/DerivedData/meal.advisor.ios-csaldjncgoleykghtkpncaypzmvo/Build/Intermediates.noindex/AppAuth.build/Debug-iphonesimulator/AppAuthCore.build/Objects-normal/arm64/OIDURLSessionProvider.o -index-unit-output-path /AppAuth.build/Debug-iphonesimulator/AppAuthCore.build/Objects-normal/arm64/OIDURLSessionProvider.o

SwiftDriverJobDiscovery normal arm64 Compiling AuthSessionDelegate.swift (in target 'GTMAppAuth' from project 'GTMAppAuth')

CompileC /Users/jans./Library/Developer/Xcode/DerivedData/meal.advisor.ios-csaldjncgoleykghtkpncaypzmvo/Build/Intermediates.noindex/AppAuth.build/Debug-iphonesimulator/AppAuthCore.build/Objects-normal/arm64/OIDURLQueryComponent.o /Users/jans./Library/Developer/Xcode/DerivedData/meal.advisor.ios-csaldjncgoleykghtkpncaypzmvo/SourcePackages/checkouts/AppAuth-iOS/Sources/AppAuthCore/OIDURLQueryComponent.m normal arm64 objective-c com.apple.compilers.llvm.clang.1_0.compiler (in target 'AppAuthCore' from project 'AppAuth')
    cd /Users/jans./Downloads/meal.advisor/meal.advisor.ios/meal.advisor.ios/meal.advisor.ios/meal.advisor.ios.xcodeproj
    
    Using response file: /Users/jans./Library/Developer/Xcode/DerivedData/meal.advisor.ios-csaldjncgoleykghtkpncaypzmvo/Build/Intermediates.noindex/AppAuth.build/Debug-iphonesimulator/AppAuthCore.build/Objects-normal/arm64/e6072d4f65d7061329687fe24e3d63a7-common-args.resp
    
    /Applications/Xcode.app/Contents/Developer/Toolchains/XcodeDefault.xctoolchain/usr/bin/clang -x objective-c -ivfsstatcache /Users/jans./Library/Developer/Xcode/DerivedData/SDKStatCaches.noindex/iphonesimulator18.5-22F76-d5fc8ad4295d2ef488fb7d0f804ce0c4.sdkstatcache -fmessage-length\=0 -fdiagnostics-show-note-include-stack -fmacro-backtrace-limit\=0 -fno-color-diagnostics -fmodules-prune-interval\=86400 -fmodules-prune-after\=345600 -fbuild-session-file\=/Users/jans./Library/Developer/Xcode/DerivedData/ModuleCache.noindex/Session.modulevalidation -fmodules-validate-once-per-build-session -Wnon-modular-include-in-framework-module -Werror\=non-modular-include-in-framework-module -Wno-trigraphs -Wno-missing-field-initializers -Wno-missing-prototypes -Wno-return-type -Wno-implicit-atomic-properties -Wno-objc-interface-ivars -Wno-arc-repeated-use-of-weak -Wno-missing-braces -Wparentheses -Wswitch -Wno-unused-function -Wno-unused-label -Wno-unused-parameter -Wno-unused-variable -Wunused-value -Wno-empty-body -Wno-uninitialized -Wno-unknown-pragmas -w -Wno-shadow -Wno-four-char-constants -Wno-conversion -Wno-constant-conversion -Wno-int-conversion -Wno-bool-conversion -Wno-enum-conversion -Wno-float-conversion -Wno-non-literal-null-conversion -Wno-objc-literal-conversion -Wshorten-64-to-32 -Wpointer-sign -Wno-newline-eof -Wno-selector -Wno-strict-selector-match -Wno-undeclared-selector -Wno-deprecated-implementations -Wno-implicit-fallthrough -fstrict-aliasing -Wprotocol -Wdeprecated-declarations -Wno-sign-conversion -Wno-infinite-recursion -Wno-comma -Wno-block-capture-autoreleasing -Wno-strict-prototypes -Wno-semicolon-before-method-body -index-store-path /Users/jans./Library/Developer/Xcode/DerivedData/meal.advisor.ios-csaldjncgoleykghtkpncaypzmvo/Index.noindex/DataStore @/Users/jans./Library/Developer/Xcode/DerivedData/meal.advisor.ios-csaldjncgoleykghtkpncaypzmvo/Build/Intermediates.noindex/AppAuth.build/Debug-iphonesimulator/AppAuthCore.build/Objects-normal/arm64/e6072d4f65d7061329687fe24e3d63a7-common-args.resp -include /Users/jans./Library/Developer/Xcode/DerivedData/meal.advisor.ios-csaldjncgoleykghtkpncaypzmvo/Build/Intermediates.noindex/AppAuth.build/Debug-iphonesimulator/AppAuthCore.build/DerivedSources/resource_bundle_accessor.h -MMD -MT dependencies -MF /Users/jans./Library/Developer/Xcode/DerivedData/meal.advisor.ios-csaldjncgoleykghtkpncaypzmvo/Build/Intermediates.noindex/AppAuth.build/Debug-iphonesimulator/AppAuthCore.build/Objects-normal/arm64/OIDURLQueryComponent.d --serialize-diagnostics /Users/jans./Library/Developer/Xcode/DerivedData/meal.advisor.ios-csaldjncgoleykghtkpncaypzmvo/Build/Intermediates.noindex/AppAuth.build/Debug-iphonesimulator/AppAuthCore.build/Objects-normal/arm64/OIDURLQueryComponent.dia -c /Users/jans./Library/Developer/Xcode/DerivedData/meal.advisor.ios-csaldjncgoleykghtkpncaypzmvo/SourcePackages/checkouts/AppAuth-iOS/Sources/AppAuthCore/OIDURLQueryComponent.m -o /Users/jans./Library/Developer/Xcode/DerivedData/meal.advisor.ios-csaldjncgoleykghtkpncaypzmvo/Build/Intermediates.noindex/AppAuth.build/Debug-iphonesimulator/AppAuthCore.build/Objects-normal/arm64/OIDURLQueryComponent.o -index-unit-output-path /AppAuth.build/Debug-iphonesimulator/AppAuthCore.build/Objects-normal/arm64/OIDURLQueryComponent.o

CompileC /Users/jans./Library/Developer/Xcode/DerivedData/meal.advisor.ios-csaldjncgoleykghtkpncaypzmvo/Build/Intermediates.noindex/AppAuth.build/Debug-iphonesimulator/AppAuthCore.build/Objects-normal/arm64/OIDTokenUtilities.o /Users/jans./Library/Developer/Xcode/DerivedData/meal.advisor.ios-csaldjncgoleykghtkpncaypzmvo/SourcePackages/checkouts/AppAuth-iOS/Sources/AppAuthCore/OIDTokenUtilities.m normal arm64 objective-c com.apple.compilers.llvm.clang.1_0.compiler (in target 'AppAuthCore' from project 'AppAuth')
    cd /Users/jans./Downloads/meal.advisor/meal.advisor.ios/meal.advisor.ios/meal.advisor.ios/meal.advisor.ios.xcodeproj
    
    Using response file: /Users/jans./Library/Developer/Xcode/DerivedData/meal.advisor.ios-csaldjncgoleykghtkpncaypzmvo/Build/Intermediates.noindex/AppAuth.build/Debug-iphonesimulator/AppAuthCore.build/Objects-normal/arm64/e6072d4f65d7061329687fe24e3d63a7-common-args.resp
    
    /Applications/Xcode.app/Contents/Developer/Toolchains/XcodeDefault.xctoolchain/usr/bin/clang -x objective-c -ivfsstatcache /Users/jans./Library/Developer/Xcode/DerivedData/SDKStatCaches.noindex/iphonesimulator18.5-22F76-d5fc8ad4295d2ef488fb7d0f804ce0c4.sdkstatcache -fmessage-length\=0 -fdiagnostics-show-note-include-stack -fmacro-backtrace-limit\=0 -fno-color-diagnostics -fmodules-prune-interval\=86400 -fmodules-prune-after\=345600 -fbuild-session-file\=/Users/jans./Library/Developer/Xcode/DerivedData/ModuleCache.noindex/Session.modulevalidation -fmodules-validate-once-per-build-session -Wnon-modular-include-in-framework-module -Werror\=non-modular-include-in-framework-module -Wno-trigraphs -Wno-missing-field-initializers -Wno-missing-prototypes -Wno-return-type -Wno-implicit-atomic-properties -Wno-objc-interface-ivars -Wno-arc-repeated-use-of-weak -Wno-missing-braces -Wparentheses -Wswitch -Wno-unused-function -Wno-unused-label -Wno-unused-parameter -Wno-unused-variable -Wunused-value -Wno-empty-body -Wno-uninitialized -Wno-unknown-pragmas -w -Wno-shadow -Wno-four-char-constants -Wno-conversion -Wno-constant-conversion -Wno-int-conversion -Wno-bool-conversion -Wno-enum-conversion -Wno-float-conversion -Wno-non-literal-null-conversion -Wno-objc-literal-conversion -Wshorten-64-to-32 -Wpointer-sign -Wno-newline-eof -Wno-selector -Wno-strict-selector-match -Wno-undeclared-selector -Wno-deprecated-implementations -Wno-implicit-fallthrough -fstrict-aliasing -Wprotocol -Wdeprecated-declarations -Wno-sign-conversion -Wno-infinite-recursion -Wno-comma -Wno-block-capture-autoreleasing -Wno-strict-prototypes -Wno-semicolon-before-method-body -index-store-path /Users/jans./Library/Developer/Xcode/DerivedData/meal.advisor.ios-csaldjncgoleykghtkpncaypzmvo/Index.noindex/DataStore @/Users/jans./Library/Developer/Xcode/DerivedData/meal.advisor.ios-csaldjncgoleykghtkpncaypzmvo/Build/Intermediates.noindex/AppAuth.build/Debug-iphonesimulator/AppAuthCore.build/Objects-normal/arm64/e6072d4f65d7061329687fe24e3d63a7-common-args.resp -include /Users/jans./Library/Developer/Xcode/DerivedData/meal.advisor.ios-csaldjncgoleykghtkpncaypzmvo/Build/Intermediates.noindex/AppAuth.build/Debug-iphonesimulator/AppAuthCore.build/DerivedSources/resource_bundle_accessor.h -MMD -MT dependencies -MF /Users/jans./Library/Developer/Xcode/DerivedData/meal.advisor.ios-csaldjncgoleykghtkpncaypzmvo/Build/Intermediates.noindex/AppAuth.build/Debug-iphonesimulator/AppAuthCore.build/Objects-normal/arm64/OIDTokenUtilities.d --serialize-diagnostics /Users/jans./Library/Developer/Xcode/DerivedData/meal.advisor.ios-csaldjncgoleykghtkpncaypzmvo/Build/Intermediates.noindex/AppAuth.build/Debug-iphonesimulator/AppAuthCore.build/Objects-normal/arm64/OIDTokenUtilities.dia -c /Users/jans./Library/Developer/Xcode/DerivedData/meal.advisor.ios-csaldjncgoleykghtkpncaypzmvo/SourcePackages/checkouts/AppAuth-iOS/Sources/AppAuthCore/OIDTokenUtilities.m -o /Users/jans./Library/Developer/Xcode/DerivedData/meal.advisor.ios-csaldjncgoleykghtkpncaypzmvo/Build/Intermediates.noindex/AppAuth.build/Debug-iphonesimulator/AppAuthCore.build/Objects-normal/arm64/OIDTokenUtilities.o -index-unit-output-path /AppAuth.build/Debug-iphonesimulator/AppAuthCore.build/Objects-normal/arm64/OIDTokenUtilities.o

SwiftDriverJobDiscovery normal arm64 Compiling resource_bundle_accessor.swift, CacheSerializer.swift, DiskStorage.swift, FormatIndicatedCacheSerializer.swift, ImageCache.swift, MemoryStorage.swift, Storage.swift, CPListItem+Kingfisher.swift (in target 'Kingfisher' from project 'Kingfisher')

PrecompileModule /Users/jans./Library/Developer/Xcode/DerivedData/meal.advisor.ios-csaldjncgoleykghtkpncaypzmvo/Build/Intermediates.noindex/ExplicitPrecompiledModules/Symbols-1MU3OEXD1YK3AUEATCAE8QZOK.scan
    cd /Users/jans./Downloads/meal.advisor/meal.advisor.ios/meal.advisor.ios/meal.advisor.ios/meal.advisor.ios.xcodeproj
    builtin-precompileModule /Users/jans./Library/Developer/Xcode/DerivedData/meal.advisor.ios-csaldjncgoleykghtkpncaypzmvo/Build/Intermediates.noindex/ExplicitPrecompiledModules/Symbols-1MU3OEXD1YK3AUEATCAE8QZOK.scan

PrecompileModule /Users/jans./Library/Developer/Xcode/DerivedData/meal.advisor.ios-csaldjncgoleykghtkpncaypzmvo/Build/Intermediates.noindex/ExplicitPrecompiledModules/IOSurface-18P0ICLJ34BLZX4FIV6MVRVUZ.scan
    cd /Users/jans./Downloads/meal.advisor/meal.advisor.ios/meal.advisor.ios/meal.advisor.ios/meal.advisor.ios.xcodeproj
    builtin-precompileModule /Users/jans./Library/Developer/Xcode/DerivedData/meal.advisor.ios-csaldjncgoleykghtkpncaypzmvo/Build/Intermediates.noindex/ExplicitPrecompiledModules/IOSurface-18P0ICLJ34BLZX4FIV6MVRVUZ.scan

PrecompileModule /Users/jans./Library/Developer/Xcode/DerivedData/meal.advisor.ios-csaldjncgoleykghtkpncaypzmvo/Build/Intermediates.noindex/ExplicitPrecompiledModules/UserNotifications-84QH9WFJTY0Z6BM3RPWFIL5SJ.scan
    cd /Users/jans./Downloads/meal.advisor/meal.advisor.ios/meal.advisor.ios/meal.advisor.ios/meal.advisor.ios.xcodeproj
    builtin-precompileModule /Users/jans./Library/Developer/Xcode/DerivedData/meal.advisor.ios-csaldjncgoleykghtkpncaypzmvo/Build/Intermediates.noindex/ExplicitPrecompiledModules/UserNotifications-84QH9WFJTY0Z6BM3RPWFIL5SJ.scan

PrecompileModule /Users/jans./Library/Developer/Xcode/DerivedData/meal.advisor.ios-csaldjncgoleykghtkpncaypzmvo/Build/Intermediates.noindex/ExplicitPrecompiledModules/FileProvider-DRC9JZDSYQQ4I7ILQ4HAFUKPQ.scan
    cd /Users/jans./Downloads/meal.advisor/meal.advisor.ios/meal.advisor.ios/meal.advisor.ios/meal.advisor.ios.xcodeproj
    builtin-precompileModule /Users/jans./Library/Developer/Xcode/DerivedData/meal.advisor.ios-csaldjncgoleykghtkpncaypzmvo/Build/Intermediates.noindex/ExplicitPrecompiledModules/FileProvider-DRC9JZDSYQQ4I7ILQ4HAFUKPQ.scan

PrecompileModule /Users/jans./Library/Developer/Xcode/DerivedData/meal.advisor.ios-csaldjncgoleykghtkpncaypzmvo/Build/Intermediates.noindex/ExplicitPrecompiledModules/OpenGLES-2W7YD4D33W52RZ1O23UDDVQQ9.scan
    cd /Users/jans./Downloads/meal.advisor/meal.advisor.ios/meal.advisor.ios/meal.advisor.ios/meal.advisor.ios.xcodeproj
    builtin-precompileModule /Users/jans./Library/Developer/Xcode/DerivedData/meal.advisor.ios-csaldjncgoleykghtkpncaypzmvo/Build/Intermediates.noindex/ExplicitPrecompiledModules/OpenGLES-2W7YD4D33W52RZ1O23UDDVQQ9.scan

PrecompileModule /Users/jans./Library/Developer/Xcode/DerivedData/meal.advisor.ios-csaldjncgoleykghtkpncaypzmvo/Build/Intermediates.noindex/ExplicitPrecompiledModules/Metal-8EUSOE9A2DSERJA7KWW83POA4.scan
    cd /Users/jans./Downloads/meal.advisor/meal.advisor.ios/meal.advisor.ios/meal.advisor.ios/meal.advisor.ios.xcodeproj
    builtin-precompileModule /Users/jans./Library/Developer/Xcode/DerivedData/meal.advisor.ios-csaldjncgoleykghtkpncaypzmvo/Build/Intermediates.noindex/ExplicitPrecompiledModules/Metal-8EUSOE9A2DSERJA7KWW83POA4.scan

SwiftCompile normal arm64 Compiling\ KeychainStore.swift /Users/jans./Library/Developer/Xcode/DerivedData/meal.advisor.ios-csaldjncgoleykghtkpncaypzmvo/SourcePackages/checkouts/GTMAppAuth/GTMAppAuth/Sources/KeychainStore/KeychainStore.swift (in target 'GTMAppAuth' from project 'GTMAppAuth')
SwiftCompile normal arm64 /Users/jans./Library/Developer/Xcode/DerivedData/meal.advisor.ios-csaldjncgoleykghtkpncaypzmvo/SourcePackages/checkouts/GTMAppAuth/GTMAppAuth/Sources/KeychainStore/KeychainStore.swift (in target 'GTMAppAuth' from project 'GTMAppAuth')
    cd /Users/jans./Downloads/meal.advisor/meal.advisor.ios/meal.advisor.ios/meal.advisor.ios/meal.advisor.ios.xcodeproj
    

SwiftCompile normal arm64 Compiling\ resource_bundle_accessor.swift /Users/jans./Library/Developer/Xcode/DerivedData/meal.advisor.ios-csaldjncgoleykghtkpncaypzmvo/Build/Intermediates.noindex/GTMAppAuth.build/Debug-iphonesimulator/GTMAppAuth.build/DerivedSources/resource_bundle_accessor.swift (in target 'GTMAppAuth' from project 'GTMAppAuth')

SwiftCompile normal arm64 /Users/jans./Library/Developer/Xcode/DerivedData/meal.advisor.ios-csaldjncgoleykghtkpncaypzmvo/Build/Intermediates.noindex/GTMAppAuth.build/Debug-iphonesimulator/GTMAppAuth.build/DerivedSources/resource_bundle_accessor.swift (in target 'GTMAppAuth' from project 'GTMAppAuth')
    cd /Users/jans./Downloads/meal.advisor/meal.advisor.ios/meal.advisor.ios/meal.advisor.ios/meal.advisor.ios.xcodeproj
    

SwiftDriverJobDiscovery normal arm64 Compiling HTTPRequest.swift (in target 'HTTPTypes' from project 'swift-http-types')

SwiftCompile normal arm64 Compiling\ KeychainHelper.swift /Users/jans./Library/Developer/Xcode/DerivedData/meal.advisor.ios-csaldjncgoleykghtkpncaypzmvo/SourcePackages/checkouts/GTMAppAuth/GTMAppAuth/Sources/KeychainStore/KeychainHelper.swift (in target 'GTMAppAuth' from project 'GTMAppAuth')

SwiftCompile normal arm64 /Users/jans./Library/Developer/Xcode/DerivedData/meal.advisor.ios-csaldjncgoleykghtkpncaypzmvo/SourcePackages/checkouts/GTMAppAuth/GTMAppAuth/Sources/KeychainStore/KeychainHelper.swift (in target 'GTMAppAuth' from project 'GTMAppAuth')
    cd /Users/jans./Downloads/meal.advisor/meal.advisor.ios/meal.advisor.ios/meal.advisor.ios/meal.advisor.ios.xcodeproj
    

SwiftCompile normal arm64 Compiling\ AuthSessionStore.swift /Users/jans./Library/Developer/Xcode/DerivedData/meal.advisor.ios-csaldjncgoleykghtkpncaypzmvo/SourcePackages/checkouts/GTMAppAuth/GTMAppAuth/Sources/AuthSessionStore.swift (in target 'GTMAppAuth' from project 'GTMAppAuth')

SwiftCompile normal arm64 /Users/jans./Library/Developer/Xcode/DerivedData/meal.advisor.ios-csaldjncgoleykghtkpncaypzmvo/SourcePackages/checkouts/GTMAppAuth/GTMAppAuth/Sources/AuthSessionStore.swift (in target 'GTMAppAuth' from project 'GTMAppAuth')
    cd /Users/jans./Downloads/meal.advisor/meal.advisor.ios/meal.advisor.ios/meal.advisor.ios/meal.advisor.ios.xcodeproj
    

SwiftDriverJobDiscovery normal arm64 Compiling HTTPResponse.swift (in target 'HTTPTypes' from project 'swift-http-types')

SwiftCompile normal arm64 Compiling\ GTMOAuth2Compatibility.swift /Users/jans./Library/Developer/Xcode/DerivedData/meal.advisor.ios-csaldjncgoleykghtkpncaypzmvo/SourcePackages/checkouts/GTMAppAuth/GTMAppAuth/Sources/KeychainStore/GTMOAuth2Compatibility.swift (in target 'GTMAppAuth' from project 'GTMAppAuth')

SwiftCompile normal arm64 /Users/jans./Library/Developer/Xcode/DerivedData/meal.advisor.ios-csaldjncgoleykghtkpncaypzmvo/SourcePackages/checkouts/GTMAppAuth/GTMAppAuth/Sources/KeychainStore/GTMOAuth2Compatibility.swift (in target 'GTMAppAuth' from project 'GTMAppAuth')
    cd /Users/jans./Downloads/meal.advisor/meal.advisor.ios/meal.advisor.ios/meal.advisor.ios/meal.advisor.ios.xcodeproj
    

SwiftDriverJobDiscovery normal arm64 Compiling HTTPFields.swift (in target 'HTTPTypes' from project 'swift-http-types')

SwiftCompile normal arm64 Compiling\ KeychainAttribute.swift /Users/jans./Library/Developer/Xcode/DerivedData/meal.advisor.ios-csaldjncgoleykghtkpncaypzmvo/SourcePackages/checkouts/GTMAppAuth/GTMAppAuth/Sources/KeychainStore/KeychainAttribute.swift (in target 'GTMAppAuth' from project 'GTMAppAuth')

SwiftCompile normal arm64 /Users/jans./Library/Developer/Xcode/DerivedData/meal.advisor.ios-csaldjncgoleykghtkpncaypzmvo/SourcePackages/checkouts/GTMAppAuth/GTMAppAuth/Sources/KeychainStore/KeychainAttribute.swift (in target 'GTMAppAuth' from project 'GTMAppAuth')
    cd /Users/jans./Downloads/meal.advisor/meal.advisor.ios/meal.advisor.ios/meal.advisor.ios/meal.advisor.ios.xcodeproj
    

PrecompileModule /Users/jans./Library/Developer/Xcode/DerivedData/meal.advisor.ios-csaldjncgoleykghtkpncaypzmvo/Build/Intermediates.noindex/ExplicitPrecompiledModules/CoreVideo-9ADZAM0O2IEY0WLUPPV5JED0W.scan
    cd /Users/jans./Downloads/meal.advisor/meal.advisor.ios/meal.advisor.ios/meal.advisor.ios/meal.advisor.ios.xcodeproj
    builtin-precompileModule /Users/jans./Library/Developer/Xcode/DerivedData/meal.advisor.ios-csaldjncgoleykghtkpncaypzmvo/Build/Intermediates.noindex/ExplicitPrecompiledModules/CoreVideo-9ADZAM0O2IEY0WLUPPV5JED0W.scan

SwiftDriverJobDiscovery normal arm64 Compiling ImagePrefetcher.swift, RedirectHandler.swift, RequestModifier.swift, RetryStrategy.swift, SessionDataTask.swift, SessionDelegate.swift, ImageBinder.swift, ImageContext.swift (in target 'Kingfisher' from project 'Kingfisher')

SwiftDriver\ Compilation Kingfisher normal arm64 com.apple.xcode.tools.swift.compiler (in target 'Kingfisher' from project 'Kingfisher')
    cd /Users/jans./Downloads/meal.advisor/meal.advisor.ios/meal.advisor.ios/meal.advisor.ios/meal.advisor.ios.xcodeproj
    builtin-Swift-Compilation -- /Applications/Xcode.app/Contents/Developer/Toolchains/XcodeDefault.xctoolchain/usr/bin/swiftc -module-name Kingfisher -Onone -enforce-exclusivity\=checked @/Users/jans./Library/Developer/Xcode/DerivedData/meal.advisor.ios-csaldjncgoleykghtkpncaypzmvo/Build/Intermediates.noindex/Kingfisher.build/Debug-iphonesimulator/Kingfisher.build/Objects-normal/arm64/Kingfisher.SwiftFileList -DSWIFT_PACKAGE -DDEBUG -DXcode -plugin-path /Applications/Xcode.app/Contents/Developer/Toolchains/XcodeDefault.xctoolchain/usr/lib/swift/host/plugins/testing -enable-experimental-feature DebugDescriptionMacro -sdk /Applications/Xcode.app/Contents/Developer/Platforms/iPhoneSimulator.platform/Developer/SDKs/iPhoneSimulator18.5.sdk -target arm64-apple-ios12.0-simulator -g -module-cache-path /Users/jans./Library/Developer/Xcode/DerivedData/ModuleCache.noindex -Xfrontend -serialize-debugging-options -enable-testing -suppress-warnings -index-store-path /Users/jans./Library/Developer/Xcode/DerivedData/meal.advisor.ios-csaldjncgoleykghtkpncaypzmvo/Index.noindex/DataStore -swift-version 5 -I /Users/jans./Library/Developer/Xcode/DerivedData/meal.advisor.ios-csaldjncgoleykghtkpncaypzmvo/Build/Products/Debug-iphonesimulator -I /Applications/Xcode.app/Contents/Developer/Platforms/iPhoneSimulator.platform/Developer/usr/lib -F /Users/jans./Library/Developer/Xcode/DerivedData/meal.advisor.ios-csaldjncgoleykghtkpncaypzmvo/Build/Products/Debug-iphonesimulator -F /Applications/Xcode.app/Contents/Developer/Platforms/iPhoneSimulator.platform/Developer/Library/Frameworks -F /Applications/Xcode.app/Contents/Developer/Platforms/iPhoneSimulator.platform/Developer/SDKs/iPhoneSimulator18.5.sdk/Developer/Library/Frameworks -c -j8 -enable-batch-mode -incremental -Xcc -ivfsstatcache -Xcc /Users/jans./Library/Developer/Xcode/DerivedData/SDKStatCaches.noindex/iphonesimulator18.5-22F76-d5fc8ad4295d2ef488fb7d0f804ce0c4.sdkstatcache -output-file-map /Users/jans./Library/Developer/Xcode/DerivedData/meal.advisor.ios-csaldjncgoleykghtkpncaypzmvo/Build/Intermediates.noindex/Kingfisher.build/Debug-iphonesimulator/Kingfisher.build/Objects-normal/arm64/Kingfisher-OutputFileMap.json -use-frontend-parseable-output -save-temps -no-color-diagnostics -serialize-diagnostics -emit-dependencies -emit-module -emit-module-path /Users/jans./Library/Developer/Xcode/DerivedData/meal.advisor.ios-csaldjncgoleykghtkpncaypzmvo/Build/Intermediates.noindex/Kingfisher.build/Debug-iphonesimulator/Kingfisher.build/Objects-normal/arm64/Kingfisher.swiftmodule -validate-clang-modules-once -clang-build-session-file /Users/jans./Library/Developer/Xcode/DerivedData/ModuleCache.noindex/Session.modulevalidation -package-name kingfisher -Xcc -I/Users/jans./Library/Developer/Xcode/DerivedData/meal.advisor.ios-csaldjncgoleykghtkpncaypzmvo/Build/Intermediates.noindex/Kingfisher.build/Debug-iphonesimulator/Kingfisher.build/swift-overrides.hmap -emit-const-values -Xfrontend -const-gather-protocols-file -Xfrontend /Users/jans./Library/Developer/Xcode/DerivedData/meal.advisor.ios-csaldjncgoleykghtkpncaypzmvo/Build/Intermediates.noindex/Kingfisher.build/Debug-iphonesimulator/Kingfisher.build/Objects-normal/arm64/Kingfisher_const_extract_protocols.json -Xcc -I/Users/jans./Library/Developer/Xcode/DerivedData/meal.advisor.ios-csaldjncgoleykghtkpncaypzmvo/Build/Products/Debug-iphonesimulator/include -Xcc -I/Users/jans./Library/Developer/Xcode/DerivedData/meal.advisor.ios-csaldjncgoleykghtkpncaypzmvo/Build/Intermediates.noindex/Kingfisher.build/Debug-iphonesimulator/Kingfisher.build/DerivedSources-normal/arm64 -Xcc -I/Users/jans./Library/Developer/Xcode/DerivedData/meal.advisor.ios-csaldjncgoleykghtkpncaypzmvo/Build/Intermediates.noindex/Kingfisher.build/Debug-iphonesimulator/Kingfisher.build/DerivedSources/arm64 -Xcc -I/Users/jans./Library/Developer/Xcode/DerivedData/meal.advisor.ios-csaldjncgoleykghtkpncaypzmvo/Build/Intermediates.noindex/Kingfisher.build/Debug-iphonesimulator/Kingfisher.build/DerivedSources -Xcc -DSWIFT_PACKAGE -Xcc -DDEBUG\=1 -emit-objc-header -emit-objc-header-path /Users/jans./Library/Developer/Xcode/DerivedData/meal.advisor.ios-csaldjncgoleykghtkpncaypzmvo/Build/Intermediates.noindex/Kingfisher.build/Debug-iphonesimulator/Kingfisher.build/Objects-normal/arm64/Kingfisher-Swift.h -working-directory /Users/jans./Downloads/meal.advisor/meal.advisor.ios/meal.advisor.ios/meal.advisor.ios/meal.advisor.ios.xcodeproj -experimental-emit-module-separately -disable-cmo

PrecompileModule /Users/jans./Library/Developer/Xcode/DerivedData/meal.advisor.ios-csaldjncgoleykghtkpncaypzmvo/Build/Intermediates.noindex/ExplicitPrecompiledModules/QuartzCore-4WJ7P1DXHJOTB1YPSO5PGBIJI.scan
    cd /Users/jans./Downloads/meal.advisor/meal.advisor.ios/meal.advisor.ios/meal.advisor.ios/meal.advisor.ios.xcodeproj
    builtin-precompileModule /Users/jans./Library/Developer/Xcode/DerivedData/meal.advisor.ios-csaldjncgoleykghtkpncaypzmvo/Build/Intermediates.noindex/ExplicitPrecompiledModules/QuartzCore-4WJ7P1DXHJOTB1YPSO5PGBIJI.scan

PrecompileModule /Users/jans./Library/Developer/Xcode/DerivedData/meal.advisor.ios-csaldjncgoleykghtkpncaypzmvo/Build/Intermediates.noindex/ExplicitPrecompiledModules/CoreImage-DCQ3XGDKFUFK5LVVRANGLAT3Q.scan
    cd /Users/jans./Downloads/meal.advisor/meal.advisor.ios/meal.advisor.ios/meal.advisor.ios/meal.advisor.ios.xcodeproj
    builtin-precompileModule /Users/jans./Library/Developer/Xcode/DerivedData/meal.advisor.ios-csaldjncgoleykghtkpncaypzmvo/Build/Intermediates.noindex/ExplicitPrecompiledModules/CoreImage-DCQ3XGDKFUFK5LVVRANGLAT3Q.scan

SwiftDriverJobDiscovery normal arm64 Compiling AuthSession.swift (in target 'GTMAppAuth' from project 'GTMAppAuth')

SwiftDriver\ Compilation HTTPTypes normal arm64 com.apple.xcode.tools.swift.compiler (in target 'HTTPTypes' from project 'swift-http-types')
    cd /Users/jans./Downloads/meal.advisor/meal.advisor.ios/meal.advisor.ios/meal.advisor.ios/meal.advisor.ios.xcodeproj
    builtin-Swift-Compilation -- /Applications/Xcode.app/Contents/Developer/Toolchains/XcodeDefault.xctoolchain/usr/bin/swiftc -module-name HTTPTypes -Onone -enforce-exclusivity\=checked @/Users/jans./Library/Developer/Xcode/DerivedData/meal.advisor.ios-csaldjncgoleykghtkpncaypzmvo/Build/Intermediates.noindex/swift-http-types.build/Debug-iphonesimulator/HTTPTypes.build/Objects-normal/arm64/HTTPTypes.SwiftFileList -DSWIFT_PACKAGE -DDEBUG -DXcode -enable-experimental-feature StrictConcurrency\=complete -enable-upcoming-feature MemberImportVisibility -plugin-path /Applications/Xcode.app/Contents/Developer/Toolchains/XcodeDefault.xctoolchain/usr/lib/swift/host/plugins/testing -enable-experimental-feature DebugDescriptionMacro -sdk /Applications/Xcode.app/Contents/Developer/Platforms/iPhoneSimulator.platform/Developer/SDKs/iPhoneSimulator18.5.sdk -target arm64-apple-ios12.0-simulator -g -module-cache-path /Users/jans./Library/Developer/Xcode/DerivedData/ModuleCache.noindex -Xfrontend -serialize-debugging-options -enable-testing -suppress-warnings -index-store-path /Users/jans./Library/Developer/Xcode/DerivedData/meal.advisor.ios-csaldjncgoleykghtkpncaypzmvo/Index.noindex/DataStore -swift-version 5 -I /Users/jans./Library/Developer/Xcode/DerivedData/meal.advisor.ios-csaldjncgoleykghtkpncaypzmvo/Build/Products/Debug-iphonesimulator -I /Applications/Xcode.app/Contents/Developer/Platforms/iPhoneSimulator.platform/Developer/usr/lib -F /Users/jans./Library/Developer/Xcode/DerivedData/meal.advisor.ios-csaldjncgoleykghtkpncaypzmvo/Build/Products/Debug-iphonesimulator -F /Applications/Xcode.app/Contents/Developer/Platforms/iPhoneSimulator.platform/Developer/Library/Frameworks -F /Applications/Xcode.app/Contents/Developer/Platforms/iPhoneSimulator.platform/Developer/SDKs/iPhoneSimulator18.5.sdk/Developer/Library/Frameworks -c -j8 -enable-batch-mode -incremental -Xcc -ivfsstatcache -Xcc /Users/jans./Library/Developer/Xcode/DerivedData/SDKStatCaches.noindex/iphonesimulator18.5-22F76-d5fc8ad4295d2ef488fb7d0f804ce0c4.sdkstatcache -output-file-map /Users/jans./Library/Developer/Xcode/DerivedData/meal.advisor.ios-csaldjncgoleykghtkpncaypzmvo/Build/Intermediates.noindex/swift-http-types.build/Debug-iphonesimulator/HTTPTypes.build/Objects-normal/arm64/HTTPTypes-OutputFileMap.json -use-frontend-parseable-output -save-temps -no-color-diagnostics -serialize-diagnostics -emit-dependencies -emit-module -emit-module-path /Users/jans./Library/Developer/Xcode/DerivedData/meal.advisor.ios-csaldjncgoleykghtkpncaypzmvo/Build/Intermediates.noindex/swift-http-types.build/Debug-iphonesimulator/HTTPTypes.build/Objects-normal/arm64/HTTPTypes.swiftmodule -validate-clang-modules-once -clang-build-session-file /Users/jans./Library/Developer/Xcode/DerivedData/ModuleCache.noindex/Session.modulevalidation -package-name swift_http_types -Xcc -I/Users/jans./Library/Developer/Xcode/DerivedData/meal.advisor.ios-csaldjncgoleykghtkpncaypzmvo/Build/Intermediates.noindex/swift-http-types.build/Debug-iphonesimulator/HTTPTypes.build/swift-overrides.hmap -emit-const-values -Xfrontend -const-gather-protocols-file -Xfrontend /Users/jans./Library/Developer/Xcode/DerivedData/meal.advisor.ios-csaldjncgoleykghtkpncaypzmvo/Build/Intermediates.noindex/swift-http-types.build/Debug-iphonesimulator/HTTPTypes.build/Objects-normal/arm64/HTTPTypes_const_extract_protocols.json -Xcc -I/Users/jans./Library/Developer/Xcode/DerivedData/meal.advisor.ios-csaldjncgoleykghtkpncaypzmvo/Build/Products/Debug-iphonesimulator/include -Xcc -I/Users/jans./Library/Developer/Xcode/DerivedData/meal.advisor.ios-csaldjncgoleykghtkpncaypzmvo/Build/Intermediates.noindex/swift-http-types.build/Debug-iphonesimulator/HTTPTypes.build/DerivedSources-normal/arm64 -Xcc -I/Users/jans./Library/Developer/Xcode/DerivedData/meal.advisor.ios-csaldjncgoleykghtkpncaypzmvo/Build/Intermediates.noindex/swift-http-types.build/Debug-iphonesimulator/HTTPTypes.build/DerivedSources/arm64 -Xcc -I/Users/jans./Library/Developer/Xcode/DerivedData/meal.advisor.ios-csaldjncgoleykghtkpncaypzmvo/Build/Intermediates.noindex/swift-http-types.build/Debug-iphonesimulator/HTTPTypes.build/DerivedSources -Xcc -DSWIFT_PACKAGE -Xcc -DDEBUG\=1 -emit-objc-header -emit-objc-header-path /Users/jans./Library/Developer/Xcode/DerivedData/meal.advisor.ios-csaldjncgoleykghtkpncaypzmvo/Build/Intermediates.noindex/swift-http-types.build/Debug-iphonesimulator/HTTPTypes.build/Objects-normal/arm64/HTTPTypes-Swift.h -working-directory /Users/jans./Downloads/meal.advisor/meal.advisor.ios/meal.advisor.ios/meal.advisor.ios/meal.advisor.ios.xcodeproj -experimental-emit-module-separately -disable-cmo

SwiftDriverJobDiscovery normal arm64 Compiling AuthSessionStore.swift (in target 'GTMAppAuth' from project 'GTMAppAuth')

SwiftCompile normal arm64 Compiling\ X25519Keys.swift,\ SymmetricKeys.swift,\ HMAC.swift,\ MACFunctions.swift,\ MessageAuthenticationCode.swift,\ AES.swift,\ ECDSASignature_boring.swift,\ ECDSA_boring.swift,\ EdDSA_boring.swift,\ ECDSA.swift /Users/jans./Library/Developer/Xcode/DerivedData/meal.advisor.ios-csaldjncgoleykghtkpncaypzmvo/SourcePackages/checkouts/swift-crypto/Sources/Crypto/Keys/EC/X25519Keys.swift /Users/jans./Library/Developer/Xcode/DerivedData/meal.advisor.ios-csaldjncgoleykghtkpncaypzmvo/SourcePackages/checkouts/swift-crypto/Sources/Crypto/Keys/Symmetric/SymmetricKeys.swift /Users/jans./Library/Developer/Xcode/DerivedData/meal.advisor.ios-csaldjncgoleykghtkpncaypzmvo/SourcePackages/checkouts/swift-crypto/Sources/Crypto/Message\ Authentication\ Codes/HMAC/HMAC.swift /Users/jans./Library/Developer/Xcode/DerivedData/meal.advisor.ios-csaldjncgoleykghtkpncaypzmvo/SourcePackages/checkouts/swift-crypto/Sources/Crypto/Message\ Authentication\ Codes/MACFunctions.swift /Users/jans./Library/Developer/Xcode/DerivedData/meal.advisor.ios-csaldjncgoleykghtkpncaypzmvo/SourcePackages/checkouts/swift-crypto/Sources/Crypto/Message\ Authentication\ Codes/MessageAuthenticationCode.swift /Users/jans./Library/Developer/Xcode/DerivedData/meal.advisor.ios-csaldjncgoleykghtkpncaypzmvo/SourcePackages/checkouts/swift-crypto/Sources/Crypto/PRF/AES.swift /Users/jans./Library/Developer/Xcode/DerivedData/meal.advisor.ios-csaldjncgoleykghtkpncaypzmvo/SourcePackages/checkouts/swift-crypto/Sources/Crypto/Signatures/BoringSSL/ECDSASignature_boring.swift /Users/jans./Library/Developer/Xcode/DerivedData/meal.advisor.ios-csaldjncgoleykghtkpncaypzmvo/SourcePackages/checkouts/swift-crypto/Sources/Crypto/Signatures/BoringSSL/ECDSA_boring.swift /Users/jans./Library/Developer/Xcode/DerivedData/meal.advisor.ios-csaldjncgoleykghtkpncaypzmvo/SourcePackages/checkouts/swift-crypto/Sources/Crypto/Signatures/BoringSSL/EdDSA_boring.swift /Users/jans./Library/Developer/Xcode/DerivedData/meal.advisor.ios-csaldjncgoleykghtkpncaypzmvo/SourcePackages/checkouts/swift-crypto/Sources/Crypto/Signatures/ECDSA.swift (in target 'Crypto' from project 'swift-crypto')
SwiftCompile normal arm64 /Users/jans./Library/Developer/Xcode/DerivedData/meal.advisor.ios-csaldjncgoleykghtkpncaypzmvo/SourcePackages/checkouts/swift-crypto/Sources/Crypto/Keys/EC/X25519Keys.swift (in target 'Crypto' from project 'swift-crypto')
    cd /Users/jans./Downloads/meal.advisor/meal.advisor.ios/meal.advisor.ios/meal.advisor.ios/meal.advisor.ios.xcodeproj
    

SwiftCompile normal arm64 /Users/jans./Library/Developer/Xcode/DerivedData/meal.advisor.ios-csaldjncgoleykghtkpncaypzmvo/SourcePackages/checkouts/swift-crypto/Sources/Crypto/Keys/Symmetric/SymmetricKeys.swift (in target 'Crypto' from project 'swift-crypto')
    cd /Users/jans./Downloads/meal.advisor/meal.advisor.ios/meal.advisor.ios/meal.advisor.ios/meal.advisor.ios.xcodeproj
    

SwiftCompile normal arm64 /Users/jans./Library/Developer/Xcode/DerivedData/meal.advisor.ios-csaldjncgoleykghtkpncaypzmvo/SourcePackages/checkouts/swift-crypto/Sources/Crypto/Message\ Authentication\ Codes/HMAC/HMAC.swift (in target 'Crypto' from project 'swift-crypto')
    cd /Users/jans./Downloads/meal.advisor/meal.advisor.ios/meal.advisor.ios/meal.advisor.ios/meal.advisor.ios.xcodeproj
    

SwiftCompile normal arm64 /Users/jans./Library/Developer/Xcode/DerivedData/meal.advisor.ios-csaldjncgoleykghtkpncaypzmvo/SourcePackages/checkouts/swift-crypto/Sources/Crypto/Message\ Authentication\ Codes/MACFunctions.swift (in target 'Crypto' from project 'swift-crypto')
    cd /Users/jans./Downloads/meal.advisor/meal.advisor.ios/meal.advisor.ios/meal.advisor.ios/meal.advisor.ios.xcodeproj
    

SwiftCompile normal arm64 /Users/jans./Library/Developer/Xcode/DerivedData/meal.advisor.ios-csaldjncgoleykghtkpncaypzmvo/SourcePackages/checkouts/swift-crypto/Sources/Crypto/Message\ Authentication\ Codes/MessageAuthenticationCode.swift (in target 'Crypto' from project 'swift-crypto')
    cd /Users/jans./Downloads/meal.advisor/meal.advisor.ios/meal.advisor.ios/meal.advisor.ios/meal.advisor.ios.xcodeproj
    

SwiftCompile normal arm64 /Users/jans./Library/Developer/Xcode/DerivedData/meal.advisor.ios-csaldjncgoleykghtkpncaypzmvo/SourcePackages/checkouts/swift-crypto/Sources/Crypto/PRF/AES.swift (in target 'Crypto' from project 'swift-crypto')
    cd /Users/jans./Downloads/meal.advisor/meal.advisor.ios/meal.advisor.ios/meal.advisor.ios/meal.advisor.ios.xcodeproj
    

SwiftCompile normal arm64 /Users/jans./Library/Developer/Xcode/DerivedData/meal.advisor.ios-csaldjncgoleykghtkpncaypzmvo/SourcePackages/checkouts/swift-crypto/Sources/Crypto/Signatures/BoringSSL/ECDSASignature_boring.swift (in target 'Crypto' from project 'swift-crypto')
    cd /Users/jans./Downloads/meal.advisor/meal.advisor.ios/meal.advisor.ios/meal.advisor.ios/meal.advisor.ios.xcodeproj
    

SwiftCompile normal arm64 /Users/jans./Library/Developer/Xcode/DerivedData/meal.advisor.ios-csaldjncgoleykghtkpncaypzmvo/SourcePackages/checkouts/swift-crypto/Sources/Crypto/Signatures/BoringSSL/ECDSA_boring.swift (in target 'Crypto' from project 'swift-crypto')
    cd /Users/jans./Downloads/meal.advisor/meal.advisor.ios/meal.advisor.ios/meal.advisor.ios/meal.advisor.ios.xcodeproj
    

SwiftCompile normal arm64 /Users/jans./Library/Developer/Xcode/DerivedData/meal.advisor.ios-csaldjncgoleykghtkpncaypzmvo/SourcePackages/checkouts/swift-crypto/Sources/Crypto/Signatures/BoringSSL/EdDSA_boring.swift (in target 'Crypto' from project 'swift-crypto')
    cd /Users/jans./Downloads/meal.advisor/meal.advisor.ios/meal.advisor.ios/meal.advisor.ios/meal.advisor.ios.xcodeproj
    

SwiftCompile normal arm64 /Users/jans./Library/Developer/Xcode/DerivedData/meal.advisor.ios-csaldjncgoleykghtkpncaypzmvo/SourcePackages/checkouts/swift-crypto/Sources/Crypto/Signatures/ECDSA.swift (in target 'Crypto' from project 'swift-crypto')
    cd /Users/jans./Downloads/meal.advisor/meal.advisor.ios/meal.advisor.ios/meal.advisor.ios/meal.advisor.ios.xcodeproj
    

SwiftCompile normal arm64 Compiling\ resource_bundle_accessor.swift,\ AES-GCM.swift,\ AES-GCM_boring.swift,\ ChaChaPoly_boring.swift,\ ChaChaPoly.swift,\ Cipher.swift,\ Nonces.swift,\ ASN1.swift,\ ASN1Any.swift,\ ASN1BitString.swift,\ ASN1Boolean.swift /Users/jans./Library/Developer/Xcode/DerivedData/meal.advisor.ios-csaldjncgoleykghtkpncaypzmvo/Build/Intermediates.noindex/swift-crypto.build/Debug-iphonesimulator/Crypto.build/DerivedSources/resource_bundle_accessor.swift /Users/jans./Library/Developer/Xcode/DerivedData/meal.advisor.ios-csaldjncgoleykghtkpncaypzmvo/SourcePackages/checkouts/swift-crypto/Sources/Crypto/AEADs/AES/GCM/AES-GCM.swift /Users/jans./Library/Developer/Xcode/DerivedData/meal.advisor.ios-csaldjncgoleykghtkpncaypzmvo/SourcePackages/checkouts/swift-crypto/Sources/Crypto/AEADs/AES/GCM/BoringSSL/AES-GCM_boring.swift /Users/jans./Library/Developer/Xcode/DerivedData/meal.advisor.ios-csaldjncgoleykghtkpncaypzmvo/SourcePackages/checkouts/swift-crypto/Sources/Crypto/AEADs/ChachaPoly/BoringSSL/ChaChaPoly_boring.swift /Users/jans./Library/Developer/Xcode/DerivedData/meal.advisor.ios-csaldjncgoleykghtkpncaypzmvo/SourcePackages/checkouts/swift-crypto/Sources/Crypto/AEADs/ChachaPoly/ChaChaPoly.swift /Users/jans./Library/Developer/Xcode/DerivedData/meal.advisor.ios-csaldjncgoleykghtkpncaypzmvo/SourcePackages/checkouts/swift-crypto/Sources/Crypto/AEADs/Cipher.swift /Users/jans./Library/Developer/Xcode/DerivedData/meal.advisor.ios-csaldjncgoleykghtkpncaypzmvo/SourcePackages/checkouts/swift-crypto/Sources/Crypto/AEADs/Nonces.swift /Users/jans./Library/Developer/Xcode/DerivedData/meal.advisor.ios-csaldjncgoleykghtkpncaypzmvo/SourcePackages/checkouts/swift-crypto/Sources/Crypto/ASN1/ASN1.swift /Users/jans./Library/Developer/Xcode/DerivedData/meal.advisor.ios-csaldjncgoleykghtkpncaypzmvo/SourcePackages/checkouts/swift-crypto/Sources/Crypto/ASN1/Basic\ ASN1\ Types/ASN1Any.swift /Users/jans./Library/Developer/Xcode/DerivedData/meal.advisor.ios-csaldjncgoleykghtkpncaypzmvo/SourcePackages/checkouts/swift-crypto/Sources/Crypto/ASN1/Basic\ ASN1\ Types/ASN1BitString.swift /Users/jans./Library/Developer/Xcode/DerivedData/meal.advisor.ios-csaldjncgoleykghtkpncaypzmvo/SourcePackages/checkouts/swift-crypto/Sources/Crypto/ASN1/Basic\ ASN1\ Types/ASN1Boolean.swift (in target 'Crypto' from project 'swift-crypto')
SwiftCompile normal arm64 /Users/jans./Library/Developer/Xcode/DerivedData/meal.advisor.ios-csaldjncgoleykghtkpncaypzmvo/Build/Intermediates.noindex/swift-crypto.build/Debug-iphonesimulator/Crypto.build/DerivedSources/resource_bundle_accessor.swift (in target 'Crypto' from project 'swift-crypto')
    cd /Users/jans./Downloads/meal.advisor/meal.advisor.ios/meal.advisor.ios/meal.advisor.ios/meal.advisor.ios.xcodeproj
    

SwiftCompile normal arm64 /Users/jans./Library/Developer/Xcode/DerivedData/meal.advisor.ios-csaldjncgoleykghtkpncaypzmvo/SourcePackages/checkouts/swift-crypto/Sources/Crypto/AEADs/AES/GCM/AES-GCM.swift (in target 'Crypto' from project 'swift-crypto')
    cd /Users/jans./Downloads/meal.advisor/meal.advisor.ios/meal.advisor.ios/meal.advisor.ios/meal.advisor.ios.xcodeproj
    

SwiftCompile normal arm64 /Users/jans./Library/Developer/Xcode/DerivedData/meal.advisor.ios-csaldjncgoleykghtkpncaypzmvo/SourcePackages/checkouts/swift-crypto/Sources/Crypto/AEADs/AES/GCM/BoringSSL/AES-GCM_boring.swift (in target 'Crypto' from project 'swift-crypto')
    cd /Users/jans./Downloads/meal.advisor/meal.advisor.ios/meal.advisor.ios/meal.advisor.ios/meal.advisor.ios.xcodeproj
    

SwiftCompile normal arm64 /Users/jans./Library/Developer/Xcode/DerivedData/meal.advisor.ios-csaldjncgoleykghtkpncaypzmvo/SourcePackages/checkouts/swift-crypto/Sources/Crypto/AEADs/ChachaPoly/BoringSSL/ChaChaPoly_boring.swift (in target 'Crypto' from project 'swift-crypto')
    cd /Users/jans./Downloads/meal.advisor/meal.advisor.ios/meal.advisor.ios/meal.advisor.ios/meal.advisor.ios.xcodeproj
    

SwiftCompile normal arm64 /Users/jans./Library/Developer/Xcode/DerivedData/meal.advisor.ios-csaldjncgoleykghtkpncaypzmvo/SourcePackages/checkouts/swift-crypto/Sources/Crypto/AEADs/ChachaPoly/ChaChaPoly.swift (in target 'Crypto' from project 'swift-crypto')
    cd /Users/jans./Downloads/meal.advisor/meal.advisor.ios/meal.advisor.ios/meal.advisor.ios/meal.advisor.ios.xcodeproj
    

SwiftCompile normal arm64 /Users/jans./Library/Developer/Xcode/DerivedData/meal.advisor.ios-csaldjncgoleykghtkpncaypzmvo/SourcePackages/checkouts/swift-crypto/Sources/Crypto/AEADs/Cipher.swift (in target 'Crypto' from project 'swift-crypto')
    cd /Users/jans./Downloads/meal.advisor/meal.advisor.ios/meal.advisor.ios/meal.advisor.ios/meal.advisor.ios.xcodeproj
    

SwiftCompile normal arm64 /Users/jans./Library/Developer/Xcode/DerivedData/meal.advisor.ios-csaldjncgoleykghtkpncaypzmvo/SourcePackages/checkouts/swift-crypto/Sources/Crypto/AEADs/Nonces.swift (in target 'Crypto' from project 'swift-crypto')
    cd /Users/jans./Downloads/meal.advisor/meal.advisor.ios/meal.advisor.ios/meal.advisor.ios/meal.advisor.ios.xcodeproj
    

SwiftCompile normal arm64 /Users/jans./Library/Developer/Xcode/DerivedData/meal.advisor.ios-csaldjncgoleykghtkpncaypzmvo/SourcePackages/checkouts/swift-crypto/Sources/Crypto/ASN1/ASN1.swift (in target 'Crypto' from project 'swift-crypto')
    cd /Users/jans./Downloads/meal.advisor/meal.advisor.ios/meal.advisor.ios/meal.advisor.ios/meal.advisor.ios.xcodeproj
    

SwiftCompile normal arm64 /Users/jans./Library/Developer/Xcode/DerivedData/meal.advisor.ios-csaldjncgoleykghtkpncaypzmvo/SourcePackages/checkouts/swift-crypto/Sources/Crypto/ASN1/Basic\ ASN1\ Types/ASN1Any.swift (in target 'Crypto' from project 'swift-crypto')
    cd /Users/jans./Downloads/meal.advisor/meal.advisor.ios/meal.advisor.ios/meal.advisor.ios/meal.advisor.ios.xcodeproj
    

SwiftCompile normal arm64 /Users/jans./Library/Developer/Xcode/DerivedData/meal.advisor.ios-csaldjncgoleykghtkpncaypzmvo/SourcePackages/checkouts/swift-crypto/Sources/Crypto/ASN1/Basic\ ASN1\ Types/ASN1BitString.swift (in target 'Crypto' from project 'swift-crypto')
    cd /Users/jans./Downloads/meal.advisor/meal.advisor.ios/meal.advisor.ios/meal.advisor.ios/meal.advisor.ios.xcodeproj
    

SwiftCompile normal arm64 /Users/jans./Library/Developer/Xcode/DerivedData/meal.advisor.ios-csaldjncgoleykghtkpncaypzmvo/SourcePackages/checkouts/swift-crypto/Sources/Crypto/ASN1/Basic\ ASN1\ Types/ASN1Boolean.swift (in target 'Crypto' from project 'swift-crypto')
    cd /Users/jans./Downloads/meal.advisor/meal.advisor.ios/meal.advisor.ios/meal.advisor.ios/meal.advisor.ios.xcodeproj
    

SwiftDriverJobDiscovery normal arm64 Compiling resource_bundle_accessor.swift (in target 'GTMAppAuth' from project 'GTMAppAuth')

SwiftCompile normal arm64 Compiling\ PKCS8PrivateKey.swift,\ SEC1PrivateKey.swift,\ SubjectPublicKeyInfo.swift,\ CryptoError_boring.swift,\ CryptoKitErrors.swift,\ Digest_boring.swift,\ Digest.swift,\ Digests.swift,\ HashFunctions.swift,\ HashFunctions_SHA2.swift /Users/jans./Library/Developer/Xcode/DerivedData/meal.advisor.ios-csaldjncgoleykghtkpncaypzmvo/SourcePackages/checkouts/swift-crypto/Sources/Crypto/ASN1/PKCS8PrivateKey.swift /Users/jans./Library/Developer/Xcode/DerivedData/meal.advisor.ios-csaldjncgoleykghtkpncaypzmvo/SourcePackages/checkouts/swift-crypto/Sources/Crypto/ASN1/SEC1PrivateKey.swift /Users/jans./Library/Developer/Xcode/DerivedData/meal.advisor.ios-csaldjncgoleykghtkpncaypzmvo/SourcePackages/checkouts/swift-crypto/Sources/Crypto/ASN1/SubjectPublicKeyInfo.swift /Users/jans./Library/Developer/Xcode/DerivedData/meal.advisor.ios-csaldjncgoleykghtkpncaypzmvo/SourcePackages/checkouts/swift-crypto/Sources/Crypto/CryptoError_boring.swift /Users/jans./Library/Developer/Xcode/DerivedData/meal.advisor.ios-csaldjncgoleykghtkpncaypzmvo/SourcePackages/checkouts/swift-crypto/Sources/Crypto/CryptoKitErrors.swift /Users/jans./Library/Developer/Xcode/DerivedData/meal.advisor.ios-csaldjncgoleykghtkpncaypzmvo/SourcePackages/checkouts/swift-crypto/Sources/Crypto/Digests/BoringSSL/Digest_boring.swift /Users/jans./Library/Developer/Xcode/DerivedData/meal.advisor.ios-csaldjncgoleykghtkpncaypzmvo/SourcePackages/checkouts/swift-crypto/Sources/Crypto/Digests/Digest.swift /Users/jans./Library/Developer/Xcode/DerivedData/meal.advisor.ios-csaldjncgoleykghtkpncaypzmvo/SourcePackages/checkouts/swift-crypto/Sources/Crypto/Digests/Digests.swift /Users/jans./Library/Developer/Xcode/DerivedData/meal.advisor.ios-csaldjncgoleykghtkpncaypzmvo/SourcePackages/checkouts/swift-crypto/Sources/Crypto/Digests/HashFunctions.swift /Users/jans./Library/Developer/Xcode/DerivedData/meal.advisor.ios-csaldjncgoleykghtkpncaypzmvo/SourcePackages/checkouts/swift-crypto/Sources/Crypto/Digests/HashFunctions_SHA2.swift (in target 'Crypto' from project 'swift-crypto')

SwiftCompile normal arm64 /Users/jans./Library/Developer/Xcode/DerivedData/meal.advisor.ios-csaldjncgoleykghtkpncaypzmvo/SourcePackages/checkouts/swift-crypto/Sources/Crypto/ASN1/PKCS8PrivateKey.swift (in target 'Crypto' from project 'swift-crypto')
    cd /Users/jans./Downloads/meal.advisor/meal.advisor.ios/meal.advisor.ios/meal.advisor.ios/meal.advisor.ios.xcodeproj
    

SwiftCompile normal arm64 /Users/jans./Library/Developer/Xcode/DerivedData/meal.advisor.ios-csaldjncgoleykghtkpncaypzmvo/SourcePackages/checkouts/swift-crypto/Sources/Crypto/ASN1/SEC1PrivateKey.swift (in target 'Crypto' from project 'swift-crypto')
    cd /Users/jans./Downloads/meal.advisor/meal.advisor.ios/meal.advisor.ios/meal.advisor.ios/meal.advisor.ios.xcodeproj
    

SwiftCompile normal arm64 /Users/jans./Library/Developer/Xcode/DerivedData/meal.advisor.ios-csaldjncgoleykghtkpncaypzmvo/SourcePackages/checkouts/swift-crypto/Sources/Crypto/ASN1/SubjectPublicKeyInfo.swift (in target 'Crypto' from project 'swift-crypto')
    cd /Users/jans./Downloads/meal.advisor/meal.advisor.ios/meal.advisor.ios/meal.advisor.ios/meal.advisor.ios.xcodeproj
    

SwiftCompile normal arm64 /Users/jans./Library/Developer/Xcode/DerivedData/meal.advisor.ios-csaldjncgoleykghtkpncaypzmvo/SourcePackages/checkouts/swift-crypto/Sources/Crypto/CryptoError_boring.swift (in target 'Crypto' from project 'swift-crypto')
    cd /Users/jans./Downloads/meal.advisor/meal.advisor.ios/meal.advisor.ios/meal.advisor.ios/meal.advisor.ios.xcodeproj
    

SwiftCompile normal arm64 /Users/jans./Library/Developer/Xcode/DerivedData/meal.advisor.ios-csaldjncgoleykghtkpncaypzmvo/SourcePackages/checkouts/swift-crypto/Sources/Crypto/CryptoKitErrors.swift (in target 'Crypto' from project 'swift-crypto')
    cd /Users/jans./Downloads/meal.advisor/meal.advisor.ios/meal.advisor.ios/meal.advisor.ios/meal.advisor.ios.xcodeproj
    

SwiftCompile normal arm64 /Users/jans./Library/Developer/Xcode/DerivedData/meal.advisor.ios-csaldjncgoleykghtkpncaypzmvo/SourcePackages/checkouts/swift-crypto/Sources/Crypto/Digests/BoringSSL/Digest_boring.swift (in target 'Crypto' from project 'swift-crypto')
    cd /Users/jans./Downloads/meal.advisor/meal.advisor.ios/meal.advisor.ios/meal.advisor.ios/meal.advisor.ios.xcodeproj
    

SwiftCompile normal arm64 /Users/jans./Library/Developer/Xcode/DerivedData/meal.advisor.ios-csaldjncgoleykghtkpncaypzmvo/SourcePackages/checkouts/swift-crypto/Sources/Crypto/Digests/Digest.swift (in target 'Crypto' from project 'swift-crypto')
    cd /Users/jans./Downloads/meal.advisor/meal.advisor.ios/meal.advisor.ios/meal.advisor.ios/meal.advisor.ios.xcodeproj
    

SwiftCompile normal arm64 /Users/jans./Library/Developer/Xcode/DerivedData/meal.advisor.ios-csaldjncgoleykghtkpncaypzmvo/SourcePackages/checkouts/swift-crypto/Sources/Crypto/Digests/Digests.swift (in target 'Crypto' from project 'swift-crypto')
    cd /Users/jans./Downloads/meal.advisor/meal.advisor.ios/meal.advisor.ios/meal.advisor.ios/meal.advisor.ios.xcodeproj
    

SwiftCompile normal arm64 /Users/jans./Library/Developer/Xcode/DerivedData/meal.advisor.ios-csaldjncgoleykghtkpncaypzmvo/SourcePackages/checkouts/swift-crypto/Sources/Crypto/Digests/HashFunctions.swift (in target 'Crypto' from project 'swift-crypto')
    cd /Users/jans./Downloads/meal.advisor/meal.advisor.ios/meal.advisor.ios/meal.advisor.ios/meal.advisor.ios.xcodeproj
    

SwiftCompile normal arm64 /Users/jans./Library/Developer/Xcode/DerivedData/meal.advisor.ios-csaldjncgoleykghtkpncaypzmvo/SourcePackages/checkouts/swift-crypto/Sources/Crypto/Digests/HashFunctions_SHA2.swift (in target 'Crypto' from project 'swift-crypto')
    cd /Users/jans./Downloads/meal.advisor/meal.advisor.ios/meal.advisor.ios/meal.advisor.ios/meal.advisor.ios.xcodeproj
    

SwiftCompile normal arm64 Compiling\ HPKE-Errors.swift,\ HPKE.swift,\ HPKE-Context.swift,\ HPKE-KeySchedule.swift,\ HPKE-Modes.swift,\ Insecure.swift,\ Insecure_HashFunctions.swift,\ KEM.swift,\ ECDH_boring.swift,\ DH.swift /Users/jans./Library/Developer/Xcode/DerivedData/meal.advisor.ios-csaldjncgoleykghtkpncaypzmvo/SourcePackages/checkouts/swift-crypto/Sources/Crypto/HPKE/HPKE-Errors.swift /Users/jans./Library/Developer/Xcode/DerivedData/meal.advisor.ios-csaldjncgoleykghtkpncaypzmvo/SourcePackages/checkouts/swift-crypto/Sources/Crypto/HPKE/HPKE.swift /Users/jans./Library/Developer/Xcode/DerivedData/meal.advisor.ios-csaldjncgoleykghtkpncaypzmvo/SourcePackages/checkouts/swift-crypto/Sources/Crypto/HPKE/Key\ Schedule/HPKE-Context.swift /Users/jans./Library/Developer/Xcode/DerivedData/meal.advisor.ios-csaldjncgoleykghtkpncaypzmvo/SourcePackages/checkouts/swift-crypto/Sources/Crypto/HPKE/Key\ Schedule/HPKE-KeySchedule.swift /Users/jans./Library/Developer/Xcode/DerivedData/meal.advisor.ios-csaldjncgoleykghtkpncaypzmvo/SourcePackages/checkouts/swift-crypto/Sources/Crypto/HPKE/Modes/HPKE-Modes.swift /Users/jans./Library/Developer/Xcode/DerivedData/meal.advisor.ios-csaldjncgoleykghtkpncaypzmvo/SourcePackages/checkouts/swift-crypto/Sources/Crypto/Insecure/Insecure.swift /Users/jans./Library/Developer/Xcode/DerivedData/meal.advisor.ios-csaldjncgoleykghtkpncaypzmvo/SourcePackages/checkouts/swift-crypto/Sources/Crypto/Insecure/Insecure_HashFunctions.swift /Users/jans./Library/Developer/Xcode/DerivedData/meal.advisor.ios-csaldjncgoleykghtkpncaypzmvo/SourcePackages/checkouts/swift-crypto/Sources/Crypto/KEM/KEM.swift /Users/jans./Library/Developer/Xcode/DerivedData/meal.advisor.ios-csaldjncgoleykghtkpncaypzmvo/SourcePackages/checkouts/swift-crypto/Sources/Crypto/Key\ Agreement/BoringSSL/ECDH_boring.swift /Users/jans./Library/Developer/Xcode/DerivedData/meal.advisor.ios-csaldjncgoleykghtkpncaypzmvo/SourcePackages/checkouts/swift-crypto/Sources/Crypto/Key\ Agreement/DH.swift (in target 'Crypto' from project 'swift-crypto')

SwiftCompile normal arm64 /Users/jans./Library/Developer/Xcode/DerivedData/meal.advisor.ios-csaldjncgoleykghtkpncaypzmvo/SourcePackages/checkouts/swift-crypto/Sources/Crypto/HPKE/HPKE-Errors.swift (in target 'Crypto' from project 'swift-crypto')
    cd /Users/jans./Downloads/meal.advisor/meal.advisor.ios/meal.advisor.ios/meal.advisor.ios/meal.advisor.ios.xcodeproj
    

SwiftCompile normal arm64 /Users/jans./Library/Developer/Xcode/DerivedData/meal.advisor.ios-csaldjncgoleykghtkpncaypzmvo/SourcePackages/checkouts/swift-crypto/Sources/Crypto/HPKE/HPKE.swift (in target 'Crypto' from project 'swift-crypto')
    cd /Users/jans./Downloads/meal.advisor/meal.advisor.ios/meal.advisor.ios/meal.advisor.ios/meal.advisor.ios.xcodeproj
    

SwiftCompile normal arm64 /Users/jans./Library/Developer/Xcode/DerivedData/meal.advisor.ios-csaldjncgoleykghtkpncaypzmvo/SourcePackages/checkouts/swift-crypto/Sources/Crypto/HPKE/Key\ Schedule/HPKE-Context.swift (in target 'Crypto' from project 'swift-crypto')
    cd /Users/jans./Downloads/meal.advisor/meal.advisor.ios/meal.advisor.ios/meal.advisor.ios/meal.advisor.ios.xcodeproj
    

SwiftCompile normal arm64 /Users/jans./Library/Developer/Xcode/DerivedData/meal.advisor.ios-csaldjncgoleykghtkpncaypzmvo/SourcePackages/checkouts/swift-crypto/Sources/Crypto/HPKE/Key\ Schedule/HPKE-KeySchedule.swift (in target 'Crypto' from project 'swift-crypto')
    cd /Users/jans./Downloads/meal.advisor/meal.advisor.ios/meal.advisor.ios/meal.advisor.ios/meal.advisor.ios.xcodeproj
    

SwiftCompile normal arm64 /Users/jans./Library/Developer/Xcode/DerivedData/meal.advisor.ios-csaldjncgoleykghtkpncaypzmvo/SourcePackages/checkouts/swift-crypto/Sources/Crypto/HPKE/Modes/HPKE-Modes.swift (in target 'Crypto' from project 'swift-crypto')
    cd /Users/jans./Downloads/meal.advisor/meal.advisor.ios/meal.advisor.ios/meal.advisor.ios/meal.advisor.ios.xcodeproj
    

SwiftCompile normal arm64 /Users/jans./Library/Developer/Xcode/DerivedData/meal.advisor.ios-csaldjncgoleykghtkpncaypzmvo/SourcePackages/checkouts/swift-crypto/Sources/Crypto/Insecure/Insecure.swift (in target 'Crypto' from project 'swift-crypto')
    cd /Users/jans./Downloads/meal.advisor/meal.advisor.ios/meal.advisor.ios/meal.advisor.ios/meal.advisor.ios.xcodeproj
    

SwiftCompile normal arm64 /Users/jans./Library/Developer/Xcode/DerivedData/meal.advisor.ios-csaldjncgoleykghtkpncaypzmvo/SourcePackages/checkouts/swift-crypto/Sources/Crypto/Insecure/Insecure_HashFunctions.swift (in target 'Crypto' from project 'swift-crypto')
    cd /Users/jans./Downloads/meal.advisor/meal.advisor.ios/meal.advisor.ios/meal.advisor.ios/meal.advisor.ios.xcodeproj
    

SwiftCompile normal arm64 /Users/jans./Library/Developer/Xcode/DerivedData/meal.advisor.ios-csaldjncgoleykghtkpncaypzmvo/SourcePackages/checkouts/swift-crypto/Sources/Crypto/KEM/KEM.swift (in target 'Crypto' from project 'swift-crypto')
    cd /Users/jans./Downloads/meal.advisor/meal.advisor.ios/meal.advisor.ios/meal.advisor.ios/meal.advisor.ios.xcodeproj
    

SwiftCompile normal arm64 /Users/jans./Library/Developer/Xcode/DerivedData/meal.advisor.ios-csaldjncgoleykghtkpncaypzmvo/SourcePackages/checkouts/swift-crypto/Sources/Crypto/Key\ Agreement/BoringSSL/ECDH_boring.swift (in target 'Crypto' from project 'swift-crypto')
    cd /Users/jans./Downloads/meal.advisor/meal.advisor.ios/meal.advisor.ios/meal.advisor.ios/meal.advisor.ios.xcodeproj
    

SwiftCompile normal arm64 /Users/jans./Library/Developer/Xcode/DerivedData/meal.advisor.ios-csaldjncgoleykghtkpncaypzmvo/SourcePackages/checkouts/swift-crypto/Sources/Crypto/Key\ Agreement/DH.swift (in target 'Crypto' from project 'swift-crypto')
    cd /Users/jans./Downloads/meal.advisor/meal.advisor.ios/meal.advisor.ios/meal.advisor.ios/meal.advisor.ios.xcodeproj
    

PrecompileModule /Users/jans./Library/Developer/Xcode/DerivedData/meal.advisor.ios-csaldjncgoleykghtkpncaypzmvo/Build/Intermediates.noindex/ExplicitPrecompiledModules/UIKit-EYA64IOP921V2HSRVQ1EFJWEB.scan
    cd /Users/jans./Downloads/meal.advisor/meal.advisor.ios/meal.advisor.ios/meal.advisor.ios/meal.advisor.ios.xcodeproj
    builtin-precompileModule /Users/jans./Library/Developer/Xcode/DerivedData/meal.advisor.ios-csaldjncgoleykghtkpncaypzmvo/Build/Intermediates.noindex/ExplicitPrecompiledModules/UIKit-EYA64IOP921V2HSRVQ1EFJWEB.scan

SwiftDriverJobDiscovery normal arm64 Compiling KeychainAttribute.swift (in target 'GTMAppAuth' from project 'GTMAppAuth')

SwiftCompile normal arm64 Compiling\ ASN1Identifier.swift,\ ASN1Integer.swift,\ ASN1Null.swift,\ ASN1OctetString.swift,\ ASN1Strings.swift,\ ArraySliceBigint.swift,\ GeneralizedTime.swift,\ ObjectIdentifier.swift,\ ECDSASignature.swift,\ PEMDocument.swift /Users/jans./Library/Developer/Xcode/DerivedData/meal.advisor.ios-csaldjncgoleykghtkpncaypzmvo/SourcePackages/checkouts/swift-crypto/Sources/Crypto/ASN1/Basic\ ASN1\ Types/ASN1Identifier.swift /Users/jans./Library/Developer/Xcode/DerivedData/meal.advisor.ios-csaldjncgoleykghtkpncaypzmvo/SourcePackages/checkouts/swift-crypto/Sources/Crypto/ASN1/Basic\ ASN1\ Types/ASN1Integer.swift /Users/jans./Library/Developer/Xcode/DerivedData/meal.advisor.ios-csaldjncgoleykghtkpncaypzmvo/SourcePackages/checkouts/swift-crypto/Sources/Crypto/ASN1/Basic\ ASN1\ Types/ASN1Null.swift /Users/jans./Library/Developer/Xcode/DerivedData/meal.advisor.ios-csaldjncgoleykghtkpncaypzmvo/SourcePackages/checkouts/swift-crypto/Sources/Crypto/ASN1/Basic\ ASN1\ Types/ASN1OctetString.swift /Users/jans./Library/Developer/Xcode/DerivedData/meal.advisor.ios-csaldjncgoleykghtkpncaypzmvo/SourcePackages/checkouts/swift-crypto/Sources/Crypto/ASN1/Basic\ ASN1\ Types/ASN1Strings.swift /Users/jans./Library/Developer/Xcode/DerivedData/meal.advisor.ios-csaldjncgoleykghtkpncaypzmvo/SourcePackages/checkouts/swift-crypto/Sources/Crypto/ASN1/Basic\ ASN1\ Types/ArraySliceBigint.swift /Users/jans./Library/Developer/Xcode/DerivedData/meal.advisor.ios-csaldjncgoleykghtkpncaypzmvo/SourcePackages/checkouts/swift-crypto/Sources/Crypto/ASN1/Basic\ ASN1\ Types/GeneralizedTime.swift /Users/jans./Library/Developer/Xcode/DerivedData/meal.advisor.ios-csaldjncgoleykghtkpncaypzmvo/SourcePackages/checkouts/swift-crypto/Sources/Crypto/ASN1/Basic\ ASN1\ Types/ObjectIdentifier.swift /Users/jans./Library/Developer/Xcode/DerivedData/meal.advisor.ios-csaldjncgoleykghtkpncaypzmvo/SourcePackages/checkouts/swift-crypto/Sources/Crypto/ASN1/ECDSASignature.swift /Users/jans./Library/Developer/Xcode/DerivedData/meal.advisor.ios-csaldjncgoleykghtkpncaypzmvo/SourcePackages/checkouts/swift-crypto/Sources/Crypto/ASN1/PEMDocument.swift (in target 'Crypto' from project 'swift-crypto')

SwiftCompile normal arm64 /Users/jans./Library/Developer/Xcode/DerivedData/meal.advisor.ios-csaldjncgoleykghtkpncaypzmvo/SourcePackages/checkouts/swift-crypto/Sources/Crypto/ASN1/Basic\ ASN1\ Types/ASN1Identifier.swift (in target 'Crypto' from project 'swift-crypto')
    cd /Users/jans./Downloads/meal.advisor/meal.advisor.ios/meal.advisor.ios/meal.advisor.ios/meal.advisor.ios.xcodeproj
    

SwiftCompile normal arm64 /Users/jans./Library/Developer/Xcode/DerivedData/meal.advisor.ios-csaldjncgoleykghtkpncaypzmvo/SourcePackages/checkouts/swift-crypto/Sources/Crypto/ASN1/Basic\ ASN1\ Types/ASN1Integer.swift (in target 'Crypto' from project 'swift-crypto')
    cd /Users/jans./Downloads/meal.advisor/meal.advisor.ios/meal.advisor.ios/meal.advisor.ios/meal.advisor.ios.xcodeproj
    

SwiftCompile normal arm64 /Users/jans./Library/Developer/Xcode/DerivedData/meal.advisor.ios-csaldjncgoleykghtkpncaypzmvo/SourcePackages/checkouts/swift-crypto/Sources/Crypto/ASN1/Basic\ ASN1\ Types/ASN1Null.swift (in target 'Crypto' from project 'swift-crypto')
    cd /Users/jans./Downloads/meal.advisor/meal.advisor.ios/meal.advisor.ios/meal.advisor.ios/meal.advisor.ios.xcodeproj
    

SwiftCompile normal arm64 /Users/jans./Library/Developer/Xcode/DerivedData/meal.advisor.ios-csaldjncgoleykghtkpncaypzmvo/SourcePackages/checkouts/swift-crypto/Sources/Crypto/ASN1/Basic\ ASN1\ Types/ASN1OctetString.swift (in target 'Crypto' from project 'swift-crypto')
    cd /Users/jans./Downloads/meal.advisor/meal.advisor.ios/meal.advisor.ios/meal.advisor.ios/meal.advisor.ios.xcodeproj
    

SwiftCompile normal arm64 /Users/jans./Library/Developer/Xcode/DerivedData/meal.advisor.ios-csaldjncgoleykghtkpncaypzmvo/SourcePackages/checkouts/swift-crypto/Sources/Crypto/ASN1/Basic\ ASN1\ Types/ASN1Strings.swift (in target 'Crypto' from project 'swift-crypto')
    cd /Users/jans./Downloads/meal.advisor/meal.advisor.ios/meal.advisor.ios/meal.advisor.ios/meal.advisor.ios.xcodeproj
    

SwiftCompile normal arm64 /Users/jans./Library/Developer/Xcode/DerivedData/meal.advisor.ios-csaldjncgoleykghtkpncaypzmvo/SourcePackages/checkouts/swift-crypto/Sources/Crypto/ASN1/Basic\ ASN1\ Types/ArraySliceBigint.swift (in target 'Crypto' from project 'swift-crypto')
    cd /Users/jans./Downloads/meal.advisor/meal.advisor.ios/meal.advisor.ios/meal.advisor.ios/meal.advisor.ios.xcodeproj
    

SwiftCompile normal arm64 /Users/jans./Library/Developer/Xcode/DerivedData/meal.advisor.ios-csaldjncgoleykghtkpncaypzmvo/SourcePackages/checkouts/swift-crypto/Sources/Crypto/ASN1/Basic\ ASN1\ Types/GeneralizedTime.swift (in target 'Crypto' from project 'swift-crypto')
    cd /Users/jans./Downloads/meal.advisor/meal.advisor.ios/meal.advisor.ios/meal.advisor.ios/meal.advisor.ios.xcodeproj
    

SwiftCompile normal arm64 /Users/jans./Library/Developer/Xcode/DerivedData/meal.advisor.ios-csaldjncgoleykghtkpncaypzmvo/SourcePackages/checkouts/swift-crypto/Sources/Crypto/ASN1/Basic\ ASN1\ Types/ObjectIdentifier.swift (in target 'Crypto' from project 'swift-crypto')
    cd /Users/jans./Downloads/meal.advisor/meal.advisor.ios/meal.advisor.ios/meal.advisor.ios/meal.advisor.ios.xcodeproj
    

SwiftCompile normal arm64 /Users/jans./Library/Developer/Xcode/DerivedData/meal.advisor.ios-csaldjncgoleykghtkpncaypzmvo/SourcePackages/checkouts/swift-crypto/Sources/Crypto/ASN1/ECDSASignature.swift (in target 'Crypto' from project 'swift-crypto')
    cd /Users/jans./Downloads/meal.advisor/meal.advisor.ios/meal.advisor.ios/meal.advisor.ios/meal.advisor.ios.xcodeproj
    

SwiftCompile normal arm64 /Users/jans./Library/Developer/Xcode/DerivedData/meal.advisor.ios-csaldjncgoleykghtkpncaypzmvo/SourcePackages/checkouts/swift-crypto/Sources/Crypto/ASN1/PEMDocument.swift (in target 'Crypto' from project 'swift-crypto')
    cd /Users/jans./Downloads/meal.advisor/meal.advisor.ios/meal.advisor.ios/meal.advisor.ios/meal.advisor.ios.xcodeproj
    

SwiftDriverJobDiscovery normal arm64 Compiling KeychainHelper.swift (in target 'GTMAppAuth' from project 'GTMAppAuth')

SwiftCompile normal arm64 Compiling\ Ed25519.swift,\ Signature.swift,\ CryptoKitErrors_boring.swift,\ RNG_boring.swift,\ SafeCompare_boring.swift,\ Zeroization_boring.swift,\ PrettyBytes.swift,\ SafeCompare.swift,\ SecureBytes.swift,\ Zeroization.swift /Users/jans./Library/Developer/Xcode/DerivedData/meal.advisor.ios-csaldjncgoleykghtkpncaypzmvo/SourcePackages/checkouts/swift-crypto/Sources/Crypto/Signatures/Ed25519.swift /Users/jans./Library/Developer/Xcode/DerivedData/meal.advisor.ios-csaldjncgoleykghtkpncaypzmvo/SourcePackages/checkouts/swift-crypto/Sources/Crypto/Signatures/Signature.swift /Users/jans./Library/Developer/Xcode/DerivedData/meal.advisor.ios-csaldjncgoleykghtkpncaypzmvo/SourcePackages/checkouts/swift-crypto/Sources/Crypto/Util/BoringSSL/CryptoKitErrors_boring.swift /Users/jans./Library/Developer/Xcode/DerivedData/meal.advisor.ios-csaldjncgoleykghtkpncaypzmvo/SourcePackages/checkouts/swift-crypto/Sources/Crypto/Util/BoringSSL/RNG_boring.swift /Users/jans./Library/Developer/Xcode/DerivedData/meal.advisor.ios-csaldjncgoleykghtkpncaypzmvo/SourcePackages/checkouts/swift-crypto/Sources/Crypto/Util/BoringSSL/SafeCompare_boring.swift /Users/jans./Library/Developer/Xcode/DerivedData/meal.advisor.ios-csaldjncgoleykghtkpncaypzmvo/SourcePackages/checkouts/swift-crypto/Sources/Crypto/Util/BoringSSL/Zeroization_boring.swift /Users/jans./Library/Developer/Xcode/DerivedData/meal.advisor.ios-csaldjncgoleykghtkpncaypzmvo/SourcePackages/checkouts/swift-crypto/Sources/Crypto/Util/PrettyBytes.swift /Users/jans./Library/Developer/Xcode/DerivedData/meal.advisor.ios-csaldjncgoleykghtkpncaypzmvo/SourcePackages/checkouts/swift-crypto/Sources/Crypto/Util/SafeCompare.swift /Users/jans./Library/Developer/Xcode/DerivedData/meal.advisor.ios-csaldjncgoleykghtkpncaypzmvo/SourcePackages/checkouts/swift-crypto/Sources/Crypto/Util/SecureBytes.swift /Users/jans./Library/Developer/Xcode/DerivedData/meal.advisor.ios-csaldjncgoleykghtkpncaypzmvo/SourcePackages/checkouts/swift-crypto/Sources/Crypto/Util/Zeroization.swift (in target 'Crypto' from project 'swift-crypto')
SwiftCompile normal arm64 /Users/jans./Library/Developer/Xcode/DerivedData/meal.advisor.ios-csaldjncgoleykghtkpncaypzmvo/SourcePackages/checkouts/swift-crypto/Sources/Crypto/Signatures/Ed25519.swift (in target 'Crypto' from project 'swift-crypto')
    cd /Users/jans./Downloads/meal.advisor/meal.advisor.ios/meal.advisor.ios/meal.advisor.ios/meal.advisor.ios.xcodeproj
    

SwiftCompile normal arm64 /Users/jans./Library/Developer/Xcode/DerivedData/meal.advisor.ios-csaldjncgoleykghtkpncaypzmvo/SourcePackages/checkouts/swift-crypto/Sources/Crypto/Signatures/Signature.swift (in target 'Crypto' from project 'swift-crypto')
    cd /Users/jans./Downloads/meal.advisor/meal.advisor.ios/meal.advisor.ios/meal.advisor.ios/meal.advisor.ios.xcodeproj
    

SwiftCompile normal arm64 /Users/jans./Library/Developer/Xcode/DerivedData/meal.advisor.ios-csaldjncgoleykghtkpncaypzmvo/SourcePackages/checkouts/swift-crypto/Sources/Crypto/Util/BoringSSL/CryptoKitErrors_boring.swift (in target 'Crypto' from project 'swift-crypto')
    cd /Users/jans./Downloads/meal.advisor/meal.advisor.ios/meal.advisor.ios/meal.advisor.ios/meal.advisor.ios.xcodeproj
    

SwiftCompile normal arm64 /Users/jans./Library/Developer/Xcode/DerivedData/meal.advisor.ios-csaldjncgoleykghtkpncaypzmvo/SourcePackages/checkouts/swift-crypto/Sources/Crypto/Util/BoringSSL/RNG_boring.swift (in target 'Crypto' from project 'swift-crypto')
    cd /Users/jans./Downloads/meal.advisor/meal.advisor.ios/meal.advisor.ios/meal.advisor.ios/meal.advisor.ios.xcodeproj
    

SwiftCompile normal arm64 /Users/jans./Library/Developer/Xcode/DerivedData/meal.advisor.ios-csaldjncgoleykghtkpncaypzmvo/SourcePackages/checkouts/swift-crypto/Sources/Crypto/Util/BoringSSL/SafeCompare_boring.swift (in target 'Crypto' from project 'swift-crypto')
    cd /Users/jans./Downloads/meal.advisor/meal.advisor.ios/meal.advisor.ios/meal.advisor.ios/meal.advisor.ios.xcodeproj
    

SwiftCompile normal arm64 /Users/jans./Library/Developer/Xcode/DerivedData/meal.advisor.ios-csaldjncgoleykghtkpncaypzmvo/SourcePackages/checkouts/swift-crypto/Sources/Crypto/Util/BoringSSL/Zeroization_boring.swift (in target 'Crypto' from project 'swift-crypto')
    cd /Users/jans./Downloads/meal.advisor/meal.advisor.ios/meal.advisor.ios/meal.advisor.ios/meal.advisor.ios.xcodeproj
    

SwiftCompile normal arm64 /Users/jans./Library/Developer/Xcode/DerivedData/meal.advisor.ios-csaldjncgoleykghtkpncaypzmvo/SourcePackages/checkouts/swift-crypto/Sources/Crypto/Util/PrettyBytes.swift (in target 'Crypto' from project 'swift-crypto')
    cd /Users/jans./Downloads/meal.advisor/meal.advisor.ios/meal.advisor.ios/meal.advisor.ios/meal.advisor.ios.xcodeproj
    

SwiftCompile normal arm64 /Users/jans./Library/Developer/Xcode/DerivedData/meal.advisor.ios-csaldjncgoleykghtkpncaypzmvo/SourcePackages/checkouts/swift-crypto/Sources/Crypto/Util/SafeCompare.swift (in target 'Crypto' from project 'swift-crypto')
    cd /Users/jans./Downloads/meal.advisor/meal.advisor.ios/meal.advisor.ios/meal.advisor.ios/meal.advisor.ios.xcodeproj
    

SwiftCompile normal arm64 /Users/jans./Library/Developer/Xcode/DerivedData/meal.advisor.ios-csaldjncgoleykghtkpncaypzmvo/SourcePackages/checkouts/swift-crypto/Sources/Crypto/Util/SecureBytes.swift (in target 'Crypto' from project 'swift-crypto')
    cd /Users/jans./Downloads/meal.advisor/meal.advisor.ios/meal.advisor.ios/meal.advisor.ios/meal.advisor.ios.xcodeproj
    

SwiftCompile normal arm64 /Users/jans./Library/Developer/Xcode/DerivedData/meal.advisor.ios-csaldjncgoleykghtkpncaypzmvo/SourcePackages/checkouts/swift-crypto/Sources/Crypto/Util/Zeroization.swift (in target 'Crypto' from project 'swift-crypto')
    cd /Users/jans./Downloads/meal.advisor/meal.advisor.ios/meal.advisor.ios/meal.advisor.ios/meal.advisor.ios.xcodeproj
    

SwiftDriverJobDiscovery normal arm64 Compiling GTMOAuth2Compatibility.swift (in target 'GTMAppAuth' from project 'GTMAppAuth')

SwiftCompile normal arm64 Compiling\ ECDH.swift,\ HKDF.swift,\ AESWrap.swift,\ AESWrap_boring.swift,\ Ed25519_boring.swift,\ NISTCurvesKeys_boring.swift,\ X25519Keys_boring.swift,\ Curve25519.swift,\ Ed25519Keys.swift,\ NISTCurvesKeys.swift /Users/jans./Library/Developer/Xcode/DerivedData/meal.advisor.ios-csaldjncgoleykghtkpncaypzmvo/SourcePackages/checkouts/swift-crypto/Sources/Crypto/Key\ Agreement/ECDH.swift /Users/jans./Library/Developer/Xcode/DerivedData/meal.advisor.ios-csaldjncgoleykghtkpncaypzmvo/SourcePackages/checkouts/swift-crypto/Sources/Crypto/Key\ Derivation/HKDF.swift /Users/jans./Library/Developer/Xcode/DerivedData/meal.advisor.ios-csaldjncgoleykghtkpncaypzmvo/SourcePackages/checkouts/swift-crypto/Sources/Crypto/Key\ Wrapping/AESWrap.swift /Users/jans./Library/Developer/Xcode/DerivedData/meal.advisor.ios-csaldjncgoleykghtkpncaypzmvo/SourcePackages/checkouts/swift-crypto/Sources/Crypto/Key\ Wrapping/BoringSSL/AESWrap_boring.swift /Users/jans./Library/Developer/Xcode/DerivedData/meal.advisor.ios-csaldjncgoleykghtkpncaypzmvo/SourcePackages/checkouts/swift-crypto/Sources/Crypto/Keys/EC/BoringSSL/Ed25519_boring.swift /Users/jans./Library/Developer/Xcode/DerivedData/meal.advisor.ios-csaldjncgoleykghtkpncaypzmvo/SourcePackages/checkouts/swift-crypto/Sources/Crypto/Keys/EC/BoringSSL/NISTCurvesKeys_boring.swift /Users/jans./Library/Developer/Xcode/DerivedData/meal.advisor.ios-csaldjncgoleykghtkpncaypzmvo/SourcePackages/checkouts/swift-crypto/Sources/Crypto/Keys/EC/BoringSSL/X25519Keys_boring.swift /Users/jans./Library/Developer/Xcode/DerivedData/meal.advisor.ios-csaldjncgoleykghtkpncaypzmvo/SourcePackages/checkouts/swift-crypto/Sources/Crypto/Keys/EC/Curve25519.swift /Users/jans./Library/Developer/Xcode/DerivedData/meal.advisor.ios-csaldjncgoleykghtkpncaypzmvo/SourcePackages/checkouts/swift-crypto/Sources/Crypto/Keys/EC/Ed25519Keys.swift /Users/jans./Library/Developer/Xcode/DerivedData/meal.advisor.ios-csaldjncgoleykghtkpncaypzmvo/SourcePackages/checkouts/swift-crypto/Sources/Crypto/Keys/EC/NISTCurvesKeys.swift (in target 'Crypto' from project 'swift-crypto')

SwiftCompile normal arm64 /Users/jans./Library/Developer/Xcode/DerivedData/meal.advisor.ios-csaldjncgoleykghtkpncaypzmvo/SourcePackages/checkouts/swift-crypto/Sources/Crypto/Key\ Agreement/ECDH.swift (in target 'Crypto' from project 'swift-crypto')
    cd /Users/jans./Downloads/meal.advisor/meal.advisor.ios/meal.advisor.ios/meal.advisor.ios/meal.advisor.ios.xcodeproj
    

SwiftCompile normal arm64 /Users/jans./Library/Developer/Xcode/DerivedData/meal.advisor.ios-csaldjncgoleykghtkpncaypzmvo/SourcePackages/checkouts/swift-crypto/Sources/Crypto/Key\ Derivation/HKDF.swift (in target 'Crypto' from project 'swift-crypto')
    cd /Users/jans./Downloads/meal.advisor/meal.advisor.ios/meal.advisor.ios/meal.advisor.ios/meal.advisor.ios.xcodeproj
    

SwiftCompile normal arm64 /Users/jans./Library/Developer/Xcode/DerivedData/meal.advisor.ios-csaldjncgoleykghtkpncaypzmvo/SourcePackages/checkouts/swift-crypto/Sources/Crypto/Key\ Wrapping/AESWrap.swift (in target 'Crypto' from project 'swift-crypto')
    cd /Users/jans./Downloads/meal.advisor/meal.advisor.ios/meal.advisor.ios/meal.advisor.ios/meal.advisor.ios.xcodeproj
    

SwiftCompile normal arm64 /Users/jans./Library/Developer/Xcode/DerivedData/meal.advisor.ios-csaldjncgoleykghtkpncaypzmvo/SourcePackages/checkouts/swift-crypto/Sources/Crypto/Key\ Wrapping/BoringSSL/AESWrap_boring.swift (in target 'Crypto' from project 'swift-crypto')
    cd /Users/jans./Downloads/meal.advisor/meal.advisor.ios/meal.advisor.ios/meal.advisor.ios/meal.advisor.ios.xcodeproj
    

SwiftCompile normal arm64 /Users/jans./Library/Developer/Xcode/DerivedData/meal.advisor.ios-csaldjncgoleykghtkpncaypzmvo/SourcePackages/checkouts/swift-crypto/Sources/Crypto/Keys/EC/BoringSSL/Ed25519_boring.swift (in target 'Crypto' from project 'swift-crypto')
    cd /Users/jans./Downloads/meal.advisor/meal.advisor.ios/meal.advisor.ios/meal.advisor.ios/meal.advisor.ios.xcodeproj
    

SwiftCompile normal arm64 /Users/jans./Library/Developer/Xcode/DerivedData/meal.advisor.ios-csaldjncgoleykghtkpncaypzmvo/SourcePackages/checkouts/swift-crypto/Sources/Crypto/Keys/EC/BoringSSL/NISTCurvesKeys_boring.swift (in target 'Crypto' from project 'swift-crypto')
    cd /Users/jans./Downloads/meal.advisor/meal.advisor.ios/meal.advisor.ios/meal.advisor.ios/meal.advisor.ios.xcodeproj
    

SwiftCompile normal arm64 /Users/jans./Library/Developer/Xcode/DerivedData/meal.advisor.ios-csaldjncgoleykghtkpncaypzmvo/SourcePackages/checkouts/swift-crypto/Sources/Crypto/Keys/EC/BoringSSL/X25519Keys_boring.swift (in target 'Crypto' from project 'swift-crypto')
    cd /Users/jans./Downloads/meal.advisor/meal.advisor.ios/meal.advisor.ios/meal.advisor.ios/meal.advisor.ios.xcodeproj
    

SwiftCompile normal arm64 /Users/jans./Library/Developer/Xcode/DerivedData/meal.advisor.ios-csaldjncgoleykghtkpncaypzmvo/SourcePackages/checkouts/swift-crypto/Sources/Crypto/Keys/EC/Curve25519.swift (in target 'Crypto' from project 'swift-crypto')
    cd /Users/jans./Downloads/meal.advisor/meal.advisor.ios/meal.advisor.ios/meal.advisor.ios/meal.advisor.ios.xcodeproj
    

SwiftCompile normal arm64 /Users/jans./Library/Developer/Xcode/DerivedData/meal.advisor.ios-csaldjncgoleykghtkpncaypzmvo/SourcePackages/checkouts/swift-crypto/Sources/Crypto/Keys/EC/Ed25519Keys.swift (in target 'Crypto' from project 'swift-crypto')
    cd /Users/jans./Downloads/meal.advisor/meal.advisor.ios/meal.advisor.ios/meal.advisor.ios/meal.advisor.ios.xcodeproj
    

SwiftCompile normal arm64 /Users/jans./Library/Developer/Xcode/DerivedData/meal.advisor.ios-csaldjncgoleykghtkpncaypzmvo/SourcePackages/checkouts/swift-crypto/Sources/Crypto/Keys/EC/NISTCurvesKeys.swift (in target 'Crypto' from project 'swift-crypto')
    cd /Users/jans./Downloads/meal.advisor/meal.advisor.ios/meal.advisor.ios/meal.advisor.ios/meal.advisor.ios.xcodeproj
    

SwiftDriverJobDiscovery normal arm64 Compiling KeychainStore.swift (in target 'GTMAppAuth' from project 'GTMAppAuth')

SwiftDriver\ Compilation GTMAppAuth normal arm64 com.apple.xcode.tools.swift.compiler (in target 'GTMAppAuth' from project 'GTMAppAuth')
    cd /Users/jans./Downloads/meal.advisor/meal.advisor.ios/meal.advisor.ios/meal.advisor.ios/meal.advisor.ios.xcodeproj
    builtin-Swift-Compilation -- /Applications/Xcode.app/Contents/Developer/Toolchains/XcodeDefault.xctoolchain/usr/bin/swiftc -module-name GTMAppAuth -Onone -enforce-exclusivity\=checked @/Users/jans./Library/Developer/Xcode/DerivedData/meal.advisor.ios-csaldjncgoleykghtkpncaypzmvo/Build/Intermediates.noindex/GTMAppAuth.build/Debug-iphonesimulator/GTMAppAuth.build/Objects-normal/arm64/GTMAppAuth.SwiftFileList -DSWIFT_PACKAGE -DDEBUG -Xcc -fmodule-map-file\=/Users/jans./Library/Developer/Xcode/DerivedData/meal.advisor.ios-csaldjncgoleykghtkpncaypzmvo/Build/Intermediates.noindex/GeneratedModuleMaps-iphonesimulator/GTMSessionFetcherCore.modulemap -Xcc -fmodule-map-file\=/Users/jans./Library/Developer/Xcode/DerivedData/meal.advisor.ios-csaldjncgoleykghtkpncaypzmvo/Build/Intermediates.noindex/GeneratedModuleMaps-iphonesimulator/AppAuthCore.modulemap -DXcode -plugin-path /Applications/Xcode.app/Contents/Developer/Toolchains/XcodeDefault.xctoolchain/usr/lib/swift/host/plugins/testing -enable-experimental-feature DebugDescriptionMacro -sdk /Applications/Xcode.app/Contents/Developer/Platforms/iPhoneSimulator.platform/Developer/SDKs/iPhoneSimulator18.5.sdk -target arm64-apple-ios12.0-simulator -g -module-cache-path /Users/jans./Library/Developer/Xcode/DerivedData/ModuleCache.noindex -Xfrontend -serialize-debugging-options -enable-testing -suppress-warnings -index-store-path /Users/jans./Library/Developer/Xcode/DerivedData/meal.advisor.ios-csaldjncgoleykghtkpncaypzmvo/Index.noindex/DataStore -swift-version 5 -I /Users/jans./Library/Developer/Xcode/DerivedData/meal.advisor.ios-csaldjncgoleykghtkpncaypzmvo/Build/Products/Debug-iphonesimulator -I /Applications/Xcode.app/Contents/Developer/Platforms/iPhoneSimulator.platform/Developer/usr/lib -F /Users/jans./Library/Developer/Xcode/DerivedData/meal.advisor.ios-csaldjncgoleykghtkpncaypzmvo/Build/Products/Debug-iphonesimulator/PackageFrameworks -F /Users/jans./Library/Developer/Xcode/DerivedData/meal.advisor.ios-csaldjncgoleykghtkpncaypzmvo/Build/Products/Debug-iphonesimulator/PackageFrameworks -F /Users/jans./Library/Developer/Xcode/DerivedData/meal.advisor.ios-csaldjncgoleykghtkpncaypzmvo/Build/Products/Debug-iphonesimulator -F /Applications/Xcode.app/Contents/Developer/Platforms/iPhoneSimulator.platform/Developer/Library/Frameworks -F /Applications/Xcode.app/Contents/Developer/Platforms/iPhoneSimulator.platform/Developer/SDKs/iPhoneSimulator18.5.sdk/Developer/Library/Frameworks -c -j8 -enable-batch-mode -incremental -Xcc -ivfsstatcache -Xcc /Users/jans./Library/Developer/Xcode/DerivedData/SDKStatCaches.noindex/iphonesimulator18.5-22F76-d5fc8ad4295d2ef488fb7d0f804ce0c4.sdkstatcache -output-file-map /Users/jans./Library/Developer/Xcode/DerivedData/meal.advisor.ios-csaldjncgoleykghtkpncaypzmvo/Build/Intermediates.noindex/GTMAppAuth.build/Debug-iphonesimulator/GTMAppAuth.build/Objects-normal/arm64/GTMAppAuth-OutputFileMap.json -use-frontend-parseable-output -save-temps -no-color-diagnostics -serialize-diagnostics -emit-dependencies -emit-module -emit-module-path /Users/jans./Library/Developer/Xcode/DerivedData/meal.advisor.ios-csaldjncgoleykghtkpncaypzmvo/Build/Intermediates.noindex/GTMAppAuth.build/Debug-iphonesimulator/GTMAppAuth.build/Objects-normal/arm64/GTMAppAuth.swiftmodule -validate-clang-modules-once -clang-build-session-file /Users/jans./Library/Developer/Xcode/DerivedData/ModuleCache.noindex/Session.modulevalidation -Xcc -I/Users/jans./Library/Developer/Xcode/DerivedData/meal.advisor.ios-csaldjncgoleykghtkpncaypzmvo/Build/Intermediates.noindex/GTMAppAuth.build/Debug-iphonesimulator/GTMAppAuth.build/swift-overrides.hmap -emit-const-values -Xfrontend -const-gather-protocols-file -Xfrontend /Users/jans./Library/Developer/Xcode/DerivedData/meal.advisor.ios-csaldjncgoleykghtkpncaypzmvo/Build/Intermediates.noindex/GTMAppAuth.build/Debug-iphonesimulator/GTMAppAuth.build/Objects-normal/arm64/GTMAppAuth_const_extract_protocols.json -Xcc -I/Users/jans./Library/Developer/Xcode/DerivedData/meal.advisor.ios-csaldjncgoleykghtkpncaypzmvo/SourcePackages/checkouts/gtm-session-fetcher/Sources/Core/Public -Xcc -I/Users/jans./Library/Developer/Xcode/DerivedData/meal.advisor.ios-csaldjncgoleykghtkpncaypzmvo/SourcePackages/checkouts/AppAuth-iOS/Sources/AppAuthCore -Xcc -I/Users/jans./Library/Developer/Xcode/DerivedData/meal.advisor.ios-csaldjncgoleykghtkpncaypzmvo/Build/Products/Debug-iphonesimulator/include -Xcc -I/Users/jans./Library/Developer/Xcode/DerivedData/meal.advisor.ios-csaldjncgoleykghtkpncaypzmvo/Build/Intermediates.noindex/GTMAppAuth.build/Debug-iphonesimulator/GTMAppAuth.build/DerivedSources-normal/arm64 -Xcc -I/Users/jans./Library/Developer/Xcode/DerivedData/meal.advisor.ios-csaldjncgoleykghtkpncaypzmvo/Build/Intermediates.noindex/GTMAppAuth.build/Debug-iphonesimulator/GTMAppAuth.build/DerivedSources/arm64 -Xcc -I/Users/jans./Library/Developer/Xcode/DerivedData/meal.advisor.ios-csaldjncgoleykghtkpncaypzmvo/Build/Intermediates.noindex/GTMAppAuth.build/Debug-iphonesimulator/GTMAppAuth.build/DerivedSources -Xcc -DSWIFT_PACKAGE -Xcc -DDEBUG\=1 -emit-objc-header -emit-objc-header-path /Users/jans./Library/Developer/Xcode/DerivedData/meal.advisor.ios-csaldjncgoleykghtkpncaypzmvo/Build/Intermediates.noindex/GTMAppAuth.build/Debug-iphonesimulator/GTMAppAuth.build/Objects-normal/arm64/GTMAppAuth-Swift.h -working-directory /Users/jans./Downloads/meal.advisor/meal.advisor.ios/meal.advisor.ios/meal.advisor.ios/meal.advisor.ios.xcodeproj -experimental-emit-module-separately -disable-cmo

SwiftDriverJobDiscovery normal arm64 Compiling X25519Keys.swift, SymmetricKeys.swift, HMAC.swift, MACFunctions.swift, MessageAuthenticationCode.swift, AES.swift, ECDSASignature_boring.swift, ECDSA_boring.swift, EdDSA_boring.swift, ECDSA.swift (in target 'Crypto' from project 'swift-crypto')

SwiftCompile normal arm64 Compiling\ HPKE-AEAD.swift,\ HPKE-Ciphersuite.swift,\ HPKE-KDF.swift,\ HPKE-KexKeyDerivation.swift,\ HPKE-LabeledExtract.swift,\ HPKE-Utils.swift,\ DHKEM.swift,\ HPKE-KEM-Curve25519.swift,\ HPKE-NIST-EC-KEMs.swift,\ HPKE-KEM.swift /Users/jans./Library/Developer/Xcode/DerivedData/meal.advisor.ios-csaldjncgoleykghtkpncaypzmvo/SourcePackages/checkouts/swift-crypto/Sources/Crypto/HPKE/Ciphersuite/HPKE-AEAD.swift /Users/jans./Library/Developer/Xcode/DerivedData/meal.advisor.ios-csaldjncgoleykghtkpncaypzmvo/SourcePackages/checkouts/swift-crypto/Sources/Crypto/HPKE/Ciphersuite/HPKE-Ciphersuite.swift /Users/jans./Library/Developer/Xcode/DerivedData/meal.advisor.ios-csaldjncgoleykghtkpncaypzmvo/SourcePackages/checkouts/swift-crypto/Sources/Crypto/HPKE/Ciphersuite/HPKE-KDF.swift /Users/jans./Library/Developer/Xcode/DerivedData/meal.advisor.ios-csaldjncgoleykghtkpncaypzmvo/SourcePackages/checkouts/swift-crypto/Sources/Crypto/HPKE/Ciphersuite/HPKE-KexKeyDerivation.swift /Users/jans./Library/Developer/Xcode/DerivedData/meal.advisor.ios-csaldjncgoleykghtkpncaypzmvo/SourcePackages/checkouts/swift-crypto/Sources/Crypto/HPKE/Ciphersuite/HPKE-LabeledExtract.swift /Users/jans./Library/Developer/Xcode/DerivedData/meal.advisor.ios-csaldjncgoleykghtkpncaypzmvo/SourcePackages/checkouts/swift-crypto/Sources/Crypto/HPKE/Ciphersuite/HPKE-Utils.swift /Users/jans./Library/Developer/Xcode/DerivedData/meal.advisor.ios-csaldjncgoleykghtkpncaypzmvo/SourcePackages/checkouts/swift-crypto/Sources/Crypto/HPKE/Ciphersuite/KEM/Conformances/DHKEM.swift /Users/jans./Library/Developer/Xcode/DerivedData/meal.advisor.ios-csaldjncgoleykghtkpncaypzmvo/SourcePackages/checkouts/swift-crypto/Sources/Crypto/HPKE/Ciphersuite/KEM/Conformances/HPKE-KEM-Curve25519.swift /Users/jans./Library/Developer/Xcode/DerivedData/meal.advisor.ios-csaldjncgoleykghtkpncaypzmvo/SourcePackages/checkouts/swift-crypto/Sources/Crypto/HPKE/Ciphersuite/KEM/Conformances/HPKE-NIST-EC-KEMs.swift /Users/jans./Library/Developer/Xcode/DerivedData/meal.advisor.ios-csaldjncgoleykghtkpncaypzmvo/SourcePackages/checkouts/swift-crypto/Sources/Crypto/HPKE/Ciphersuite/KEM/HPKE-KEM.swift (in target 'Crypto' from project 'swift-crypto')

SwiftCompile normal arm64 /Users/jans./Library/Developer/Xcode/DerivedData/meal.advisor.ios-csaldjncgoleykghtkpncaypzmvo/SourcePackages/checkouts/swift-crypto/Sources/Crypto/HPKE/Ciphersuite/HPKE-AEAD.swift (in target 'Crypto' from project 'swift-crypto')
    cd /Users/jans./Downloads/meal.advisor/meal.advisor.ios/meal.advisor.ios/meal.advisor.ios/meal.advisor.ios.xcodeproj
    

SwiftCompile normal arm64 /Users/jans./Library/Developer/Xcode/DerivedData/meal.advisor.ios-csaldjncgoleykghtkpncaypzmvo/SourcePackages/checkouts/swift-crypto/Sources/Crypto/HPKE/Ciphersuite/HPKE-Ciphersuite.swift (in target 'Crypto' from project 'swift-crypto')
    cd /Users/jans./Downloads/meal.advisor/meal.advisor.ios/meal.advisor.ios/meal.advisor.ios/meal.advisor.ios.xcodeproj
    

SwiftCompile normal arm64 /Users/jans./Library/Developer/Xcode/DerivedData/meal.advisor.ios-csaldjncgoleykghtkpncaypzmvo/SourcePackages/checkouts/swift-crypto/Sources/Crypto/HPKE/Ciphersuite/HPKE-KDF.swift (in target 'Crypto' from project 'swift-crypto')
    cd /Users/jans./Downloads/meal.advisor/meal.advisor.ios/meal.advisor.ios/meal.advisor.ios/meal.advisor.ios.xcodeproj
    

SwiftCompile normal arm64 /Users/jans./Library/Developer/Xcode/DerivedData/meal.advisor.ios-csaldjncgoleykghtkpncaypzmvo/SourcePackages/checkouts/swift-crypto/Sources/Crypto/HPKE/Ciphersuite/HPKE-KexKeyDerivation.swift (in target 'Crypto' from project 'swift-crypto')
    cd /Users/jans./Downloads/meal.advisor/meal.advisor.ios/meal.advisor.ios/meal.advisor.ios/meal.advisor.ios.xcodeproj
    

SwiftCompile normal arm64 /Users/jans./Library/Developer/Xcode/DerivedData/meal.advisor.ios-csaldjncgoleykghtkpncaypzmvo/SourcePackages/checkouts/swift-crypto/Sources/Crypto/HPKE/Ciphersuite/HPKE-LabeledExtract.swift (in target 'Crypto' from project 'swift-crypto')
    cd /Users/jans./Downloads/meal.advisor/meal.advisor.ios/meal.advisor.ios/meal.advisor.ios/meal.advisor.ios.xcodeproj
    

SwiftCompile normal arm64 /Users/jans./Library/Developer/Xcode/DerivedData/meal.advisor.ios-csaldjncgoleykghtkpncaypzmvo/SourcePackages/checkouts/swift-crypto/Sources/Crypto/HPKE/Ciphersuite/HPKE-Utils.swift (in target 'Crypto' from project 'swift-crypto')
    cd /Users/jans./Downloads/meal.advisor/meal.advisor.ios/meal.advisor.ios/meal.advisor.ios/meal.advisor.ios.xcodeproj
    

SwiftCompile normal arm64 /Users/jans./Library/Developer/Xcode/DerivedData/meal.advisor.ios-csaldjncgoleykghtkpncaypzmvo/SourcePackages/checkouts/swift-crypto/Sources/Crypto/HPKE/Ciphersuite/KEM/Conformances/DHKEM.swift (in target 'Crypto' from project 'swift-crypto')
    cd /Users/jans./Downloads/meal.advisor/meal.advisor.ios/meal.advisor.ios/meal.advisor.ios/meal.advisor.ios.xcodeproj
    

SwiftCompile normal arm64 /Users/jans./Library/Developer/Xcode/DerivedData/meal.advisor.ios-csaldjncgoleykghtkpncaypzmvo/SourcePackages/checkouts/swift-crypto/Sources/Crypto/HPKE/Ciphersuite/KEM/Conformances/HPKE-KEM-Curve25519.swift (in target 'Crypto' from project 'swift-crypto')
    cd /Users/jans./Downloads/meal.advisor/meal.advisor.ios/meal.advisor.ios/meal.advisor.ios/meal.advisor.ios.xcodeproj
    

SwiftCompile normal arm64 /Users/jans./Library/Developer/Xcode/DerivedData/meal.advisor.ios-csaldjncgoleykghtkpncaypzmvo/SourcePackages/checkouts/swift-crypto/Sources/Crypto/HPKE/Ciphersuite/KEM/Conformances/HPKE-NIST-EC-KEMs.swift (in target 'Crypto' from project 'swift-crypto')
    cd /Users/jans./Downloads/meal.advisor/meal.advisor.ios/meal.advisor.ios/meal.advisor.ios/meal.advisor.ios.xcodeproj
    

SwiftCompile normal arm64 /Users/jans./Library/Developer/Xcode/DerivedData/meal.advisor.ios-csaldjncgoleykghtkpncaypzmvo/SourcePackages/checkouts/swift-crypto/Sources/Crypto/HPKE/Ciphersuite/KEM/HPKE-KEM.swift (in target 'Crypto' from project 'swift-crypto')
    cd /Users/jans./Downloads/meal.advisor/meal.advisor.ios/meal.advisor.ios/meal.advisor.ios/meal.advisor.ios.xcodeproj
    

SwiftCompile normal arm64 Compiling\ Locking.swift,\ UncheckedBox.swift /Users/jans./Library/Developer/Xcode/DerivedData/meal.advisor.ios-csaldjncgoleykghtkpncaypzmvo/SourcePackages/checkouts/swift-concurrency-extras/Sources/ConcurrencyExtras/Internal/Locking.swift /Users/jans./Library/Developer/Xcode/DerivedData/meal.advisor.ios-csaldjncgoleykghtkpncaypzmvo/SourcePackages/checkouts/swift-concurrency-extras/Sources/ConcurrencyExtras/Internal/UncheckedBox.swift (in target 'ConcurrencyExtras' from project 'swift-concurrency-extras')

SwiftCompile normal arm64 /Users/jans./Library/Developer/Xcode/DerivedData/meal.advisor.ios-csaldjncgoleykghtkpncaypzmvo/SourcePackages/checkouts/swift-concurrency-extras/Sources/ConcurrencyExtras/Internal/Locking.swift (in target 'ConcurrencyExtras' from project 'swift-concurrency-extras')
    cd /Users/jans./Downloads/meal.advisor/meal.advisor.ios/meal.advisor.ios/meal.advisor.ios/meal.advisor.ios.xcodeproj
    

SwiftCompile normal arm64 /Users/jans./Library/Developer/Xcode/DerivedData/meal.advisor.ios-csaldjncgoleykghtkpncaypzmvo/SourcePackages/checkouts/swift-concurrency-extras/Sources/ConcurrencyExtras/Internal/UncheckedBox.swift (in target 'ConcurrencyExtras' from project 'swift-concurrency-extras')
    cd /Users/jans./Downloads/meal.advisor/meal.advisor.ios/meal.advisor.ios/meal.advisor.ios/meal.advisor.ios.xcodeproj
    

SwiftDriverJobDiscovery normal arm64 Compiling PKCS8PrivateKey.swift, SEC1PrivateKey.swift, SubjectPublicKeyInfo.swift, CryptoError_boring.swift, CryptoKitErrors.swift, Digest_boring.swift, Digest.swift, Digests.swift, HashFunctions.swift, HashFunctions_SHA2.swift (in target 'Crypto' from project 'swift-crypto')

SwiftCompile normal arm64 Compiling\ MainSerialExecutor.swift /Users/jans./Library/Developer/Xcode/DerivedData/meal.advisor.ios-csaldjncgoleykghtkpncaypzmvo/SourcePackages/checkouts/swift-concurrency-extras/Sources/ConcurrencyExtras/MainSerialExecutor.swift (in target 'ConcurrencyExtras' from project 'swift-concurrency-extras')

SwiftCompile normal arm64 /Users/jans./Library/Developer/Xcode/DerivedData/meal.advisor.ios-csaldjncgoleykghtkpncaypzmvo/SourcePackages/checkouts/swift-concurrency-extras/Sources/ConcurrencyExtras/MainSerialExecutor.swift (in target 'ConcurrencyExtras' from project 'swift-concurrency-extras')
    cd /Users/jans./Downloads/meal.advisor/meal.advisor.ios/meal.advisor.ios/meal.advisor.ios/meal.advisor.ios.xcodeproj
    

SwiftDriverJobDiscovery normal arm64 Compiling HPKE-Errors.swift, HPKE.swift, HPKE-Context.swift, HPKE-KeySchedule.swift, HPKE-Modes.swift, Insecure.swift, Insecure_HashFunctions.swift, KEM.swift, ECDH_boring.swift, DH.swift (in target 'Crypto' from project 'swift-crypto')

SwiftCompile normal arm64 Compiling\ LockIsolated.swift /Users/jans./Library/Developer/Xcode/DerivedData/meal.advisor.ios-csaldjncgoleykghtkpncaypzmvo/SourcePackages/checkouts/swift-concurrency-extras/Sources/ConcurrencyExtras/LockIsolated.swift (in target 'ConcurrencyExtras' from project 'swift-concurrency-extras')

SwiftCompile normal arm64 /Users/jans./Library/Developer/Xcode/DerivedData/meal.advisor.ios-csaldjncgoleykghtkpncaypzmvo/SourcePackages/checkouts/swift-concurrency-extras/Sources/ConcurrencyExtras/LockIsolated.swift (in target 'ConcurrencyExtras' from project 'swift-concurrency-extras')
    cd /Users/jans./Downloads/meal.advisor/meal.advisor.ios/meal.advisor.ios/meal.advisor.ios/meal.advisor.ios.xcodeproj
    

SwiftDriverJobDiscovery normal arm64 Compiling resource_bundle_accessor.swift, AES-GCM.swift, AES-GCM_boring.swift, ChaChaPoly_boring.swift, ChaChaPoly.swift, Cipher.swift, Nonces.swift, ASN1.swift, ASN1Any.swift, ASN1BitString.swift, ASN1Boolean.swift (in target 'Crypto' from project 'swift-crypto')

SwiftCompile normal arm64 Compiling\ Task.swift /Users/jans./Library/Developer/Xcode/DerivedData/meal.advisor.ios-csaldjncgoleykghtkpncaypzmvo/SourcePackages/checkouts/swift-concurrency-extras/Sources/ConcurrencyExtras/Task.swift (in target 'ConcurrencyExtras' from project 'swift-concurrency-extras')

SwiftCompile normal arm64 /Users/jans./Library/Developer/Xcode/DerivedData/meal.advisor.ios-csaldjncgoleykghtkpncaypzmvo/SourcePackages/checkouts/swift-concurrency-extras/Sources/ConcurrencyExtras/Task.swift (in target 'ConcurrencyExtras' from project 'swift-concurrency-extras')
    cd /Users/jans./Downloads/meal.advisor/meal.advisor.ios/meal.advisor.ios/meal.advisor.ios/meal.advisor.ios.xcodeproj
    

SwiftDriverJobDiscovery normal arm64 Compiling Locking.swift, UncheckedBox.swift (in target 'ConcurrencyExtras' from project 'swift-concurrency-extras')

SwiftCompile normal arm64 Compiling\ UncheckedSendable.swift /Users/jans./Library/Developer/Xcode/DerivedData/meal.advisor.ios-csaldjncgoleykghtkpncaypzmvo/SourcePackages/checkouts/swift-concurrency-extras/Sources/ConcurrencyExtras/UncheckedSendable.swift (in target 'ConcurrencyExtras' from project 'swift-concurrency-extras')

SwiftCompile normal arm64 /Users/jans./Library/Developer/Xcode/DerivedData/meal.advisor.ios-csaldjncgoleykghtkpncaypzmvo/SourcePackages/checkouts/swift-concurrency-extras/Sources/ConcurrencyExtras/UncheckedSendable.swift (in target 'ConcurrencyExtras' from project 'swift-concurrency-extras')
    cd /Users/jans./Downloads/meal.advisor/meal.advisor.ios/meal.advisor.ios/meal.advisor.ios/meal.advisor.ios.xcodeproj
    

SwiftDriverJobDiscovery normal arm64 Compiling ASN1Identifier.swift, ASN1Integer.swift, ASN1Null.swift, ASN1OctetString.swift, ASN1Strings.swift, ArraySliceBigint.swift, GeneralizedTime.swift, ObjectIdentifier.swift, ECDSASignature.swift, PEMDocument.swift (in target 'Crypto' from project 'swift-crypto')

SwiftCompile normal arm64 Compiling\ ActorIsolated.swift,\ AnyHashableSendable.swift /Users/jans./Library/Developer/Xcode/DerivedData/meal.advisor.ios-csaldjncgoleykghtkpncaypzmvo/SourcePackages/checkouts/swift-concurrency-extras/Sources/ConcurrencyExtras/ActorIsolated.swift /Users/jans./Library/Developer/Xcode/DerivedData/meal.advisor.ios-csaldjncgoleykghtkpncaypzmvo/SourcePackages/checkouts/swift-concurrency-extras/Sources/ConcurrencyExtras/AnyHashableSendable.swift (in target 'ConcurrencyExtras' from project 'swift-concurrency-extras')

SwiftCompile normal arm64 /Users/jans./Library/Developer/Xcode/DerivedData/meal.advisor.ios-csaldjncgoleykghtkpncaypzmvo/SourcePackages/checkouts/swift-concurrency-extras/Sources/ConcurrencyExtras/ActorIsolated.swift (in target 'ConcurrencyExtras' from project 'swift-concurrency-extras')
    cd /Users/jans./Downloads/meal.advisor/meal.advisor.ios/meal.advisor.ios/meal.advisor.ios/meal.advisor.ios.xcodeproj
    

SwiftCompile normal arm64 /Users/jans./Library/Developer/Xcode/DerivedData/meal.advisor.ios-csaldjncgoleykghtkpncaypzmvo/SourcePackages/checkouts/swift-concurrency-extras/Sources/ConcurrencyExtras/AnyHashableSendable.swift (in target 'ConcurrencyExtras' from project 'swift-concurrency-extras')
    cd /Users/jans./Downloads/meal.advisor/meal.advisor.ios/meal.advisor.ios/meal.advisor.ios/meal.advisor.ios.xcodeproj
    

SwiftDriverJobDiscovery normal arm64 Compiling ECDH.swift, HKDF.swift, AESWrap.swift, AESWrap_boring.swift, Ed25519_boring.swift, NISTCurvesKeys_boring.swift, X25519Keys_boring.swift, Curve25519.swift, Ed25519Keys.swift, NISTCurvesKeys.swift (in target 'Crypto' from project 'swift-crypto')

SwiftCompile normal arm64 Compiling\ Result.swift /Users/jans./Library/Developer/Xcode/DerivedData/meal.advisor.ios-csaldjncgoleykghtkpncaypzmvo/SourcePackages/checkouts/swift-concurrency-extras/Sources/ConcurrencyExtras/Result.swift (in target 'ConcurrencyExtras' from project 'swift-concurrency-extras')

SwiftCompile normal arm64 /Users/jans./Library/Developer/Xcode/DerivedData/meal.advisor.ios-csaldjncgoleykghtkpncaypzmvo/SourcePackages/checkouts/swift-concurrency-extras/Sources/ConcurrencyExtras/Result.swift (in target 'ConcurrencyExtras' from project 'swift-concurrency-extras')
    cd /Users/jans./Downloads/meal.advisor/meal.advisor.ios/meal.advisor.ios/meal.advisor.ios/meal.advisor.ios.xcodeproj
    

SwiftDriverJobDiscovery normal arm64 Compiling HPKE-AEAD.swift, HPKE-Ciphersuite.swift, HPKE-KDF.swift, HPKE-KexKeyDerivation.swift, HPKE-LabeledExtract.swift, HPKE-Utils.swift, DHKEM.swift, HPKE-KEM-Curve25519.swift, HPKE-NIST-EC-KEMs.swift, HPKE-KEM.swift (in target 'Crypto' from project 'swift-crypto')

SwiftCompile normal arm64 Compiling\ AsyncStream.swift,\ AsyncThrowingStream.swift /Users/jans./Library/Developer/Xcode/DerivedData/meal.advisor.ios-csaldjncgoleykghtkpncaypzmvo/SourcePackages/checkouts/swift-concurrency-extras/Sources/ConcurrencyExtras/AsyncStream.swift /Users/jans./Library/Developer/Xcode/DerivedData/meal.advisor.ios-csaldjncgoleykghtkpncaypzmvo/SourcePackages/checkouts/swift-concurrency-extras/Sources/ConcurrencyExtras/AsyncThrowingStream.swift (in target 'ConcurrencyExtras' from project 'swift-concurrency-extras')

SwiftCompile normal arm64 /Users/jans./Library/Developer/Xcode/DerivedData/meal.advisor.ios-csaldjncgoleykghtkpncaypzmvo/SourcePackages/checkouts/swift-concurrency-extras/Sources/ConcurrencyExtras/AsyncStream.swift (in target 'ConcurrencyExtras' from project 'swift-concurrency-extras')
    cd /Users/jans./Downloads/meal.advisor/meal.advisor.ios/meal.advisor.ios/meal.advisor.ios/meal.advisor.ios.xcodeproj
    

SwiftCompile normal arm64 /Users/jans./Library/Developer/Xcode/DerivedData/meal.advisor.ios-csaldjncgoleykghtkpncaypzmvo/SourcePackages/checkouts/swift-concurrency-extras/Sources/ConcurrencyExtras/AsyncThrowingStream.swift (in target 'ConcurrencyExtras' from project 'swift-concurrency-extras')
    cd /Users/jans./Downloads/meal.advisor/meal.advisor.ios/meal.advisor.ios/meal.advisor.ios/meal.advisor.ios.xcodeproj
    

SwiftDriverJobDiscovery normal arm64 Compiling MainSerialExecutor.swift (in target 'ConcurrencyExtras' from project 'swift-concurrency-extras')

ScanDependencies /Users/jans./Library/Developer/Xcode/DerivedData/meal.advisor.ios-csaldjncgoleykghtkpncaypzmvo/Build/Intermediates.noindex/AppAuth.build/Debug-iphonesimulator/AppAuthCore.build/Objects-normal/arm64/OIDTokenResponse.o /Users/jans./Library/Developer/Xcode/DerivedData/meal.advisor.ios-csaldjncgoleykghtkpncaypzmvo/SourcePackages/checkouts/AppAuth-iOS/Sources/AppAuthCore/OIDTokenResponse.m normal arm64 objective-c com.apple.compilers.llvm.clang.1_0.compiler (in target 'AppAuthCore' from project 'AppAuth')
    cd /Users/jans./Downloads/meal.advisor/meal.advisor.ios/meal.advisor.ios/meal.advisor.ios/meal.advisor.ios.xcodeproj
    
    Using response file: /Users/jans./Library/Developer/Xcode/DerivedData/meal.advisor.ios-csaldjncgoleykghtkpncaypzmvo/Build/Intermediates.noindex/AppAuth.build/Debug-iphonesimulator/AppAuthCore.build/Objects-normal/arm64/e6072d4f65d7061329687fe24e3d63a7-common-args.resp
    
    builtin-ScanDependencies -o /Users/jans./Library/Developer/Xcode/DerivedData/meal.advisor.ios-csaldjncgoleykghtkpncaypzmvo/Build/Intermediates.noindex/AppAuth.build/Debug-iphonesimulator/AppAuthCore.build/Objects-normal/arm64/OIDTokenResponse.o.scan -- /Applications/Xcode.app/Contents/Developer/Toolchains/XcodeDefault.xctoolchain/usr/bin/clang -x objective-c -ivfsstatcache /Users/jans./Library/Developer/Xcode/DerivedData/SDKStatCaches.noindex/iphonesimulator18.5-22F76-d5fc8ad4295d2ef488fb7d0f804ce0c4.sdkstatcache -fmessage-length\=0 -fdiagnostics-show-note-include-stack -fmacro-backtrace-limit\=0 -fno-color-diagnostics -fmodules-prune-interval\=86400 -fmodules-prune-after\=345600 -fbuild-session-file\=/Users/jans./Library/Developer/Xcode/DerivedData/ModuleCache.noindex/Session.modulevalidation -fmodules-validate-once-per-build-session -Wnon-modular-include-in-framework-module -Werror\=non-modular-include-in-framework-module -Wno-trigraphs -Wno-missing-field-initializers -Wno-missing-prototypes -Wno-return-type -Wno-implicit-atomic-properties -Wno-objc-interface-ivars -Wno-arc-repeated-use-of-weak -Wno-missing-braces -Wparentheses -Wswitch -Wno-unused-function -Wno-unused-label -Wno-unused-parameter -Wno-unused-variable -Wunused-value -Wno-empty-body -Wno-uninitialized -Wno-unknown-pragmas -w -Wno-shadow -Wno-four-char-constants -Wno-conversion -Wno-constant-conversion -Wno-int-conversion -Wno-bool-conversion -Wno-enum-conversion -Wno-float-conversion -Wno-non-literal-null-conversion -Wno-objc-literal-conversion -Wshorten-64-to-32 -Wpointer-sign -Wno-newline-eof -Wno-selector -Wno-strict-selector-match -Wno-undeclared-selector -Wno-deprecated-implementations -Wno-implicit-fallthrough -fstrict-aliasing -Wprotocol -Wdeprecated-declarations -Wno-sign-conversion -Wno-infinite-recursion -Wno-comma -Wno-block-capture-autoreleasing -Wno-strict-prototypes -Wno-semicolon-before-method-body -index-store-path /Users/jans./Library/Developer/Xcode/DerivedData/meal.advisor.ios-csaldjncgoleykghtkpncaypzmvo/Index.noindex/DataStore @/Users/jans./Library/Developer/Xcode/DerivedData/meal.advisor.ios-csaldjncgoleykghtkpncaypzmvo/Build/Intermediates.noindex/AppAuth.build/Debug-iphonesimulator/AppAuthCore.build/Objects-normal/arm64/e6072d4f65d7061329687fe24e3d63a7-common-args.resp -include /Users/jans./Library/Developer/Xcode/DerivedData/meal.advisor.ios-csaldjncgoleykghtkpncaypzmvo/Build/Intermediates.noindex/AppAuth.build/Debug-iphonesimulator/AppAuthCore.build/DerivedSources/resource_bundle_accessor.h -MMD -MT dependencies -MF /Users/jans./Library/Developer/Xcode/DerivedData/meal.advisor.ios-csaldjncgoleykghtkpncaypzmvo/Build/Intermediates.noindex/AppAuth.build/Debug-iphonesimulator/AppAuthCore.build/Objects-normal/arm64/OIDTokenResponse.d --serialize-diagnostics /Users/jans./Library/Developer/Xcode/DerivedData/meal.advisor.ios-csaldjncgoleykghtkpncaypzmvo/Build/Intermediates.noindex/AppAuth.build/Debug-iphonesimulator/AppAuthCore.build/Objects-normal/arm64/OIDTokenResponse.dia -c /Users/jans./Library/Developer/Xcode/DerivedData/meal.advisor.ios-csaldjncgoleykghtkpncaypzmvo/SourcePackages/checkouts/AppAuth-iOS/Sources/AppAuthCore/OIDTokenResponse.m -o /Users/jans./Library/Developer/Xcode/DerivedData/meal.advisor.ios-csaldjncgoleykghtkpncaypzmvo/Build/Intermediates.noindex/AppAuth.build/Debug-iphonesimulator/AppAuthCore.build/Objects-normal/arm64/OIDTokenResponse.o -index-unit-output-path /AppAuth.build/Debug-iphonesimulator/AppAuthCore.build/Objects-normal/arm64/OIDTokenResponse.o

SwiftDriverJobDiscovery normal arm64 Compiling LockIsolated.swift (in target 'ConcurrencyExtras' from project 'swift-concurrency-extras')

ScanDependencies /Users/jans./Library/Developer/Xcode/DerivedData/meal.advisor.ios-csaldjncgoleykghtkpncaypzmvo/Build/Intermediates.noindex/AppAuth.build/Debug-iphonesimulator/AppAuthCore.build/Objects-normal/arm64/OIDTokenRequest.o /Users/jans./Library/Developer/Xcode/DerivedData/meal.advisor.ios-csaldjncgoleykghtkpncaypzmvo/SourcePackages/checkouts/AppAuth-iOS/Sources/AppAuthCore/OIDTokenRequest.m normal arm64 objective-c com.apple.compilers.llvm.clang.1_0.compiler (in target 'AppAuthCore' from project 'AppAuth')
    cd /Users/jans./Downloads/meal.advisor/meal.advisor.ios/meal.advisor.ios/meal.advisor.ios/meal.advisor.ios.xcodeproj
    
    Using response file: /Users/jans./Library/Developer/Xcode/DerivedData/meal.advisor.ios-csaldjncgoleykghtkpncaypzmvo/Build/Intermediates.noindex/AppAuth.build/Debug-iphonesimulator/AppAuthCore.build/Objects-normal/arm64/e6072d4f65d7061329687fe24e3d63a7-common-args.resp
    
    builtin-ScanDependencies -o /Users/jans./Library/Developer/Xcode/DerivedData/meal.advisor.ios-csaldjncgoleykghtkpncaypzmvo/Build/Intermediates.noindex/AppAuth.build/Debug-iphonesimulator/AppAuthCore.build/Objects-normal/arm64/OIDTokenRequest.o.scan -- /Applications/Xcode.app/Contents/Developer/Toolchains/XcodeDefault.xctoolchain/usr/bin/clang -x objective-c -ivfsstatcache /Users/jans./Library/Developer/Xcode/DerivedData/SDKStatCaches.noindex/iphonesimulator18.5-22F76-d5fc8ad4295d2ef488fb7d0f804ce0c4.sdkstatcache -fmessage-length\=0 -fdiagnostics-show-note-include-stack -fmacro-backtrace-limit\=0 -fno-color-diagnostics -fmodules-prune-interval\=86400 -fmodules-prune-after\=345600 -fbuild-session-file\=/Users/jans./Library/Developer/Xcode/DerivedData/ModuleCache.noindex/Session.modulevalidation -fmodules-validate-once-per-build-session -Wnon-modular-include-in-framework-module -Werror\=non-modular-include-in-framework-module -Wno-trigraphs -Wno-missing-field-initializers -Wno-missing-prototypes -Wno-return-type -Wno-implicit-atomic-properties -Wno-objc-interface-ivars -Wno-arc-repeated-use-of-weak -Wno-missing-braces -Wparentheses -Wswitch -Wno-unused-function -Wno-unused-label -Wno-unused-parameter -Wno-unused-variable -Wunused-value -Wno-empty-body -Wno-uninitialized -Wno-unknown-pragmas -w -Wno-shadow -Wno-four-char-constants -Wno-conversion -Wno-constant-conversion -Wno-int-conversion -Wno-bool-conversion -Wno-enum-conversion -Wno-float-conversion -Wno-non-literal-null-conversion -Wno-objc-literal-conversion -Wshorten-64-to-32 -Wpointer-sign -Wno-newline-eof -Wno-selector -Wno-strict-selector-match -Wno-undeclared-selector -Wno-deprecated-implementations -Wno-implicit-fallthrough -fstrict-aliasing -Wprotocol -Wdeprecated-declarations -Wno-sign-conversion -Wno-infinite-recursion -Wno-comma -Wno-block-capture-autoreleasing -Wno-strict-prototypes -Wno-semicolon-before-method-body -index-store-path /Users/jans./Library/Developer/Xcode/DerivedData/meal.advisor.ios-csaldjncgoleykghtkpncaypzmvo/Index.noindex/DataStore @/Users/jans./Library/Developer/Xcode/DerivedData/meal.advisor.ios-csaldjncgoleykghtkpncaypzmvo/Build/Intermediates.noindex/AppAuth.build/Debug-iphonesimulator/AppAuthCore.build/Objects-normal/arm64/e6072d4f65d7061329687fe24e3d63a7-common-args.resp -include /Users/jans./Library/Developer/Xcode/DerivedData/meal.advisor.ios-csaldjncgoleykghtkpncaypzmvo/Build/Intermediates.noindex/AppAuth.build/Debug-iphonesimulator/AppAuthCore.build/DerivedSources/resource_bundle_accessor.h -MMD -MT dependencies -MF /Users/jans./Library/Developer/Xcode/DerivedData/meal.advisor.ios-csaldjncgoleykghtkpncaypzmvo/Build/Intermediates.noindex/AppAuth.build/Debug-iphonesimulator/AppAuthCore.build/Objects-normal/arm64/OIDTokenRequest.d --serialize-diagnostics /Users/jans./Library/Developer/Xcode/DerivedData/meal.advisor.ios-csaldjncgoleykghtkpncaypzmvo/Build/Intermediates.noindex/AppAuth.build/Debug-iphonesimulator/AppAuthCore.build/Objects-normal/arm64/OIDTokenRequest.dia -c /Users/jans./Library/Developer/Xcode/DerivedData/meal.advisor.ios-csaldjncgoleykghtkpncaypzmvo/SourcePackages/checkouts/AppAuth-iOS/Sources/AppAuthCore/OIDTokenRequest.m -o /Users/jans./Library/Developer/Xcode/DerivedData/meal.advisor.ios-csaldjncgoleykghtkpncaypzmvo/Build/Intermediates.noindex/AppAuth.build/Debug-iphonesimulator/AppAuthCore.build/Objects-normal/arm64/OIDTokenRequest.o -index-unit-output-path /AppAuth.build/Debug-iphonesimulator/AppAuthCore.build/Objects-normal/arm64/OIDTokenRequest.o

CompileC /Users/jans./Library/Developer/Xcode/DerivedData/meal.advisor.ios-csaldjncgoleykghtkpncaypzmvo/Build/Intermediates.noindex/AppAuth.build/Debug-iphonesimulator/AppAuthCore.build/Objects-normal/arm64/OIDTokenResponse.o /Users/jans./Library/Developer/Xcode/DerivedData/meal.advisor.ios-csaldjncgoleykghtkpncaypzmvo/SourcePackages/checkouts/AppAuth-iOS/Sources/AppAuthCore/OIDTokenResponse.m normal arm64 objective-c com.apple.compilers.llvm.clang.1_0.compiler (in target 'AppAuthCore' from project 'AppAuth')
    cd /Users/jans./Downloads/meal.advisor/meal.advisor.ios/meal.advisor.ios/meal.advisor.ios/meal.advisor.ios.xcodeproj
    
    Using response file: /Users/jans./Library/Developer/Xcode/DerivedData/meal.advisor.ios-csaldjncgoleykghtkpncaypzmvo/Build/Intermediates.noindex/AppAuth.build/Debug-iphonesimulator/AppAuthCore.build/Objects-normal/arm64/e6072d4f65d7061329687fe24e3d63a7-common-args.resp
    
    /Applications/Xcode.app/Contents/Developer/Toolchains/XcodeDefault.xctoolchain/usr/bin/clang -x objective-c -ivfsstatcache /Users/jans./Library/Developer/Xcode/DerivedData/SDKStatCaches.noindex/iphonesimulator18.5-22F76-d5fc8ad4295d2ef488fb7d0f804ce0c4.sdkstatcache -fmessage-length\=0 -fdiagnostics-show-note-include-stack -fmacro-backtrace-limit\=0 -fno-color-diagnostics -fmodules-prune-interval\=86400 -fmodules-prune-after\=345600 -fbuild-session-file\=/Users/jans./Library/Developer/Xcode/DerivedData/ModuleCache.noindex/Session.modulevalidation -fmodules-validate-once-per-build-session -Wnon-modular-include-in-framework-module -Werror\=non-modular-include-in-framework-module -Wno-trigraphs -Wno-missing-field-initializers -Wno-missing-prototypes -Wno-return-type -Wno-implicit-atomic-properties -Wno-objc-interface-ivars -Wno-arc-repeated-use-of-weak -Wno-missing-braces -Wparentheses -Wswitch -Wno-unused-function -Wno-unused-label -Wno-unused-parameter -Wno-unused-variable -Wunused-value -Wno-empty-body -Wno-uninitialized -Wno-unknown-pragmas -w -Wno-shadow -Wno-four-char-constants -Wno-conversion -Wno-constant-conversion -Wno-int-conversion -Wno-bool-conversion -Wno-enum-conversion -Wno-float-conversion -Wno-non-literal-null-conversion -Wno-objc-literal-conversion -Wshorten-64-to-32 -Wpointer-sign -Wno-newline-eof -Wno-selector -Wno-strict-selector-match -Wno-undeclared-selector -Wno-deprecated-implementations -Wno-implicit-fallthrough -fstrict-aliasing -Wprotocol -Wdeprecated-declarations -Wno-sign-conversion -Wno-infinite-recursion -Wno-comma -Wno-block-capture-autoreleasing -Wno-strict-prototypes -Wno-semicolon-before-method-body -index-store-path /Users/jans./Library/Developer/Xcode/DerivedData/meal.advisor.ios-csaldjncgoleykghtkpncaypzmvo/Index.noindex/DataStore @/Users/jans./Library/Developer/Xcode/DerivedData/meal.advisor.ios-csaldjncgoleykghtkpncaypzmvo/Build/Intermediates.noindex/AppAuth.build/Debug-iphonesimulator/AppAuthCore.build/Objects-normal/arm64/e6072d4f65d7061329687fe24e3d63a7-common-args.resp -include /Users/jans./Library/Developer/Xcode/DerivedData/meal.advisor.ios-csaldjncgoleykghtkpncaypzmvo/Build/Intermediates.noindex/AppAuth.build/Debug-iphonesimulator/AppAuthCore.build/DerivedSources/resource_bundle_accessor.h -MMD -MT dependencies -MF /Users/jans./Library/Developer/Xcode/DerivedData/meal.advisor.ios-csaldjncgoleykghtkpncaypzmvo/Build/Intermediates.noindex/AppAuth.build/Debug-iphonesimulator/AppAuthCore.build/Objects-normal/arm64/OIDTokenResponse.d --serialize-diagnostics /Users/jans./Library/Developer/Xcode/DerivedData/meal.advisor.ios-csaldjncgoleykghtkpncaypzmvo/Build/Intermediates.noindex/AppAuth.build/Debug-iphonesimulator/AppAuthCore.build/Objects-normal/arm64/OIDTokenResponse.dia -c /Users/jans./Library/Developer/Xcode/DerivedData/meal.advisor.ios-csaldjncgoleykghtkpncaypzmvo/SourcePackages/checkouts/AppAuth-iOS/Sources/AppAuthCore/OIDTokenResponse.m -o /Users/jans./Library/Developer/Xcode/DerivedData/meal.advisor.ios-csaldjncgoleykghtkpncaypzmvo/Build/Intermediates.noindex/AppAuth.build/Debug-iphonesimulator/AppAuthCore.build/Objects-normal/arm64/OIDTokenResponse.o -index-unit-output-path /AppAuth.build/Debug-iphonesimulator/AppAuthCore.build/Objects-normal/arm64/OIDTokenResponse.o

SwiftDriverJobDiscovery normal arm64 Compiling Result.swift (in target 'ConcurrencyExtras' from project 'swift-concurrency-extras')

ScanDependencies /Users/jans./Library/Developer/Xcode/DerivedData/meal.advisor.ios-csaldjncgoleykghtkpncaypzmvo/Build/Intermediates.noindex/AppAuth.build/Debug-iphonesimulator/AppAuthCore.build/Objects-normal/arm64/OIDServiceDiscovery.o /Users/jans./Library/Developer/Xcode/DerivedData/meal.advisor.ios-csaldjncgoleykghtkpncaypzmvo/SourcePackages/checkouts/AppAuth-iOS/Sources/AppAuthCore/OIDServiceDiscovery.m normal arm64 objective-c com.apple.compilers.llvm.clang.1_0.compiler (in target 'AppAuthCore' from project 'AppAuth')
    cd /Users/jans./Downloads/meal.advisor/meal.advisor.ios/meal.advisor.ios/meal.advisor.ios/meal.advisor.ios.xcodeproj
    
    Using response file: /Users/jans./Library/Developer/Xcode/DerivedData/meal.advisor.ios-csaldjncgoleykghtkpncaypzmvo/Build/Intermediates.noindex/AppAuth.build/Debug-iphonesimulator/AppAuthCore.build/Objects-normal/arm64/e6072d4f65d7061329687fe24e3d63a7-common-args.resp
    
    builtin-ScanDependencies -o /Users/jans./Library/Developer/Xcode/DerivedData/meal.advisor.ios-csaldjncgoleykghtkpncaypzmvo/Build/Intermediates.noindex/AppAuth.build/Debug-iphonesimulator/AppAuthCore.build/Objects-normal/arm64/OIDServiceDiscovery.o.scan -- /Applications/Xcode.app/Contents/Developer/Toolchains/XcodeDefault.xctoolchain/usr/bin/clang -x objective-c -ivfsstatcache /Users/jans./Library/Developer/Xcode/DerivedData/SDKStatCaches.noindex/iphonesimulator18.5-22F76-d5fc8ad4295d2ef488fb7d0f804ce0c4.sdkstatcache -fmessage-length\=0 -fdiagnostics-show-note-include-stack -fmacro-backtrace-limit\=0 -fno-color-diagnostics -fmodules-prune-interval\=86400 -fmodules-prune-after\=345600 -fbuild-session-file\=/Users/jans./Library/Developer/Xcode/DerivedData/ModuleCache.noindex/Session.modulevalidation -fmodules-validate-once-per-build-session -Wnon-modular-include-in-framework-module -Werror\=non-modular-include-in-framework-module -Wno-trigraphs -Wno-missing-field-initializers -Wno-missing-prototypes -Wno-return-type -Wno-implicit-atomic-properties -Wno-objc-interface-ivars -Wno-arc-repeated-use-of-weak -Wno-missing-braces -Wparentheses -Wswitch -Wno-unused-function -Wno-unused-label -Wno-unused-parameter -Wno-unused-variable -Wunused-value -Wno-empty-body -Wno-uninitialized -Wno-unknown-pragmas -w -Wno-shadow -Wno-four-char-constants -Wno-conversion -Wno-constant-conversion -Wno-int-conversion -Wno-bool-conversion -Wno-enum-conversion -Wno-float-conversion -Wno-non-literal-null-conversion -Wno-objc-literal-conversion -Wshorten-64-to-32 -Wpointer-sign -Wno-newline-eof -Wno-selector -Wno-strict-selector-match -Wno-undeclared-selector -Wno-deprecated-implementations -Wno-implicit-fallthrough -fstrict-aliasing -Wprotocol -Wdeprecated-declarations -Wno-sign-conversion -Wno-infinite-recursion -Wno-comma -Wno-block-capture-autoreleasing -Wno-strict-prototypes -Wno-semicolon-before-method-body -index-store-path /Users/jans./Library/Developer/Xcode/DerivedData/meal.advisor.ios-csaldjncgoleykghtkpncaypzmvo/Index.noindex/DataStore @/Users/jans./Library/Developer/Xcode/DerivedData/meal.advisor.ios-csaldjncgoleykghtkpncaypzmvo/Build/Intermediates.noindex/AppAuth.build/Debug-iphonesimulator/AppAuthCore.build/Objects-normal/arm64/e6072d4f65d7061329687fe24e3d63a7-common-args.resp -include /Users/jans./Library/Developer/Xcode/DerivedData/meal.advisor.ios-csaldjncgoleykghtkpncaypzmvo/Build/Intermediates.noindex/AppAuth.build/Debug-iphonesimulator/AppAuthCore.build/DerivedSources/resource_bundle_accessor.h -MMD -MT dependencies -MF /Users/jans./Library/Developer/Xcode/DerivedData/meal.advisor.ios-csaldjncgoleykghtkpncaypzmvo/Build/Intermediates.noindex/AppAuth.build/Debug-iphonesimulator/AppAuthCore.build/Objects-normal/arm64/OIDServiceDiscovery.d --serialize-diagnostics /Users/jans./Library/Developer/Xcode/DerivedData/meal.advisor.ios-csaldjncgoleykghtkpncaypzmvo/Build/Intermediates.noindex/AppAuth.build/Debug-iphonesimulator/AppAuthCore.build/Objects-normal/arm64/OIDServiceDiscovery.dia -c /Users/jans./Library/Developer/Xcode/DerivedData/meal.advisor.ios-csaldjncgoleykghtkpncaypzmvo/SourcePackages/checkouts/AppAuth-iOS/Sources/AppAuthCore/OIDServiceDiscovery.m -o /Users/jans./Library/Developer/Xcode/DerivedData/meal.advisor.ios-csaldjncgoleykghtkpncaypzmvo/Build/Intermediates.noindex/AppAuth.build/Debug-iphonesimulator/AppAuthCore.build/Objects-normal/arm64/OIDServiceDiscovery.o -index-unit-output-path /AppAuth.build/Debug-iphonesimulator/AppAuthCore.build/Objects-normal/arm64/OIDServiceDiscovery.o

CompileC /Users/jans./Library/Developer/Xcode/DerivedData/meal.advisor.ios-csaldjncgoleykghtkpncaypzmvo/Build/Intermediates.noindex/AppAuth.build/Debug-iphonesimulator/AppAuthCore.build/Objects-normal/arm64/OIDTokenRequest.o /Users/jans./Library/Developer/Xcode/DerivedData/meal.advisor.ios-csaldjncgoleykghtkpncaypzmvo/SourcePackages/checkouts/AppAuth-iOS/Sources/AppAuthCore/OIDTokenRequest.m normal arm64 objective-c com.apple.compilers.llvm.clang.1_0.compiler (in target 'AppAuthCore' from project 'AppAuth')
    cd /Users/jans./Downloads/meal.advisor/meal.advisor.ios/meal.advisor.ios/meal.advisor.ios/meal.advisor.ios.xcodeproj
    
    Using response file: /Users/jans./Library/Developer/Xcode/DerivedData/meal.advisor.ios-csaldjncgoleykghtkpncaypzmvo/Build/Intermediates.noindex/AppAuth.build/Debug-iphonesimulator/AppAuthCore.build/Objects-normal/arm64/e6072d4f65d7061329687fe24e3d63a7-common-args.resp
    
    /Applications/Xcode.app/Contents/Developer/Toolchains/XcodeDefault.xctoolchain/usr/bin/clang -x objective-c -ivfsstatcache /Users/jans./Library/Developer/Xcode/DerivedData/SDKStatCaches.noindex/iphonesimulator18.5-22F76-d5fc8ad4295d2ef488fb7d0f804ce0c4.sdkstatcache -fmessage-length\=0 -fdiagnostics-show-note-include-stack -fmacro-backtrace-limit\=0 -fno-color-diagnostics -fmodules-prune-interval\=86400 -fmodules-prune-after\=345600 -fbuild-session-file\=/Users/jans./Library/Developer/Xcode/DerivedData/ModuleCache.noindex/Session.modulevalidation -fmodules-validate-once-per-build-session -Wnon-modular-include-in-framework-module -Werror\=non-modular-include-in-framework-module -Wno-trigraphs -Wno-missing-field-initializers -Wno-missing-prototypes -Wno-return-type -Wno-implicit-atomic-properties -Wno-objc-interface-ivars -Wno-arc-repeated-use-of-weak -Wno-missing-braces -Wparentheses -Wswitch -Wno-unused-function -Wno-unused-label -Wno-unused-parameter -Wno-unused-variable -Wunused-value -Wno-empty-body -Wno-uninitialized -Wno-unknown-pragmas -w -Wno-shadow -Wno-four-char-constants -Wno-conversion -Wno-constant-conversion -Wno-int-conversion -Wno-bool-conversion -Wno-enum-conversion -Wno-float-conversion -Wno-non-literal-null-conversion -Wno-objc-literal-conversion -Wshorten-64-to-32 -Wpointer-sign -Wno-newline-eof -Wno-selector -Wno-strict-selector-match -Wno-undeclared-selector -Wno-deprecated-implementations -Wno-implicit-fallthrough -fstrict-aliasing -Wprotocol -Wdeprecated-declarations -Wno-sign-conversion -Wno-infinite-recursion -Wno-comma -Wno-block-capture-autoreleasing -Wno-strict-prototypes -Wno-semicolon-before-method-body -index-store-path /Users/jans./Library/Developer/Xcode/DerivedData/meal.advisor.ios-csaldjncgoleykghtkpncaypzmvo/Index.noindex/DataStore @/Users/jans./Library/Developer/Xcode/DerivedData/meal.advisor.ios-csaldjncgoleykghtkpncaypzmvo/Build/Intermediates.noindex/AppAuth.build/Debug-iphonesimulator/AppAuthCore.build/Objects-normal/arm64/e6072d4f65d7061329687fe24e3d63a7-common-args.resp -include /Users/jans./Library/Developer/Xcode/DerivedData/meal.advisor.ios-csaldjncgoleykghtkpncaypzmvo/Build/Intermediates.noindex/AppAuth.build/Debug-iphonesimulator/AppAuthCore.build/DerivedSources/resource_bundle_accessor.h -MMD -MT dependencies -MF /Users/jans./Library/Developer/Xcode/DerivedData/meal.advisor.ios-csaldjncgoleykghtkpncaypzmvo/Build/Intermediates.noindex/AppAuth.build/Debug-iphonesimulator/AppAuthCore.build/Objects-normal/arm64/OIDTokenRequest.d --serialize-diagnostics /Users/jans./Library/Developer/Xcode/DerivedData/meal.advisor.ios-csaldjncgoleykghtkpncaypzmvo/Build/Intermediates.noindex/AppAuth.build/Debug-iphonesimulator/AppAuthCore.build/Objects-normal/arm64/OIDTokenRequest.dia -c /Users/jans./Library/Developer/Xcode/DerivedData/meal.advisor.ios-csaldjncgoleykghtkpncaypzmvo/SourcePackages/checkouts/AppAuth-iOS/Sources/AppAuthCore/OIDTokenRequest.m -o /Users/jans./Library/Developer/Xcode/DerivedData/meal.advisor.ios-csaldjncgoleykghtkpncaypzmvo/Build/Intermediates.noindex/AppAuth.build/Debug-iphonesimulator/AppAuthCore.build/Objects-normal/arm64/OIDTokenRequest.o -index-unit-output-path /AppAuth.build/Debug-iphonesimulator/AppAuthCore.build/Objects-normal/arm64/OIDTokenRequest.o

SwiftDriverJobDiscovery normal arm64 Compiling UncheckedSendable.swift (in target 'ConcurrencyExtras' from project 'swift-concurrency-extras')

ScanDependencies /Users/jans./Library/Developer/Xcode/DerivedData/meal.advisor.ios-csaldjncgoleykghtkpncaypzmvo/Build/Intermediates.noindex/AppAuth.build/Debug-iphonesimulator/AppAuthCore.build/Objects-normal/arm64/OIDServiceConfiguration.o /Users/jans./Library/Developer/Xcode/DerivedData/meal.advisor.ios-csaldjncgoleykghtkpncaypzmvo/SourcePackages/checkouts/AppAuth-iOS/Sources/AppAuthCore/OIDServiceConfiguration.m normal arm64 objective-c com.apple.compilers.llvm.clang.1_0.compiler (in target 'AppAuthCore' from project 'AppAuth')
    cd /Users/jans./Downloads/meal.advisor/meal.advisor.ios/meal.advisor.ios/meal.advisor.ios/meal.advisor.ios.xcodeproj
    
    Using response file: /Users/jans./Library/Developer/Xcode/DerivedData/meal.advisor.ios-csaldjncgoleykghtkpncaypzmvo/Build/Intermediates.noindex/AppAuth.build/Debug-iphonesimulator/AppAuthCore.build/Objects-normal/arm64/e6072d4f65d7061329687fe24e3d63a7-common-args.resp
    
    builtin-ScanDependencies -o /Users/jans./Library/Developer/Xcode/DerivedData/meal.advisor.ios-csaldjncgoleykghtkpncaypzmvo/Build/Intermediates.noindex/AppAuth.build/Debug-iphonesimulator/AppAuthCore.build/Objects-normal/arm64/OIDServiceConfiguration.o.scan -- /Applications/Xcode.app/Contents/Developer/Toolchains/XcodeDefault.xctoolchain/usr/bin/clang -x objective-c -ivfsstatcache /Users/jans./Library/Developer/Xcode/DerivedData/SDKStatCaches.noindex/iphonesimulator18.5-22F76-d5fc8ad4295d2ef488fb7d0f804ce0c4.sdkstatcache -fmessage-length\=0 -fdiagnostics-show-note-include-stack -fmacro-backtrace-limit\=0 -fno-color-diagnostics -fmodules-prune-interval\=86400 -fmodules-prune-after\=345600 -fbuild-session-file\=/Users/jans./Library/Developer/Xcode/DerivedData/ModuleCache.noindex/Session.modulevalidation -fmodules-validate-once-per-build-session -Wnon-modular-include-in-framework-module -Werror\=non-modular-include-in-framework-module -Wno-trigraphs -Wno-missing-field-initializers -Wno-missing-prototypes -Wno-return-type -Wno-implicit-atomic-properties -Wno-objc-interface-ivars -Wno-arc-repeated-use-of-weak -Wno-missing-braces -Wparentheses -Wswitch -Wno-unused-function -Wno-unused-label -Wno-unused-parameter -Wno-unused-variable -Wunused-value -Wno-empty-body -Wno-uninitialized -Wno-unknown-pragmas -w -Wno-shadow -Wno-four-char-constants -Wno-conversion -Wno-constant-conversion -Wno-int-conversion -Wno-bool-conversion -Wno-enum-conversion -Wno-float-conversion -Wno-non-literal-null-conversion -Wno-objc-literal-conversion -Wshorten-64-to-32 -Wpointer-sign -Wno-newline-eof -Wno-selector -Wno-strict-selector-match -Wno-undeclared-selector -Wno-deprecated-implementations -Wno-implicit-fallthrough -fstrict-aliasing -Wprotocol -Wdeprecated-declarations -Wno-sign-conversion -Wno-infinite-recursion -Wno-comma -Wno-block-capture-autoreleasing -Wno-strict-prototypes -Wno-semicolon-before-method-body -index-store-path /Users/jans./Library/Developer/Xcode/DerivedData/meal.advisor.ios-csaldjncgoleykghtkpncaypzmvo/Index.noindex/DataStore @/Users/jans./Library/Developer/Xcode/DerivedData/meal.advisor.ios-csaldjncgoleykghtkpncaypzmvo/Build/Intermediates.noindex/AppAuth.build/Debug-iphonesimulator/AppAuthCore.build/Objects-normal/arm64/e6072d4f65d7061329687fe24e3d63a7-common-args.resp -include /Users/jans./Library/Developer/Xcode/DerivedData/meal.advisor.ios-csaldjncgoleykghtkpncaypzmvo/Build/Intermediates.noindex/AppAuth.build/Debug-iphonesimulator/AppAuthCore.build/DerivedSources/resource_bundle_accessor.h -MMD -MT dependencies -MF /Users/jans./Library/Developer/Xcode/DerivedData/meal.advisor.ios-csaldjncgoleykghtkpncaypzmvo/Build/Intermediates.noindex/AppAuth.build/Debug-iphonesimulator/AppAuthCore.build/Objects-normal/arm64/OIDServiceConfiguration.d --serialize-diagnostics /Users/jans./Library/Developer/Xcode/DerivedData/meal.advisor.ios-csaldjncgoleykghtkpncaypzmvo/Build/Intermediates.noindex/AppAuth.build/Debug-iphonesimulator/AppAuthCore.build/Objects-normal/arm64/OIDServiceConfiguration.dia -c /Users/jans./Library/Developer/Xcode/DerivedData/meal.advisor.ios-csaldjncgoleykghtkpncaypzmvo/SourcePackages/checkouts/AppAuth-iOS/Sources/AppAuthCore/OIDServiceConfiguration.m -o /Users/jans./Library/Developer/Xcode/DerivedData/meal.advisor.ios-csaldjncgoleykghtkpncaypzmvo/Build/Intermediates.noindex/AppAuth.build/Debug-iphonesimulator/AppAuthCore.build/Objects-normal/arm64/OIDServiceConfiguration.o -index-unit-output-path /AppAuth.build/Debug-iphonesimulator/AppAuthCore.build/Objects-normal/arm64/OIDServiceConfiguration.o

ScanDependencies /Users/jans./Library/Developer/Xcode/DerivedData/meal.advisor.ios-csaldjncgoleykghtkpncaypzmvo/Build/Intermediates.noindex/AppAuth.build/Debug-iphonesimulator/AppAuthCore.build/Objects-normal/arm64/OIDScopes.o /Users/jans./Library/Developer/Xcode/DerivedData/meal.advisor.ios-csaldjncgoleykghtkpncaypzmvo/SourcePackages/checkouts/AppAuth-iOS/Sources/AppAuthCore/OIDScopes.m normal arm64 objective-c com.apple.compilers.llvm.clang.1_0.compiler (in target 'AppAuthCore' from project 'AppAuth')
    cd /Users/jans./Downloads/meal.advisor/meal.advisor.ios/meal.advisor.ios/meal.advisor.ios/meal.advisor.ios.xcodeproj
    
    Using response file: /Users/jans./Library/Developer/Xcode/DerivedData/meal.advisor.ios-csaldjncgoleykghtkpncaypzmvo/Build/Intermediates.noindex/AppAuth.build/Debug-iphonesimulator/AppAuthCore.build/Objects-normal/arm64/e6072d4f65d7061329687fe24e3d63a7-common-args.resp
    
    builtin-ScanDependencies -o /Users/jans./Library/Developer/Xcode/DerivedData/meal.advisor.ios-csaldjncgoleykghtkpncaypzmvo/Build/Intermediates.noindex/AppAuth.build/Debug-iphonesimulator/AppAuthCore.build/Objects-normal/arm64/OIDScopes.o.scan -- /Applications/Xcode.app/Contents/Developer/Toolchains/XcodeDefault.xctoolchain/usr/bin/clang -x objective-c -ivfsstatcache /Users/jans./Library/Developer/Xcode/DerivedData/SDKStatCaches.noindex/iphonesimulator18.5-22F76-d5fc8ad4295d2ef488fb7d0f804ce0c4.sdkstatcache -fmessage-length\=0 -fdiagnostics-show-note-include-stack -fmacro-backtrace-limit\=0 -fno-color-diagnostics -fmodules-prune-interval\=86400 -fmodules-prune-after\=345600 -fbuild-session-file\=/Users/jans./Library/Developer/Xcode/DerivedData/ModuleCache.noindex/Session.modulevalidation -fmodules-validate-once-per-build-session -Wnon-modular-include-in-framework-module -Werror\=non-modular-include-in-framework-module -Wno-trigraphs -Wno-missing-field-initializers -Wno-missing-prototypes -Wno-return-type -Wno-implicit-atomic-properties -Wno-objc-interface-ivars -Wno-arc-repeated-use-of-weak -Wno-missing-braces -Wparentheses -Wswitch -Wno-unused-function -Wno-unused-label -Wno-unused-parameter -Wno-unused-variable -Wunused-value -Wno-empty-body -Wno-uninitialized -Wno-unknown-pragmas -w -Wno-shadow -Wno-four-char-constants -Wno-conversion -Wno-constant-conversion -Wno-int-conversion -Wno-bool-conversion -Wno-enum-conversion -Wno-float-conversion -Wno-non-literal-null-conversion -Wno-objc-literal-conversion -Wshorten-64-to-32 -Wpointer-sign -Wno-newline-eof -Wno-selector -Wno-strict-selector-match -Wno-undeclared-selector -Wno-deprecated-implementations -Wno-implicit-fallthrough -fstrict-aliasing -Wprotocol -Wdeprecated-declarations -Wno-sign-conversion -Wno-infinite-recursion -Wno-comma -Wno-block-capture-autoreleasing -Wno-strict-prototypes -Wno-semicolon-before-method-body -index-store-path /Users/jans./Library/Developer/Xcode/DerivedData/meal.advisor.ios-csaldjncgoleykghtkpncaypzmvo/Index.noindex/DataStore @/Users/jans./Library/Developer/Xcode/DerivedData/meal.advisor.ios-csaldjncgoleykghtkpncaypzmvo/Build/Intermediates.noindex/AppAuth.build/Debug-iphonesimulator/AppAuthCore.build/Objects-normal/arm64/e6072d4f65d7061329687fe24e3d63a7-common-args.resp -include /Users/jans./Library/Developer/Xcode/DerivedData/meal.advisor.ios-csaldjncgoleykghtkpncaypzmvo/Build/Intermediates.noindex/AppAuth.build/Debug-iphonesimulator/AppAuthCore.build/DerivedSources/resource_bundle_accessor.h -MMD -MT dependencies -MF /Users/jans./Library/Developer/Xcode/DerivedData/meal.advisor.ios-csaldjncgoleykghtkpncaypzmvo/Build/Intermediates.noindex/AppAuth.build/Debug-iphonesimulator/AppAuthCore.build/Objects-normal/arm64/OIDScopes.d --serialize-diagnostics /Users/jans./Library/Developer/Xcode/DerivedData/meal.advisor.ios-csaldjncgoleykghtkpncaypzmvo/Build/Intermediates.noindex/AppAuth.build/Debug-iphonesimulator/AppAuthCore.build/Objects-normal/arm64/OIDScopes.dia -c /Users/jans./Library/Developer/Xcode/DerivedData/meal.advisor.ios-csaldjncgoleykghtkpncaypzmvo/SourcePackages/checkouts/AppAuth-iOS/Sources/AppAuthCore/OIDScopes.m -o /Users/jans./Library/Developer/Xcode/DerivedData/meal.advisor.ios-csaldjncgoleykghtkpncaypzmvo/Build/Intermediates.noindex/AppAuth.build/Debug-iphonesimulator/AppAuthCore.build/Objects-normal/arm64/OIDScopes.o -index-unit-output-path /AppAuth.build/Debug-iphonesimulator/AppAuthCore.build/Objects-normal/arm64/OIDScopes.o

SwiftDriverJobDiscovery normal arm64 Compiling Task.swift (in target 'ConcurrencyExtras' from project 'swift-concurrency-extras')

ScanDependencies /Users/jans./Library/Developer/Xcode/DerivedData/meal.advisor.ios-csaldjncgoleykghtkpncaypzmvo/Build/Intermediates.noindex/AppAuth.build/Debug-iphonesimulator/AppAuthCore.build/Objects-normal/arm64/OIDScopeUtilities.o /Users/jans./Library/Developer/Xcode/DerivedData/meal.advisor.ios-csaldjncgoleykghtkpncaypzmvo/SourcePackages/checkouts/AppAuth-iOS/Sources/AppAuthCore/OIDScopeUtilities.m normal arm64 objective-c com.apple.compilers.llvm.clang.1_0.compiler (in target 'AppAuthCore' from project 'AppAuth')
    cd /Users/jans./Downloads/meal.advisor/meal.advisor.ios/meal.advisor.ios/meal.advisor.ios/meal.advisor.ios.xcodeproj
    
    Using response file: /Users/jans./Library/Developer/Xcode/DerivedData/meal.advisor.ios-csaldjncgoleykghtkpncaypzmvo/Build/Intermediates.noindex/AppAuth.build/Debug-iphonesimulator/AppAuthCore.build/Objects-normal/arm64/e6072d4f65d7061329687fe24e3d63a7-common-args.resp
    
    builtin-ScanDependencies -o /Users/jans./Library/Developer/Xcode/DerivedData/meal.advisor.ios-csaldjncgoleykghtkpncaypzmvo/Build/Intermediates.noindex/AppAuth.build/Debug-iphonesimulator/AppAuthCore.build/Objects-normal/arm64/OIDScopeUtilities.o.scan -- /Applications/Xcode.app/Contents/Developer/Toolchains/XcodeDefault.xctoolchain/usr/bin/clang -x objective-c -ivfsstatcache /Users/jans./Library/Developer/Xcode/DerivedData/SDKStatCaches.noindex/iphonesimulator18.5-22F76-d5fc8ad4295d2ef488fb7d0f804ce0c4.sdkstatcache -fmessage-length\=0 -fdiagnostics-show-note-include-stack -fmacro-backtrace-limit\=0 -fno-color-diagnostics -fmodules-prune-interval\=86400 -fmodules-prune-after\=345600 -fbuild-session-file\=/Users/jans./Library/Developer/Xcode/DerivedData/ModuleCache.noindex/Session.modulevalidation -fmodules-validate-once-per-build-session -Wnon-modular-include-in-framework-module -Werror\=non-modular-include-in-framework-module -Wno-trigraphs -Wno-missing-field-initializers -Wno-missing-prototypes -Wno-return-type -Wno-implicit-atomic-properties -Wno-objc-interface-ivars -Wno-arc-repeated-use-of-weak -Wno-missing-braces -Wparentheses -Wswitch -Wno-unused-function -Wno-unused-label -Wno-unused-parameter -Wno-unused-variable -Wunused-value -Wno-empty-body -Wno-uninitialized -Wno-unknown-pragmas -w -Wno-shadow -Wno-four-char-constants -Wno-conversion -Wno-constant-conversion -Wno-int-conversion -Wno-bool-conversion -Wno-enum-conversion -Wno-float-conversion -Wno-non-literal-null-conversion -Wno-objc-literal-conversion -Wshorten-64-to-32 -Wpointer-sign -Wno-newline-eof -Wno-selector -Wno-strict-selector-match -Wno-undeclared-selector -Wno-deprecated-implementations -Wno-implicit-fallthrough -fstrict-aliasing -Wprotocol -Wdeprecated-declarations -Wno-sign-conversion -Wno-infinite-recursion -Wno-comma -Wno-block-capture-autoreleasing -Wno-strict-prototypes -Wno-semicolon-before-method-body -index-store-path /Users/jans./Library/Developer/Xcode/DerivedData/meal.advisor.ios-csaldjncgoleykghtkpncaypzmvo/Index.noindex/DataStore @/Users/jans./Library/Developer/Xcode/DerivedData/meal.advisor.ios-csaldjncgoleykghtkpncaypzmvo/Build/Intermediates.noindex/AppAuth.build/Debug-iphonesimulator/AppAuthCore.build/Objects-normal/arm64/e6072d4f65d7061329687fe24e3d63a7-common-args.resp -include /Users/jans./Library/Developer/Xcode/DerivedData/meal.advisor.ios-csaldjncgoleykghtkpncaypzmvo/Build/Intermediates.noindex/AppAuth.build/Debug-iphonesimulator/AppAuthCore.build/DerivedSources/resource_bundle_accessor.h -MMD -MT dependencies -MF /Users/jans./Library/Developer/Xcode/DerivedData/meal.advisor.ios-csaldjncgoleykghtkpncaypzmvo/Build/Intermediates.noindex/AppAuth.build/Debug-iphonesimulator/AppAuthCore.build/Objects-normal/arm64/OIDScopeUtilities.d --serialize-diagnostics /Users/jans./Library/Developer/Xcode/DerivedData/meal.advisor.ios-csaldjncgoleykghtkpncaypzmvo/Build/Intermediates.noindex/AppAuth.build/Debug-iphonesimulator/AppAuthCore.build/Objects-normal/arm64/OIDScopeUtilities.dia -c /Users/jans./Library/Developer/Xcode/DerivedData/meal.advisor.ios-csaldjncgoleykghtkpncaypzmvo/SourcePackages/checkouts/AppAuth-iOS/Sources/AppAuthCore/OIDScopeUtilities.m -o /Users/jans./Library/Developer/Xcode/DerivedData/meal.advisor.ios-csaldjncgoleykghtkpncaypzmvo/Build/Intermediates.noindex/AppAuth.build/Debug-iphonesimulator/AppAuthCore.build/Objects-normal/arm64/OIDScopeUtilities.o -index-unit-output-path /AppAuth.build/Debug-iphonesimulator/AppAuthCore.build/Objects-normal/arm64/OIDScopeUtilities.o

CompileC /Users/jans./Library/Developer/Xcode/DerivedData/meal.advisor.ios-csaldjncgoleykghtkpncaypzmvo/Build/Intermediates.noindex/AppAuth.build/Debug-iphonesimulator/AppAuthCore.build/Objects-normal/arm64/OIDServiceDiscovery.o /Users/jans./Library/Developer/Xcode/DerivedData/meal.advisor.ios-csaldjncgoleykghtkpncaypzmvo/SourcePackages/checkouts/AppAuth-iOS/Sources/AppAuthCore/OIDServiceDiscovery.m normal arm64 objective-c com.apple.compilers.llvm.clang.1_0.compiler (in target 'AppAuthCore' from project 'AppAuth')
    cd /Users/jans./Downloads/meal.advisor/meal.advisor.ios/meal.advisor.ios/meal.advisor.ios/meal.advisor.ios.xcodeproj
    
    Using response file: /Users/jans./Library/Developer/Xcode/DerivedData/meal.advisor.ios-csaldjncgoleykghtkpncaypzmvo/Build/Intermediates.noindex/AppAuth.build/Debug-iphonesimulator/AppAuthCore.build/Objects-normal/arm64/e6072d4f65d7061329687fe24e3d63a7-common-args.resp
    
    /Applications/Xcode.app/Contents/Developer/Toolchains/XcodeDefault.xctoolchain/usr/bin/clang -x objective-c -ivfsstatcache /Users/jans./Library/Developer/Xcode/DerivedData/SDKStatCaches.noindex/iphonesimulator18.5-22F76-d5fc8ad4295d2ef488fb7d0f804ce0c4.sdkstatcache -fmessage-length\=0 -fdiagnostics-show-note-include-stack -fmacro-backtrace-limit\=0 -fno-color-diagnostics -fmodules-prune-interval\=86400 -fmodules-prune-after\=345600 -fbuild-session-file\=/Users/jans./Library/Developer/Xcode/DerivedData/ModuleCache.noindex/Session.modulevalidation -fmodules-validate-once-per-build-session -Wnon-modular-include-in-framework-module -Werror\=non-modular-include-in-framework-module -Wno-trigraphs -Wno-missing-field-initializers -Wno-missing-prototypes -Wno-return-type -Wno-implicit-atomic-properties -Wno-objc-interface-ivars -Wno-arc-repeated-use-of-weak -Wno-missing-braces -Wparentheses -Wswitch -Wno-unused-function -Wno-unused-label -Wno-unused-parameter -Wno-unused-variable -Wunused-value -Wno-empty-body -Wno-uninitialized -Wno-unknown-pragmas -w -Wno-shadow -Wno-four-char-constants -Wno-conversion -Wno-constant-conversion -Wno-int-conversion -Wno-bool-conversion -Wno-enum-conversion -Wno-float-conversion -Wno-non-literal-null-conversion -Wno-objc-literal-conversion -Wshorten-64-to-32 -Wpointer-sign -Wno-newline-eof -Wno-selector -Wno-strict-selector-match -Wno-undeclared-selector -Wno-deprecated-implementations -Wno-implicit-fallthrough -fstrict-aliasing -Wprotocol -Wdeprecated-declarations -Wno-sign-conversion -Wno-infinite-recursion -Wno-comma -Wno-block-capture-autoreleasing -Wno-strict-prototypes -Wno-semicolon-before-method-body -index-store-path /Users/jans./Library/Developer/Xcode/DerivedData/meal.advisor.ios-csaldjncgoleykghtkpncaypzmvo/Index.noindex/DataStore @/Users/jans./Library/Developer/Xcode/DerivedData/meal.advisor.ios-csaldjncgoleykghtkpncaypzmvo/Build/Intermediates.noindex/AppAuth.build/Debug-iphonesimulator/AppAuthCore.build/Objects-normal/arm64/e6072d4f65d7061329687fe24e3d63a7-common-args.resp -include /Users/jans./Library/Developer/Xcode/DerivedData/meal.advisor.ios-csaldjncgoleykghtkpncaypzmvo/Build/Intermediates.noindex/AppAuth.build/Debug-iphonesimulator/AppAuthCore.build/DerivedSources/resource_bundle_accessor.h -MMD -MT dependencies -MF /Users/jans./Library/Developer/Xcode/DerivedData/meal.advisor.ios-csaldjncgoleykghtkpncaypzmvo/Build/Intermediates.noindex/AppAuth.build/Debug-iphonesimulator/AppAuthCore.build/Objects-normal/arm64/OIDServiceDiscovery.d --serialize-diagnostics /Users/jans./Library/Developer/Xcode/DerivedData/meal.advisor.ios-csaldjncgoleykghtkpncaypzmvo/Build/Intermediates.noindex/AppAuth.build/Debug-iphonesimulator/AppAuthCore.build/Objects-normal/arm64/OIDServiceDiscovery.dia -c /Users/jans./Library/Developer/Xcode/DerivedData/meal.advisor.ios-csaldjncgoleykghtkpncaypzmvo/SourcePackages/checkouts/AppAuth-iOS/Sources/AppAuthCore/OIDServiceDiscovery.m -o /Users/jans./Library/Developer/Xcode/DerivedData/meal.advisor.ios-csaldjncgoleykghtkpncaypzmvo/Build/Intermediates.noindex/AppAuth.build/Debug-iphonesimulator/AppAuthCore.build/Objects-normal/arm64/OIDServiceDiscovery.o -index-unit-output-path /AppAuth.build/Debug-iphonesimulator/AppAuthCore.build/Objects-normal/arm64/OIDServiceDiscovery.o

CompileC /Users/jans./Library/Developer/Xcode/DerivedData/meal.advisor.ios-csaldjncgoleykghtkpncaypzmvo/Build/Intermediates.noindex/AppAuth.build/Debug-iphonesimulator/AppAuthCore.build/Objects-normal/arm64/OIDServiceConfiguration.o /Users/jans./Library/Developer/Xcode/DerivedData/meal.advisor.ios-csaldjncgoleykghtkpncaypzmvo/SourcePackages/checkouts/AppAuth-iOS/Sources/AppAuthCore/OIDServiceConfiguration.m normal arm64 objective-c com.apple.compilers.llvm.clang.1_0.compiler (in target 'AppAuthCore' from project 'AppAuth')
    cd /Users/jans./Downloads/meal.advisor/meal.advisor.ios/meal.advisor.ios/meal.advisor.ios/meal.advisor.ios.xcodeproj
    
    Using response file: /Users/jans./Library/Developer/Xcode/DerivedData/meal.advisor.ios-csaldjncgoleykghtkpncaypzmvo/Build/Intermediates.noindex/AppAuth.build/Debug-iphonesimulator/AppAuthCore.build/Objects-normal/arm64/e6072d4f65d7061329687fe24e3d63a7-common-args.resp
    
    /Applications/Xcode.app/Contents/Developer/Toolchains/XcodeDefault.xctoolchain/usr/bin/clang -x objective-c -ivfsstatcache /Users/jans./Library/Developer/Xcode/DerivedData/SDKStatCaches.noindex/iphonesimulator18.5-22F76-d5fc8ad4295d2ef488fb7d0f804ce0c4.sdkstatcache -fmessage-length\=0 -fdiagnostics-show-note-include-stack -fmacro-backtrace-limit\=0 -fno-color-diagnostics -fmodules-prune-interval\=86400 -fmodules-prune-after\=345600 -fbuild-session-file\=/Users/jans./Library/Developer/Xcode/DerivedData/ModuleCache.noindex/Session.modulevalidation -fmodules-validate-once-per-build-session -Wnon-modular-include-in-framework-module -Werror\=non-modular-include-in-framework-module -Wno-trigraphs -Wno-missing-field-initializers -Wno-missing-prototypes -Wno-return-type -Wno-implicit-atomic-properties -Wno-objc-interface-ivars -Wno-arc-repeated-use-of-weak -Wno-missing-braces -Wparentheses -Wswitch -Wno-unused-function -Wno-unused-label -Wno-unused-parameter -Wno-unused-variable -Wunused-value -Wno-empty-body -Wno-uninitialized -Wno-unknown-pragmas -w -Wno-shadow -Wno-four-char-constants -Wno-conversion -Wno-constant-conversion -Wno-int-conversion -Wno-bool-conversion -Wno-enum-conversion -Wno-float-conversion -Wno-non-literal-null-conversion -Wno-objc-literal-conversion -Wshorten-64-to-32 -Wpointer-sign -Wno-newline-eof -Wno-selector -Wno-strict-selector-match -Wno-undeclared-selector -Wno-deprecated-implementations -Wno-implicit-fallthrough -fstrict-aliasing -Wprotocol -Wdeprecated-declarations -Wno-sign-conversion -Wno-infinite-recursion -Wno-comma -Wno-block-capture-autoreleasing -Wno-strict-prototypes -Wno-semicolon-before-method-body -index-store-path /Users/jans./Library/Developer/Xcode/DerivedData/meal.advisor.ios-csaldjncgoleykghtkpncaypzmvo/Index.noindex/DataStore @/Users/jans./Library/Developer/Xcode/DerivedData/meal.advisor.ios-csaldjncgoleykghtkpncaypzmvo/Build/Intermediates.noindex/AppAuth.build/Debug-iphonesimulator/AppAuthCore.build/Objects-normal/arm64/e6072d4f65d7061329687fe24e3d63a7-common-args.resp -include /Users/jans./Library/Developer/Xcode/DerivedData/meal.advisor.ios-csaldjncgoleykghtkpncaypzmvo/Build/Intermediates.noindex/AppAuth.build/Debug-iphonesimulator/AppAuthCore.build/DerivedSources/resource_bundle_accessor.h -MMD -MT dependencies -MF /Users/jans./Library/Developer/Xcode/DerivedData/meal.advisor.ios-csaldjncgoleykghtkpncaypzmvo/Build/Intermediates.noindex/AppAuth.build/Debug-iphonesimulator/AppAuthCore.build/Objects-normal/arm64/OIDServiceConfiguration.d --serialize-diagnostics /Users/jans./Library/Developer/Xcode/DerivedData/meal.advisor.ios-csaldjncgoleykghtkpncaypzmvo/Build/Intermediates.noindex/AppAuth.build/Debug-iphonesimulator/AppAuthCore.build/Objects-normal/arm64/OIDServiceConfiguration.dia -c /Users/jans./Library/Developer/Xcode/DerivedData/meal.advisor.ios-csaldjncgoleykghtkpncaypzmvo/SourcePackages/checkouts/AppAuth-iOS/Sources/AppAuthCore/OIDServiceConfiguration.m -o /Users/jans./Library/Developer/Xcode/DerivedData/meal.advisor.ios-csaldjncgoleykghtkpncaypzmvo/Build/Intermediates.noindex/AppAuth.build/Debug-iphonesimulator/AppAuthCore.build/Objects-normal/arm64/OIDServiceConfiguration.o -index-unit-output-path /AppAuth.build/Debug-iphonesimulator/AppAuthCore.build/Objects-normal/arm64/OIDServiceConfiguration.o

CompileC /Users/jans./Library/Developer/Xcode/DerivedData/meal.advisor.ios-csaldjncgoleykghtkpncaypzmvo/Build/Intermediates.noindex/AppAuth.build/Debug-iphonesimulator/AppAuthCore.build/Objects-normal/arm64/OIDScopes.o /Users/jans./Library/Developer/Xcode/DerivedData/meal.advisor.ios-csaldjncgoleykghtkpncaypzmvo/SourcePackages/checkouts/AppAuth-iOS/Sources/AppAuthCore/OIDScopes.m normal arm64 objective-c com.apple.compilers.llvm.clang.1_0.compiler (in target 'AppAuthCore' from project 'AppAuth')
    cd /Users/jans./Downloads/meal.advisor/meal.advisor.ios/meal.advisor.ios/meal.advisor.ios/meal.advisor.ios.xcodeproj
    
    Using response file: /Users/jans./Library/Developer/Xcode/DerivedData/meal.advisor.ios-csaldjncgoleykghtkpncaypzmvo/Build/Intermediates.noindex/AppAuth.build/Debug-iphonesimulator/AppAuthCore.build/Objects-normal/arm64/e6072d4f65d7061329687fe24e3d63a7-common-args.resp
    
    /Applications/Xcode.app/Contents/Developer/Toolchains/XcodeDefault.xctoolchain/usr/bin/clang -x objective-c -ivfsstatcache /Users/jans./Library/Developer/Xcode/DerivedData/SDKStatCaches.noindex/iphonesimulator18.5-22F76-d5fc8ad4295d2ef488fb7d0f804ce0c4.sdkstatcache -fmessage-length\=0 -fdiagnostics-show-note-include-stack -fmacro-backtrace-limit\=0 -fno-color-diagnostics -fmodules-prune-interval\=86400 -fmodules-prune-after\=345600 -fbuild-session-file\=/Users/jans./Library/Developer/Xcode/DerivedData/ModuleCache.noindex/Session.modulevalidation -fmodules-validate-once-per-build-session -Wnon-modular-include-in-framework-module -Werror\=non-modular-include-in-framework-module -Wno-trigraphs -Wno-missing-field-initializers -Wno-missing-prototypes -Wno-return-type -Wno-implicit-atomic-properties -Wno-objc-interface-ivars -Wno-arc-repeated-use-of-weak -Wno-missing-braces -Wparentheses -Wswitch -Wno-unused-function -Wno-unused-label -Wno-unused-parameter -Wno-unused-variable -Wunused-value -Wno-empty-body -Wno-uninitialized -Wno-unknown-pragmas -w -Wno-shadow -Wno-four-char-constants -Wno-conversion -Wno-constant-conversion -Wno-int-conversion -Wno-bool-conversion -Wno-enum-conversion -Wno-float-conversion -Wno-non-literal-null-conversion -Wno-objc-literal-conversion -Wshorten-64-to-32 -Wpointer-sign -Wno-newline-eof -Wno-selector -Wno-strict-selector-match -Wno-undeclared-selector -Wno-deprecated-implementations -Wno-implicit-fallthrough -fstrict-aliasing -Wprotocol -Wdeprecated-declarations -Wno-sign-conversion -Wno-infinite-recursion -Wno-comma -Wno-block-capture-autoreleasing -Wno-strict-prototypes -Wno-semicolon-before-method-body -index-store-path /Users/jans./Library/Developer/Xcode/DerivedData/meal.advisor.ios-csaldjncgoleykghtkpncaypzmvo/Index.noindex/DataStore @/Users/jans./Library/Developer/Xcode/DerivedData/meal.advisor.ios-csaldjncgoleykghtkpncaypzmvo/Build/Intermediates.noindex/AppAuth.build/Debug-iphonesimulator/AppAuthCore.build/Objects-normal/arm64/e6072d4f65d7061329687fe24e3d63a7-common-args.resp -include /Users/jans./Library/Developer/Xcode/DerivedData/meal.advisor.ios-csaldjncgoleykghtkpncaypzmvo/Build/Intermediates.noindex/AppAuth.build/Debug-iphonesimulator/AppAuthCore.build/DerivedSources/resource_bundle_accessor.h -MMD -MT dependencies -MF /Users/jans./Library/Developer/Xcode/DerivedData/meal.advisor.ios-csaldjncgoleykghtkpncaypzmvo/Build/Intermediates.noindex/AppAuth.build/Debug-iphonesimulator/AppAuthCore.build/Objects-normal/arm64/OIDScopes.d --serialize-diagnostics /Users/jans./Library/Developer/Xcode/DerivedData/meal.advisor.ios-csaldjncgoleykghtkpncaypzmvo/Build/Intermediates.noindex/AppAuth.build/Debug-iphonesimulator/AppAuthCore.build/Objects-normal/arm64/OIDScopes.dia -c /Users/jans./Library/Developer/Xcode/DerivedData/meal.advisor.ios-csaldjncgoleykghtkpncaypzmvo/SourcePackages/checkouts/AppAuth-iOS/Sources/AppAuthCore/OIDScopes.m -o /Users/jans./Library/Developer/Xcode/DerivedData/meal.advisor.ios-csaldjncgoleykghtkpncaypzmvo/Build/Intermediates.noindex/AppAuth.build/Debug-iphonesimulator/AppAuthCore.build/Objects-normal/arm64/OIDScopes.o -index-unit-output-path /AppAuth.build/Debug-iphonesimulator/AppAuthCore.build/Objects-normal/arm64/OIDScopes.o

ScanDependencies /Users/jans./Library/Developer/Xcode/DerivedData/meal.advisor.ios-csaldjncgoleykghtkpncaypzmvo/Build/Intermediates.noindex/AppAuth.build/Debug-iphonesimulator/AppAuthCore.build/Objects-normal/arm64/OIDResponseTypes.o /Users/jans./Library/Developer/Xcode/DerivedData/meal.advisor.ios-csaldjncgoleykghtkpncaypzmvo/SourcePackages/checkouts/AppAuth-iOS/Sources/AppAuthCore/OIDResponseTypes.m normal arm64 objective-c com.apple.compilers.llvm.clang.1_0.compiler (in target 'AppAuthCore' from project 'AppAuth')
    cd /Users/jans./Downloads/meal.advisor/meal.advisor.ios/meal.advisor.ios/meal.advisor.ios/meal.advisor.ios.xcodeproj
    
    Using response file: /Users/jans./Library/Developer/Xcode/DerivedData/meal.advisor.ios-csaldjncgoleykghtkpncaypzmvo/Build/Intermediates.noindex/AppAuth.build/Debug-iphonesimulator/AppAuthCore.build/Objects-normal/arm64/e6072d4f65d7061329687fe24e3d63a7-common-args.resp
    
    builtin-ScanDependencies -o /Users/jans./Library/Developer/Xcode/DerivedData/meal.advisor.ios-csaldjncgoleykghtkpncaypzmvo/Build/Intermediates.noindex/AppAuth.build/Debug-iphonesimulator/AppAuthCore.build/Objects-normal/arm64/OIDResponseTypes.o.scan -- /Applications/Xcode.app/Contents/Developer/Toolchains/XcodeDefault.xctoolchain/usr/bin/clang -x objective-c -ivfsstatcache /Users/jans./Library/Developer/Xcode/DerivedData/SDKStatCaches.noindex/iphonesimulator18.5-22F76-d5fc8ad4295d2ef488fb7d0f804ce0c4.sdkstatcache -fmessage-length\=0 -fdiagnostics-show-note-include-stack -fmacro-backtrace-limit\=0 -fno-color-diagnostics -fmodules-prune-interval\=86400 -fmodules-prune-after\=345600 -fbuild-session-file\=/Users/jans./Library/Developer/Xcode/DerivedData/ModuleCache.noindex/Session.modulevalidation -fmodules-validate-once-per-build-session -Wnon-modular-include-in-framework-module -Werror\=non-modular-include-in-framework-module -Wno-trigraphs -Wno-missing-field-initializers -Wno-missing-prototypes -Wno-return-type -Wno-implicit-atomic-properties -Wno-objc-interface-ivars -Wno-arc-repeated-use-of-weak -Wno-missing-braces -Wparentheses -Wswitch -Wno-unused-function -Wno-unused-label -Wno-unused-parameter -Wno-unused-variable -Wunused-value -Wno-empty-body -Wno-uninitialized -Wno-unknown-pragmas -w -Wno-shadow -Wno-four-char-constants -Wno-conversion -Wno-constant-conversion -Wno-int-conversion -Wno-bool-conversion -Wno-enum-conversion -Wno-float-conversion -Wno-non-literal-null-conversion -Wno-objc-literal-conversion -Wshorten-64-to-32 -Wpointer-sign -Wno-newline-eof -Wno-selector -Wno-strict-selector-match -Wno-undeclared-selector -Wno-deprecated-implementations -Wno-implicit-fallthrough -fstrict-aliasing -Wprotocol -Wdeprecated-declarations -Wno-sign-conversion -Wno-infinite-recursion -Wno-comma -Wno-block-capture-autoreleasing -Wno-strict-prototypes -Wno-semicolon-before-method-body -index-store-path /Users/jans./Library/Developer/Xcode/DerivedData/meal.advisor.ios-csaldjncgoleykghtkpncaypzmvo/Index.noindex/DataStore @/Users/jans./Library/Developer/Xcode/DerivedData/meal.advisor.ios-csaldjncgoleykghtkpncaypzmvo/Build/Intermediates.noindex/AppAuth.build/Debug-iphonesimulator/AppAuthCore.build/Objects-normal/arm64/e6072d4f65d7061329687fe24e3d63a7-common-args.resp -include /Users/jans./Library/Developer/Xcode/DerivedData/meal.advisor.ios-csaldjncgoleykghtkpncaypzmvo/Build/Intermediates.noindex/AppAuth.build/Debug-iphonesimulator/AppAuthCore.build/DerivedSources/resource_bundle_accessor.h -MMD -MT dependencies -MF /Users/jans./Library/Developer/Xcode/DerivedData/meal.advisor.ios-csaldjncgoleykghtkpncaypzmvo/Build/Intermediates.noindex/AppAuth.build/Debug-iphonesimulator/AppAuthCore.build/Objects-normal/arm64/OIDResponseTypes.d --serialize-diagnostics /Users/jans./Library/Developer/Xcode/DerivedData/meal.advisor.ios-csaldjncgoleykghtkpncaypzmvo/Build/Intermediates.noindex/AppAuth.build/Debug-iphonesimulator/AppAuthCore.build/Objects-normal/arm64/OIDResponseTypes.dia -c /Users/jans./Library/Developer/Xcode/DerivedData/meal.advisor.ios-csaldjncgoleykghtkpncaypzmvo/SourcePackages/checkouts/AppAuth-iOS/Sources/AppAuthCore/OIDResponseTypes.m -o /Users/jans./Library/Developer/Xcode/DerivedData/meal.advisor.ios-csaldjncgoleykghtkpncaypzmvo/Build/Intermediates.noindex/AppAuth.build/Debug-iphonesimulator/AppAuthCore.build/Objects-normal/arm64/OIDResponseTypes.o -index-unit-output-path /AppAuth.build/Debug-iphonesimulator/AppAuthCore.build/Objects-normal/arm64/OIDResponseTypes.o

CompileC /Users/jans./Library/Developer/Xcode/DerivedData/meal.advisor.ios-csaldjncgoleykghtkpncaypzmvo/Build/Intermediates.noindex/AppAuth.build/Debug-iphonesimulator/AppAuthCore.build/Objects-normal/arm64/OIDScopeUtilities.o /Users/jans./Library/Developer/Xcode/DerivedData/meal.advisor.ios-csaldjncgoleykghtkpncaypzmvo/SourcePackages/checkouts/AppAuth-iOS/Sources/AppAuthCore/OIDScopeUtilities.m normal arm64 objective-c com.apple.compilers.llvm.clang.1_0.compiler (in target 'AppAuthCore' from project 'AppAuth')
    cd /Users/jans./Downloads/meal.advisor/meal.advisor.ios/meal.advisor.ios/meal.advisor.ios/meal.advisor.ios.xcodeproj
    
    Using response file: /Users/jans./Library/Developer/Xcode/DerivedData/meal.advisor.ios-csaldjncgoleykghtkpncaypzmvo/Build/Intermediates.noindex/AppAuth.build/Debug-iphonesimulator/AppAuthCore.build/Objects-normal/arm64/e6072d4f65d7061329687fe24e3d63a7-common-args.resp
    
    /Applications/Xcode.app/Contents/Developer/Toolchains/XcodeDefault.xctoolchain/usr/bin/clang -x objective-c -ivfsstatcache /Users/jans./Library/Developer/Xcode/DerivedData/SDKStatCaches.noindex/iphonesimulator18.5-22F76-d5fc8ad4295d2ef488fb7d0f804ce0c4.sdkstatcache -fmessage-length\=0 -fdiagnostics-show-note-include-stack -fmacro-backtrace-limit\=0 -fno-color-diagnostics -fmodules-prune-interval\=86400 -fmodules-prune-after\=345600 -fbuild-session-file\=/Users/jans./Library/Developer/Xcode/DerivedData/ModuleCache.noindex/Session.modulevalidation -fmodules-validate-once-per-build-session -Wnon-modular-include-in-framework-module -Werror\=non-modular-include-in-framework-module -Wno-trigraphs -Wno-missing-field-initializers -Wno-missing-prototypes -Wno-return-type -Wno-implicit-atomic-properties -Wno-objc-interface-ivars -Wno-arc-repeated-use-of-weak -Wno-missing-braces -Wparentheses -Wswitch -Wno-unused-function -Wno-unused-label -Wno-unused-parameter -Wno-unused-variable -Wunused-value -Wno-empty-body -Wno-uninitialized -Wno-unknown-pragmas -w -Wno-shadow -Wno-four-char-constants -Wno-conversion -Wno-constant-conversion -Wno-int-conversion -Wno-bool-conversion -Wno-enum-conversion -Wno-float-conversion -Wno-non-literal-null-conversion -Wno-objc-literal-conversion -Wshorten-64-to-32 -Wpointer-sign -Wno-newline-eof -Wno-selector -Wno-strict-selector-match -Wno-undeclared-selector -Wno-deprecated-implementations -Wno-implicit-fallthrough -fstrict-aliasing -Wprotocol -Wdeprecated-declarations -Wno-sign-conversion -Wno-infinite-recursion -Wno-comma -Wno-block-capture-autoreleasing -Wno-strict-prototypes -Wno-semicolon-before-method-body -index-store-path /Users/jans./Library/Developer/Xcode/DerivedData/meal.advisor.ios-csaldjncgoleykghtkpncaypzmvo/Index.noindex/DataStore @/Users/jans./Library/Developer/Xcode/DerivedData/meal.advisor.ios-csaldjncgoleykghtkpncaypzmvo/Build/Intermediates.noindex/AppAuth.build/Debug-iphonesimulator/AppAuthCore.build/Objects-normal/arm64/e6072d4f65d7061329687fe24e3d63a7-common-args.resp -include /Users/jans./Library/Developer/Xcode/DerivedData/meal.advisor.ios-csaldjncgoleykghtkpncaypzmvo/Build/Intermediates.noindex/AppAuth.build/Debug-iphonesimulator/AppAuthCore.build/DerivedSources/resource_bundle_accessor.h -MMD -MT dependencies -MF /Users/jans./Library/Developer/Xcode/DerivedData/meal.advisor.ios-csaldjncgoleykghtkpncaypzmvo/Build/Intermediates.noindex/AppAuth.build/Debug-iphonesimulator/AppAuthCore.build/Objects-normal/arm64/OIDScopeUtilities.d --serialize-diagnostics /Users/jans./Library/Developer/Xcode/DerivedData/meal.advisor.ios-csaldjncgoleykghtkpncaypzmvo/Build/Intermediates.noindex/AppAuth.build/Debug-iphonesimulator/AppAuthCore.build/Objects-normal/arm64/OIDScopeUtilities.dia -c /Users/jans./Library/Developer/Xcode/DerivedData/meal.advisor.ios-csaldjncgoleykghtkpncaypzmvo/SourcePackages/checkouts/AppAuth-iOS/Sources/AppAuthCore/OIDScopeUtilities.m -o /Users/jans./Library/Developer/Xcode/DerivedData/meal.advisor.ios-csaldjncgoleykghtkpncaypzmvo/Build/Intermediates.noindex/AppAuth.build/Debug-iphonesimulator/AppAuthCore.build/Objects-normal/arm64/OIDScopeUtilities.o -index-unit-output-path /AppAuth.build/Debug-iphonesimulator/AppAuthCore.build/Objects-normal/arm64/OIDScopeUtilities.o

SwiftDriverJobDiscovery normal arm64 Compiling ActorIsolated.swift, AnyHashableSendable.swift (in target 'ConcurrencyExtras' from project 'swift-concurrency-extras')

ScanDependencies /Users/jans./Library/Developer/Xcode/DerivedData/meal.advisor.ios-csaldjncgoleykghtkpncaypzmvo/Build/Intermediates.noindex/AppAuth.build/Debug-iphonesimulator/AppAuthCore.build/Objects-normal/arm64/OIDRegistrationResponse.o /Users/jans./Library/Developer/Xcode/DerivedData/meal.advisor.ios-csaldjncgoleykghtkpncaypzmvo/SourcePackages/checkouts/AppAuth-iOS/Sources/AppAuthCore/OIDRegistrationResponse.m normal arm64 objective-c com.apple.compilers.llvm.clang.1_0.compiler (in target 'AppAuthCore' from project 'AppAuth')
    cd /Users/jans./Downloads/meal.advisor/meal.advisor.ios/meal.advisor.ios/meal.advisor.ios/meal.advisor.ios.xcodeproj
    
    Using response file: /Users/jans./Library/Developer/Xcode/DerivedData/meal.advisor.ios-csaldjncgoleykghtkpncaypzmvo/Build/Intermediates.noindex/AppAuth.build/Debug-iphonesimulator/AppAuthCore.build/Objects-normal/arm64/e6072d4f65d7061329687fe24e3d63a7-common-args.resp
    
    builtin-ScanDependencies -o /Users/jans./Library/Developer/Xcode/DerivedData/meal.advisor.ios-csaldjncgoleykghtkpncaypzmvo/Build/Intermediates.noindex/AppAuth.build/Debug-iphonesimulator/AppAuthCore.build/Objects-normal/arm64/OIDRegistrationResponse.o.scan -- /Applications/Xcode.app/Contents/Developer/Toolchains/XcodeDefault.xctoolchain/usr/bin/clang -x objective-c -ivfsstatcache /Users/jans./Library/Developer/Xcode/DerivedData/SDKStatCaches.noindex/iphonesimulator18.5-22F76-d5fc8ad4295d2ef488fb7d0f804ce0c4.sdkstatcache -fmessage-length\=0 -fdiagnostics-show-note-include-stack -fmacro-backtrace-limit\=0 -fno-color-diagnostics -fmodules-prune-interval\=86400 -fmodules-prune-after\=345600 -fbuild-session-file\=/Users/jans./Library/Developer/Xcode/DerivedData/ModuleCache.noindex/Session.modulevalidation -fmodules-validate-once-per-build-session -Wnon-modular-include-in-framework-module -Werror\=non-modular-include-in-framework-module -Wno-trigraphs -Wno-missing-field-initializers -Wno-missing-prototypes -Wno-return-type -Wno-implicit-atomic-properties -Wno-objc-interface-ivars -Wno-arc-repeated-use-of-weak -Wno-missing-braces -Wparentheses -Wswitch -Wno-unused-function -Wno-unused-label -Wno-unused-parameter -Wno-unused-variable -Wunused-value -Wno-empty-body -Wno-uninitialized -Wno-unknown-pragmas -w -Wno-shadow -Wno-four-char-constants -Wno-conversion -Wno-constant-conversion -Wno-int-conversion -Wno-bool-conversion -Wno-enum-conversion -Wno-float-conversion -Wno-non-literal-null-conversion -Wno-objc-literal-conversion -Wshorten-64-to-32 -Wpointer-sign -Wno-newline-eof -Wno-selector -Wno-strict-selector-match -Wno-undeclared-selector -Wno-deprecated-implementations -Wno-implicit-fallthrough -fstrict-aliasing -Wprotocol -Wdeprecated-declarations -Wno-sign-conversion -Wno-infinite-recursion -Wno-comma -Wno-block-capture-autoreleasing -Wno-strict-prototypes -Wno-semicolon-before-method-body -index-store-path /Users/jans./Library/Developer/Xcode/DerivedData/meal.advisor.ios-csaldjncgoleykghtkpncaypzmvo/Index.noindex/DataStore @/Users/jans./Library/Developer/Xcode/DerivedData/meal.advisor.ios-csaldjncgoleykghtkpncaypzmvo/Build/Intermediates.noindex/AppAuth.build/Debug-iphonesimulator/AppAuthCore.build/Objects-normal/arm64/e6072d4f65d7061329687fe24e3d63a7-common-args.resp -include /Users/jans./Library/Developer/Xcode/DerivedData/meal.advisor.ios-csaldjncgoleykghtkpncaypzmvo/Build/Intermediates.noindex/AppAuth.build/Debug-iphonesimulator/AppAuthCore.build/DerivedSources/resource_bundle_accessor.h -MMD -MT dependencies -MF /Users/jans./Library/Developer/Xcode/DerivedData/meal.advisor.ios-csaldjncgoleykghtkpncaypzmvo/Build/Intermediates.noindex/AppAuth.build/Debug-iphonesimulator/AppAuthCore.build/Objects-normal/arm64/OIDRegistrationResponse.d --serialize-diagnostics /Users/jans./Library/Developer/Xcode/DerivedData/meal.advisor.ios-csaldjncgoleykghtkpncaypzmvo/Build/Intermediates.noindex/AppAuth.build/Debug-iphonesimulator/AppAuthCore.build/Objects-normal/arm64/OIDRegistrationResponse.dia -c /Users/jans./Library/Developer/Xcode/DerivedData/meal.advisor.ios-csaldjncgoleykghtkpncaypzmvo/SourcePackages/checkouts/AppAuth-iOS/Sources/AppAuthCore/OIDRegistrationResponse.m -o /Users/jans./Library/Developer/Xcode/DerivedData/meal.advisor.ios-csaldjncgoleykghtkpncaypzmvo/Build/Intermediates.noindex/AppAuth.build/Debug-iphonesimulator/AppAuthCore.build/Objects-normal/arm64/OIDRegistrationResponse.o -index-unit-output-path /AppAuth.build/Debug-iphonesimulator/AppAuthCore.build/Objects-normal/arm64/OIDRegistrationResponse.o

ScanDependencies /Users/jans./Library/Developer/Xcode/DerivedData/meal.advisor.ios-csaldjncgoleykghtkpncaypzmvo/Build/Intermediates.noindex/AppAuth.build/Debug-iphonesimulator/AppAuthCore.build/Objects-normal/arm64/OIDRegistrationRequest.o /Users/jans./Library/Developer/Xcode/DerivedData/meal.advisor.ios-csaldjncgoleykghtkpncaypzmvo/SourcePackages/checkouts/AppAuth-iOS/Sources/AppAuthCore/OIDRegistrationRequest.m normal arm64 objective-c com.apple.compilers.llvm.clang.1_0.compiler (in target 'AppAuthCore' from project 'AppAuth')
    cd /Users/jans./Downloads/meal.advisor/meal.advisor.ios/meal.advisor.ios/meal.advisor.ios/meal.advisor.ios.xcodeproj
    
    Using response file: /Users/jans./Library/Developer/Xcode/DerivedData/meal.advisor.ios-csaldjncgoleykghtkpncaypzmvo/Build/Intermediates.noindex/AppAuth.build/Debug-iphonesimulator/AppAuthCore.build/Objects-normal/arm64/e6072d4f65d7061329687fe24e3d63a7-common-args.resp
    
    builtin-ScanDependencies -o /Users/jans./Library/Developer/Xcode/DerivedData/meal.advisor.ios-csaldjncgoleykghtkpncaypzmvo/Build/Intermediates.noindex/AppAuth.build/Debug-iphonesimulator/AppAuthCore.build/Objects-normal/arm64/OIDRegistrationRequest.o.scan -- /Applications/Xcode.app/Contents/Developer/Toolchains/XcodeDefault.xctoolchain/usr/bin/clang -x objective-c -ivfsstatcache /Users/jans./Library/Developer/Xcode/DerivedData/SDKStatCaches.noindex/iphonesimulator18.5-22F76-d5fc8ad4295d2ef488fb7d0f804ce0c4.sdkstatcache -fmessage-length\=0 -fdiagnostics-show-note-include-stack -fmacro-backtrace-limit\=0 -fno-color-diagnostics -fmodules-prune-interval\=86400 -fmodules-prune-after\=345600 -fbuild-session-file\=/Users/jans./Library/Developer/Xcode/DerivedData/ModuleCache.noindex/Session.modulevalidation -fmodules-validate-once-per-build-session -Wnon-modular-include-in-framework-module -Werror\=non-modular-include-in-framework-module -Wno-trigraphs -Wno-missing-field-initializers -Wno-missing-prototypes -Wno-return-type -Wno-implicit-atomic-properties -Wno-objc-interface-ivars -Wno-arc-repeated-use-of-weak -Wno-missing-braces -Wparentheses -Wswitch -Wno-unused-function -Wno-unused-label -Wno-unused-parameter -Wno-unused-variable -Wunused-value -Wno-empty-body -Wno-uninitialized -Wno-unknown-pragmas -w -Wno-shadow -Wno-four-char-constants -Wno-conversion -Wno-constant-conversion -Wno-int-conversion -Wno-bool-conversion -Wno-enum-conversion -Wno-float-conversion -Wno-non-literal-null-conversion -Wno-objc-literal-conversion -Wshorten-64-to-32 -Wpointer-sign -Wno-newline-eof -Wno-selector -Wno-strict-selector-match -Wno-undeclared-selector -Wno-deprecated-implementations -Wno-implicit-fallthrough -fstrict-aliasing -Wprotocol -Wdeprecated-declarations -Wno-sign-conversion -Wno-infinite-recursion -Wno-comma -Wno-block-capture-autoreleasing -Wno-strict-prototypes -Wno-semicolon-before-method-body -index-store-path /Users/jans./Library/Developer/Xcode/DerivedData/meal.advisor.ios-csaldjncgoleykghtkpncaypzmvo/Index.noindex/DataStore @/Users/jans./Library/Developer/Xcode/DerivedData/meal.advisor.ios-csaldjncgoleykghtkpncaypzmvo/Build/Intermediates.noindex/AppAuth.build/Debug-iphonesimulator/AppAuthCore.build/Objects-normal/arm64/e6072d4f65d7061329687fe24e3d63a7-common-args.resp -include /Users/jans./Library/Developer/Xcode/DerivedData/meal.advisor.ios-csaldjncgoleykghtkpncaypzmvo/Build/Intermediates.noindex/AppAuth.build/Debug-iphonesimulator/AppAuthCore.build/DerivedSources/resource_bundle_accessor.h -MMD -MT dependencies -MF /Users/jans./Library/Developer/Xcode/DerivedData/meal.advisor.ios-csaldjncgoleykghtkpncaypzmvo/Build/Intermediates.noindex/AppAuth.build/Debug-iphonesimulator/AppAuthCore.build/Objects-normal/arm64/OIDRegistrationRequest.d --serialize-diagnostics /Users/jans./Library/Developer/Xcode/DerivedData/meal.advisor.ios-csaldjncgoleykghtkpncaypzmvo/Build/Intermediates.noindex/AppAuth.build/Debug-iphonesimulator/AppAuthCore.build/Objects-normal/arm64/OIDRegistrationRequest.dia -c /Users/jans./Library/Developer/Xcode/DerivedData/meal.advisor.ios-csaldjncgoleykghtkpncaypzmvo/SourcePackages/checkouts/AppAuth-iOS/Sources/AppAuthCore/OIDRegistrationRequest.m -o /Users/jans./Library/Developer/Xcode/DerivedData/meal.advisor.ios-csaldjncgoleykghtkpncaypzmvo/Build/Intermediates.noindex/AppAuth.build/Debug-iphonesimulator/AppAuthCore.build/Objects-normal/arm64/OIDRegistrationRequest.o -index-unit-output-path /AppAuth.build/Debug-iphonesimulator/AppAuthCore.build/Objects-normal/arm64/OIDRegistrationRequest.o

ScanDependencies /Users/jans./Library/Developer/Xcode/DerivedData/meal.advisor.ios-csaldjncgoleykghtkpncaypzmvo/Build/Intermediates.noindex/AppAuth.build/Debug-iphonesimulator/AppAuthCore.build/Objects-normal/arm64/OIDIDToken.o /Users/jans./Library/Developer/Xcode/DerivedData/meal.advisor.ios-csaldjncgoleykghtkpncaypzmvo/SourcePackages/checkouts/AppAuth-iOS/Sources/AppAuthCore/OIDIDToken.m normal arm64 objective-c com.apple.compilers.llvm.clang.1_0.compiler (in target 'AppAuthCore' from project 'AppAuth')
    cd /Users/jans./Downloads/meal.advisor/meal.advisor.ios/meal.advisor.ios/meal.advisor.ios/meal.advisor.ios.xcodeproj
    
    Using response file: /Users/jans./Library/Developer/Xcode/DerivedData/meal.advisor.ios-csaldjncgoleykghtkpncaypzmvo/Build/Intermediates.noindex/AppAuth.build/Debug-iphonesimulator/AppAuthCore.build/Objects-normal/arm64/e6072d4f65d7061329687fe24e3d63a7-common-args.resp
    
    builtin-ScanDependencies -o /Users/jans./Library/Developer/Xcode/DerivedData/meal.advisor.ios-csaldjncgoleykghtkpncaypzmvo/Build/Intermediates.noindex/AppAuth.build/Debug-iphonesimulator/AppAuthCore.build/Objects-normal/arm64/OIDIDToken.o.scan -- /Applications/Xcode.app/Contents/Developer/Toolchains/XcodeDefault.xctoolchain/usr/bin/clang -x objective-c -ivfsstatcache /Users/jans./Library/Developer/Xcode/DerivedData/SDKStatCaches.noindex/iphonesimulator18.5-22F76-d5fc8ad4295d2ef488fb7d0f804ce0c4.sdkstatcache -fmessage-length\=0 -fdiagnostics-show-note-include-stack -fmacro-backtrace-limit\=0 -fno-color-diagnostics -fmodules-prune-interval\=86400 -fmodules-prune-after\=345600 -fbuild-session-file\=/Users/jans./Library/Developer/Xcode/DerivedData/ModuleCache.noindex/Session.modulevalidation -fmodules-validate-once-per-build-session -Wnon-modular-include-in-framework-module -Werror\=non-modular-include-in-framework-module -Wno-trigraphs -Wno-missing-field-initializers -Wno-missing-prototypes -Wno-return-type -Wno-implicit-atomic-properties -Wno-objc-interface-ivars -Wno-arc-repeated-use-of-weak -Wno-missing-braces -Wparentheses -Wswitch -Wno-unused-function -Wno-unused-label -Wno-unused-parameter -Wno-unused-variable -Wunused-value -Wno-empty-body -Wno-uninitialized -Wno-unknown-pragmas -w -Wno-shadow -Wno-four-char-constants -Wno-conversion -Wno-constant-conversion -Wno-int-conversion -Wno-bool-conversion -Wno-enum-conversion -Wno-float-conversion -Wno-non-literal-null-conversion -Wno-objc-literal-conversion -Wshorten-64-to-32 -Wpointer-sign -Wno-newline-eof -Wno-selector -Wno-strict-selector-match -Wno-undeclared-selector -Wno-deprecated-implementations -Wno-implicit-fallthrough -fstrict-aliasing -Wprotocol -Wdeprecated-declarations -Wno-sign-conversion -Wno-infinite-recursion -Wno-comma -Wno-block-capture-autoreleasing -Wno-strict-prototypes -Wno-semicolon-before-method-body -index-store-path /Users/jans./Library/Developer/Xcode/DerivedData/meal.advisor.ios-csaldjncgoleykghtkpncaypzmvo/Index.noindex/DataStore @/Users/jans./Library/Developer/Xcode/DerivedData/meal.advisor.ios-csaldjncgoleykghtkpncaypzmvo/Build/Intermediates.noindex/AppAuth.build/Debug-iphonesimulator/AppAuthCore.build/Objects-normal/arm64/e6072d4f65d7061329687fe24e3d63a7-common-args.resp -include /Users/jans./Library/Developer/Xcode/DerivedData/meal.advisor.ios-csaldjncgoleykghtkpncaypzmvo/Build/Intermediates.noindex/AppAuth.build/Debug-iphonesimulator/AppAuthCore.build/DerivedSources/resource_bundle_accessor.h -MMD -MT dependencies -MF /Users/jans./Library/Developer/Xcode/DerivedData/meal.advisor.ios-csaldjncgoleykghtkpncaypzmvo/Build/Intermediates.noindex/AppAuth.build/Debug-iphonesimulator/AppAuthCore.build/Objects-normal/arm64/OIDIDToken.d --serialize-diagnostics /Users/jans./Library/Developer/Xcode/DerivedData/meal.advisor.ios-csaldjncgoleykghtkpncaypzmvo/Build/Intermediates.noindex/AppAuth.build/Debug-iphonesimulator/AppAuthCore.build/Objects-normal/arm64/OIDIDToken.dia -c /Users/jans./Library/Developer/Xcode/DerivedData/meal.advisor.ios-csaldjncgoleykghtkpncaypzmvo/SourcePackages/checkouts/AppAuth-iOS/Sources/AppAuthCore/OIDIDToken.m -o /Users/jans./Library/Developer/Xcode/DerivedData/meal.advisor.ios-csaldjncgoleykghtkpncaypzmvo/Build/Intermediates.noindex/AppAuth.build/Debug-iphonesimulator/AppAuthCore.build/Objects-normal/arm64/OIDIDToken.o -index-unit-output-path /AppAuth.build/Debug-iphonesimulator/AppAuthCore.build/Objects-normal/arm64/OIDIDToken.o

CompileC /Users/jans./Library/Developer/Xcode/DerivedData/meal.advisor.ios-csaldjncgoleykghtkpncaypzmvo/Build/Intermediates.noindex/GTMSessionFetcher.build/Debug-iphonesimulator/GTMSessionFetcherCore.build/Objects-normal/arm64/GTMSessionUploadFetcher.o /Users/jans./Library/Developer/Xcode/DerivedData/meal.advisor.ios-csaldjncgoleykghtkpncaypzmvo/SourcePackages/checkouts/gtm-session-fetcher/Sources/Core/GTMSessionUploadFetcher.m normal arm64 objective-c com.apple.compilers.llvm.clang.1_0.compiler (in target 'GTMSessionFetcherCore' from project 'GTMSessionFetcher')
    cd /Users/jans./Downloads/meal.advisor/meal.advisor.ios/meal.advisor.ios/meal.advisor.ios/meal.advisor.ios.xcodeproj
    
    Using response file: /Users/jans./Library/Developer/Xcode/DerivedData/meal.advisor.ios-csaldjncgoleykghtkpncaypzmvo/Build/Intermediates.noindex/GTMSessionFetcher.build/Debug-iphonesimulator/GTMSessionFetcherCore.build/Objects-normal/arm64/e6072d4f65d7061329687fe24e3d63a7-common-args.resp
    
    /Applications/Xcode.app/Contents/Developer/Toolchains/XcodeDefault.xctoolchain/usr/bin/clang -x objective-c -ivfsstatcache /Users/jans./Library/Developer/Xcode/DerivedData/SDKStatCaches.noindex/iphonesimulator18.5-22F76-d5fc8ad4295d2ef488fb7d0f804ce0c4.sdkstatcache -fmessage-length\=0 -fdiagnostics-show-note-include-stack -fmacro-backtrace-limit\=0 -fno-color-diagnostics -fmodules-prune-interval\=86400 -fmodules-prune-after\=345600 -fbuild-session-file\=/Users/jans./Library/Developer/Xcode/DerivedData/ModuleCache.noindex/Session.modulevalidation -fmodules-validate-once-per-build-session -Wnon-modular-include-in-framework-module -Werror\=non-modular-include-in-framework-module -Wno-trigraphs -Wno-missing-field-initializers -Wno-missing-prototypes -Wno-return-type -Wno-implicit-atomic-properties -Wno-objc-interface-ivars -Wno-arc-repeated-use-of-weak -Wno-missing-braces -Wparentheses -Wswitch -Wno-unused-function -Wno-unused-label -Wno-unused-parameter -Wno-unused-variable -Wunused-value -Wno-empty-body -Wno-uninitialized -Wno-unknown-pragmas -w -Wno-shadow -Wno-four-char-constants -Wno-conversion -Wno-constant-conversion -Wno-int-conversion -Wno-bool-conversion -Wno-enum-conversion -Wno-float-conversion -Wno-non-literal-null-conversion -Wno-objc-literal-conversion -Wshorten-64-to-32 -Wpointer-sign -Wno-newline-eof -Wno-selector -Wno-strict-selector-match -Wno-undeclared-selector -Wno-deprecated-implementations -Wno-implicit-fallthrough -fstrict-aliasing -Wprotocol -Wdeprecated-declarations -Wno-sign-conversion -Wno-infinite-recursion -Wno-comma -Wno-block-capture-autoreleasing -Wno-strict-prototypes -Wno-semicolon-before-method-body -index-store-path /Users/jans./Library/Developer/Xcode/DerivedData/meal.advisor.ios-csaldjncgoleykghtkpncaypzmvo/Index.noindex/DataStore @/Users/jans./Library/Developer/Xcode/DerivedData/meal.advisor.ios-csaldjncgoleykghtkpncaypzmvo/Build/Intermediates.noindex/GTMSessionFetcher.build/Debug-iphonesimulator/GTMSessionFetcherCore.build/Objects-normal/arm64/e6072d4f65d7061329687fe24e3d63a7-common-args.resp -include /Users/jans./Library/Developer/Xcode/DerivedData/meal.advisor.ios-csaldjncgoleykghtkpncaypzmvo/Build/Intermediates.noindex/GTMSessionFetcher.build/Debug-iphonesimulator/GTMSessionFetcherCore.build/DerivedSources/resource_bundle_accessor.h -MMD -MT dependencies -MF /Users/jans./Library/Developer/Xcode/DerivedData/meal.advisor.ios-csaldjncgoleykghtkpncaypzmvo/Build/Intermediates.noindex/GTMSessionFetcher.build/Debug-iphonesimulator/GTMSessionFetcherCore.build/Objects-normal/arm64/GTMSessionUploadFetcher.d --serialize-diagnostics /Users/jans./Library/Developer/Xcode/DerivedData/meal.advisor.ios-csaldjncgoleykghtkpncaypzmvo/Build/Intermediates.noindex/GTMSessionFetcher.build/Debug-iphonesimulator/GTMSessionFetcherCore.build/Objects-normal/arm64/GTMSessionUploadFetcher.dia -c /Users/jans./Library/Developer/Xcode/DerivedData/meal.advisor.ios-csaldjncgoleykghtkpncaypzmvo/SourcePackages/checkouts/gtm-session-fetcher/Sources/Core/GTMSessionUploadFetcher.m -o /Users/jans./Library/Developer/Xcode/DerivedData/meal.advisor.ios-csaldjncgoleykghtkpncaypzmvo/Build/Intermediates.noindex/GTMSessionFetcher.build/Debug-iphonesimulator/GTMSessionFetcherCore.build/Objects-normal/arm64/GTMSessionUploadFetcher.o -index-unit-output-path /GTMSessionFetcher.build/Debug-iphonesimulator/GTMSessionFetcherCore.build/Objects-normal/arm64/GTMSessionUploadFetcher.o

CompileC /Users/jans./Library/Developer/Xcode/DerivedData/meal.advisor.ios-csaldjncgoleykghtkpncaypzmvo/Build/Intermediates.noindex/GTMSessionFetcher.build/Debug-iphonesimulator/GTMSessionFetcherCore.build/Objects-normal/arm64/GTMSessionFetcherService.o /Users/jans./Library/Developer/Xcode/DerivedData/meal.advisor.ios-csaldjncgoleykghtkpncaypzmvo/SourcePackages/checkouts/gtm-session-fetcher/Sources/Core/GTMSessionFetcherService.m normal arm64 objective-c com.apple.compilers.llvm.clang.1_0.compiler (in target 'GTMSessionFetcherCore' from project 'GTMSessionFetcher')
    cd /Users/jans./Downloads/meal.advisor/meal.advisor.ios/meal.advisor.ios/meal.advisor.ios/meal.advisor.ios.xcodeproj
    
    Using response file: /Users/jans./Library/Developer/Xcode/DerivedData/meal.advisor.ios-csaldjncgoleykghtkpncaypzmvo/Build/Intermediates.noindex/GTMSessionFetcher.build/Debug-iphonesimulator/GTMSessionFetcherCore.build/Objects-normal/arm64/e6072d4f65d7061329687fe24e3d63a7-common-args.resp
    
    /Applications/Xcode.app/Contents/Developer/Toolchains/XcodeDefault.xctoolchain/usr/bin/clang -x objective-c -ivfsstatcache /Users/jans./Library/Developer/Xcode/DerivedData/SDKStatCaches.noindex/iphonesimulator18.5-22F76-d5fc8ad4295d2ef488fb7d0f804ce0c4.sdkstatcache -fmessage-length\=0 -fdiagnostics-show-note-include-stack -fmacro-backtrace-limit\=0 -fno-color-diagnostics -fmodules-prune-interval\=86400 -fmodules-prune-after\=345600 -fbuild-session-file\=/Users/jans./Library/Developer/Xcode/DerivedData/ModuleCache.noindex/Session.modulevalidation -fmodules-validate-once-per-build-session -Wnon-modular-include-in-framework-module -Werror\=non-modular-include-in-framework-module -Wno-trigraphs -Wno-missing-field-initializers -Wno-missing-prototypes -Wno-return-type -Wno-implicit-atomic-properties -Wno-objc-interface-ivars -Wno-arc-repeated-use-of-weak -Wno-missing-braces -Wparentheses -Wswitch -Wno-unused-function -Wno-unused-label -Wno-unused-parameter -Wno-unused-variable -Wunused-value -Wno-empty-body -Wno-uninitialized -Wno-unknown-pragmas -w -Wno-shadow -Wno-four-char-constants -Wno-conversion -Wno-constant-conversion -Wno-int-conversion -Wno-bool-conversion -Wno-enum-conversion -Wno-float-conversion -Wno-non-literal-null-conversion -Wno-objc-literal-conversion -Wshorten-64-to-32 -Wpointer-sign -Wno-newline-eof -Wno-selector -Wno-strict-selector-match -Wno-undeclared-selector -Wno-deprecated-implementations -Wno-implicit-fallthrough -fstrict-aliasing -Wprotocol -Wdeprecated-declarations -Wno-sign-conversion -Wno-infinite-recursion -Wno-comma -Wno-block-capture-autoreleasing -Wno-strict-prototypes -Wno-semicolon-before-method-body -index-store-path /Users/jans./Library/Developer/Xcode/DerivedData/meal.advisor.ios-csaldjncgoleykghtkpncaypzmvo/Index.noindex/DataStore @/Users/jans./Library/Developer/Xcode/DerivedData/meal.advisor.ios-csaldjncgoleykghtkpncaypzmvo/Build/Intermediates.noindex/GTMSessionFetcher.build/Debug-iphonesimulator/GTMSessionFetcherCore.build/Objects-normal/arm64/e6072d4f65d7061329687fe24e3d63a7-common-args.resp -include /Users/jans./Library/Developer/Xcode/DerivedData/meal.advisor.ios-csaldjncgoleykghtkpncaypzmvo/Build/Intermediates.noindex/GTMSessionFetcher.build/Debug-iphonesimulator/GTMSessionFetcherCore.build/DerivedSources/resource_bundle_accessor.h -MMD -MT dependencies -MF /Users/jans./Library/Developer/Xcode/DerivedData/meal.advisor.ios-csaldjncgoleykghtkpncaypzmvo/Build/Intermediates.noindex/GTMSessionFetcher.build/Debug-iphonesimulator/GTMSessionFetcherCore.build/Objects-normal/arm64/GTMSessionFetcherService.d --serialize-diagnostics /Users/jans./Library/Developer/Xcode/DerivedData/meal.advisor.ios-csaldjncgoleykghtkpncaypzmvo/Build/Intermediates.noindex/GTMSessionFetcher.build/Debug-iphonesimulator/GTMSessionFetcherCore.build/Objects-normal/arm64/GTMSessionFetcherService.dia -c /Users/jans./Library/Developer/Xcode/DerivedData/meal.advisor.ios-csaldjncgoleykghtkpncaypzmvo/SourcePackages/checkouts/gtm-session-fetcher/Sources/Core/GTMSessionFetcherService.m -o /Users/jans./Library/Developer/Xcode/DerivedData/meal.advisor.ios-csaldjncgoleykghtkpncaypzmvo/Build/Intermediates.noindex/GTMSessionFetcher.build/Debug-iphonesimulator/GTMSessionFetcherCore.build/Objects-normal/arm64/GTMSessionFetcherService.o -index-unit-output-path /GTMSessionFetcher.build/Debug-iphonesimulator/GTMSessionFetcherCore.build/Objects-normal/arm64/GTMSessionFetcherService.o

SwiftDriverJobDiscovery normal arm64 Compiling AsyncStream.swift, AsyncThrowingStream.swift (in target 'ConcurrencyExtras' from project 'swift-concurrency-extras')

CompileC /Users/jans./Library/Developer/Xcode/DerivedData/meal.advisor.ios-csaldjncgoleykghtkpncaypzmvo/Build/Intermediates.noindex/GTMSessionFetcher.build/Debug-iphonesimulator/GTMSessionFetcherCore.build/Objects-normal/arm64/GTMSessionFetcherLogging.o /Users/jans./Library/Developer/Xcode/DerivedData/meal.advisor.ios-csaldjncgoleykghtkpncaypzmvo/SourcePackages/checkouts/gtm-session-fetcher/Sources/Core/GTMSessionFetcherLogging.m normal arm64 objective-c com.apple.compilers.llvm.clang.1_0.compiler (in target 'GTMSessionFetcherCore' from project 'GTMSessionFetcher')
    cd /Users/jans./Downloads/meal.advisor/meal.advisor.ios/meal.advisor.ios/meal.advisor.ios/meal.advisor.ios.xcodeproj
    
    Using response file: /Users/jans./Library/Developer/Xcode/DerivedData/meal.advisor.ios-csaldjncgoleykghtkpncaypzmvo/Build/Intermediates.noindex/GTMSessionFetcher.build/Debug-iphonesimulator/GTMSessionFetcherCore.build/Objects-normal/arm64/e6072d4f65d7061329687fe24e3d63a7-common-args.resp
    
    /Applications/Xcode.app/Contents/Developer/Toolchains/XcodeDefault.xctoolchain/usr/bin/clang -x objective-c -ivfsstatcache /Users/jans./Library/Developer/Xcode/DerivedData/SDKStatCaches.noindex/iphonesimulator18.5-22F76-d5fc8ad4295d2ef488fb7d0f804ce0c4.sdkstatcache -fmessage-length\=0 -fdiagnostics-show-note-include-stack -fmacro-backtrace-limit\=0 -fno-color-diagnostics -fmodules-prune-interval\=86400 -fmodules-prune-after\=345600 -fbuild-session-file\=/Users/jans./Library/Developer/Xcode/DerivedData/ModuleCache.noindex/Session.modulevalidation -fmodules-validate-once-per-build-session -Wnon-modular-include-in-framework-module -Werror\=non-modular-include-in-framework-module -Wno-trigraphs -Wno-missing-field-initializers -Wno-missing-prototypes -Wno-return-type -Wno-implicit-atomic-properties -Wno-objc-interface-ivars -Wno-arc-repeated-use-of-weak -Wno-missing-braces -Wparentheses -Wswitch -Wno-unused-function -Wno-unused-label -Wno-unused-parameter -Wno-unused-variable -Wunused-value -Wno-empty-body -Wno-uninitialized -Wno-unknown-pragmas -w -Wno-shadow -Wno-four-char-constants -Wno-conversion -Wno-constant-conversion -Wno-int-conversion -Wno-bool-conversion -Wno-enum-conversion -Wno-float-conversion -Wno-non-literal-null-conversion -Wno-objc-literal-conversion -Wshorten-64-to-32 -Wpointer-sign -Wno-newline-eof -Wno-selector -Wno-strict-selector-match -Wno-undeclared-selector -Wno-deprecated-implementations -Wno-implicit-fallthrough -fstrict-aliasing -Wprotocol -Wdeprecated-declarations -Wno-sign-conversion -Wno-infinite-recursion -Wno-comma -Wno-block-capture-autoreleasing -Wno-strict-prototypes -Wno-semicolon-before-method-body -index-store-path /Users/jans./Library/Developer/Xcode/DerivedData/meal.advisor.ios-csaldjncgoleykghtkpncaypzmvo/Index.noindex/DataStore @/Users/jans./Library/Developer/Xcode/DerivedData/meal.advisor.ios-csaldjncgoleykghtkpncaypzmvo/Build/Intermediates.noindex/GTMSessionFetcher.build/Debug-iphonesimulator/GTMSessionFetcherCore.build/Objects-normal/arm64/e6072d4f65d7061329687fe24e3d63a7-common-args.resp -include /Users/jans./Library/Developer/Xcode/DerivedData/meal.advisor.ios-csaldjncgoleykghtkpncaypzmvo/Build/Intermediates.noindex/GTMSessionFetcher.build/Debug-iphonesimulator/GTMSessionFetcherCore.build/DerivedSources/resource_bundle_accessor.h -MMD -MT dependencies -MF /Users/jans./Library/Developer/Xcode/DerivedData/meal.advisor.ios-csaldjncgoleykghtkpncaypzmvo/Build/Intermediates.noindex/GTMSessionFetcher.build/Debug-iphonesimulator/GTMSessionFetcherCore.build/Objects-normal/arm64/GTMSessionFetcherLogging.d --serialize-diagnostics /Users/jans./Library/Developer/Xcode/DerivedData/meal.advisor.ios-csaldjncgoleykghtkpncaypzmvo/Build/Intermediates.noindex/GTMSessionFetcher.build/Debug-iphonesimulator/GTMSessionFetcherCore.build/Objects-normal/arm64/GTMSessionFetcherLogging.dia -c /Users/jans./Library/Developer/Xcode/DerivedData/meal.advisor.ios-csaldjncgoleykghtkpncaypzmvo/SourcePackages/checkouts/gtm-session-fetcher/Sources/Core/GTMSessionFetcherLogging.m -o /Users/jans./Library/Developer/Xcode/DerivedData/meal.advisor.ios-csaldjncgoleykghtkpncaypzmvo/Build/Intermediates.noindex/GTMSessionFetcher.build/Debug-iphonesimulator/GTMSessionFetcherCore.build/Objects-normal/arm64/GTMSessionFetcherLogging.o -index-unit-output-path /GTMSessionFetcher.build/Debug-iphonesimulator/GTMSessionFetcherCore.build/Objects-normal/arm64/GTMSessionFetcherLogging.o

CompileC /Users/jans./Library/Developer/Xcode/DerivedData/meal.advisor.ios-csaldjncgoleykghtkpncaypzmvo/Build/Intermediates.noindex/GTMSessionFetcher.build/Debug-iphonesimulator/GTMSessionFetcherCore.build/Objects-normal/arm64/GTMSessionFetcher.o /Users/jans./Library/Developer/Xcode/DerivedData/meal.advisor.ios-csaldjncgoleykghtkpncaypzmvo/SourcePackages/checkouts/gtm-session-fetcher/Sources/Core/GTMSessionFetcher.m normal arm64 objective-c com.apple.compilers.llvm.clang.1_0.compiler (in target 'GTMSessionFetcherCore' from project 'GTMSessionFetcher')
    cd /Users/jans./Downloads/meal.advisor/meal.advisor.ios/meal.advisor.ios/meal.advisor.ios/meal.advisor.ios.xcodeproj
    
    Using response file: /Users/jans./Library/Developer/Xcode/DerivedData/meal.advisor.ios-csaldjncgoleykghtkpncaypzmvo/Build/Intermediates.noindex/GTMSessionFetcher.build/Debug-iphonesimulator/GTMSessionFetcherCore.build/Objects-normal/arm64/e6072d4f65d7061329687fe24e3d63a7-common-args.resp
    
    /Applications/Xcode.app/Contents/Developer/Toolchains/XcodeDefault.xctoolchain/usr/bin/clang -x objective-c -ivfsstatcache /Users/jans./Library/Developer/Xcode/DerivedData/SDKStatCaches.noindex/iphonesimulator18.5-22F76-d5fc8ad4295d2ef488fb7d0f804ce0c4.sdkstatcache -fmessage-length\=0 -fdiagnostics-show-note-include-stack -fmacro-backtrace-limit\=0 -fno-color-diagnostics -fmodules-prune-interval\=86400 -fmodules-prune-after\=345600 -fbuild-session-file\=/Users/jans./Library/Developer/Xcode/DerivedData/ModuleCache.noindex/Session.modulevalidation -fmodules-validate-once-per-build-session -Wnon-modular-include-in-framework-module -Werror\=non-modular-include-in-framework-module -Wno-trigraphs -Wno-missing-field-initializers -Wno-missing-prototypes -Wno-return-type -Wno-implicit-atomic-properties -Wno-objc-interface-ivars -Wno-arc-repeated-use-of-weak -Wno-missing-braces -Wparentheses -Wswitch -Wno-unused-function -Wno-unused-label -Wno-unused-parameter -Wno-unused-variable -Wunused-value -Wno-empty-body -Wno-uninitialized -Wno-unknown-pragmas -w -Wno-shadow -Wno-four-char-constants -Wno-conversion -Wno-constant-conversion -Wno-int-conversion -Wno-bool-conversion -Wno-enum-conversion -Wno-float-conversion -Wno-non-literal-null-conversion -Wno-objc-literal-conversion -Wshorten-64-to-32 -Wpointer-sign -Wno-newline-eof -Wno-selector -Wno-strict-selector-match -Wno-undeclared-selector -Wno-deprecated-implementations -Wno-implicit-fallthrough -fstrict-aliasing -Wprotocol -Wdeprecated-declarations -Wno-sign-conversion -Wno-infinite-recursion -Wno-comma -Wno-block-capture-autoreleasing -Wno-strict-prototypes -Wno-semicolon-before-method-body -index-store-path /Users/jans./Library/Developer/Xcode/DerivedData/meal.advisor.ios-csaldjncgoleykghtkpncaypzmvo/Index.noindex/DataStore @/Users/jans./Library/Developer/Xcode/DerivedData/meal.advisor.ios-csaldjncgoleykghtkpncaypzmvo/Build/Intermediates.noindex/GTMSessionFetcher.build/Debug-iphonesimulator/GTMSessionFetcherCore.build/Objects-normal/arm64/e6072d4f65d7061329687fe24e3d63a7-common-args.resp -include /Users/jans./Library/Developer/Xcode/DerivedData/meal.advisor.ios-csaldjncgoleykghtkpncaypzmvo/Build/Intermediates.noindex/GTMSessionFetcher.build/Debug-iphonesimulator/GTMSessionFetcherCore.build/DerivedSources/resource_bundle_accessor.h -MMD -MT dependencies -MF /Users/jans./Library/Developer/Xcode/DerivedData/meal.advisor.ios-csaldjncgoleykghtkpncaypzmvo/Build/Intermediates.noindex/GTMSessionFetcher.build/Debug-iphonesimulator/GTMSessionFetcherCore.build/Objects-normal/arm64/GTMSessionFetcher.d --serialize-diagnostics /Users/jans./Library/Developer/Xcode/DerivedData/meal.advisor.ios-csaldjncgoleykghtkpncaypzmvo/Build/Intermediates.noindex/GTMSessionFetcher.build/Debug-iphonesimulator/GTMSessionFetcherCore.build/Objects-normal/arm64/GTMSessionFetcher.dia -c /Users/jans./Library/Developer/Xcode/DerivedData/meal.advisor.ios-csaldjncgoleykghtkpncaypzmvo/SourcePackages/checkouts/gtm-session-fetcher/Sources/Core/GTMSessionFetcher.m -o /Users/jans./Library/Developer/Xcode/DerivedData/meal.advisor.ios-csaldjncgoleykghtkpncaypzmvo/Build/Intermediates.noindex/GTMSessionFetcher.build/Debug-iphonesimulator/GTMSessionFetcherCore.build/Objects-normal/arm64/GTMSessionFetcher.o -index-unit-output-path /GTMSessionFetcher.build/Debug-iphonesimulator/GTMSessionFetcherCore.build/Objects-normal/arm64/GTMSessionFetcher.o

CompileC /Users/jans./Library/Developer/Xcode/DerivedData/meal.advisor.ios-csaldjncgoleykghtkpncaypzmvo/Build/Intermediates.noindex/AppAuth.build/Debug-iphonesimulator/AppAuthCore.build/Objects-normal/arm64/OIDResponseTypes.o /Users/jans./Library/Developer/Xcode/DerivedData/meal.advisor.ios-csaldjncgoleykghtkpncaypzmvo/SourcePackages/checkouts/AppAuth-iOS/Sources/AppAuthCore/OIDResponseTypes.m normal arm64 objective-c com.apple.compilers.llvm.clang.1_0.compiler (in target 'AppAuthCore' from project 'AppAuth')
    cd /Users/jans./Downloads/meal.advisor/meal.advisor.ios/meal.advisor.ios/meal.advisor.ios/meal.advisor.ios.xcodeproj
    
    Using response file: /Users/jans./Library/Developer/Xcode/DerivedData/meal.advisor.ios-csaldjncgoleykghtkpncaypzmvo/Build/Intermediates.noindex/AppAuth.build/Debug-iphonesimulator/AppAuthCore.build/Objects-normal/arm64/e6072d4f65d7061329687fe24e3d63a7-common-args.resp
    
    /Applications/Xcode.app/Contents/Developer/Toolchains/XcodeDefault.xctoolchain/usr/bin/clang -x objective-c -ivfsstatcache /Users/jans./Library/Developer/Xcode/DerivedData/SDKStatCaches.noindex/iphonesimulator18.5-22F76-d5fc8ad4295d2ef488fb7d0f804ce0c4.sdkstatcache -fmessage-length\=0 -fdiagnostics-show-note-include-stack -fmacro-backtrace-limit\=0 -fno-color-diagnostics -fmodules-prune-interval\=86400 -fmodules-prune-after\=345600 -fbuild-session-file\=/Users/jans./Library/Developer/Xcode/DerivedData/ModuleCache.noindex/Session.modulevalidation -fmodules-validate-once-per-build-session -Wnon-modular-include-in-framework-module -Werror\=non-modular-include-in-framework-module -Wno-trigraphs -Wno-missing-field-initializers -Wno-missing-prototypes -Wno-return-type -Wno-implicit-atomic-properties -Wno-objc-interface-ivars -Wno-arc-repeated-use-of-weak -Wno-missing-braces -Wparentheses -Wswitch -Wno-unused-function -Wno-unused-label -Wno-unused-parameter -Wno-unused-variable -Wunused-value -Wno-empty-body -Wno-uninitialized -Wno-unknown-pragmas -w -Wno-shadow -Wno-four-char-constants -Wno-conversion -Wno-constant-conversion -Wno-int-conversion -Wno-bool-conversion -Wno-enum-conversion -Wno-float-conversion -Wno-non-literal-null-conversion -Wno-objc-literal-conversion -Wshorten-64-to-32 -Wpointer-sign -Wno-newline-eof -Wno-selector -Wno-strict-selector-match -Wno-undeclared-selector -Wno-deprecated-implementations -Wno-implicit-fallthrough -fstrict-aliasing -Wprotocol -Wdeprecated-declarations -Wno-sign-conversion -Wno-infinite-recursion -Wno-comma -Wno-block-capture-autoreleasing -Wno-strict-prototypes -Wno-semicolon-before-method-body -index-store-path /Users/jans./Library/Developer/Xcode/DerivedData/meal.advisor.ios-csaldjncgoleykghtkpncaypzmvo/Index.noindex/DataStore @/Users/jans./Library/Developer/Xcode/DerivedData/meal.advisor.ios-csaldjncgoleykghtkpncaypzmvo/Build/Intermediates.noindex/AppAuth.build/Debug-iphonesimulator/AppAuthCore.build/Objects-normal/arm64/e6072d4f65d7061329687fe24e3d63a7-common-args.resp -include /Users/jans./Library/Developer/Xcode/DerivedData/meal.advisor.ios-csaldjncgoleykghtkpncaypzmvo/Build/Intermediates.noindex/AppAuth.build/Debug-iphonesimulator/AppAuthCore.build/DerivedSources/resource_bundle_accessor.h -MMD -MT dependencies -MF /Users/jans./Library/Developer/Xcode/DerivedData/meal.advisor.ios-csaldjncgoleykghtkpncaypzmvo/Build/Intermediates.noindex/AppAuth.build/Debug-iphonesimulator/AppAuthCore.build/Objects-normal/arm64/OIDResponseTypes.d --serialize-diagnostics /Users/jans./Library/Developer/Xcode/DerivedData/meal.advisor.ios-csaldjncgoleykghtkpncaypzmvo/Build/Intermediates.noindex/AppAuth.build/Debug-iphonesimulator/AppAuthCore.build/Objects-normal/arm64/OIDResponseTypes.dia -c /Users/jans./Library/Developer/Xcode/DerivedData/meal.advisor.ios-csaldjncgoleykghtkpncaypzmvo/SourcePackages/checkouts/AppAuth-iOS/Sources/AppAuthCore/OIDResponseTypes.m -o /Users/jans./Library/Developer/Xcode/DerivedData/meal.advisor.ios-csaldjncgoleykghtkpncaypzmvo/Build/Intermediates.noindex/AppAuth.build/Debug-iphonesimulator/AppAuthCore.build/Objects-normal/arm64/OIDResponseTypes.o -index-unit-output-path /AppAuth.build/Debug-iphonesimulator/AppAuthCore.build/Objects-normal/arm64/OIDResponseTypes.o

CompileC /Users/jans./Library/Developer/Xcode/DerivedData/meal.advisor.ios-csaldjncgoleykghtkpncaypzmvo/Build/Intermediates.noindex/AppAuth.build/Debug-iphonesimulator/AppAuthCore.build/Objects-normal/arm64/OIDIDToken.o /Users/jans./Library/Developer/Xcode/DerivedData/meal.advisor.ios-csaldjncgoleykghtkpncaypzmvo/SourcePackages/checkouts/AppAuth-iOS/Sources/AppAuthCore/OIDIDToken.m normal arm64 objective-c com.apple.compilers.llvm.clang.1_0.compiler (in target 'AppAuthCore' from project 'AppAuth')
    cd /Users/jans./Downloads/meal.advisor/meal.advisor.ios/meal.advisor.ios/meal.advisor.ios/meal.advisor.ios.xcodeproj
    
    Using response file: /Users/jans./Library/Developer/Xcode/DerivedData/meal.advisor.ios-csaldjncgoleykghtkpncaypzmvo/Build/Intermediates.noindex/AppAuth.build/Debug-iphonesimulator/AppAuthCore.build/Objects-normal/arm64/e6072d4f65d7061329687fe24e3d63a7-common-args.resp
    
    /Applications/Xcode.app/Contents/Developer/Toolchains/XcodeDefault.xctoolchain/usr/bin/clang -x objective-c -ivfsstatcache /Users/jans./Library/Developer/Xcode/DerivedData/SDKStatCaches.noindex/iphonesimulator18.5-22F76-d5fc8ad4295d2ef488fb7d0f804ce0c4.sdkstatcache -fmessage-length\=0 -fdiagnostics-show-note-include-stack -fmacro-backtrace-limit\=0 -fno-color-diagnostics -fmodules-prune-interval\=86400 -fmodules-prune-after\=345600 -fbuild-session-file\=/Users/jans./Library/Developer/Xcode/DerivedData/ModuleCache.noindex/Session.modulevalidation -fmodules-validate-once-per-build-session -Wnon-modular-include-in-framework-module -Werror\=non-modular-include-in-framework-module -Wno-trigraphs -Wno-missing-field-initializers -Wno-missing-prototypes -Wno-return-type -Wno-implicit-atomic-properties -Wno-objc-interface-ivars -Wno-arc-repeated-use-of-weak -Wno-missing-braces -Wparentheses -Wswitch -Wno-unused-function -Wno-unused-label -Wno-unused-parameter -Wno-unused-variable -Wunused-value -Wno-empty-body -Wno-uninitialized -Wno-unknown-pragmas -w -Wno-shadow -Wno-four-char-constants -Wno-conversion -Wno-constant-conversion -Wno-int-conversion -Wno-bool-conversion -Wno-enum-conversion -Wno-float-conversion -Wno-non-literal-null-conversion -Wno-objc-literal-conversion -Wshorten-64-to-32 -Wpointer-sign -Wno-newline-eof -Wno-selector -Wno-strict-selector-match -Wno-undeclared-selector -Wno-deprecated-implementations -Wno-implicit-fallthrough -fstrict-aliasing -Wprotocol -Wdeprecated-declarations -Wno-sign-conversion -Wno-infinite-recursion -Wno-comma -Wno-block-capture-autoreleasing -Wno-strict-prototypes -Wno-semicolon-before-method-body -index-store-path /Users/jans./Library/Developer/Xcode/DerivedData/meal.advisor.ios-csaldjncgoleykghtkpncaypzmvo/Index.noindex/DataStore @/Users/jans./Library/Developer/Xcode/DerivedData/meal.advisor.ios-csaldjncgoleykghtkpncaypzmvo/Build/Intermediates.noindex/AppAuth.build/Debug-iphonesimulator/AppAuthCore.build/Objects-normal/arm64/e6072d4f65d7061329687fe24e3d63a7-common-args.resp -include /Users/jans./Library/Developer/Xcode/DerivedData/meal.advisor.ios-csaldjncgoleykghtkpncaypzmvo/Build/Intermediates.noindex/AppAuth.build/Debug-iphonesimulator/AppAuthCore.build/DerivedSources/resource_bundle_accessor.h -MMD -MT dependencies -MF /Users/jans./Library/Developer/Xcode/DerivedData/meal.advisor.ios-csaldjncgoleykghtkpncaypzmvo/Build/Intermediates.noindex/AppAuth.build/Debug-iphonesimulator/AppAuthCore.build/Objects-normal/arm64/OIDIDToken.d --serialize-diagnostics /Users/jans./Library/Developer/Xcode/DerivedData/meal.advisor.ios-csaldjncgoleykghtkpncaypzmvo/Build/Intermediates.noindex/AppAuth.build/Debug-iphonesimulator/AppAuthCore.build/Objects-normal/arm64/OIDIDToken.dia -c /Users/jans./Library/Developer/Xcode/DerivedData/meal.advisor.ios-csaldjncgoleykghtkpncaypzmvo/SourcePackages/checkouts/AppAuth-iOS/Sources/AppAuthCore/OIDIDToken.m -o /Users/jans./Library/Developer/Xcode/DerivedData/meal.advisor.ios-csaldjncgoleykghtkpncaypzmvo/Build/Intermediates.noindex/AppAuth.build/Debug-iphonesimulator/AppAuthCore.build/Objects-normal/arm64/OIDIDToken.o -index-unit-output-path /AppAuth.build/Debug-iphonesimulator/AppAuthCore.build/Objects-normal/arm64/OIDIDToken.o

CompileC /Users/jans./Library/Developer/Xcode/DerivedData/meal.advisor.ios-csaldjncgoleykghtkpncaypzmvo/Build/Intermediates.noindex/AppAuth.build/Debug-iphonesimulator/AppAuthCore.build/Objects-normal/arm64/OIDRegistrationResponse.o /Users/jans./Library/Developer/Xcode/DerivedData/meal.advisor.ios-csaldjncgoleykghtkpncaypzmvo/SourcePackages/checkouts/AppAuth-iOS/Sources/AppAuthCore/OIDRegistrationResponse.m normal arm64 objective-c com.apple.compilers.llvm.clang.1_0.compiler (in target 'AppAuthCore' from project 'AppAuth')
    cd /Users/jans./Downloads/meal.advisor/meal.advisor.ios/meal.advisor.ios/meal.advisor.ios/meal.advisor.ios.xcodeproj
    
    Using response file: /Users/jans./Library/Developer/Xcode/DerivedData/meal.advisor.ios-csaldjncgoleykghtkpncaypzmvo/Build/Intermediates.noindex/AppAuth.build/Debug-iphonesimulator/AppAuthCore.build/Objects-normal/arm64/e6072d4f65d7061329687fe24e3d63a7-common-args.resp
    
    /Applications/Xcode.app/Contents/Developer/Toolchains/XcodeDefault.xctoolchain/usr/bin/clang -x objective-c -ivfsstatcache /Users/jans./Library/Developer/Xcode/DerivedData/SDKStatCaches.noindex/iphonesimulator18.5-22F76-d5fc8ad4295d2ef488fb7d0f804ce0c4.sdkstatcache -fmessage-length\=0 -fdiagnostics-show-note-include-stack -fmacro-backtrace-limit\=0 -fno-color-diagnostics -fmodules-prune-interval\=86400 -fmodules-prune-after\=345600 -fbuild-session-file\=/Users/jans./Library/Developer/Xcode/DerivedData/ModuleCache.noindex/Session.modulevalidation -fmodules-validate-once-per-build-session -Wnon-modular-include-in-framework-module -Werror\=non-modular-include-in-framework-module -Wno-trigraphs -Wno-missing-field-initializers -Wno-missing-prototypes -Wno-return-type -Wno-implicit-atomic-properties -Wno-objc-interface-ivars -Wno-arc-repeated-use-of-weak -Wno-missing-braces -Wparentheses -Wswitch -Wno-unused-function -Wno-unused-label -Wno-unused-parameter -Wno-unused-variable -Wunused-value -Wno-empty-body -Wno-uninitialized -Wno-unknown-pragmas -w -Wno-shadow -Wno-four-char-constants -Wno-conversion -Wno-constant-conversion -Wno-int-conversion -Wno-bool-conversion -Wno-enum-conversion -Wno-float-conversion -Wno-non-literal-null-conversion -Wno-objc-literal-conversion -Wshorten-64-to-32 -Wpointer-sign -Wno-newline-eof -Wno-selector -Wno-strict-selector-match -Wno-undeclared-selector -Wno-deprecated-implementations -Wno-implicit-fallthrough -fstrict-aliasing -Wprotocol -Wdeprecated-declarations -Wno-sign-conversion -Wno-infinite-recursion -Wno-comma -Wno-block-capture-autoreleasing -Wno-strict-prototypes -Wno-semicolon-before-method-body -index-store-path /Users/jans./Library/Developer/Xcode/DerivedData/meal.advisor.ios-csaldjncgoleykghtkpncaypzmvo/Index.noindex/DataStore @/Users/jans./Library/Developer/Xcode/DerivedData/meal.advisor.ios-csaldjncgoleykghtkpncaypzmvo/Build/Intermediates.noindex/AppAuth.build/Debug-iphonesimulator/AppAuthCore.build/Objects-normal/arm64/e6072d4f65d7061329687fe24e3d63a7-common-args.resp -include /Users/jans./Library/Developer/Xcode/DerivedData/meal.advisor.ios-csaldjncgoleykghtkpncaypzmvo/Build/Intermediates.noindex/AppAuth.build/Debug-iphonesimulator/AppAuthCore.build/DerivedSources/resource_bundle_accessor.h -MMD -MT dependencies -MF /Users/jans./Library/Developer/Xcode/DerivedData/meal.advisor.ios-csaldjncgoleykghtkpncaypzmvo/Build/Intermediates.noindex/AppAuth.build/Debug-iphonesimulator/AppAuthCore.build/Objects-normal/arm64/OIDRegistrationResponse.d --serialize-diagnostics /Users/jans./Library/Developer/Xcode/DerivedData/meal.advisor.ios-csaldjncgoleykghtkpncaypzmvo/Build/Intermediates.noindex/AppAuth.build/Debug-iphonesimulator/AppAuthCore.build/Objects-normal/arm64/OIDRegistrationResponse.dia -c /Users/jans./Library/Developer/Xcode/DerivedData/meal.advisor.ios-csaldjncgoleykghtkpncaypzmvo/SourcePackages/checkouts/AppAuth-iOS/Sources/AppAuthCore/OIDRegistrationResponse.m -o /Users/jans./Library/Developer/Xcode/DerivedData/meal.advisor.ios-csaldjncgoleykghtkpncaypzmvo/Build/Intermediates.noindex/AppAuth.build/Debug-iphonesimulator/AppAuthCore.build/Objects-normal/arm64/OIDRegistrationResponse.o -index-unit-output-path /AppAuth.build/Debug-iphonesimulator/AppAuthCore.build/Objects-normal/arm64/OIDRegistrationResponse.o

CompileC /Users/jans./Library/Developer/Xcode/DerivedData/meal.advisor.ios-csaldjncgoleykghtkpncaypzmvo/Build/Intermediates.noindex/AppAuth.build/Debug-iphonesimulator/AppAuthCore.build/Objects-normal/arm64/OIDRegistrationRequest.o /Users/jans./Library/Developer/Xcode/DerivedData/meal.advisor.ios-csaldjncgoleykghtkpncaypzmvo/SourcePackages/checkouts/AppAuth-iOS/Sources/AppAuthCore/OIDRegistrationRequest.m normal arm64 objective-c com.apple.compilers.llvm.clang.1_0.compiler (in target 'AppAuthCore' from project 'AppAuth')
    cd /Users/jans./Downloads/meal.advisor/meal.advisor.ios/meal.advisor.ios/meal.advisor.ios/meal.advisor.ios.xcodeproj
    
    Using response file: /Users/jans./Library/Developer/Xcode/DerivedData/meal.advisor.ios-csaldjncgoleykghtkpncaypzmvo/Build/Intermediates.noindex/AppAuth.build/Debug-iphonesimulator/AppAuthCore.build/Objects-normal/arm64/e6072d4f65d7061329687fe24e3d63a7-common-args.resp
    
    /Applications/Xcode.app/Contents/Developer/Toolchains/XcodeDefault.xctoolchain/usr/bin/clang -x objective-c -ivfsstatcache /Users/jans./Library/Developer/Xcode/DerivedData/SDKStatCaches.noindex/iphonesimulator18.5-22F76-d5fc8ad4295d2ef488fb7d0f804ce0c4.sdkstatcache -fmessage-length\=0 -fdiagnostics-show-note-include-stack -fmacro-backtrace-limit\=0 -fno-color-diagnostics -fmodules-prune-interval\=86400 -fmodules-prune-after\=345600 -fbuild-session-file\=/Users/jans./Library/Developer/Xcode/DerivedData/ModuleCache.noindex/Session.modulevalidation -fmodules-validate-once-per-build-session -Wnon-modular-include-in-framework-module -Werror\=non-modular-include-in-framework-module -Wno-trigraphs -Wno-missing-field-initializers -Wno-missing-prototypes -Wno-return-type -Wno-implicit-atomic-properties -Wno-objc-interface-ivars -Wno-arc-repeated-use-of-weak -Wno-missing-braces -Wparentheses -Wswitch -Wno-unused-function -Wno-unused-label -Wno-unused-parameter -Wno-unused-variable -Wunused-value -Wno-empty-body -Wno-uninitialized -Wno-unknown-pragmas -w -Wno-shadow -Wno-four-char-constants -Wno-conversion -Wno-constant-conversion -Wno-int-conversion -Wno-bool-conversion -Wno-enum-conversion -Wno-float-conversion -Wno-non-literal-null-conversion -Wno-objc-literal-conversion -Wshorten-64-to-32 -Wpointer-sign -Wno-newline-eof -Wno-selector -Wno-strict-selector-match -Wno-undeclared-selector -Wno-deprecated-implementations -Wno-implicit-fallthrough -fstrict-aliasing -Wprotocol -Wdeprecated-declarations -Wno-sign-conversion -Wno-infinite-recursion -Wno-comma -Wno-block-capture-autoreleasing -Wno-strict-prototypes -Wno-semicolon-before-method-body -index-store-path /Users/jans./Library/Developer/Xcode/DerivedData/meal.advisor.ios-csaldjncgoleykghtkpncaypzmvo/Index.noindex/DataStore @/Users/jans./Library/Developer/Xcode/DerivedData/meal.advisor.ios-csaldjncgoleykghtkpncaypzmvo/Build/Intermediates.noindex/AppAuth.build/Debug-iphonesimulator/AppAuthCore.build/Objects-normal/arm64/e6072d4f65d7061329687fe24e3d63a7-common-args.resp -include /Users/jans./Library/Developer/Xcode/DerivedData/meal.advisor.ios-csaldjncgoleykghtkpncaypzmvo/Build/Intermediates.noindex/AppAuth.build/Debug-iphonesimulator/AppAuthCore.build/DerivedSources/resource_bundle_accessor.h -MMD -MT dependencies -MF /Users/jans./Library/Developer/Xcode/DerivedData/meal.advisor.ios-csaldjncgoleykghtkpncaypzmvo/Build/Intermediates.noindex/AppAuth.build/Debug-iphonesimulator/AppAuthCore.build/Objects-normal/arm64/OIDRegistrationRequest.d --serialize-diagnostics /Users/jans./Library/Developer/Xcode/DerivedData/meal.advisor.ios-csaldjncgoleykghtkpncaypzmvo/Build/Intermediates.noindex/AppAuth.build/Debug-iphonesimulator/AppAuthCore.build/Objects-normal/arm64/OIDRegistrationRequest.dia -c /Users/jans./Library/Developer/Xcode/DerivedData/meal.advisor.ios-csaldjncgoleykghtkpncaypzmvo/SourcePackages/checkouts/AppAuth-iOS/Sources/AppAuthCore/OIDRegistrationRequest.m -o /Users/jans./Library/Developer/Xcode/DerivedData/meal.advisor.ios-csaldjncgoleykghtkpncaypzmvo/Build/Intermediates.noindex/AppAuth.build/Debug-iphonesimulator/AppAuthCore.build/Objects-normal/arm64/OIDRegistrationRequest.o -index-unit-output-path /AppAuth.build/Debug-iphonesimulator/AppAuthCore.build/Objects-normal/arm64/OIDRegistrationRequest.o

SwiftDriver\ Compilation ConcurrencyExtras normal arm64 com.apple.xcode.tools.swift.compiler (in target 'ConcurrencyExtras' from project 'swift-concurrency-extras')
    cd /Users/jans./Downloads/meal.advisor/meal.advisor.ios/meal.advisor.ios/meal.advisor.ios/meal.advisor.ios.xcodeproj
    builtin-Swift-Compilation -- /Applications/Xcode.app/Contents/Developer/Toolchains/XcodeDefault.xctoolchain/usr/bin/swiftc -module-name ConcurrencyExtras -Onone -enforce-exclusivity\=checked @/Users/jans./Library/Developer/Xcode/DerivedData/meal.advisor.ios-csaldjncgoleykghtkpncaypzmvo/Build/Intermediates.noindex/swift-concurrency-extras.build/Debug-iphonesimulator/ConcurrencyExtras.build/Objects-normal/arm64/ConcurrencyExtras.SwiftFileList -DSWIFT_PACKAGE -DDEBUG -DXcode -plugin-path /Applications/Xcode.app/Contents/Developer/Toolchains/XcodeDefault.xctoolchain/usr/lib/swift/host/plugins/testing -enable-experimental-feature DebugDescriptionMacro -sdk /Applications/Xcode.app/Contents/Developer/Platforms/iPhoneSimulator.platform/Developer/SDKs/iPhoneSimulator18.5.sdk -target arm64-apple-ios13.0-simulator -g -module-cache-path /Users/jans./Library/Developer/Xcode/DerivedData/ModuleCache.noindex -Xfrontend -serialize-debugging-options -enable-testing -suppress-warnings -index-store-path /Users/jans./Library/Developer/Xcode/DerivedData/meal.advisor.ios-csaldjncgoleykghtkpncaypzmvo/Index.noindex/DataStore -swift-version 6 -I /Users/jans./Library/Developer/Xcode/DerivedData/meal.advisor.ios-csaldjncgoleykghtkpncaypzmvo/Build/Products/Debug-iphonesimulator -I /Applications/Xcode.app/Contents/Developer/Platforms/iPhoneSimulator.platform/Developer/usr/lib -F /Users/jans./Library/Developer/Xcode/DerivedData/meal.advisor.ios-csaldjncgoleykghtkpncaypzmvo/Build/Products/Debug-iphonesimulator -F /Applications/Xcode.app/Contents/Developer/Platforms/iPhoneSimulator.platform/Developer/Library/Frameworks -F /Applications/Xcode.app/Contents/Developer/Platforms/iPhoneSimulator.platform/Developer/SDKs/iPhoneSimulator18.5.sdk/Developer/Library/Frameworks -c -j8 -enable-batch-mode -incremental -Xcc -ivfsstatcache -Xcc /Users/jans./Library/Developer/Xcode/DerivedData/SDKStatCaches.noindex/iphonesimulator18.5-22F76-d5fc8ad4295d2ef488fb7d0f804ce0c4.sdkstatcache -output-file-map /Users/jans./Library/Developer/Xcode/DerivedData/meal.advisor.ios-csaldjncgoleykghtkpncaypzmvo/Build/Intermediates.noindex/swift-concurrency-extras.build/Debug-iphonesimulator/ConcurrencyExtras.build/Objects-normal/arm64/ConcurrencyExtras-OutputFileMap.json -use-frontend-parseable-output -save-temps -no-color-diagnostics -serialize-diagnostics -emit-dependencies -emit-module -emit-module-path /Users/jans./Library/Developer/Xcode/DerivedData/meal.advisor.ios-csaldjncgoleykghtkpncaypzmvo/Build/Intermediates.noindex/swift-concurrency-extras.build/Debug-iphonesimulator/ConcurrencyExtras.build/Objects-normal/arm64/ConcurrencyExtras.swiftmodule -user-module-version 1.3.2 -validate-clang-modules-once -clang-build-session-file /Users/jans./Library/Developer/Xcode/DerivedData/ModuleCache.noindex/Session.modulevalidation -package-name swift_concurrency_extras -Xcc -I/Users/jans./Library/Developer/Xcode/DerivedData/meal.advisor.ios-csaldjncgoleykghtkpncaypzmvo/Build/Intermediates.noindex/swift-concurrency-extras.build/Debug-iphonesimulator/ConcurrencyExtras.build/swift-overrides.hmap -emit-const-values -Xfrontend -const-gather-protocols-file -Xfrontend /Users/jans./Library/Developer/Xcode/DerivedData/meal.advisor.ios-csaldjncgoleykghtkpncaypzmvo/Build/Intermediates.noindex/swift-concurrency-extras.build/Debug-iphonesimulator/ConcurrencyExtras.build/Objects-normal/arm64/ConcurrencyExtras_const_extract_protocols.json -Xcc -I/Users/jans./Library/Developer/Xcode/DerivedData/meal.advisor.ios-csaldjncgoleykghtkpncaypzmvo/Build/Products/Debug-iphonesimulator/include -Xcc -I/Users/jans./Library/Developer/Xcode/DerivedData/meal.advisor.ios-csaldjncgoleykghtkpncaypzmvo/Build/Intermediates.noindex/swift-concurrency-extras.build/Debug-iphonesimulator/ConcurrencyExtras.build/DerivedSources-normal/arm64 -Xcc -I/Users/jans./Library/Developer/Xcode/DerivedData/meal.advisor.ios-csaldjncgoleykghtkpncaypzmvo/Build/Intermediates.noindex/swift-concurrency-extras.build/Debug-iphonesimulator/ConcurrencyExtras.build/DerivedSources/arm64 -Xcc -I/Users/jans./Library/Developer/Xcode/DerivedData/meal.advisor.ios-csaldjncgoleykghtkpncaypzmvo/Build/Intermediates.noindex/swift-concurrency-extras.build/Debug-iphonesimulator/ConcurrencyExtras.build/DerivedSources -Xcc -DSWIFT_PACKAGE -Xcc -DDEBUG\=1 -emit-objc-header -emit-objc-header-path /Users/jans./Library/Developer/Xcode/DerivedData/meal.advisor.ios-csaldjncgoleykghtkpncaypzmvo/Build/Intermediates.noindex/swift-concurrency-extras.build/Debug-iphonesimulator/ConcurrencyExtras.build/Objects-normal/arm64/ConcurrencyExtras-Swift.h -working-directory /Users/jans./Downloads/meal.advisor/meal.advisor.ios/meal.advisor.ios/meal.advisor.ios/meal.advisor.ios.xcodeproj -experimental-emit-module-separately -disable-cmo

ScanDependencies /Users/jans./Library/Developer/Xcode/DerivedData/meal.advisor.ios-csaldjncgoleykghtkpncaypzmvo/Build/Intermediates.noindex/AppAuth.build/Debug-iphonesimulator/AppAuthCore.build/Objects-normal/arm64/OIDGrantTypes.o /Users/jans./Library/Developer/Xcode/DerivedData/meal.advisor.ios-csaldjncgoleykghtkpncaypzmvo/SourcePackages/checkouts/AppAuth-iOS/Sources/AppAuthCore/OIDGrantTypes.m normal arm64 objective-c com.apple.compilers.llvm.clang.1_0.compiler (in target 'AppAuthCore' from project 'AppAuth')
    cd /Users/jans./Downloads/meal.advisor/meal.advisor.ios/meal.advisor.ios/meal.advisor.ios/meal.advisor.ios.xcodeproj
    
    Using response file: /Users/jans./Library/Developer/Xcode/DerivedData/meal.advisor.ios-csaldjncgoleykghtkpncaypzmvo/Build/Intermediates.noindex/AppAuth.build/Debug-iphonesimulator/AppAuthCore.build/Objects-normal/arm64/e6072d4f65d7061329687fe24e3d63a7-common-args.resp
    
    builtin-ScanDependencies -o /Users/jans./Library/Developer/Xcode/DerivedData/meal.advisor.ios-csaldjncgoleykghtkpncaypzmvo/Build/Intermediates.noindex/AppAuth.build/Debug-iphonesimulator/AppAuthCore.build/Objects-normal/arm64/OIDGrantTypes.o.scan -- /Applications/Xcode.app/Contents/Developer/Toolchains/XcodeDefault.xctoolchain/usr/bin/clang -x objective-c -ivfsstatcache /Users/jans./Library/Developer/Xcode/DerivedData/SDKStatCaches.noindex/iphonesimulator18.5-22F76-d5fc8ad4295d2ef488fb7d0f804ce0c4.sdkstatcache -fmessage-length\=0 -fdiagnostics-show-note-include-stack -fmacro-backtrace-limit\=0 -fno-color-diagnostics -fmodules-prune-interval\=86400 -fmodules-prune-after\=345600 -fbuild-session-file\=/Users/jans./Library/Developer/Xcode/DerivedData/ModuleCache.noindex/Session.modulevalidation -fmodules-validate-once-per-build-session -Wnon-modular-include-in-framework-module -Werror\=non-modular-include-in-framework-module -Wno-trigraphs -Wno-missing-field-initializers -Wno-missing-prototypes -Wno-return-type -Wno-implicit-atomic-properties -Wno-objc-interface-ivars -Wno-arc-repeated-use-of-weak -Wno-missing-braces -Wparentheses -Wswitch -Wno-unused-function -Wno-unused-label -Wno-unused-parameter -Wno-unused-variable -Wunused-value -Wno-empty-body -Wno-uninitialized -Wno-unknown-pragmas -w -Wno-shadow -Wno-four-char-constants -Wno-conversion -Wno-constant-conversion -Wno-int-conversion -Wno-bool-conversion -Wno-enum-conversion -Wno-float-conversion -Wno-non-literal-null-conversion -Wno-objc-literal-conversion -Wshorten-64-to-32 -Wpointer-sign -Wno-newline-eof -Wno-selector -Wno-strict-selector-match -Wno-undeclared-selector -Wno-deprecated-implementations -Wno-implicit-fallthrough -fstrict-aliasing -Wprotocol -Wdeprecated-declarations -Wno-sign-conversion -Wno-infinite-recursion -Wno-comma -Wno-block-capture-autoreleasing -Wno-strict-prototypes -Wno-semicolon-before-method-body -index-store-path /Users/jans./Library/Developer/Xcode/DerivedData/meal.advisor.ios-csaldjncgoleykghtkpncaypzmvo/Index.noindex/DataStore @/Users/jans./Library/Developer/Xcode/DerivedData/meal.advisor.ios-csaldjncgoleykghtkpncaypzmvo/Build/Intermediates.noindex/AppAuth.build/Debug-iphonesimulator/AppAuthCore.build/Objects-normal/arm64/e6072d4f65d7061329687fe24e3d63a7-common-args.resp -include /Users/jans./Library/Developer/Xcode/DerivedData/meal.advisor.ios-csaldjncgoleykghtkpncaypzmvo/Build/Intermediates.noindex/AppAuth.build/Debug-iphonesimulator/AppAuthCore.build/DerivedSources/resource_bundle_accessor.h -MMD -MT dependencies -MF /Users/jans./Library/Developer/Xcode/DerivedData/meal.advisor.ios-csaldjncgoleykghtkpncaypzmvo/Build/Intermediates.noindex/AppAuth.build/Debug-iphonesimulator/AppAuthCore.build/Objects-normal/arm64/OIDGrantTypes.d --serialize-diagnostics /Users/jans./Library/Developer/Xcode/DerivedData/meal.advisor.ios-csaldjncgoleykghtkpncaypzmvo/Build/Intermediates.noindex/AppAuth.build/Debug-iphonesimulator/AppAuthCore.build/Objects-normal/arm64/OIDGrantTypes.dia -c /Users/jans./Library/Developer/Xcode/DerivedData/meal.advisor.ios-csaldjncgoleykghtkpncaypzmvo/SourcePackages/checkouts/AppAuth-iOS/Sources/AppAuthCore/OIDGrantTypes.m -o /Users/jans./Library/Developer/Xcode/DerivedData/meal.advisor.ios-csaldjncgoleykghtkpncaypzmvo/Build/Intermediates.noindex/AppAuth.build/Debug-iphonesimulator/AppAuthCore.build/Objects-normal/arm64/OIDGrantTypes.o -index-unit-output-path /AppAuth.build/Debug-iphonesimulator/AppAuthCore.build/Objects-normal/arm64/OIDGrantTypes.o

ScanDependencies /Users/jans./Library/Developer/Xcode/DerivedData/meal.advisor.ios-csaldjncgoleykghtkpncaypzmvo/Build/Intermediates.noindex/AppAuth.build/Debug-iphonesimulator/AppAuthCore.build/Objects-normal/arm64/OIDFieldMapping.o /Users/jans./Library/Developer/Xcode/DerivedData/meal.advisor.ios-csaldjncgoleykghtkpncaypzmvo/SourcePackages/checkouts/AppAuth-iOS/Sources/AppAuthCore/OIDFieldMapping.m normal arm64 objective-c com.apple.compilers.llvm.clang.1_0.compiler (in target 'AppAuthCore' from project 'AppAuth')
    cd /Users/jans./Downloads/meal.advisor/meal.advisor.ios/meal.advisor.ios/meal.advisor.ios/meal.advisor.ios.xcodeproj
    
    Using response file: /Users/jans./Library/Developer/Xcode/DerivedData/meal.advisor.ios-csaldjncgoleykghtkpncaypzmvo/Build/Intermediates.noindex/AppAuth.build/Debug-iphonesimulator/AppAuthCore.build/Objects-normal/arm64/e6072d4f65d7061329687fe24e3d63a7-common-args.resp
    
    builtin-ScanDependencies -o /Users/jans./Library/Developer/Xcode/DerivedData/meal.advisor.ios-csaldjncgoleykghtkpncaypzmvo/Build/Intermediates.noindex/AppAuth.build/Debug-iphonesimulator/AppAuthCore.build/Objects-normal/arm64/OIDFieldMapping.o.scan -- /Applications/Xcode.app/Contents/Developer/Toolchains/XcodeDefault.xctoolchain/usr/bin/clang -x objective-c -ivfsstatcache /Users/jans./Library/Developer/Xcode/DerivedData/SDKStatCaches.noindex/iphonesimulator18.5-22F76-d5fc8ad4295d2ef488fb7d0f804ce0c4.sdkstatcache -fmessage-length\=0 -fdiagnostics-show-note-include-stack -fmacro-backtrace-limit\=0 -fno-color-diagnostics -fmodules-prune-interval\=86400 -fmodules-prune-after\=345600 -fbuild-session-file\=/Users/jans./Library/Developer/Xcode/DerivedData/ModuleCache.noindex/Session.modulevalidation -fmodules-validate-once-per-build-session -Wnon-modular-include-in-framework-module -Werror\=non-modular-include-in-framework-module -Wno-trigraphs -Wno-missing-field-initializers -Wno-missing-prototypes -Wno-return-type -Wno-implicit-atomic-properties -Wno-objc-interface-ivars -Wno-arc-repeated-use-of-weak -Wno-missing-braces -Wparentheses -Wswitch -Wno-unused-function -Wno-unused-label -Wno-unused-parameter -Wno-unused-variable -Wunused-value -Wno-empty-body -Wno-uninitialized -Wno-unknown-pragmas -w -Wno-shadow -Wno-four-char-constants -Wno-conversion -Wno-constant-conversion -Wno-int-conversion -Wno-bool-conversion -Wno-enum-conversion -Wno-float-conversion -Wno-non-literal-null-conversion -Wno-objc-literal-conversion -Wshorten-64-to-32 -Wpointer-sign -Wno-newline-eof -Wno-selector -Wno-strict-selector-match -Wno-undeclared-selector -Wno-deprecated-implementations -Wno-implicit-fallthrough -fstrict-aliasing -Wprotocol -Wdeprecated-declarations -Wno-sign-conversion -Wno-infinite-recursion -Wno-comma -Wno-block-capture-autoreleasing -Wno-strict-prototypes -Wno-semicolon-before-method-body -index-store-path /Users/jans./Library/Developer/Xcode/DerivedData/meal.advisor.ios-csaldjncgoleykghtkpncaypzmvo/Index.noindex/DataStore @/Users/jans./Library/Developer/Xcode/DerivedData/meal.advisor.ios-csaldjncgoleykghtkpncaypzmvo/Build/Intermediates.noindex/AppAuth.build/Debug-iphonesimulator/AppAuthCore.build/Objects-normal/arm64/e6072d4f65d7061329687fe24e3d63a7-common-args.resp -include /Users/jans./Library/Developer/Xcode/DerivedData/meal.advisor.ios-csaldjncgoleykghtkpncaypzmvo/Build/Intermediates.noindex/AppAuth.build/Debug-iphonesimulator/AppAuthCore.build/DerivedSources/resource_bundle_accessor.h -MMD -MT dependencies -MF /Users/jans./Library/Developer/Xcode/DerivedData/meal.advisor.ios-csaldjncgoleykghtkpncaypzmvo/Build/Intermediates.noindex/AppAuth.build/Debug-iphonesimulator/AppAuthCore.build/Objects-normal/arm64/OIDFieldMapping.d --serialize-diagnostics /Users/jans./Library/Developer/Xcode/DerivedData/meal.advisor.ios-csaldjncgoleykghtkpncaypzmvo/Build/Intermediates.noindex/AppAuth.build/Debug-iphonesimulator/AppAuthCore.build/Objects-normal/arm64/OIDFieldMapping.dia -c /Users/jans./Library/Developer/Xcode/DerivedData/meal.advisor.ios-csaldjncgoleykghtkpncaypzmvo/SourcePackages/checkouts/AppAuth-iOS/Sources/AppAuthCore/OIDFieldMapping.m -o /Users/jans./Library/Developer/Xcode/DerivedData/meal.advisor.ios-csaldjncgoleykghtkpncaypzmvo/Build/Intermediates.noindex/AppAuth.build/Debug-iphonesimulator/AppAuthCore.build/Objects-normal/arm64/OIDFieldMapping.o -index-unit-output-path /AppAuth.build/Debug-iphonesimulator/AppAuthCore.build/Objects-normal/arm64/OIDFieldMapping.o

SwiftDriverJobDiscovery normal arm64 Compiling Ed25519.swift, Signature.swift, CryptoKitErrors_boring.swift, RNG_boring.swift, SafeCompare_boring.swift, Zeroization_boring.swift, PrettyBytes.swift, SafeCompare.swift, SecureBytes.swift, Zeroization.swift (in target 'Crypto' from project 'swift-crypto')

ScanDependencies /Users/jans./Library/Developer/Xcode/DerivedData/meal.advisor.ios-csaldjncgoleykghtkpncaypzmvo/Build/Intermediates.noindex/AppAuth.build/Debug-iphonesimulator/AppAuthCore.build/Objects-normal/arm64/OIDErrorUtilities.o /Users/jans./Library/Developer/Xcode/DerivedData/meal.advisor.ios-csaldjncgoleykghtkpncaypzmvo/SourcePackages/checkouts/AppAuth-iOS/Sources/AppAuthCore/OIDErrorUtilities.m normal arm64 objective-c com.apple.compilers.llvm.clang.1_0.compiler (in target 'AppAuthCore' from project 'AppAuth')
    cd /Users/jans./Downloads/meal.advisor/meal.advisor.ios/meal.advisor.ios/meal.advisor.ios/meal.advisor.ios.xcodeproj
    
    Using response file: /Users/jans./Library/Developer/Xcode/DerivedData/meal.advisor.ios-csaldjncgoleykghtkpncaypzmvo/Build/Intermediates.noindex/AppAuth.build/Debug-iphonesimulator/AppAuthCore.build/Objects-normal/arm64/e6072d4f65d7061329687fe24e3d63a7-common-args.resp
    
    builtin-ScanDependencies -o /Users/jans./Library/Developer/Xcode/DerivedData/meal.advisor.ios-csaldjncgoleykghtkpncaypzmvo/Build/Intermediates.noindex/AppAuth.build/Debug-iphonesimulator/AppAuthCore.build/Objects-normal/arm64/OIDErrorUtilities.o.scan -- /Applications/Xcode.app/Contents/Developer/Toolchains/XcodeDefault.xctoolchain/usr/bin/clang -x objective-c -ivfsstatcache /Users/jans./Library/Developer/Xcode/DerivedData/SDKStatCaches.noindex/iphonesimulator18.5-22F76-d5fc8ad4295d2ef488fb7d0f804ce0c4.sdkstatcache -fmessage-length\=0 -fdiagnostics-show-note-include-stack -fmacro-backtrace-limit\=0 -fno-color-diagnostics -fmodules-prune-interval\=86400 -fmodules-prune-after\=345600 -fbuild-session-file\=/Users/jans./Library/Developer/Xcode/DerivedData/ModuleCache.noindex/Session.modulevalidation -fmodules-validate-once-per-build-session -Wnon-modular-include-in-framework-module -Werror\=non-modular-include-in-framework-module -Wno-trigraphs -Wno-missing-field-initializers -Wno-missing-prototypes -Wno-return-type -Wno-implicit-atomic-properties -Wno-objc-interface-ivars -Wno-arc-repeated-use-of-weak -Wno-missing-braces -Wparentheses -Wswitch -Wno-unused-function -Wno-unused-label -Wno-unused-parameter -Wno-unused-variable -Wunused-value -Wno-empty-body -Wno-uninitialized -Wno-unknown-pragmas -w -Wno-shadow -Wno-four-char-constants -Wno-conversion -Wno-constant-conversion -Wno-int-conversion -Wno-bool-conversion -Wno-enum-conversion -Wno-float-conversion -Wno-non-literal-null-conversion -Wno-objc-literal-conversion -Wshorten-64-to-32 -Wpointer-sign -Wno-newline-eof -Wno-selector -Wno-strict-selector-match -Wno-undeclared-selector -Wno-deprecated-implementations -Wno-implicit-fallthrough -fstrict-aliasing -Wprotocol -Wdeprecated-declarations -Wno-sign-conversion -Wno-infinite-recursion -Wno-comma -Wno-block-capture-autoreleasing -Wno-strict-prototypes -Wno-semicolon-before-method-body -index-store-path /Users/jans./Library/Developer/Xcode/DerivedData/meal.advisor.ios-csaldjncgoleykghtkpncaypzmvo/Index.noindex/DataStore @/Users/jans./Library/Developer/Xcode/DerivedData/meal.advisor.ios-csaldjncgoleykghtkpncaypzmvo/Build/Intermediates.noindex/AppAuth.build/Debug-iphonesimulator/AppAuthCore.build/Objects-normal/arm64/e6072d4f65d7061329687fe24e3d63a7-common-args.resp -include /Users/jans./Library/Developer/Xcode/DerivedData/meal.advisor.ios-csaldjncgoleykghtkpncaypzmvo/Build/Intermediates.noindex/AppAuth.build/Debug-iphonesimulator/AppAuthCore.build/DerivedSources/resource_bundle_accessor.h -MMD -MT dependencies -MF /Users/jans./Library/Developer/Xcode/DerivedData/meal.advisor.ios-csaldjncgoleykghtkpncaypzmvo/Build/Intermediates.noindex/AppAuth.build/Debug-iphonesimulator/AppAuthCore.build/Objects-normal/arm64/OIDErrorUtilities.d --serialize-diagnostics /Users/jans./Library/Developer/Xcode/DerivedData/meal.advisor.ios-csaldjncgoleykghtkpncaypzmvo/Build/Intermediates.noindex/AppAuth.build/Debug-iphonesimulator/AppAuthCore.build/Objects-normal/arm64/OIDErrorUtilities.dia -c /Users/jans./Library/Developer/Xcode/DerivedData/meal.advisor.ios-csaldjncgoleykghtkpncaypzmvo/SourcePackages/checkouts/AppAuth-iOS/Sources/AppAuthCore/OIDErrorUtilities.m -o /Users/jans./Library/Developer/Xcode/DerivedData/meal.advisor.ios-csaldjncgoleykghtkpncaypzmvo/Build/Intermediates.noindex/AppAuth.build/Debug-iphonesimulator/AppAuthCore.build/Objects-normal/arm64/OIDErrorUtilities.o -index-unit-output-path /AppAuth.build/Debug-iphonesimulator/AppAuthCore.build/Objects-normal/arm64/OIDErrorUtilities.o

SwiftDriver\ Compilation Crypto normal arm64 com.apple.xcode.tools.swift.compiler (in target 'Crypto' from project 'swift-crypto')
    cd /Users/jans./Downloads/meal.advisor/meal.advisor.ios/meal.advisor.ios/meal.advisor.ios/meal.advisor.ios.xcodeproj
    builtin-Swift-Compilation -- /Applications/Xcode.app/Contents/Developer/Toolchains/XcodeDefault.xctoolchain/usr/bin/swiftc -module-name Crypto -Onone -enforce-exclusivity\=checked @/Users/jans./Library/Developer/Xcode/DerivedData/meal.advisor.ios-csaldjncgoleykghtkpncaypzmvo/Build/Intermediates.noindex/swift-crypto.build/Debug-iphonesimulator/Crypto.build/Objects-normal/arm64/Crypto.SwiftFileList -DSWIFT_PACKAGE -DDEBUG -DCRYPTO_IN_SWIFTPM -DXcode -enable-upcoming-feature MemberImportVisibility -plugin-path /Applications/Xcode.app/Contents/Developer/Toolchains/XcodeDefault.xctoolchain/usr/lib/swift/host/plugins/testing -enable-experimental-feature DebugDescriptionMacro -sdk /Applications/Xcode.app/Contents/Developer/Platforms/iPhoneSimulator.platform/Developer/SDKs/iPhoneSimulator18.5.sdk -target arm64-apple-ios12.0-simulator -g -module-cache-path /Users/jans./Library/Developer/Xcode/DerivedData/ModuleCache.noindex -Xfrontend -serialize-debugging-options -enable-testing -suppress-warnings -index-store-path /Users/jans./Library/Developer/Xcode/DerivedData/meal.advisor.ios-csaldjncgoleykghtkpncaypzmvo/Index.noindex/DataStore -swift-version 5 -I /Users/jans./Library/Developer/Xcode/DerivedData/meal.advisor.ios-csaldjncgoleykghtkpncaypzmvo/Build/Products/Debug-iphonesimulator -I /Applications/Xcode.app/Contents/Developer/Platforms/iPhoneSimulator.platform/Developer/usr/lib -F /Users/jans./Library/Developer/Xcode/DerivedData/meal.advisor.ios-csaldjncgoleykghtkpncaypzmvo/Build/Products/Debug-iphonesimulator -F /Applications/Xcode.app/Contents/Developer/Platforms/iPhoneSimulator.platform/Developer/Library/Frameworks -F /Applications/Xcode.app/Contents/Developer/Platforms/iPhoneSimulator.platform/Developer/SDKs/iPhoneSimulator18.5.sdk/Developer/Library/Frameworks -c -j8 -enable-batch-mode -incremental -Xcc -ivfsstatcache -Xcc /Users/jans./Library/Developer/Xcode/DerivedData/SDKStatCaches.noindex/iphonesimulator18.5-22F76-d5fc8ad4295d2ef488fb7d0f804ce0c4.sdkstatcache -output-file-map /Users/jans./Library/Developer/Xcode/DerivedData/meal.advisor.ios-csaldjncgoleykghtkpncaypzmvo/Build/Intermediates.noindex/swift-crypto.build/Debug-iphonesimulator/Crypto.build/Objects-normal/arm64/Crypto-OutputFileMap.json -use-frontend-parseable-output -save-temps -no-color-diagnostics -serialize-diagnostics -emit-dependencies -emit-module -emit-module-path /Users/jans./Library/Developer/Xcode/DerivedData/meal.advisor.ios-csaldjncgoleykghtkpncaypzmvo/Build/Intermediates.noindex/swift-crypto.build/Debug-iphonesimulator/Crypto.build/Objects-normal/arm64/Crypto.swiftmodule -validate-clang-modules-once -clang-build-session-file /Users/jans./Library/Developer/Xcode/DerivedData/ModuleCache.noindex/Session.modulevalidation -package-name swift_crypto -Xcc -I/Users/jans./Library/Developer/Xcode/DerivedData/meal.advisor.ios-csaldjncgoleykghtkpncaypzmvo/Build/Intermediates.noindex/swift-crypto.build/Debug-iphonesimulator/Crypto.build/swift-overrides.hmap -emit-const-values -Xfrontend -const-gather-protocols-file -Xfrontend /Users/jans./Library/Developer/Xcode/DerivedData/meal.advisor.ios-csaldjncgoleykghtkpncaypzmvo/Build/Intermediates.noindex/swift-crypto.build/Debug-iphonesimulator/Crypto.build/Objects-normal/arm64/Crypto_const_extract_protocols.json -Xcc -I/Users/jans./Library/Developer/Xcode/DerivedData/meal.advisor.ios-csaldjncgoleykghtkpncaypzmvo/Build/Products/Debug-iphonesimulator/include -Xcc -I/Users/jans./Library/Developer/Xcode/DerivedData/meal.advisor.ios-csaldjncgoleykghtkpncaypzmvo/Build/Intermediates.noindex/swift-crypto.build/Debug-iphonesimulator/Crypto.build/DerivedSources-normal/arm64 -Xcc -I/Users/jans./Library/Developer/Xcode/DerivedData/meal.advisor.ios-csaldjncgoleykghtkpncaypzmvo/Build/Intermediates.noindex/swift-crypto.build/Debug-iphonesimulator/Crypto.build/DerivedSources/arm64 -Xcc -I/Users/jans./Library/Developer/Xcode/DerivedData/meal.advisor.ios-csaldjncgoleykghtkpncaypzmvo/Build/Intermediates.noindex/swift-crypto.build/Debug-iphonesimulator/Crypto.build/DerivedSources -Xcc -DSWIFT_PACKAGE -Xcc -DDEBUG\=1 -emit-objc-header -emit-objc-header-path /Users/jans./Library/Developer/Xcode/DerivedData/meal.advisor.ios-csaldjncgoleykghtkpncaypzmvo/Build/Intermediates.noindex/swift-crypto.build/Debug-iphonesimulator/Crypto.build/Objects-normal/arm64/Crypto-Swift.h -working-directory /Users/jans./Downloads/meal.advisor/meal.advisor.ios/meal.advisor.ios/meal.advisor.ios/meal.advisor.ios.xcodeproj -experimental-emit-module-separately -disable-cmo

ScanDependencies /Users/jans./Library/Developer/Xcode/DerivedData/meal.advisor.ios-csaldjncgoleykghtkpncaypzmvo/Build/Intermediates.noindex/AppAuth.build/Debug-iphonesimulator/AppAuthCore.build/Objects-normal/arm64/OIDError.o /Users/jans./Library/Developer/Xcode/DerivedData/meal.advisor.ios-csaldjncgoleykghtkpncaypzmvo/SourcePackages/checkouts/AppAuth-iOS/Sources/AppAuthCore/OIDError.m normal arm64 objective-c com.apple.compilers.llvm.clang.1_0.compiler (in target 'AppAuthCore' from project 'AppAuth')
    cd /Users/jans./Downloads/meal.advisor/meal.advisor.ios/meal.advisor.ios/meal.advisor.ios/meal.advisor.ios.xcodeproj
    
    Using response file: /Users/jans./Library/Developer/Xcode/DerivedData/meal.advisor.ios-csaldjncgoleykghtkpncaypzmvo/Build/Intermediates.noindex/AppAuth.build/Debug-iphonesimulator/AppAuthCore.build/Objects-normal/arm64/e6072d4f65d7061329687fe24e3d63a7-common-args.resp
    
    builtin-ScanDependencies -o /Users/jans./Library/Developer/Xcode/DerivedData/meal.advisor.ios-csaldjncgoleykghtkpncaypzmvo/Build/Intermediates.noindex/AppAuth.build/Debug-iphonesimulator/AppAuthCore.build/Objects-normal/arm64/OIDError.o.scan -- /Applications/Xcode.app/Contents/Developer/Toolchains/XcodeDefault.xctoolchain/usr/bin/clang -x objective-c -ivfsstatcache /Users/jans./Library/Developer/Xcode/DerivedData/SDKStatCaches.noindex/iphonesimulator18.5-22F76-d5fc8ad4295d2ef488fb7d0f804ce0c4.sdkstatcache -fmessage-length\=0 -fdiagnostics-show-note-include-stack -fmacro-backtrace-limit\=0 -fno-color-diagnostics -fmodules-prune-interval\=86400 -fmodules-prune-after\=345600 -fbuild-session-file\=/Users/jans./Library/Developer/Xcode/DerivedData/ModuleCache.noindex/Session.modulevalidation -fmodules-validate-once-per-build-session -Wnon-modular-include-in-framework-module -Werror\=non-modular-include-in-framework-module -Wno-trigraphs -Wno-missing-field-initializers -Wno-missing-prototypes -Wno-return-type -Wno-implicit-atomic-properties -Wno-objc-interface-ivars -Wno-arc-repeated-use-of-weak -Wno-missing-braces -Wparentheses -Wswitch -Wno-unused-function -Wno-unused-label -Wno-unused-parameter -Wno-unused-variable -Wunused-value -Wno-empty-body -Wno-uninitialized -Wno-unknown-pragmas -w -Wno-shadow -Wno-four-char-constants -Wno-conversion -Wno-constant-conversion -Wno-int-conversion -Wno-bool-conversion -Wno-enum-conversion -Wno-float-conversion -Wno-non-literal-null-conversion -Wno-objc-literal-conversion -Wshorten-64-to-32 -Wpointer-sign -Wno-newline-eof -Wno-selector -Wno-strict-selector-match -Wno-undeclared-selector -Wno-deprecated-implementations -Wno-implicit-fallthrough -fstrict-aliasing -Wprotocol -Wdeprecated-declarations -Wno-sign-conversion -Wno-infinite-recursion -Wno-comma -Wno-block-capture-autoreleasing -Wno-strict-prototypes -Wno-semicolon-before-method-body -index-store-path /Users/jans./Library/Developer/Xcode/DerivedData/meal.advisor.ios-csaldjncgoleykghtkpncaypzmvo/Index.noindex/DataStore @/Users/jans./Library/Developer/Xcode/DerivedData/meal.advisor.ios-csaldjncgoleykghtkpncaypzmvo/Build/Intermediates.noindex/AppAuth.build/Debug-iphonesimulator/AppAuthCore.build/Objects-normal/arm64/e6072d4f65d7061329687fe24e3d63a7-common-args.resp -include /Users/jans./Library/Developer/Xcode/DerivedData/meal.advisor.ios-csaldjncgoleykghtkpncaypzmvo/Build/Intermediates.noindex/AppAuth.build/Debug-iphonesimulator/AppAuthCore.build/DerivedSources/resource_bundle_accessor.h -MMD -MT dependencies -MF /Users/jans./Library/Developer/Xcode/DerivedData/meal.advisor.ios-csaldjncgoleykghtkpncaypzmvo/Build/Intermediates.noindex/AppAuth.build/Debug-iphonesimulator/AppAuthCore.build/Objects-normal/arm64/OIDError.d --serialize-diagnostics /Users/jans./Library/Developer/Xcode/DerivedData/meal.advisor.ios-csaldjncgoleykghtkpncaypzmvo/Build/Intermediates.noindex/AppAuth.build/Debug-iphonesimulator/AppAuthCore.build/Objects-normal/arm64/OIDError.dia -c /Users/jans./Library/Developer/Xcode/DerivedData/meal.advisor.ios-csaldjncgoleykghtkpncaypzmvo/SourcePackages/checkouts/AppAuth-iOS/Sources/AppAuthCore/OIDError.m -o /Users/jans./Library/Developer/Xcode/DerivedData/meal.advisor.ios-csaldjncgoleykghtkpncaypzmvo/Build/Intermediates.noindex/AppAuth.build/Debug-iphonesimulator/AppAuthCore.build/Objects-normal/arm64/OIDError.o -index-unit-output-path /AppAuth.build/Debug-iphonesimulator/AppAuthCore.build/Objects-normal/arm64/OIDError.o

ScanDependencies /Users/jans./Library/Developer/Xcode/DerivedData/meal.advisor.ios-csaldjncgoleykghtkpncaypzmvo/Build/Intermediates.noindex/AppAuth.build/Debug-iphonesimulator/AppAuthCore.build/Objects-normal/arm64/OIDEndSessionResponse.o /Users/jans./Library/Developer/Xcode/DerivedData/meal.advisor.ios-csaldjncgoleykghtkpncaypzmvo/SourcePackages/checkouts/AppAuth-iOS/Sources/AppAuthCore/OIDEndSessionResponse.m normal arm64 objective-c com.apple.compilers.llvm.clang.1_0.compiler (in target 'AppAuthCore' from project 'AppAuth')
    cd /Users/jans./Downloads/meal.advisor/meal.advisor.ios/meal.advisor.ios/meal.advisor.ios/meal.advisor.ios.xcodeproj
    
    Using response file: /Users/jans./Library/Developer/Xcode/DerivedData/meal.advisor.ios-csaldjncgoleykghtkpncaypzmvo/Build/Intermediates.noindex/AppAuth.build/Debug-iphonesimulator/AppAuthCore.build/Objects-normal/arm64/e6072d4f65d7061329687fe24e3d63a7-common-args.resp
    
    builtin-ScanDependencies -o /Users/jans./Library/Developer/Xcode/DerivedData/meal.advisor.ios-csaldjncgoleykghtkpncaypzmvo/Build/Intermediates.noindex/AppAuth.build/Debug-iphonesimulator/AppAuthCore.build/Objects-normal/arm64/OIDEndSessionResponse.o.scan -- /Applications/Xcode.app/Contents/Developer/Toolchains/XcodeDefault.xctoolchain/usr/bin/clang -x objective-c -ivfsstatcache /Users/jans./Library/Developer/Xcode/DerivedData/SDKStatCaches.noindex/iphonesimulator18.5-22F76-d5fc8ad4295d2ef488fb7d0f804ce0c4.sdkstatcache -fmessage-length\=0 -fdiagnostics-show-note-include-stack -fmacro-backtrace-limit\=0 -fno-color-diagnostics -fmodules-prune-interval\=86400 -fmodules-prune-after\=345600 -fbuild-session-file\=/Users/jans./Library/Developer/Xcode/DerivedData/ModuleCache.noindex/Session.modulevalidation -fmodules-validate-once-per-build-session -Wnon-modular-include-in-framework-module -Werror\=non-modular-include-in-framework-module -Wno-trigraphs -Wno-missing-field-initializers -Wno-missing-prototypes -Wno-return-type -Wno-implicit-atomic-properties -Wno-objc-interface-ivars -Wno-arc-repeated-use-of-weak -Wno-missing-braces -Wparentheses -Wswitch -Wno-unused-function -Wno-unused-label -Wno-unused-parameter -Wno-unused-variable -Wunused-value -Wno-empty-body -Wno-uninitialized -Wno-unknown-pragmas -w -Wno-shadow -Wno-four-char-constants -Wno-conversion -Wno-constant-conversion -Wno-int-conversion -Wno-bool-conversion -Wno-enum-conversion -Wno-float-conversion -Wno-non-literal-null-conversion -Wno-objc-literal-conversion -Wshorten-64-to-32 -Wpointer-sign -Wno-newline-eof -Wno-selector -Wno-strict-selector-match -Wno-undeclared-selector -Wno-deprecated-implementations -Wno-implicit-fallthrough -fstrict-aliasing -Wprotocol -Wdeprecated-declarations -Wno-sign-conversion -Wno-infinite-recursion -Wno-comma -Wno-block-capture-autoreleasing -Wno-strict-prototypes -Wno-semicolon-before-method-body -index-store-path /Users/jans./Library/Developer/Xcode/DerivedData/meal.advisor.ios-csaldjncgoleykghtkpncaypzmvo/Index.noindex/DataStore @/Users/jans./Library/Developer/Xcode/DerivedData/meal.advisor.ios-csaldjncgoleykghtkpncaypzmvo/Build/Intermediates.noindex/AppAuth.build/Debug-iphonesimulator/AppAuthCore.build/Objects-normal/arm64/e6072d4f65d7061329687fe24e3d63a7-common-args.resp -include /Users/jans./Library/Developer/Xcode/DerivedData/meal.advisor.ios-csaldjncgoleykghtkpncaypzmvo/Build/Intermediates.noindex/AppAuth.build/Debug-iphonesimulator/AppAuthCore.build/DerivedSources/resource_bundle_accessor.h -MMD -MT dependencies -MF /Users/jans./Library/Developer/Xcode/DerivedData/meal.advisor.ios-csaldjncgoleykghtkpncaypzmvo/Build/Intermediates.noindex/AppAuth.build/Debug-iphonesimulator/AppAuthCore.build/Objects-normal/arm64/OIDEndSessionResponse.d --serialize-diagnostics /Users/jans./Library/Developer/Xcode/DerivedData/meal.advisor.ios-csaldjncgoleykghtkpncaypzmvo/Build/Intermediates.noindex/AppAuth.build/Debug-iphonesimulator/AppAuthCore.build/Objects-normal/arm64/OIDEndSessionResponse.dia -c /Users/jans./Library/Developer/Xcode/DerivedData/meal.advisor.ios-csaldjncgoleykghtkpncaypzmvo/SourcePackages/checkouts/AppAuth-iOS/Sources/AppAuthCore/OIDEndSessionResponse.m -o /Users/jans./Library/Developer/Xcode/DerivedData/meal.advisor.ios-csaldjncgoleykghtkpncaypzmvo/Build/Intermediates.noindex/AppAuth.build/Debug-iphonesimulator/AppAuthCore.build/Objects-normal/arm64/OIDEndSessionResponse.o -index-unit-output-path /AppAuth.build/Debug-iphonesimulator/AppAuthCore.build/Objects-normal/arm64/OIDEndSessionResponse.o

CompileC /Users/jans./Library/Developer/Xcode/DerivedData/meal.advisor.ios-csaldjncgoleykghtkpncaypzmvo/Build/Intermediates.noindex/AppAuth.build/Debug-iphonesimulator/AppAuthCore.build/Objects-normal/arm64/OIDGrantTypes.o /Users/jans./Library/Developer/Xcode/DerivedData/meal.advisor.ios-csaldjncgoleykghtkpncaypzmvo/SourcePackages/checkouts/AppAuth-iOS/Sources/AppAuthCore/OIDGrantTypes.m normal arm64 objective-c com.apple.compilers.llvm.clang.1_0.compiler (in target 'AppAuthCore' from project 'AppAuth')
    cd /Users/jans./Downloads/meal.advisor/meal.advisor.ios/meal.advisor.ios/meal.advisor.ios/meal.advisor.ios.xcodeproj
    
    Using response file: /Users/jans./Library/Developer/Xcode/DerivedData/meal.advisor.ios-csaldjncgoleykghtkpncaypzmvo/Build/Intermediates.noindex/AppAuth.build/Debug-iphonesimulator/AppAuthCore.build/Objects-normal/arm64/e6072d4f65d7061329687fe24e3d63a7-common-args.resp
    
    /Applications/Xcode.app/Contents/Developer/Toolchains/XcodeDefault.xctoolchain/usr/bin/clang -x objective-c -ivfsstatcache /Users/jans./Library/Developer/Xcode/DerivedData/SDKStatCaches.noindex/iphonesimulator18.5-22F76-d5fc8ad4295d2ef488fb7d0f804ce0c4.sdkstatcache -fmessage-length\=0 -fdiagnostics-show-note-include-stack -fmacro-backtrace-limit\=0 -fno-color-diagnostics -fmodules-prune-interval\=86400 -fmodules-prune-after\=345600 -fbuild-session-file\=/Users/jans./Library/Developer/Xcode/DerivedData/ModuleCache.noindex/Session.modulevalidation -fmodules-validate-once-per-build-session -Wnon-modular-include-in-framework-module -Werror\=non-modular-include-in-framework-module -Wno-trigraphs -Wno-missing-field-initializers -Wno-missing-prototypes -Wno-return-type -Wno-implicit-atomic-properties -Wno-objc-interface-ivars -Wno-arc-repeated-use-of-weak -Wno-missing-braces -Wparentheses -Wswitch -Wno-unused-function -Wno-unused-label -Wno-unused-parameter -Wno-unused-variable -Wunused-value -Wno-empty-body -Wno-uninitialized -Wno-unknown-pragmas -w -Wno-shadow -Wno-four-char-constants -Wno-conversion -Wno-constant-conversion -Wno-int-conversion -Wno-bool-conversion -Wno-enum-conversion -Wno-float-conversion -Wno-non-literal-null-conversion -Wno-objc-literal-conversion -Wshorten-64-to-32 -Wpointer-sign -Wno-newline-eof -Wno-selector -Wno-strict-selector-match -Wno-undeclared-selector -Wno-deprecated-implementations -Wno-implicit-fallthrough -fstrict-aliasing -Wprotocol -Wdeprecated-declarations -Wno-sign-conversion -Wno-infinite-recursion -Wno-comma -Wno-block-capture-autoreleasing -Wno-strict-prototypes -Wno-semicolon-before-method-body -index-store-path /Users/jans./Library/Developer/Xcode/DerivedData/meal.advisor.ios-csaldjncgoleykghtkpncaypzmvo/Index.noindex/DataStore @/Users/jans./Library/Developer/Xcode/DerivedData/meal.advisor.ios-csaldjncgoleykghtkpncaypzmvo/Build/Intermediates.noindex/AppAuth.build/Debug-iphonesimulator/AppAuthCore.build/Objects-normal/arm64/e6072d4f65d7061329687fe24e3d63a7-common-args.resp -include /Users/jans./Library/Developer/Xcode/DerivedData/meal.advisor.ios-csaldjncgoleykghtkpncaypzmvo/Build/Intermediates.noindex/AppAuth.build/Debug-iphonesimulator/AppAuthCore.build/DerivedSources/resource_bundle_accessor.h -MMD -MT dependencies -MF /Users/jans./Library/Developer/Xcode/DerivedData/meal.advisor.ios-csaldjncgoleykghtkpncaypzmvo/Build/Intermediates.noindex/AppAuth.build/Debug-iphonesimulator/AppAuthCore.build/Objects-normal/arm64/OIDGrantTypes.d --serialize-diagnostics /Users/jans./Library/Developer/Xcode/DerivedData/meal.advisor.ios-csaldjncgoleykghtkpncaypzmvo/Build/Intermediates.noindex/AppAuth.build/Debug-iphonesimulator/AppAuthCore.build/Objects-normal/arm64/OIDGrantTypes.dia -c /Users/jans./Library/Developer/Xcode/DerivedData/meal.advisor.ios-csaldjncgoleykghtkpncaypzmvo/SourcePackages/checkouts/AppAuth-iOS/Sources/AppAuthCore/OIDGrantTypes.m -o /Users/jans./Library/Developer/Xcode/DerivedData/meal.advisor.ios-csaldjncgoleykghtkpncaypzmvo/Build/Intermediates.noindex/AppAuth.build/Debug-iphonesimulator/AppAuthCore.build/Objects-normal/arm64/OIDGrantTypes.o -index-unit-output-path /AppAuth.build/Debug-iphonesimulator/AppAuthCore.build/Objects-normal/arm64/OIDGrantTypes.o

CompileC /Users/jans./Library/Developer/Xcode/DerivedData/meal.advisor.ios-csaldjncgoleykghtkpncaypzmvo/Build/Intermediates.noindex/AppAuth.build/Debug-iphonesimulator/AppAuthCore.build/Objects-normal/arm64/OIDFieldMapping.o /Users/jans./Library/Developer/Xcode/DerivedData/meal.advisor.ios-csaldjncgoleykghtkpncaypzmvo/SourcePackages/checkouts/AppAuth-iOS/Sources/AppAuthCore/OIDFieldMapping.m normal arm64 objective-c com.apple.compilers.llvm.clang.1_0.compiler (in target 'AppAuthCore' from project 'AppAuth')
    cd /Users/jans./Downloads/meal.advisor/meal.advisor.ios/meal.advisor.ios/meal.advisor.ios/meal.advisor.ios.xcodeproj
    
    Using response file: /Users/jans./Library/Developer/Xcode/DerivedData/meal.advisor.ios-csaldjncgoleykghtkpncaypzmvo/Build/Intermediates.noindex/AppAuth.build/Debug-iphonesimulator/AppAuthCore.build/Objects-normal/arm64/e6072d4f65d7061329687fe24e3d63a7-common-args.resp
    
    /Applications/Xcode.app/Contents/Developer/Toolchains/XcodeDefault.xctoolchain/usr/bin/clang -x objective-c -ivfsstatcache /Users/jans./Library/Developer/Xcode/DerivedData/SDKStatCaches.noindex/iphonesimulator18.5-22F76-d5fc8ad4295d2ef488fb7d0f804ce0c4.sdkstatcache -fmessage-length\=0 -fdiagnostics-show-note-include-stack -fmacro-backtrace-limit\=0 -fno-color-diagnostics -fmodules-prune-interval\=86400 -fmodules-prune-after\=345600 -fbuild-session-file\=/Users/jans./Library/Developer/Xcode/DerivedData/ModuleCache.noindex/Session.modulevalidation -fmodules-validate-once-per-build-session -Wnon-modular-include-in-framework-module -Werror\=non-modular-include-in-framework-module -Wno-trigraphs -Wno-missing-field-initializers -Wno-missing-prototypes -Wno-return-type -Wno-implicit-atomic-properties -Wno-objc-interface-ivars -Wno-arc-repeated-use-of-weak -Wno-missing-braces -Wparentheses -Wswitch -Wno-unused-function -Wno-unused-label -Wno-unused-parameter -Wno-unused-variable -Wunused-value -Wno-empty-body -Wno-uninitialized -Wno-unknown-pragmas -w -Wno-shadow -Wno-four-char-constants -Wno-conversion -Wno-constant-conversion -Wno-int-conversion -Wno-bool-conversion -Wno-enum-conversion -Wno-float-conversion -Wno-non-literal-null-conversion -Wno-objc-literal-conversion -Wshorten-64-to-32 -Wpointer-sign -Wno-newline-eof -Wno-selector -Wno-strict-selector-match -Wno-undeclared-selector -Wno-deprecated-implementations -Wno-implicit-fallthrough -fstrict-aliasing -Wprotocol -Wdeprecated-declarations -Wno-sign-conversion -Wno-infinite-recursion -Wno-comma -Wno-block-capture-autoreleasing -Wno-strict-prototypes -Wno-semicolon-before-method-body -index-store-path /Users/jans./Library/Developer/Xcode/DerivedData/meal.advisor.ios-csaldjncgoleykghtkpncaypzmvo/Index.noindex/DataStore @/Users/jans./Library/Developer/Xcode/DerivedData/meal.advisor.ios-csaldjncgoleykghtkpncaypzmvo/Build/Intermediates.noindex/AppAuth.build/Debug-iphonesimulator/AppAuthCore.build/Objects-normal/arm64/e6072d4f65d7061329687fe24e3d63a7-common-args.resp -include /Users/jans./Library/Developer/Xcode/DerivedData/meal.advisor.ios-csaldjncgoleykghtkpncaypzmvo/Build/Intermediates.noindex/AppAuth.build/Debug-iphonesimulator/AppAuthCore.build/DerivedSources/resource_bundle_accessor.h -MMD -MT dependencies -MF /Users/jans./Library/Developer/Xcode/DerivedData/meal.advisor.ios-csaldjncgoleykghtkpncaypzmvo/Build/Intermediates.noindex/AppAuth.build/Debug-iphonesimulator/AppAuthCore.build/Objects-normal/arm64/OIDFieldMapping.d --serialize-diagnostics /Users/jans./Library/Developer/Xcode/DerivedData/meal.advisor.ios-csaldjncgoleykghtkpncaypzmvo/Build/Intermediates.noindex/AppAuth.build/Debug-iphonesimulator/AppAuthCore.build/Objects-normal/arm64/OIDFieldMapping.dia -c /Users/jans./Library/Developer/Xcode/DerivedData/meal.advisor.ios-csaldjncgoleykghtkpncaypzmvo/SourcePackages/checkouts/AppAuth-iOS/Sources/AppAuthCore/OIDFieldMapping.m -o /Users/jans./Library/Developer/Xcode/DerivedData/meal.advisor.ios-csaldjncgoleykghtkpncaypzmvo/Build/Intermediates.noindex/AppAuth.build/Debug-iphonesimulator/AppAuthCore.build/Objects-normal/arm64/OIDFieldMapping.o -index-unit-output-path /AppAuth.build/Debug-iphonesimulator/AppAuthCore.build/Objects-normal/arm64/OIDFieldMapping.o

ScanDependencies /Users/jans./Library/Developer/Xcode/DerivedData/meal.advisor.ios-csaldjncgoleykghtkpncaypzmvo/Build/Intermediates.noindex/AppAuth.build/Debug-iphonesimulator/AppAuthCore.build/Objects-normal/arm64/OIDEndSessionRequest.o /Users/jans./Library/Developer/Xcode/DerivedData/meal.advisor.ios-csaldjncgoleykghtkpncaypzmvo/SourcePackages/checkouts/AppAuth-iOS/Sources/AppAuthCore/OIDEndSessionRequest.m normal arm64 objective-c com.apple.compilers.llvm.clang.1_0.compiler (in target 'AppAuthCore' from project 'AppAuth')
    cd /Users/jans./Downloads/meal.advisor/meal.advisor.ios/meal.advisor.ios/meal.advisor.ios/meal.advisor.ios.xcodeproj
    
    Using response file: /Users/jans./Library/Developer/Xcode/DerivedData/meal.advisor.ios-csaldjncgoleykghtkpncaypzmvo/Build/Intermediates.noindex/AppAuth.build/Debug-iphonesimulator/AppAuthCore.build/Objects-normal/arm64/e6072d4f65d7061329687fe24e3d63a7-common-args.resp
    
    builtin-ScanDependencies -o /Users/jans./Library/Developer/Xcode/DerivedData/meal.advisor.ios-csaldjncgoleykghtkpncaypzmvo/Build/Intermediates.noindex/AppAuth.build/Debug-iphonesimulator/AppAuthCore.build/Objects-normal/arm64/OIDEndSessionRequest.o.scan -- /Applications/Xcode.app/Contents/Developer/Toolchains/XcodeDefault.xctoolchain/usr/bin/clang -x objective-c -ivfsstatcache /Users/jans./Library/Developer/Xcode/DerivedData/SDKStatCaches.noindex/iphonesimulator18.5-22F76-d5fc8ad4295d2ef488fb7d0f804ce0c4.sdkstatcache -fmessage-length\=0 -fdiagnostics-show-note-include-stack -fmacro-backtrace-limit\=0 -fno-color-diagnostics -fmodules-prune-interval\=86400 -fmodules-prune-after\=345600 -fbuild-session-file\=/Users/jans./Library/Developer/Xcode/DerivedData/ModuleCache.noindex/Session.modulevalidation -fmodules-validate-once-per-build-session -Wnon-modular-include-in-framework-module -Werror\=non-modular-include-in-framework-module -Wno-trigraphs -Wno-missing-field-initializers -Wno-missing-prototypes -Wno-return-type -Wno-implicit-atomic-properties -Wno-objc-interface-ivars -Wno-arc-repeated-use-of-weak -Wno-missing-braces -Wparentheses -Wswitch -Wno-unused-function -Wno-unused-label -Wno-unused-parameter -Wno-unused-variable -Wunused-value -Wno-empty-body -Wno-uninitialized -Wno-unknown-pragmas -w -Wno-shadow -Wno-four-char-constants -Wno-conversion -Wno-constant-conversion -Wno-int-conversion -Wno-bool-conversion -Wno-enum-conversion -Wno-float-conversion -Wno-non-literal-null-conversion -Wno-objc-literal-conversion -Wshorten-64-to-32 -Wpointer-sign -Wno-newline-eof -Wno-selector -Wno-strict-selector-match -Wno-undeclared-selector -Wno-deprecated-implementations -Wno-implicit-fallthrough -fstrict-aliasing -Wprotocol -Wdeprecated-declarations -Wno-sign-conversion -Wno-infinite-recursion -Wno-comma -Wno-block-capture-autoreleasing -Wno-strict-prototypes -Wno-semicolon-before-method-body -index-store-path /Users/jans./Library/Developer/Xcode/DerivedData/meal.advisor.ios-csaldjncgoleykghtkpncaypzmvo/Index.noindex/DataStore @/Users/jans./Library/Developer/Xcode/DerivedData/meal.advisor.ios-csaldjncgoleykghtkpncaypzmvo/Build/Intermediates.noindex/AppAuth.build/Debug-iphonesimulator/AppAuthCore.build/Objects-normal/arm64/e6072d4f65d7061329687fe24e3d63a7-common-args.resp -include /Users/jans./Library/Developer/Xcode/DerivedData/meal.advisor.ios-csaldjncgoleykghtkpncaypzmvo/Build/Intermediates.noindex/AppAuth.build/Debug-iphonesimulator/AppAuthCore.build/DerivedSources/resource_bundle_accessor.h -MMD -MT dependencies -MF /Users/jans./Library/Developer/Xcode/DerivedData/meal.advisor.ios-csaldjncgoleykghtkpncaypzmvo/Build/Intermediates.noindex/AppAuth.build/Debug-iphonesimulator/AppAuthCore.build/Objects-normal/arm64/OIDEndSessionRequest.d --serialize-diagnostics /Users/jans./Library/Developer/Xcode/DerivedData/meal.advisor.ios-csaldjncgoleykghtkpncaypzmvo/Build/Intermediates.noindex/AppAuth.build/Debug-iphonesimulator/AppAuthCore.build/Objects-normal/arm64/OIDEndSessionRequest.dia -c /Users/jans./Library/Developer/Xcode/DerivedData/meal.advisor.ios-csaldjncgoleykghtkpncaypzmvo/SourcePackages/checkouts/AppAuth-iOS/Sources/AppAuthCore/OIDEndSessionRequest.m -o /Users/jans./Library/Developer/Xcode/DerivedData/meal.advisor.ios-csaldjncgoleykghtkpncaypzmvo/Build/Intermediates.noindex/AppAuth.build/Debug-iphonesimulator/AppAuthCore.build/Objects-normal/arm64/OIDEndSessionRequest.o -index-unit-output-path /AppAuth.build/Debug-iphonesimulator/AppAuthCore.build/Objects-normal/arm64/OIDEndSessionRequest.o

CompileC /Users/jans./Library/Developer/Xcode/DerivedData/meal.advisor.ios-csaldjncgoleykghtkpncaypzmvo/Build/Intermediates.noindex/AppAuth.build/Debug-iphonesimulator/AppAuthCore.build/Objects-normal/arm64/OIDErrorUtilities.o /Users/jans./Library/Developer/Xcode/DerivedData/meal.advisor.ios-csaldjncgoleykghtkpncaypzmvo/SourcePackages/checkouts/AppAuth-iOS/Sources/AppAuthCore/OIDErrorUtilities.m normal arm64 objective-c com.apple.compilers.llvm.clang.1_0.compiler (in target 'AppAuthCore' from project 'AppAuth')
    cd /Users/jans./Downloads/meal.advisor/meal.advisor.ios/meal.advisor.ios/meal.advisor.ios/meal.advisor.ios.xcodeproj
    
    Using response file: /Users/jans./Library/Developer/Xcode/DerivedData/meal.advisor.ios-csaldjncgoleykghtkpncaypzmvo/Build/Intermediates.noindex/AppAuth.build/Debug-iphonesimulator/AppAuthCore.build/Objects-normal/arm64/e6072d4f65d7061329687fe24e3d63a7-common-args.resp
    
    /Applications/Xcode.app/Contents/Developer/Toolchains/XcodeDefault.xctoolchain/usr/bin/clang -x objective-c -ivfsstatcache /Users/jans./Library/Developer/Xcode/DerivedData/SDKStatCaches.noindex/iphonesimulator18.5-22F76-d5fc8ad4295d2ef488fb7d0f804ce0c4.sdkstatcache -fmessage-length\=0 -fdiagnostics-show-note-include-stack -fmacro-backtrace-limit\=0 -fno-color-diagnostics -fmodules-prune-interval\=86400 -fmodules-prune-after\=345600 -fbuild-session-file\=/Users/jans./Library/Developer/Xcode/DerivedData/ModuleCache.noindex/Session.modulevalidation -fmodules-validate-once-per-build-session -Wnon-modular-include-in-framework-module -Werror\=non-modular-include-in-framework-module -Wno-trigraphs -Wno-missing-field-initializers -Wno-missing-prototypes -Wno-return-type -Wno-implicit-atomic-properties -Wno-objc-interface-ivars -Wno-arc-repeated-use-of-weak -Wno-missing-braces -Wparentheses -Wswitch -Wno-unused-function -Wno-unused-label -Wno-unused-parameter -Wno-unused-variable -Wunused-value -Wno-empty-body -Wno-uninitialized -Wno-unknown-pragmas -w -Wno-shadow -Wno-four-char-constants -Wno-conversion -Wno-constant-conversion -Wno-int-conversion -Wno-bool-conversion -Wno-enum-conversion -Wno-float-conversion -Wno-non-literal-null-conversion -Wno-objc-literal-conversion -Wshorten-64-to-32 -Wpointer-sign -Wno-newline-eof -Wno-selector -Wno-strict-selector-match -Wno-undeclared-selector -Wno-deprecated-implementations -Wno-implicit-fallthrough -fstrict-aliasing -Wprotocol -Wdeprecated-declarations -Wno-sign-conversion -Wno-infinite-recursion -Wno-comma -Wno-block-capture-autoreleasing -Wno-strict-prototypes -Wno-semicolon-before-method-body -index-store-path /Users/jans./Library/Developer/Xcode/DerivedData/meal.advisor.ios-csaldjncgoleykghtkpncaypzmvo/Index.noindex/DataStore @/Users/jans./Library/Developer/Xcode/DerivedData/meal.advisor.ios-csaldjncgoleykghtkpncaypzmvo/Build/Intermediates.noindex/AppAuth.build/Debug-iphonesimulator/AppAuthCore.build/Objects-normal/arm64/e6072d4f65d7061329687fe24e3d63a7-common-args.resp -include /Users/jans./Library/Developer/Xcode/DerivedData/meal.advisor.ios-csaldjncgoleykghtkpncaypzmvo/Build/Intermediates.noindex/AppAuth.build/Debug-iphonesimulator/AppAuthCore.build/DerivedSources/resource_bundle_accessor.h -MMD -MT dependencies -MF /Users/jans./Library/Developer/Xcode/DerivedData/meal.advisor.ios-csaldjncgoleykghtkpncaypzmvo/Build/Intermediates.noindex/AppAuth.build/Debug-iphonesimulator/AppAuthCore.build/Objects-normal/arm64/OIDErrorUtilities.d --serialize-diagnostics /Users/jans./Library/Developer/Xcode/DerivedData/meal.advisor.ios-csaldjncgoleykghtkpncaypzmvo/Build/Intermediates.noindex/AppAuth.build/Debug-iphonesimulator/AppAuthCore.build/Objects-normal/arm64/OIDErrorUtilities.dia -c /Users/jans./Library/Developer/Xcode/DerivedData/meal.advisor.ios-csaldjncgoleykghtkpncaypzmvo/SourcePackages/checkouts/AppAuth-iOS/Sources/AppAuthCore/OIDErrorUtilities.m -o /Users/jans./Library/Developer/Xcode/DerivedData/meal.advisor.ios-csaldjncgoleykghtkpncaypzmvo/Build/Intermediates.noindex/AppAuth.build/Debug-iphonesimulator/AppAuthCore.build/Objects-normal/arm64/OIDErrorUtilities.o -index-unit-output-path /AppAuth.build/Debug-iphonesimulator/AppAuthCore.build/Objects-normal/arm64/OIDErrorUtilities.o

ScanDependencies /Users/jans./Library/Developer/Xcode/DerivedData/meal.advisor.ios-csaldjncgoleykghtkpncaypzmvo/Build/Intermediates.noindex/AppAuth.build/Debug-iphonesimulator/AppAuthCore.build/Objects-normal/arm64/OIDClientMetadataParameters.o /Users/jans./Library/Developer/Xcode/DerivedData/meal.advisor.ios-csaldjncgoleykghtkpncaypzmvo/SourcePackages/checkouts/AppAuth-iOS/Sources/AppAuthCore/OIDClientMetadataParameters.m normal arm64 objective-c com.apple.compilers.llvm.clang.1_0.compiler (in target 'AppAuthCore' from project 'AppAuth')
    cd /Users/jans./Downloads/meal.advisor/meal.advisor.ios/meal.advisor.ios/meal.advisor.ios/meal.advisor.ios.xcodeproj
    
    Using response file: /Users/jans./Library/Developer/Xcode/DerivedData/meal.advisor.ios-csaldjncgoleykghtkpncaypzmvo/Build/Intermediates.noindex/AppAuth.build/Debug-iphonesimulator/AppAuthCore.build/Objects-normal/arm64/e6072d4f65d7061329687fe24e3d63a7-common-args.resp
    
    builtin-ScanDependencies -o /Users/jans./Library/Developer/Xcode/DerivedData/meal.advisor.ios-csaldjncgoleykghtkpncaypzmvo/Build/Intermediates.noindex/AppAuth.build/Debug-iphonesimulator/AppAuthCore.build/Objects-normal/arm64/OIDClientMetadataParameters.o.scan -- /Applications/Xcode.app/Contents/Developer/Toolchains/XcodeDefault.xctoolchain/usr/bin/clang -x objective-c -ivfsstatcache /Users/jans./Library/Developer/Xcode/DerivedData/SDKStatCaches.noindex/iphonesimulator18.5-22F76-d5fc8ad4295d2ef488fb7d0f804ce0c4.sdkstatcache -fmessage-length\=0 -fdiagnostics-show-note-include-stack -fmacro-backtrace-limit\=0 -fno-color-diagnostics -fmodules-prune-interval\=86400 -fmodules-prune-after\=345600 -fbuild-session-file\=/Users/jans./Library/Developer/Xcode/DerivedData/ModuleCache.noindex/Session.modulevalidation -fmodules-validate-once-per-build-session -Wnon-modular-include-in-framework-module -Werror\=non-modular-include-in-framework-module -Wno-trigraphs -Wno-missing-field-initializers -Wno-missing-prototypes -Wno-return-type -Wno-implicit-atomic-properties -Wno-objc-interface-ivars -Wno-arc-repeated-use-of-weak -Wno-missing-braces -Wparentheses -Wswitch -Wno-unused-function -Wno-unused-label -Wno-unused-parameter -Wno-unused-variable -Wunused-value -Wno-empty-body -Wno-uninitialized -Wno-unknown-pragmas -w -Wno-shadow -Wno-four-char-constants -Wno-conversion -Wno-constant-conversion -Wno-int-conversion -Wno-bool-conversion -Wno-enum-conversion -Wno-float-conversion -Wno-non-literal-null-conversion -Wno-objc-literal-conversion -Wshorten-64-to-32 -Wpointer-sign -Wno-newline-eof -Wno-selector -Wno-strict-selector-match -Wno-undeclared-selector -Wno-deprecated-implementations -Wno-implicit-fallthrough -fstrict-aliasing -Wprotocol -Wdeprecated-declarations -Wno-sign-conversion -Wno-infinite-recursion -Wno-comma -Wno-block-capture-autoreleasing -Wno-strict-prototypes -Wno-semicolon-before-method-body -index-store-path /Users/jans./Library/Developer/Xcode/DerivedData/meal.advisor.ios-csaldjncgoleykghtkpncaypzmvo/Index.noindex/DataStore @/Users/jans./Library/Developer/Xcode/DerivedData/meal.advisor.ios-csaldjncgoleykghtkpncaypzmvo/Build/Intermediates.noindex/AppAuth.build/Debug-iphonesimulator/AppAuthCore.build/Objects-normal/arm64/e6072d4f65d7061329687fe24e3d63a7-common-args.resp -include /Users/jans./Library/Developer/Xcode/DerivedData/meal.advisor.ios-csaldjncgoleykghtkpncaypzmvo/Build/Intermediates.noindex/AppAuth.build/Debug-iphonesimulator/AppAuthCore.build/DerivedSources/resource_bundle_accessor.h -MMD -MT dependencies -MF /Users/jans./Library/Developer/Xcode/DerivedData/meal.advisor.ios-csaldjncgoleykghtkpncaypzmvo/Build/Intermediates.noindex/AppAuth.build/Debug-iphonesimulator/AppAuthCore.build/Objects-normal/arm64/OIDClientMetadataParameters.d --serialize-diagnostics /Users/jans./Library/Developer/Xcode/DerivedData/meal.advisor.ios-csaldjncgoleykghtkpncaypzmvo/Build/Intermediates.noindex/AppAuth.build/Debug-iphonesimulator/AppAuthCore.build/Objects-normal/arm64/OIDClientMetadataParameters.dia -c /Users/jans./Library/Developer/Xcode/DerivedData/meal.advisor.ios-csaldjncgoleykghtkpncaypzmvo/SourcePackages/checkouts/AppAuth-iOS/Sources/AppAuthCore/OIDClientMetadataParameters.m -o /Users/jans./Library/Developer/Xcode/DerivedData/meal.advisor.ios-csaldjncgoleykghtkpncaypzmvo/Build/Intermediates.noindex/AppAuth.build/Debug-iphonesimulator/AppAuthCore.build/Objects-normal/arm64/OIDClientMetadataParameters.o -index-unit-output-path /AppAuth.build/Debug-iphonesimulator/AppAuthCore.build/Objects-normal/arm64/OIDClientMetadataParameters.o

CompileC /Users/jans./Library/Developer/Xcode/DerivedData/meal.advisor.ios-csaldjncgoleykghtkpncaypzmvo/Build/Intermediates.noindex/AppAuth.build/Debug-iphonesimulator/AppAuthCore.build/Objects-normal/arm64/OIDError.o /Users/jans./Library/Developer/Xcode/DerivedData/meal.advisor.ios-csaldjncgoleykghtkpncaypzmvo/SourcePackages/checkouts/AppAuth-iOS/Sources/AppAuthCore/OIDError.m normal arm64 objective-c com.apple.compilers.llvm.clang.1_0.compiler (in target 'AppAuthCore' from project 'AppAuth')
    cd /Users/jans./Downloads/meal.advisor/meal.advisor.ios/meal.advisor.ios/meal.advisor.ios/meal.advisor.ios.xcodeproj
    
    Using response file: /Users/jans./Library/Developer/Xcode/DerivedData/meal.advisor.ios-csaldjncgoleykghtkpncaypzmvo/Build/Intermediates.noindex/AppAuth.build/Debug-iphonesimulator/AppAuthCore.build/Objects-normal/arm64/e6072d4f65d7061329687fe24e3d63a7-common-args.resp
    
    /Applications/Xcode.app/Contents/Developer/Toolchains/XcodeDefault.xctoolchain/usr/bin/clang -x objective-c -ivfsstatcache /Users/jans./Library/Developer/Xcode/DerivedData/SDKStatCaches.noindex/iphonesimulator18.5-22F76-d5fc8ad4295d2ef488fb7d0f804ce0c4.sdkstatcache -fmessage-length\=0 -fdiagnostics-show-note-include-stack -fmacro-backtrace-limit\=0 -fno-color-diagnostics -fmodules-prune-interval\=86400 -fmodules-prune-after\=345600 -fbuild-session-file\=/Users/jans./Library/Developer/Xcode/DerivedData/ModuleCache.noindex/Session.modulevalidation -fmodules-validate-once-per-build-session -Wnon-modular-include-in-framework-module -Werror\=non-modular-include-in-framework-module -Wno-trigraphs -Wno-missing-field-initializers -Wno-missing-prototypes -Wno-return-type -Wno-implicit-atomic-properties -Wno-objc-interface-ivars -Wno-arc-repeated-use-of-weak -Wno-missing-braces -Wparentheses -Wswitch -Wno-unused-function -Wno-unused-label -Wno-unused-parameter -Wno-unused-variable -Wunused-value -Wno-empty-body -Wno-uninitialized -Wno-unknown-pragmas -w -Wno-shadow -Wno-four-char-constants -Wno-conversion -Wno-constant-conversion -Wno-int-conversion -Wno-bool-conversion -Wno-enum-conversion -Wno-float-conversion -Wno-non-literal-null-conversion -Wno-objc-literal-conversion -Wshorten-64-to-32 -Wpointer-sign -Wno-newline-eof -Wno-selector -Wno-strict-selector-match -Wno-undeclared-selector -Wno-deprecated-implementations -Wno-implicit-fallthrough -fstrict-aliasing -Wprotocol -Wdeprecated-declarations -Wno-sign-conversion -Wno-infinite-recursion -Wno-comma -Wno-block-capture-autoreleasing -Wno-strict-prototypes -Wno-semicolon-before-method-body -index-store-path /Users/jans./Library/Developer/Xcode/DerivedData/meal.advisor.ios-csaldjncgoleykghtkpncaypzmvo/Index.noindex/DataStore @/Users/jans./Library/Developer/Xcode/DerivedData/meal.advisor.ios-csaldjncgoleykghtkpncaypzmvo/Build/Intermediates.noindex/AppAuth.build/Debug-iphonesimulator/AppAuthCore.build/Objects-normal/arm64/e6072d4f65d7061329687fe24e3d63a7-common-args.resp -include /Users/jans./Library/Developer/Xcode/DerivedData/meal.advisor.ios-csaldjncgoleykghtkpncaypzmvo/Build/Intermediates.noindex/AppAuth.build/Debug-iphonesimulator/AppAuthCore.build/DerivedSources/resource_bundle_accessor.h -MMD -MT dependencies -MF /Users/jans./Library/Developer/Xcode/DerivedData/meal.advisor.ios-csaldjncgoleykghtkpncaypzmvo/Build/Intermediates.noindex/AppAuth.build/Debug-iphonesimulator/AppAuthCore.build/Objects-normal/arm64/OIDError.d --serialize-diagnostics /Users/jans./Library/Developer/Xcode/DerivedData/meal.advisor.ios-csaldjncgoleykghtkpncaypzmvo/Build/Intermediates.noindex/AppAuth.build/Debug-iphonesimulator/AppAuthCore.build/Objects-normal/arm64/OIDError.dia -c /Users/jans./Library/Developer/Xcode/DerivedData/meal.advisor.ios-csaldjncgoleykghtkpncaypzmvo/SourcePackages/checkouts/AppAuth-iOS/Sources/AppAuthCore/OIDError.m -o /Users/jans./Library/Developer/Xcode/DerivedData/meal.advisor.ios-csaldjncgoleykghtkpncaypzmvo/Build/Intermediates.noindex/AppAuth.build/Debug-iphonesimulator/AppAuthCore.build/Objects-normal/arm64/OIDError.o -index-unit-output-path /AppAuth.build/Debug-iphonesimulator/AppAuthCore.build/Objects-normal/arm64/OIDError.o

CompileC /Users/jans./Library/Developer/Xcode/DerivedData/meal.advisor.ios-csaldjncgoleykghtkpncaypzmvo/Build/Intermediates.noindex/AppAuth.build/Debug-iphonesimulator/AppAuthCore.build/Objects-normal/arm64/OIDEndSessionResponse.o /Users/jans./Library/Developer/Xcode/DerivedData/meal.advisor.ios-csaldjncgoleykghtkpncaypzmvo/SourcePackages/checkouts/AppAuth-iOS/Sources/AppAuthCore/OIDEndSessionResponse.m normal arm64 objective-c com.apple.compilers.llvm.clang.1_0.compiler (in target 'AppAuthCore' from project 'AppAuth')
    cd /Users/jans./Downloads/meal.advisor/meal.advisor.ios/meal.advisor.ios/meal.advisor.ios/meal.advisor.ios.xcodeproj
    
    Using response file: /Users/jans./Library/Developer/Xcode/DerivedData/meal.advisor.ios-csaldjncgoleykghtkpncaypzmvo/Build/Intermediates.noindex/AppAuth.build/Debug-iphonesimulator/AppAuthCore.build/Objects-normal/arm64/e6072d4f65d7061329687fe24e3d63a7-common-args.resp
    
    /Applications/Xcode.app/Contents/Developer/Toolchains/XcodeDefault.xctoolchain/usr/bin/clang -x objective-c -ivfsstatcache /Users/jans./Library/Developer/Xcode/DerivedData/SDKStatCaches.noindex/iphonesimulator18.5-22F76-d5fc8ad4295d2ef488fb7d0f804ce0c4.sdkstatcache -fmessage-length\=0 -fdiagnostics-show-note-include-stack -fmacro-backtrace-limit\=0 -fno-color-diagnostics -fmodules-prune-interval\=86400 -fmodules-prune-after\=345600 -fbuild-session-file\=/Users/jans./Library/Developer/Xcode/DerivedData/ModuleCache.noindex/Session.modulevalidation -fmodules-validate-once-per-build-session -Wnon-modular-include-in-framework-module -Werror\=non-modular-include-in-framework-module -Wno-trigraphs -Wno-missing-field-initializers -Wno-missing-prototypes -Wno-return-type -Wno-implicit-atomic-properties -Wno-objc-interface-ivars -Wno-arc-repeated-use-of-weak -Wno-missing-braces -Wparentheses -Wswitch -Wno-unused-function -Wno-unused-label -Wno-unused-parameter -Wno-unused-variable -Wunused-value -Wno-empty-body -Wno-uninitialized -Wno-unknown-pragmas -w -Wno-shadow -Wno-four-char-constants -Wno-conversion -Wno-constant-conversion -Wno-int-conversion -Wno-bool-conversion -Wno-enum-conversion -Wno-float-conversion -Wno-non-literal-null-conversion -Wno-objc-literal-conversion -Wshorten-64-to-32 -Wpointer-sign -Wno-newline-eof -Wno-selector -Wno-strict-selector-match -Wno-undeclared-selector -Wno-deprecated-implementations -Wno-implicit-fallthrough -fstrict-aliasing -Wprotocol -Wdeprecated-declarations -Wno-sign-conversion -Wno-infinite-recursion -Wno-comma -Wno-block-capture-autoreleasing -Wno-strict-prototypes -Wno-semicolon-before-method-body -index-store-path /Users/jans./Library/Developer/Xcode/DerivedData/meal.advisor.ios-csaldjncgoleykghtkpncaypzmvo/Index.noindex/DataStore @/Users/jans./Library/Developer/Xcode/DerivedData/meal.advisor.ios-csaldjncgoleykghtkpncaypzmvo/Build/Intermediates.noindex/AppAuth.build/Debug-iphonesimulator/AppAuthCore.build/Objects-normal/arm64/e6072d4f65d7061329687fe24e3d63a7-common-args.resp -include /Users/jans./Library/Developer/Xcode/DerivedData/meal.advisor.ios-csaldjncgoleykghtkpncaypzmvo/Build/Intermediates.noindex/AppAuth.build/Debug-iphonesimulator/AppAuthCore.build/DerivedSources/resource_bundle_accessor.h -MMD -MT dependencies -MF /Users/jans./Library/Developer/Xcode/DerivedData/meal.advisor.ios-csaldjncgoleykghtkpncaypzmvo/Build/Intermediates.noindex/AppAuth.build/Debug-iphonesimulator/AppAuthCore.build/Objects-normal/arm64/OIDEndSessionResponse.d --serialize-diagnostics /Users/jans./Library/Developer/Xcode/DerivedData/meal.advisor.ios-csaldjncgoleykghtkpncaypzmvo/Build/Intermediates.noindex/AppAuth.build/Debug-iphonesimulator/AppAuthCore.build/Objects-normal/arm64/OIDEndSessionResponse.dia -c /Users/jans./Library/Developer/Xcode/DerivedData/meal.advisor.ios-csaldjncgoleykghtkpncaypzmvo/SourcePackages/checkouts/AppAuth-iOS/Sources/AppAuthCore/OIDEndSessionResponse.m -o /Users/jans./Library/Developer/Xcode/DerivedData/meal.advisor.ios-csaldjncgoleykghtkpncaypzmvo/Build/Intermediates.noindex/AppAuth.build/Debug-iphonesimulator/AppAuthCore.build/Objects-normal/arm64/OIDEndSessionResponse.o -index-unit-output-path /AppAuth.build/Debug-iphonesimulator/AppAuthCore.build/Objects-normal/arm64/OIDEndSessionResponse.o

ScanDependencies /Users/jans./Library/Developer/Xcode/DerivedData/meal.advisor.ios-csaldjncgoleykghtkpncaypzmvo/Build/Intermediates.noindex/AppAuth.build/Debug-iphonesimulator/AppAuthCore.build/Objects-normal/arm64/OIDAuthorizationService.o /Users/jans./Library/Developer/Xcode/DerivedData/meal.advisor.ios-csaldjncgoleykghtkpncaypzmvo/SourcePackages/checkouts/AppAuth-iOS/Sources/AppAuthCore/OIDAuthorizationService.m normal arm64 objective-c com.apple.compilers.llvm.clang.1_0.compiler (in target 'AppAuthCore' from project 'AppAuth')
    cd /Users/jans./Downloads/meal.advisor/meal.advisor.ios/meal.advisor.ios/meal.advisor.ios/meal.advisor.ios.xcodeproj
    
    Using response file: /Users/jans./Library/Developer/Xcode/DerivedData/meal.advisor.ios-csaldjncgoleykghtkpncaypzmvo/Build/Intermediates.noindex/AppAuth.build/Debug-iphonesimulator/AppAuthCore.build/Objects-normal/arm64/e6072d4f65d7061329687fe24e3d63a7-common-args.resp
    
    builtin-ScanDependencies -o /Users/jans./Library/Developer/Xcode/DerivedData/meal.advisor.ios-csaldjncgoleykghtkpncaypzmvo/Build/Intermediates.noindex/AppAuth.build/Debug-iphonesimulator/AppAuthCore.build/Objects-normal/arm64/OIDAuthorizationService.o.scan -- /Applications/Xcode.app/Contents/Developer/Toolchains/XcodeDefault.xctoolchain/usr/bin/clang -x objective-c -ivfsstatcache /Users/jans./Library/Developer/Xcode/DerivedData/SDKStatCaches.noindex/iphonesimulator18.5-22F76-d5fc8ad4295d2ef488fb7d0f804ce0c4.sdkstatcache -fmessage-length\=0 -fdiagnostics-show-note-include-stack -fmacro-backtrace-limit\=0 -fno-color-diagnostics -fmodules-prune-interval\=86400 -fmodules-prune-after\=345600 -fbuild-session-file\=/Users/jans./Library/Developer/Xcode/DerivedData/ModuleCache.noindex/Session.modulevalidation -fmodules-validate-once-per-build-session -Wnon-modular-include-in-framework-module -Werror\=non-modular-include-in-framework-module -Wno-trigraphs -Wno-missing-field-initializers -Wno-missing-prototypes -Wno-return-type -Wno-implicit-atomic-properties -Wno-objc-interface-ivars -Wno-arc-repeated-use-of-weak -Wno-missing-braces -Wparentheses -Wswitch -Wno-unused-function -Wno-unused-label -Wno-unused-parameter -Wno-unused-variable -Wunused-value -Wno-empty-body -Wno-uninitialized -Wno-unknown-pragmas -w -Wno-shadow -Wno-four-char-constants -Wno-conversion -Wno-constant-conversion -Wno-int-conversion -Wno-bool-conversion -Wno-enum-conversion -Wno-float-conversion -Wno-non-literal-null-conversion -Wno-objc-literal-conversion -Wshorten-64-to-32 -Wpointer-sign -Wno-newline-eof -Wno-selector -Wno-strict-selector-match -Wno-undeclared-selector -Wno-deprecated-implementations -Wno-implicit-fallthrough -fstrict-aliasing -Wprotocol -Wdeprecated-declarations -Wno-sign-conversion -Wno-infinite-recursion -Wno-comma -Wno-block-capture-autoreleasing -Wno-strict-prototypes -Wno-semicolon-before-method-body -index-store-path /Users/jans./Library/Developer/Xcode/DerivedData/meal.advisor.ios-csaldjncgoleykghtkpncaypzmvo/Index.noindex/DataStore @/Users/jans./Library/Developer/Xcode/DerivedData/meal.advisor.ios-csaldjncgoleykghtkpncaypzmvo/Build/Intermediates.noindex/AppAuth.build/Debug-iphonesimulator/AppAuthCore.build/Objects-normal/arm64/e6072d4f65d7061329687fe24e3d63a7-common-args.resp -include /Users/jans./Library/Developer/Xcode/DerivedData/meal.advisor.ios-csaldjncgoleykghtkpncaypzmvo/Build/Intermediates.noindex/AppAuth.build/Debug-iphonesimulator/AppAuthCore.build/DerivedSources/resource_bundle_accessor.h -MMD -MT dependencies -MF /Users/jans./Library/Developer/Xcode/DerivedData/meal.advisor.ios-csaldjncgoleykghtkpncaypzmvo/Build/Intermediates.noindex/AppAuth.build/Debug-iphonesimulator/AppAuthCore.build/Objects-normal/arm64/OIDAuthorizationService.d --serialize-diagnostics /Users/jans./Library/Developer/Xcode/DerivedData/meal.advisor.ios-csaldjncgoleykghtkpncaypzmvo/Build/Intermediates.noindex/AppAuth.build/Debug-iphonesimulator/AppAuthCore.build/Objects-normal/arm64/OIDAuthorizationService.dia -c /Users/jans./Library/Developer/Xcode/DerivedData/meal.advisor.ios-csaldjncgoleykghtkpncaypzmvo/SourcePackages/checkouts/AppAuth-iOS/Sources/AppAuthCore/OIDAuthorizationService.m -o /Users/jans./Library/Developer/Xcode/DerivedData/meal.advisor.ios-csaldjncgoleykghtkpncaypzmvo/Build/Intermediates.noindex/AppAuth.build/Debug-iphonesimulator/AppAuthCore.build/Objects-normal/arm64/OIDAuthorizationService.o -index-unit-output-path /AppAuth.build/Debug-iphonesimulator/AppAuthCore.build/Objects-normal/arm64/OIDAuthorizationService.o

ScanDependencies /Users/jans./Library/Developer/Xcode/DerivedData/meal.advisor.ios-csaldjncgoleykghtkpncaypzmvo/Build/Intermediates.noindex/AppAuth.build/Debug-iphonesimulator/AppAuthCore.build/Objects-normal/arm64/OIDAuthorizationResponse.o /Users/jans./Library/Developer/Xcode/DerivedData/meal.advisor.ios-csaldjncgoleykghtkpncaypzmvo/SourcePackages/checkouts/AppAuth-iOS/Sources/AppAuthCore/OIDAuthorizationResponse.m normal arm64 objective-c com.apple.compilers.llvm.clang.1_0.compiler (in target 'AppAuthCore' from project 'AppAuth')
    cd /Users/jans./Downloads/meal.advisor/meal.advisor.ios/meal.advisor.ios/meal.advisor.ios/meal.advisor.ios.xcodeproj
    
    Using response file: /Users/jans./Library/Developer/Xcode/DerivedData/meal.advisor.ios-csaldjncgoleykghtkpncaypzmvo/Build/Intermediates.noindex/AppAuth.build/Debug-iphonesimulator/AppAuthCore.build/Objects-normal/arm64/e6072d4f65d7061329687fe24e3d63a7-common-args.resp
    
    builtin-ScanDependencies -o /Users/jans./Library/Developer/Xcode/DerivedData/meal.advisor.ios-csaldjncgoleykghtkpncaypzmvo/Build/Intermediates.noindex/AppAuth.build/Debug-iphonesimulator/AppAuthCore.build/Objects-normal/arm64/OIDAuthorizationResponse.o.scan -- /Applications/Xcode.app/Contents/Developer/Toolchains/XcodeDefault.xctoolchain/usr/bin/clang -x objective-c -ivfsstatcache /Users/jans./Library/Developer/Xcode/DerivedData/SDKStatCaches.noindex/iphonesimulator18.5-22F76-d5fc8ad4295d2ef488fb7d0f804ce0c4.sdkstatcache -fmessage-length\=0 -fdiagnostics-show-note-include-stack -fmacro-backtrace-limit\=0 -fno-color-diagnostics -fmodules-prune-interval\=86400 -fmodules-prune-after\=345600 -fbuild-session-file\=/Users/jans./Library/Developer/Xcode/DerivedData/ModuleCache.noindex/Session.modulevalidation -fmodules-validate-once-per-build-session -Wnon-modular-include-in-framework-module -Werror\=non-modular-include-in-framework-module -Wno-trigraphs -Wno-missing-field-initializers -Wno-missing-prototypes -Wno-return-type -Wno-implicit-atomic-properties -Wno-objc-interface-ivars -Wno-arc-repeated-use-of-weak -Wno-missing-braces -Wparentheses -Wswitch -Wno-unused-function -Wno-unused-label -Wno-unused-parameter -Wno-unused-variable -Wunused-value -Wno-empty-body -Wno-uninitialized -Wno-unknown-pragmas -w -Wno-shadow -Wno-four-char-constants -Wno-conversion -Wno-constant-conversion -Wno-int-conversion -Wno-bool-conversion -Wno-enum-conversion -Wno-float-conversion -Wno-non-literal-null-conversion -Wno-objc-literal-conversion -Wshorten-64-to-32 -Wpointer-sign -Wno-newline-eof -Wno-selector -Wno-strict-selector-match -Wno-undeclared-selector -Wno-deprecated-implementations -Wno-implicit-fallthrough -fstrict-aliasing -Wprotocol -Wdeprecated-declarations -Wno-sign-conversion -Wno-infinite-recursion -Wno-comma -Wno-block-capture-autoreleasing -Wno-strict-prototypes -Wno-semicolon-before-method-body -index-store-path /Users/jans./Library/Developer/Xcode/DerivedData/meal.advisor.ios-csaldjncgoleykghtkpncaypzmvo/Index.noindex/DataStore @/Users/jans./Library/Developer/Xcode/DerivedData/meal.advisor.ios-csaldjncgoleykghtkpncaypzmvo/Build/Intermediates.noindex/AppAuth.build/Debug-iphonesimulator/AppAuthCore.build/Objects-normal/arm64/e6072d4f65d7061329687fe24e3d63a7-common-args.resp -include /Users/jans./Library/Developer/Xcode/DerivedData/meal.advisor.ios-csaldjncgoleykghtkpncaypzmvo/Build/Intermediates.noindex/AppAuth.build/Debug-iphonesimulator/AppAuthCore.build/DerivedSources/resource_bundle_accessor.h -MMD -MT dependencies -MF /Users/jans./Library/Developer/Xcode/DerivedData/meal.advisor.ios-csaldjncgoleykghtkpncaypzmvo/Build/Intermediates.noindex/AppAuth.build/Debug-iphonesimulator/AppAuthCore.build/Objects-normal/arm64/OIDAuthorizationResponse.d --serialize-diagnostics /Users/jans./Library/Developer/Xcode/DerivedData/meal.advisor.ios-csaldjncgoleykghtkpncaypzmvo/Build/Intermediates.noindex/AppAuth.build/Debug-iphonesimulator/AppAuthCore.build/Objects-normal/arm64/OIDAuthorizationResponse.dia -c /Users/jans./Library/Developer/Xcode/DerivedData/meal.advisor.ios-csaldjncgoleykghtkpncaypzmvo/SourcePackages/checkouts/AppAuth-iOS/Sources/AppAuthCore/OIDAuthorizationResponse.m -o /Users/jans./Library/Developer/Xcode/DerivedData/meal.advisor.ios-csaldjncgoleykghtkpncaypzmvo/Build/Intermediates.noindex/AppAuth.build/Debug-iphonesimulator/AppAuthCore.build/Objects-normal/arm64/OIDAuthorizationResponse.o -index-unit-output-path /AppAuth.build/Debug-iphonesimulator/AppAuthCore.build/Objects-normal/arm64/OIDAuthorizationResponse.o

CompileC /Users/jans./Library/Developer/Xcode/DerivedData/meal.advisor.ios-csaldjncgoleykghtkpncaypzmvo/Build/Intermediates.noindex/AppAuth.build/Debug-iphonesimulator/AppAuthCore.build/Objects-normal/arm64/OIDEndSessionRequest.o /Users/jans./Library/Developer/Xcode/DerivedData/meal.advisor.ios-csaldjncgoleykghtkpncaypzmvo/SourcePackages/checkouts/AppAuth-iOS/Sources/AppAuthCore/OIDEndSessionRequest.m normal arm64 objective-c com.apple.compilers.llvm.clang.1_0.compiler (in target 'AppAuthCore' from project 'AppAuth')
    cd /Users/jans./Downloads/meal.advisor/meal.advisor.ios/meal.advisor.ios/meal.advisor.ios/meal.advisor.ios.xcodeproj
    
    Using response file: /Users/jans./Library/Developer/Xcode/DerivedData/meal.advisor.ios-csaldjncgoleykghtkpncaypzmvo/Build/Intermediates.noindex/AppAuth.build/Debug-iphonesimulator/AppAuthCore.build/Objects-normal/arm64/e6072d4f65d7061329687fe24e3d63a7-common-args.resp
    
    /Applications/Xcode.app/Contents/Developer/Toolchains/XcodeDefault.xctoolchain/usr/bin/clang -x objective-c -ivfsstatcache /Users/jans./Library/Developer/Xcode/DerivedData/SDKStatCaches.noindex/iphonesimulator18.5-22F76-d5fc8ad4295d2ef488fb7d0f804ce0c4.sdkstatcache -fmessage-length\=0 -fdiagnostics-show-note-include-stack -fmacro-backtrace-limit\=0 -fno-color-diagnostics -fmodules-prune-interval\=86400 -fmodules-prune-after\=345600 -fbuild-session-file\=/Users/jans./Library/Developer/Xcode/DerivedData/ModuleCache.noindex/Session.modulevalidation -fmodules-validate-once-per-build-session -Wnon-modular-include-in-framework-module -Werror\=non-modular-include-in-framework-module -Wno-trigraphs -Wno-missing-field-initializers -Wno-missing-prototypes -Wno-return-type -Wno-implicit-atomic-properties -Wno-objc-interface-ivars -Wno-arc-repeated-use-of-weak -Wno-missing-braces -Wparentheses -Wswitch -Wno-unused-function -Wno-unused-label -Wno-unused-parameter -Wno-unused-variable -Wunused-value -Wno-empty-body -Wno-uninitialized -Wno-unknown-pragmas -w -Wno-shadow -Wno-four-char-constants -Wno-conversion -Wno-constant-conversion -Wno-int-conversion -Wno-bool-conversion -Wno-enum-conversion -Wno-float-conversion -Wno-non-literal-null-conversion -Wno-objc-literal-conversion -Wshorten-64-to-32 -Wpointer-sign -Wno-newline-eof -Wno-selector -Wno-strict-selector-match -Wno-undeclared-selector -Wno-deprecated-implementations -Wno-implicit-fallthrough -fstrict-aliasing -Wprotocol -Wdeprecated-declarations -Wno-sign-conversion -Wno-infinite-recursion -Wno-comma -Wno-block-capture-autoreleasing -Wno-strict-prototypes -Wno-semicolon-before-method-body -index-store-path /Users/jans./Library/Developer/Xcode/DerivedData/meal.advisor.ios-csaldjncgoleykghtkpncaypzmvo/Index.noindex/DataStore @/Users/jans./Library/Developer/Xcode/DerivedData/meal.advisor.ios-csaldjncgoleykghtkpncaypzmvo/Build/Intermediates.noindex/AppAuth.build/Debug-iphonesimulator/AppAuthCore.build/Objects-normal/arm64/e6072d4f65d7061329687fe24e3d63a7-common-args.resp -include /Users/jans./Library/Developer/Xcode/DerivedData/meal.advisor.ios-csaldjncgoleykghtkpncaypzmvo/Build/Intermediates.noindex/AppAuth.build/Debug-iphonesimulator/AppAuthCore.build/DerivedSources/resource_bundle_accessor.h -MMD -MT dependencies -MF /Users/jans./Library/Developer/Xcode/DerivedData/meal.advisor.ios-csaldjncgoleykghtkpncaypzmvo/Build/Intermediates.noindex/AppAuth.build/Debug-iphonesimulator/AppAuthCore.build/Objects-normal/arm64/OIDEndSessionRequest.d --serialize-diagnostics /Users/jans./Library/Developer/Xcode/DerivedData/meal.advisor.ios-csaldjncgoleykghtkpncaypzmvo/Build/Intermediates.noindex/AppAuth.build/Debug-iphonesimulator/AppAuthCore.build/Objects-normal/arm64/OIDEndSessionRequest.dia -c /Users/jans./Library/Developer/Xcode/DerivedData/meal.advisor.ios-csaldjncgoleykghtkpncaypzmvo/SourcePackages/checkouts/AppAuth-iOS/Sources/AppAuthCore/OIDEndSessionRequest.m -o /Users/jans./Library/Developer/Xcode/DerivedData/meal.advisor.ios-csaldjncgoleykghtkpncaypzmvo/Build/Intermediates.noindex/AppAuth.build/Debug-iphonesimulator/AppAuthCore.build/Objects-normal/arm64/OIDEndSessionRequest.o -index-unit-output-path /AppAuth.build/Debug-iphonesimulator/AppAuthCore.build/Objects-normal/arm64/OIDEndSessionRequest.o

ScanDependencies /Users/jans./Library/Developer/Xcode/DerivedData/meal.advisor.ios-csaldjncgoleykghtkpncaypzmvo/Build/Intermediates.noindex/AppAuth.build/Debug-iphonesimulator/AppAuthCore.build/Objects-normal/arm64/OIDAuthorizationRequest.o /Users/jans./Library/Developer/Xcode/DerivedData/meal.advisor.ios-csaldjncgoleykghtkpncaypzmvo/SourcePackages/checkouts/AppAuth-iOS/Sources/AppAuthCore/OIDAuthorizationRequest.m normal arm64 objective-c com.apple.compilers.llvm.clang.1_0.compiler (in target 'AppAuthCore' from project 'AppAuth')
    cd /Users/jans./Downloads/meal.advisor/meal.advisor.ios/meal.advisor.ios/meal.advisor.ios/meal.advisor.ios.xcodeproj
    
    Using response file: /Users/jans./Library/Developer/Xcode/DerivedData/meal.advisor.ios-csaldjncgoleykghtkpncaypzmvo/Build/Intermediates.noindex/AppAuth.build/Debug-iphonesimulator/AppAuthCore.build/Objects-normal/arm64/e6072d4f65d7061329687fe24e3d63a7-common-args.resp
    
    builtin-ScanDependencies -o /Users/jans./Library/Developer/Xcode/DerivedData/meal.advisor.ios-csaldjncgoleykghtkpncaypzmvo/Build/Intermediates.noindex/AppAuth.build/Debug-iphonesimulator/AppAuthCore.build/Objects-normal/arm64/OIDAuthorizationRequest.o.scan -- /Applications/Xcode.app/Contents/Developer/Toolchains/XcodeDefault.xctoolchain/usr/bin/clang -x objective-c -ivfsstatcache /Users/jans./Library/Developer/Xcode/DerivedData/SDKStatCaches.noindex/iphonesimulator18.5-22F76-d5fc8ad4295d2ef488fb7d0f804ce0c4.sdkstatcache -fmessage-length\=0 -fdiagnostics-show-note-include-stack -fmacro-backtrace-limit\=0 -fno-color-diagnostics -fmodules-prune-interval\=86400 -fmodules-prune-after\=345600 -fbuild-session-file\=/Users/jans./Library/Developer/Xcode/DerivedData/ModuleCache.noindex/Session.modulevalidation -fmodules-validate-once-per-build-session -Wnon-modular-include-in-framework-module -Werror\=non-modular-include-in-framework-module -Wno-trigraphs -Wno-missing-field-initializers -Wno-missing-prototypes -Wno-return-type -Wno-implicit-atomic-properties -Wno-objc-interface-ivars -Wno-arc-repeated-use-of-weak -Wno-missing-braces -Wparentheses -Wswitch -Wno-unused-function -Wno-unused-label -Wno-unused-parameter -Wno-unused-variable -Wunused-value -Wno-empty-body -Wno-uninitialized -Wno-unknown-pragmas -w -Wno-shadow -Wno-four-char-constants -Wno-conversion -Wno-constant-conversion -Wno-int-conversion -Wno-bool-conversion -Wno-enum-conversion -Wno-float-conversion -Wno-non-literal-null-conversion -Wno-objc-literal-conversion -Wshorten-64-to-32 -Wpointer-sign -Wno-newline-eof -Wno-selector -Wno-strict-selector-match -Wno-undeclared-selector -Wno-deprecated-implementations -Wno-implicit-fallthrough -fstrict-aliasing -Wprotocol -Wdeprecated-declarations -Wno-sign-conversion -Wno-infinite-recursion -Wno-comma -Wno-block-capture-autoreleasing -Wno-strict-prototypes -Wno-semicolon-before-method-body -index-store-path /Users/jans./Library/Developer/Xcode/DerivedData/meal.advisor.ios-csaldjncgoleykghtkpncaypzmvo/Index.noindex/DataStore @/Users/jans./Library/Developer/Xcode/DerivedData/meal.advisor.ios-csaldjncgoleykghtkpncaypzmvo/Build/Intermediates.noindex/AppAuth.build/Debug-iphonesimulator/AppAuthCore.build/Objects-normal/arm64/e6072d4f65d7061329687fe24e3d63a7-common-args.resp -include /Users/jans./Library/Developer/Xcode/DerivedData/meal.advisor.ios-csaldjncgoleykghtkpncaypzmvo/Build/Intermediates.noindex/AppAuth.build/Debug-iphonesimulator/AppAuthCore.build/DerivedSources/resource_bundle_accessor.h -MMD -MT dependencies -MF /Users/jans./Library/Developer/Xcode/DerivedData/meal.advisor.ios-csaldjncgoleykghtkpncaypzmvo/Build/Intermediates.noindex/AppAuth.build/Debug-iphonesimulator/AppAuthCore.build/Objects-normal/arm64/OIDAuthorizationRequest.d --serialize-diagnostics /Users/jans./Library/Developer/Xcode/DerivedData/meal.advisor.ios-csaldjncgoleykghtkpncaypzmvo/Build/Intermediates.noindex/AppAuth.build/Debug-iphonesimulator/AppAuthCore.build/Objects-normal/arm64/OIDAuthorizationRequest.dia -c /Users/jans./Library/Developer/Xcode/DerivedData/meal.advisor.ios-csaldjncgoleykghtkpncaypzmvo/SourcePackages/checkouts/AppAuth-iOS/Sources/AppAuthCore/OIDAuthorizationRequest.m -o /Users/jans./Library/Developer/Xcode/DerivedData/meal.advisor.ios-csaldjncgoleykghtkpncaypzmvo/Build/Intermediates.noindex/AppAuth.build/Debug-iphonesimulator/AppAuthCore.build/Objects-normal/arm64/OIDAuthorizationRequest.o -index-unit-output-path /AppAuth.build/Debug-iphonesimulator/AppAuthCore.build/Objects-normal/arm64/OIDAuthorizationRequest.o

CompileC /Users/jans./Library/Developer/Xcode/DerivedData/meal.advisor.ios-csaldjncgoleykghtkpncaypzmvo/Build/Intermediates.noindex/AppAuth.build/Debug-iphonesimulator/AppAuthCore.build/Objects-normal/arm64/OIDClientMetadataParameters.o /Users/jans./Library/Developer/Xcode/DerivedData/meal.advisor.ios-csaldjncgoleykghtkpncaypzmvo/SourcePackages/checkouts/AppAuth-iOS/Sources/AppAuthCore/OIDClientMetadataParameters.m normal arm64 objective-c com.apple.compilers.llvm.clang.1_0.compiler (in target 'AppAuthCore' from project 'AppAuth')
    cd /Users/jans./Downloads/meal.advisor/meal.advisor.ios/meal.advisor.ios/meal.advisor.ios/meal.advisor.ios.xcodeproj
    
    Using response file: /Users/jans./Library/Developer/Xcode/DerivedData/meal.advisor.ios-csaldjncgoleykghtkpncaypzmvo/Build/Intermediates.noindex/AppAuth.build/Debug-iphonesimulator/AppAuthCore.build/Objects-normal/arm64/e6072d4f65d7061329687fe24e3d63a7-common-args.resp
    
    /Applications/Xcode.app/Contents/Developer/Toolchains/XcodeDefault.xctoolchain/usr/bin/clang -x objective-c -ivfsstatcache /Users/jans./Library/Developer/Xcode/DerivedData/SDKStatCaches.noindex/iphonesimulator18.5-22F76-d5fc8ad4295d2ef488fb7d0f804ce0c4.sdkstatcache -fmessage-length\=0 -fdiagnostics-show-note-include-stack -fmacro-backtrace-limit\=0 -fno-color-diagnostics -fmodules-prune-interval\=86400 -fmodules-prune-after\=345600 -fbuild-session-file\=/Users/jans./Library/Developer/Xcode/DerivedData/ModuleCache.noindex/Session.modulevalidation -fmodules-validate-once-per-build-session -Wnon-modular-include-in-framework-module -Werror\=non-modular-include-in-framework-module -Wno-trigraphs -Wno-missing-field-initializers -Wno-missing-prototypes -Wno-return-type -Wno-implicit-atomic-properties -Wno-objc-interface-ivars -Wno-arc-repeated-use-of-weak -Wno-missing-braces -Wparentheses -Wswitch -Wno-unused-function -Wno-unused-label -Wno-unused-parameter -Wno-unused-variable -Wunused-value -Wno-empty-body -Wno-uninitialized -Wno-unknown-pragmas -w -Wno-shadow -Wno-four-char-constants -Wno-conversion -Wno-constant-conversion -Wno-int-conversion -Wno-bool-conversion -Wno-enum-conversion -Wno-float-conversion -Wno-non-literal-null-conversion -Wno-objc-literal-conversion -Wshorten-64-to-32 -Wpointer-sign -Wno-newline-eof -Wno-selector -Wno-strict-selector-match -Wno-undeclared-selector -Wno-deprecated-implementations -Wno-implicit-fallthrough -fstrict-aliasing -Wprotocol -Wdeprecated-declarations -Wno-sign-conversion -Wno-infinite-recursion -Wno-comma -Wno-block-capture-autoreleasing -Wno-strict-prototypes -Wno-semicolon-before-method-body -index-store-path /Users/jans./Library/Developer/Xcode/DerivedData/meal.advisor.ios-csaldjncgoleykghtkpncaypzmvo/Index.noindex/DataStore @/Users/jans./Library/Developer/Xcode/DerivedData/meal.advisor.ios-csaldjncgoleykghtkpncaypzmvo/Build/Intermediates.noindex/AppAuth.build/Debug-iphonesimulator/AppAuthCore.build/Objects-normal/arm64/e6072d4f65d7061329687fe24e3d63a7-common-args.resp -include /Users/jans./Library/Developer/Xcode/DerivedData/meal.advisor.ios-csaldjncgoleykghtkpncaypzmvo/Build/Intermediates.noindex/AppAuth.build/Debug-iphonesimulator/AppAuthCore.build/DerivedSources/resource_bundle_accessor.h -MMD -MT dependencies -MF /Users/jans./Library/Developer/Xcode/DerivedData/meal.advisor.ios-csaldjncgoleykghtkpncaypzmvo/Build/Intermediates.noindex/AppAuth.build/Debug-iphonesimulator/AppAuthCore.build/Objects-normal/arm64/OIDClientMetadataParameters.d --serialize-diagnostics /Users/jans./Library/Developer/Xcode/DerivedData/meal.advisor.ios-csaldjncgoleykghtkpncaypzmvo/Build/Intermediates.noindex/AppAuth.build/Debug-iphonesimulator/AppAuthCore.build/Objects-normal/arm64/OIDClientMetadataParameters.dia -c /Users/jans./Library/Developer/Xcode/DerivedData/meal.advisor.ios-csaldjncgoleykghtkpncaypzmvo/SourcePackages/checkouts/AppAuth-iOS/Sources/AppAuthCore/OIDClientMetadataParameters.m -o /Users/jans./Library/Developer/Xcode/DerivedData/meal.advisor.ios-csaldjncgoleykghtkpncaypzmvo/Build/Intermediates.noindex/AppAuth.build/Debug-iphonesimulator/AppAuthCore.build/Objects-normal/arm64/OIDClientMetadataParameters.o -index-unit-output-path /AppAuth.build/Debug-iphonesimulator/AppAuthCore.build/Objects-normal/arm64/OIDClientMetadataParameters.o

ScanDependencies /Users/jans./Library/Developer/Xcode/DerivedData/meal.advisor.ios-csaldjncgoleykghtkpncaypzmvo/Build/Intermediates.noindex/AppAuth.build/Debug-iphonesimulator/AppAuthCore.build/Objects-normal/arm64/OIDAuthState.o /Users/jans./Library/Developer/Xcode/DerivedData/meal.advisor.ios-csaldjncgoleykghtkpncaypzmvo/SourcePackages/checkouts/AppAuth-iOS/Sources/AppAuthCore/OIDAuthState.m normal arm64 objective-c com.apple.compilers.llvm.clang.1_0.compiler (in target 'AppAuthCore' from project 'AppAuth')
    cd /Users/jans./Downloads/meal.advisor/meal.advisor.ios/meal.advisor.ios/meal.advisor.ios/meal.advisor.ios.xcodeproj
    
    Using response file: /Users/jans./Library/Developer/Xcode/DerivedData/meal.advisor.ios-csaldjncgoleykghtkpncaypzmvo/Build/Intermediates.noindex/AppAuth.build/Debug-iphonesimulator/AppAuthCore.build/Objects-normal/arm64/e6072d4f65d7061329687fe24e3d63a7-common-args.resp
    
    builtin-ScanDependencies -o /Users/jans./Library/Developer/Xcode/DerivedData/meal.advisor.ios-csaldjncgoleykghtkpncaypzmvo/Build/Intermediates.noindex/AppAuth.build/Debug-iphonesimulator/AppAuthCore.build/Objects-normal/arm64/OIDAuthState.o.scan -- /Applications/Xcode.app/Contents/Developer/Toolchains/XcodeDefault.xctoolchain/usr/bin/clang -x objective-c -ivfsstatcache /Users/jans./Library/Developer/Xcode/DerivedData/SDKStatCaches.noindex/iphonesimulator18.5-22F76-d5fc8ad4295d2ef488fb7d0f804ce0c4.sdkstatcache -fmessage-length\=0 -fdiagnostics-show-note-include-stack -fmacro-backtrace-limit\=0 -fno-color-diagnostics -fmodules-prune-interval\=86400 -fmodules-prune-after\=345600 -fbuild-session-file\=/Users/jans./Library/Developer/Xcode/DerivedData/ModuleCache.noindex/Session.modulevalidation -fmodules-validate-once-per-build-session -Wnon-modular-include-in-framework-module -Werror\=non-modular-include-in-framework-module -Wno-trigraphs -Wno-missing-field-initializers -Wno-missing-prototypes -Wno-return-type -Wno-implicit-atomic-properties -Wno-objc-interface-ivars -Wno-arc-repeated-use-of-weak -Wno-missing-braces -Wparentheses -Wswitch -Wno-unused-function -Wno-unused-label -Wno-unused-parameter -Wno-unused-variable -Wunused-value -Wno-empty-body -Wno-uninitialized -Wno-unknown-pragmas -w -Wno-shadow -Wno-four-char-constants -Wno-conversion -Wno-constant-conversion -Wno-int-conversion -Wno-bool-conversion -Wno-enum-conversion -Wno-float-conversion -Wno-non-literal-null-conversion -Wno-objc-literal-conversion -Wshorten-64-to-32 -Wpointer-sign -Wno-newline-eof -Wno-selector -Wno-strict-selector-match -Wno-undeclared-selector -Wno-deprecated-implementations -Wno-implicit-fallthrough -fstrict-aliasing -Wprotocol -Wdeprecated-declarations -Wno-sign-conversion -Wno-infinite-recursion -Wno-comma -Wno-block-capture-autoreleasing -Wno-strict-prototypes -Wno-semicolon-before-method-body -index-store-path /Users/jans./Library/Developer/Xcode/DerivedData/meal.advisor.ios-csaldjncgoleykghtkpncaypzmvo/Index.noindex/DataStore @/Users/jans./Library/Developer/Xcode/DerivedData/meal.advisor.ios-csaldjncgoleykghtkpncaypzmvo/Build/Intermediates.noindex/AppAuth.build/Debug-iphonesimulator/AppAuthCore.build/Objects-normal/arm64/e6072d4f65d7061329687fe24e3d63a7-common-args.resp -include /Users/jans./Library/Developer/Xcode/DerivedData/meal.advisor.ios-csaldjncgoleykghtkpncaypzmvo/Build/Intermediates.noindex/AppAuth.build/Debug-iphonesimulator/AppAuthCore.build/DerivedSources/resource_bundle_accessor.h -MMD -MT dependencies -MF /Users/jans./Library/Developer/Xcode/DerivedData/meal.advisor.ios-csaldjncgoleykghtkpncaypzmvo/Build/Intermediates.noindex/AppAuth.build/Debug-iphonesimulator/AppAuthCore.build/Objects-normal/arm64/OIDAuthState.d --serialize-diagnostics /Users/jans./Library/Developer/Xcode/DerivedData/meal.advisor.ios-csaldjncgoleykghtkpncaypzmvo/Build/Intermediates.noindex/AppAuth.build/Debug-iphonesimulator/AppAuthCore.build/Objects-normal/arm64/OIDAuthState.dia -c /Users/jans./Library/Developer/Xcode/DerivedData/meal.advisor.ios-csaldjncgoleykghtkpncaypzmvo/SourcePackages/checkouts/AppAuth-iOS/Sources/AppAuthCore/OIDAuthState.m -o /Users/jans./Library/Developer/Xcode/DerivedData/meal.advisor.ios-csaldjncgoleykghtkpncaypzmvo/Build/Intermediates.noindex/AppAuth.build/Debug-iphonesimulator/AppAuthCore.build/Objects-normal/arm64/OIDAuthState.o -index-unit-output-path /AppAuth.build/Debug-iphonesimulator/AppAuthCore.build/Objects-normal/arm64/OIDAuthState.o

CompileC /Users/jans./Library/Developer/Xcode/DerivedData/meal.advisor.ios-csaldjncgoleykghtkpncaypzmvo/Build/Intermediates.noindex/AppAuth.build/Debug-iphonesimulator/AppAuthCore.build/Objects-normal/arm64/OIDAuthorizationResponse.o /Users/jans./Library/Developer/Xcode/DerivedData/meal.advisor.ios-csaldjncgoleykghtkpncaypzmvo/SourcePackages/checkouts/AppAuth-iOS/Sources/AppAuthCore/OIDAuthorizationResponse.m normal arm64 objective-c com.apple.compilers.llvm.clang.1_0.compiler (in target 'AppAuthCore' from project 'AppAuth')
    cd /Users/jans./Downloads/meal.advisor/meal.advisor.ios/meal.advisor.ios/meal.advisor.ios/meal.advisor.ios.xcodeproj
    
    Using response file: /Users/jans./Library/Developer/Xcode/DerivedData/meal.advisor.ios-csaldjncgoleykghtkpncaypzmvo/Build/Intermediates.noindex/AppAuth.build/Debug-iphonesimulator/AppAuthCore.build/Objects-normal/arm64/e6072d4f65d7061329687fe24e3d63a7-common-args.resp
    
    /Applications/Xcode.app/Contents/Developer/Toolchains/XcodeDefault.xctoolchain/usr/bin/clang -x objective-c -ivfsstatcache /Users/jans./Library/Developer/Xcode/DerivedData/SDKStatCaches.noindex/iphonesimulator18.5-22F76-d5fc8ad4295d2ef488fb7d0f804ce0c4.sdkstatcache -fmessage-length\=0 -fdiagnostics-show-note-include-stack -fmacro-backtrace-limit\=0 -fno-color-diagnostics -fmodules-prune-interval\=86400 -fmodules-prune-after\=345600 -fbuild-session-file\=/Users/jans./Library/Developer/Xcode/DerivedData/ModuleCache.noindex/Session.modulevalidation -fmodules-validate-once-per-build-session -Wnon-modular-include-in-framework-module -Werror\=non-modular-include-in-framework-module -Wno-trigraphs -Wno-missing-field-initializers -Wno-missing-prototypes -Wno-return-type -Wno-implicit-atomic-properties -Wno-objc-interface-ivars -Wno-arc-repeated-use-of-weak -Wno-missing-braces -Wparentheses -Wswitch -Wno-unused-function -Wno-unused-label -Wno-unused-parameter -Wno-unused-variable -Wunused-value -Wno-empty-body -Wno-uninitialized -Wno-unknown-pragmas -w -Wno-shadow -Wno-four-char-constants -Wno-conversion -Wno-constant-conversion -Wno-int-conversion -Wno-bool-conversion -Wno-enum-conversion -Wno-float-conversion -Wno-non-literal-null-conversion -Wno-objc-literal-conversion -Wshorten-64-to-32 -Wpointer-sign -Wno-newline-eof -Wno-selector -Wno-strict-selector-match -Wno-undeclared-selector -Wno-deprecated-implementations -Wno-implicit-fallthrough -fstrict-aliasing -Wprotocol -Wdeprecated-declarations -Wno-sign-conversion -Wno-infinite-recursion -Wno-comma -Wno-block-capture-autoreleasing -Wno-strict-prototypes -Wno-semicolon-before-method-body -index-store-path /Users/jans./Library/Developer/Xcode/DerivedData/meal.advisor.ios-csaldjncgoleykghtkpncaypzmvo/Index.noindex/DataStore @/Users/jans./Library/Developer/Xcode/DerivedData/meal.advisor.ios-csaldjncgoleykghtkpncaypzmvo/Build/Intermediates.noindex/AppAuth.build/Debug-iphonesimulator/AppAuthCore.build/Objects-normal/arm64/e6072d4f65d7061329687fe24e3d63a7-common-args.resp -include /Users/jans./Library/Developer/Xcode/DerivedData/meal.advisor.ios-csaldjncgoleykghtkpncaypzmvo/Build/Intermediates.noindex/AppAuth.build/Debug-iphonesimulator/AppAuthCore.build/DerivedSources/resource_bundle_accessor.h -MMD -MT dependencies -MF /Users/jans./Library/Developer/Xcode/DerivedData/meal.advisor.ios-csaldjncgoleykghtkpncaypzmvo/Build/Intermediates.noindex/AppAuth.build/Debug-iphonesimulator/AppAuthCore.build/Objects-normal/arm64/OIDAuthorizationResponse.d --serialize-diagnostics /Users/jans./Library/Developer/Xcode/DerivedData/meal.advisor.ios-csaldjncgoleykghtkpncaypzmvo/Build/Intermediates.noindex/AppAuth.build/Debug-iphonesimulator/AppAuthCore.build/Objects-normal/arm64/OIDAuthorizationResponse.dia -c /Users/jans./Library/Developer/Xcode/DerivedData/meal.advisor.ios-csaldjncgoleykghtkpncaypzmvo/SourcePackages/checkouts/AppAuth-iOS/Sources/AppAuthCore/OIDAuthorizationResponse.m -o /Users/jans./Library/Developer/Xcode/DerivedData/meal.advisor.ios-csaldjncgoleykghtkpncaypzmvo/Build/Intermediates.noindex/AppAuth.build/Debug-iphonesimulator/AppAuthCore.build/Objects-normal/arm64/OIDAuthorizationResponse.o -index-unit-output-path /AppAuth.build/Debug-iphonesimulator/AppAuthCore.build/Objects-normal/arm64/OIDAuthorizationResponse.o

ScanDependencies /Users/jans./Library/Developer/Xcode/DerivedData/meal.advisor.ios-csaldjncgoleykghtkpncaypzmvo/Build/Intermediates.noindex/AppAuth.build/Debug-iphonesimulator/AppAuth.build/Objects-normal/arm64/resource_bundle_accessor.o /Users/jans./Library/Developer/Xcode/DerivedData/meal.advisor.ios-csaldjncgoleykghtkpncaypzmvo/Build/Intermediates.noindex/AppAuth.build/Debug-iphonesimulator/AppAuth.build/DerivedSources/resource_bundle_accessor.m normal arm64 objective-c com.apple.compilers.llvm.clang.1_0.compiler (in target 'AppAuth' from project 'AppAuth')
    cd /Users/jans./Downloads/meal.advisor/meal.advisor.ios/meal.advisor.ios/meal.advisor.ios/meal.advisor.ios.xcodeproj
    
    Using response file: /Users/jans./Library/Developer/Xcode/DerivedData/meal.advisor.ios-csaldjncgoleykghtkpncaypzmvo/Build/Intermediates.noindex/AppAuth.build/Debug-iphonesimulator/AppAuth.build/Objects-normal/arm64/e6072d4f65d7061329687fe24e3d63a7-common-args.resp
    
    builtin-ScanDependencies -o /Users/jans./Library/Developer/Xcode/DerivedData/meal.advisor.ios-csaldjncgoleykghtkpncaypzmvo/Build/Intermediates.noindex/AppAuth.build/Debug-iphonesimulator/AppAuth.build/Objects-normal/arm64/resource_bundle_accessor.o.scan -- /Applications/Xcode.app/Contents/Developer/Toolchains/XcodeDefault.xctoolchain/usr/bin/clang -x objective-c -ivfsstatcache /Users/jans./Library/Developer/Xcode/DerivedData/SDKStatCaches.noindex/iphonesimulator18.5-22F76-d5fc8ad4295d2ef488fb7d0f804ce0c4.sdkstatcache -fmessage-length\=0 -fdiagnostics-show-note-include-stack -fmacro-backtrace-limit\=0 -fno-color-diagnostics -fmodules-prune-interval\=86400 -fmodules-prune-after\=345600 -fbuild-session-file\=/Users/jans./Library/Developer/Xcode/DerivedData/ModuleCache.noindex/Session.modulevalidation -fmodules-validate-once-per-build-session -Wnon-modular-include-in-framework-module -Werror\=non-modular-include-in-framework-module -Wno-trigraphs -Wno-missing-field-initializers -Wno-missing-prototypes -Wno-return-type -Wno-implicit-atomic-properties -Wno-objc-interface-ivars -Wno-arc-repeated-use-of-weak -Wno-missing-braces -Wparentheses -Wswitch -Wno-unused-function -Wno-unused-label -Wno-unused-parameter -Wno-unused-variable -Wunused-value -Wno-empty-body -Wno-uninitialized -Wno-unknown-pragmas -w -Wno-shadow -Wno-four-char-constants -Wno-conversion -Wno-constant-conversion -Wno-int-conversion -Wno-bool-conversion -Wno-enum-conversion -Wno-float-conversion -Wno-non-literal-null-conversion -Wno-objc-literal-conversion -Wshorten-64-to-32 -Wpointer-sign -Wno-newline-eof -Wno-selector -Wno-strict-selector-match -Wno-undeclared-selector -Wno-deprecated-implementations -Wno-implicit-fallthrough -fstrict-aliasing -Wprotocol -Wdeprecated-declarations -Wno-sign-conversion -Wno-infinite-recursion -Wno-comma -Wno-block-capture-autoreleasing -Wno-strict-prototypes -Wno-semicolon-before-method-body -index-store-path /Users/jans./Library/Developer/Xcode/DerivedData/meal.advisor.ios-csaldjncgoleykghtkpncaypzmvo/Index.noindex/DataStore @/Users/jans./Library/Developer/Xcode/DerivedData/meal.advisor.ios-csaldjncgoleykghtkpncaypzmvo/Build/Intermediates.noindex/AppAuth.build/Debug-iphonesimulator/AppAuth.build/Objects-normal/arm64/e6072d4f65d7061329687fe24e3d63a7-common-args.resp -include /Users/jans./Library/Developer/Xcode/DerivedData/meal.advisor.ios-csaldjncgoleykghtkpncaypzmvo/Build/Intermediates.noindex/AppAuth.build/Debug-iphonesimulator/AppAuth.build/DerivedSources/resource_bundle_accessor.h -MMD -MT dependencies -MF /Users/jans./Library/Developer/Xcode/DerivedData/meal.advisor.ios-csaldjncgoleykghtkpncaypzmvo/Build/Intermediates.noindex/AppAuth.build/Debug-iphonesimulator/AppAuth.build/Objects-normal/arm64/resource_bundle_accessor.d --serialize-diagnostics /Users/jans./Library/Developer/Xcode/DerivedData/meal.advisor.ios-csaldjncgoleykghtkpncaypzmvo/Build/Intermediates.noindex/AppAuth.build/Debug-iphonesimulator/AppAuth.build/Objects-normal/arm64/resource_bundle_accessor.dia -c /Users/jans./Library/Developer/Xcode/DerivedData/meal.advisor.ios-csaldjncgoleykghtkpncaypzmvo/Build/Intermediates.noindex/AppAuth.build/Debug-iphonesimulator/AppAuth.build/DerivedSources/resource_bundle_accessor.m -o /Users/jans./Library/Developer/Xcode/DerivedData/meal.advisor.ios-csaldjncgoleykghtkpncaypzmvo/Build/Intermediates.noindex/AppAuth.build/Debug-iphonesimulator/AppAuth.build/Objects-normal/arm64/resource_bundle_accessor.o -index-unit-output-path /AppAuth.build/Debug-iphonesimulator/AppAuth.build/Objects-normal/arm64/resource_bundle_accessor.o

CompileC /Users/jans./Library/Developer/Xcode/DerivedData/meal.advisor.ios-csaldjncgoleykghtkpncaypzmvo/Build/Intermediates.noindex/AppAuth.build/Debug-iphonesimulator/AppAuthCore.build/Objects-normal/arm64/OIDAuthorizationService.o /Users/jans./Library/Developer/Xcode/DerivedData/meal.advisor.ios-csaldjncgoleykghtkpncaypzmvo/SourcePackages/checkouts/AppAuth-iOS/Sources/AppAuthCore/OIDAuthorizationService.m normal arm64 objective-c com.apple.compilers.llvm.clang.1_0.compiler (in target 'AppAuthCore' from project 'AppAuth')
    cd /Users/jans./Downloads/meal.advisor/meal.advisor.ios/meal.advisor.ios/meal.advisor.ios/meal.advisor.ios.xcodeproj
    
    Using response file: /Users/jans./Library/Developer/Xcode/DerivedData/meal.advisor.ios-csaldjncgoleykghtkpncaypzmvo/Build/Intermediates.noindex/AppAuth.build/Debug-iphonesimulator/AppAuthCore.build/Objects-normal/arm64/e6072d4f65d7061329687fe24e3d63a7-common-args.resp
    
    /Applications/Xcode.app/Contents/Developer/Toolchains/XcodeDefault.xctoolchain/usr/bin/clang -x objective-c -ivfsstatcache /Users/jans./Library/Developer/Xcode/DerivedData/SDKStatCaches.noindex/iphonesimulator18.5-22F76-d5fc8ad4295d2ef488fb7d0f804ce0c4.sdkstatcache -fmessage-length\=0 -fdiagnostics-show-note-include-stack -fmacro-backtrace-limit\=0 -fno-color-diagnostics -fmodules-prune-interval\=86400 -fmodules-prune-after\=345600 -fbuild-session-file\=/Users/jans./Library/Developer/Xcode/DerivedData/ModuleCache.noindex/Session.modulevalidation -fmodules-validate-once-per-build-session -Wnon-modular-include-in-framework-module -Werror\=non-modular-include-in-framework-module -Wno-trigraphs -Wno-missing-field-initializers -Wno-missing-prototypes -Wno-return-type -Wno-implicit-atomic-properties -Wno-objc-interface-ivars -Wno-arc-repeated-use-of-weak -Wno-missing-braces -Wparentheses -Wswitch -Wno-unused-function -Wno-unused-label -Wno-unused-parameter -Wno-unused-variable -Wunused-value -Wno-empty-body -Wno-uninitialized -Wno-unknown-pragmas -w -Wno-shadow -Wno-four-char-constants -Wno-conversion -Wno-constant-conversion -Wno-int-conversion -Wno-bool-conversion -Wno-enum-conversion -Wno-float-conversion -Wno-non-literal-null-conversion -Wno-objc-literal-conversion -Wshorten-64-to-32 -Wpointer-sign -Wno-newline-eof -Wno-selector -Wno-strict-selector-match -Wno-undeclared-selector -Wno-deprecated-implementations -Wno-implicit-fallthrough -fstrict-aliasing -Wprotocol -Wdeprecated-declarations -Wno-sign-conversion -Wno-infinite-recursion -Wno-comma -Wno-block-capture-autoreleasing -Wno-strict-prototypes -Wno-semicolon-before-method-body -index-store-path /Users/jans./Library/Developer/Xcode/DerivedData/meal.advisor.ios-csaldjncgoleykghtkpncaypzmvo/Index.noindex/DataStore @/Users/jans./Library/Developer/Xcode/DerivedData/meal.advisor.ios-csaldjncgoleykghtkpncaypzmvo/Build/Intermediates.noindex/AppAuth.build/Debug-iphonesimulator/AppAuthCore.build/Objects-normal/arm64/e6072d4f65d7061329687fe24e3d63a7-common-args.resp -include /Users/jans./Library/Developer/Xcode/DerivedData/meal.advisor.ios-csaldjncgoleykghtkpncaypzmvo/Build/Intermediates.noindex/AppAuth.build/Debug-iphonesimulator/AppAuthCore.build/DerivedSources/resource_bundle_accessor.h -MMD -MT dependencies -MF /Users/jans./Library/Developer/Xcode/DerivedData/meal.advisor.ios-csaldjncgoleykghtkpncaypzmvo/Build/Intermediates.noindex/AppAuth.build/Debug-iphonesimulator/AppAuthCore.build/Objects-normal/arm64/OIDAuthorizationService.d --serialize-diagnostics /Users/jans./Library/Developer/Xcode/DerivedData/meal.advisor.ios-csaldjncgoleykghtkpncaypzmvo/Build/Intermediates.noindex/AppAuth.build/Debug-iphonesimulator/AppAuthCore.build/Objects-normal/arm64/OIDAuthorizationService.dia -c /Users/jans./Library/Developer/Xcode/DerivedData/meal.advisor.ios-csaldjncgoleykghtkpncaypzmvo/SourcePackages/checkouts/AppAuth-iOS/Sources/AppAuthCore/OIDAuthorizationService.m -o /Users/jans./Library/Developer/Xcode/DerivedData/meal.advisor.ios-csaldjncgoleykghtkpncaypzmvo/Build/Intermediates.noindex/AppAuth.build/Debug-iphonesimulator/AppAuthCore.build/Objects-normal/arm64/OIDAuthorizationService.o -index-unit-output-path /AppAuth.build/Debug-iphonesimulator/AppAuthCore.build/Objects-normal/arm64/OIDAuthorizationService.o

CompileC /Users/jans./Library/Developer/Xcode/DerivedData/meal.advisor.ios-csaldjncgoleykghtkpncaypzmvo/Build/Intermediates.noindex/AppAuth.build/Debug-iphonesimulator/AppAuthCore.build/Objects-normal/arm64/OIDAuthorizationRequest.o /Users/jans./Library/Developer/Xcode/DerivedData/meal.advisor.ios-csaldjncgoleykghtkpncaypzmvo/SourcePackages/checkouts/AppAuth-iOS/Sources/AppAuthCore/OIDAuthorizationRequest.m normal arm64 objective-c com.apple.compilers.llvm.clang.1_0.compiler (in target 'AppAuthCore' from project 'AppAuth')
    cd /Users/jans./Downloads/meal.advisor/meal.advisor.ios/meal.advisor.ios/meal.advisor.ios/meal.advisor.ios.xcodeproj
    
    Using response file: /Users/jans./Library/Developer/Xcode/DerivedData/meal.advisor.ios-csaldjncgoleykghtkpncaypzmvo/Build/Intermediates.noindex/AppAuth.build/Debug-iphonesimulator/AppAuthCore.build/Objects-normal/arm64/e6072d4f65d7061329687fe24e3d63a7-common-args.resp
    
    /Applications/Xcode.app/Contents/Developer/Toolchains/XcodeDefault.xctoolchain/usr/bin/clang -x objective-c -ivfsstatcache /Users/jans./Library/Developer/Xcode/DerivedData/SDKStatCaches.noindex/iphonesimulator18.5-22F76-d5fc8ad4295d2ef488fb7d0f804ce0c4.sdkstatcache -fmessage-length\=0 -fdiagnostics-show-note-include-stack -fmacro-backtrace-limit\=0 -fno-color-diagnostics -fmodules-prune-interval\=86400 -fmodules-prune-after\=345600 -fbuild-session-file\=/Users/jans./Library/Developer/Xcode/DerivedData/ModuleCache.noindex/Session.modulevalidation -fmodules-validate-once-per-build-session -Wnon-modular-include-in-framework-module -Werror\=non-modular-include-in-framework-module -Wno-trigraphs -Wno-missing-field-initializers -Wno-missing-prototypes -Wno-return-type -Wno-implicit-atomic-properties -Wno-objc-interface-ivars -Wno-arc-repeated-use-of-weak -Wno-missing-braces -Wparentheses -Wswitch -Wno-unused-function -Wno-unused-label -Wno-unused-parameter -Wno-unused-variable -Wunused-value -Wno-empty-body -Wno-uninitialized -Wno-unknown-pragmas -w -Wno-shadow -Wno-four-char-constants -Wno-conversion -Wno-constant-conversion -Wno-int-conversion -Wno-bool-conversion -Wno-enum-conversion -Wno-float-conversion -Wno-non-literal-null-conversion -Wno-objc-literal-conversion -Wshorten-64-to-32 -Wpointer-sign -Wno-newline-eof -Wno-selector -Wno-strict-selector-match -Wno-undeclared-selector -Wno-deprecated-implementations -Wno-implicit-fallthrough -fstrict-aliasing -Wprotocol -Wdeprecated-declarations -Wno-sign-conversion -Wno-infinite-recursion -Wno-comma -Wno-block-capture-autoreleasing -Wno-strict-prototypes -Wno-semicolon-before-method-body -index-store-path /Users/jans./Library/Developer/Xcode/DerivedData/meal.advisor.ios-csaldjncgoleykghtkpncaypzmvo/Index.noindex/DataStore @/Users/jans./Library/Developer/Xcode/DerivedData/meal.advisor.ios-csaldjncgoleykghtkpncaypzmvo/Build/Intermediates.noindex/AppAuth.build/Debug-iphonesimulator/AppAuthCore.build/Objects-normal/arm64/e6072d4f65d7061329687fe24e3d63a7-common-args.resp -include /Users/jans./Library/Developer/Xcode/DerivedData/meal.advisor.ios-csaldjncgoleykghtkpncaypzmvo/Build/Intermediates.noindex/AppAuth.build/Debug-iphonesimulator/AppAuthCore.build/DerivedSources/resource_bundle_accessor.h -MMD -MT dependencies -MF /Users/jans./Library/Developer/Xcode/DerivedData/meal.advisor.ios-csaldjncgoleykghtkpncaypzmvo/Build/Intermediates.noindex/AppAuth.build/Debug-iphonesimulator/AppAuthCore.build/Objects-normal/arm64/OIDAuthorizationRequest.d --serialize-diagnostics /Users/jans./Library/Developer/Xcode/DerivedData/meal.advisor.ios-csaldjncgoleykghtkpncaypzmvo/Build/Intermediates.noindex/AppAuth.build/Debug-iphonesimulator/AppAuthCore.build/Objects-normal/arm64/OIDAuthorizationRequest.dia -c /Users/jans./Library/Developer/Xcode/DerivedData/meal.advisor.ios-csaldjncgoleykghtkpncaypzmvo/SourcePackages/checkouts/AppAuth-iOS/Sources/AppAuthCore/OIDAuthorizationRequest.m -o /Users/jans./Library/Developer/Xcode/DerivedData/meal.advisor.ios-csaldjncgoleykghtkpncaypzmvo/Build/Intermediates.noindex/AppAuth.build/Debug-iphonesimulator/AppAuthCore.build/Objects-normal/arm64/OIDAuthorizationRequest.o -index-unit-output-path /AppAuth.build/Debug-iphonesimulator/AppAuthCore.build/Objects-normal/arm64/OIDAuthorizationRequest.o

ScanDependencies /Users/jans./Library/Developer/Xcode/DerivedData/meal.advisor.ios-csaldjncgoleykghtkpncaypzmvo/Build/Intermediates.noindex/AppAuth.build/Debug-iphonesimulator/AppAuth.build/Objects-normal/arm64/OIDRedirectHTTPHandler.o /Users/jans./Library/Developer/Xcode/DerivedData/meal.advisor.ios-csaldjncgoleykghtkpncaypzmvo/SourcePackages/checkouts/AppAuth-iOS/Sources/AppAuth/macOS/OIDRedirectHTTPHandler.m normal arm64 objective-c com.apple.compilers.llvm.clang.1_0.compiler (in target 'AppAuth' from project 'AppAuth')
    cd /Users/jans./Downloads/meal.advisor/meal.advisor.ios/meal.advisor.ios/meal.advisor.ios/meal.advisor.ios.xcodeproj
    
    Using response file: /Users/jans./Library/Developer/Xcode/DerivedData/meal.advisor.ios-csaldjncgoleykghtkpncaypzmvo/Build/Intermediates.noindex/AppAuth.build/Debug-iphonesimulator/AppAuth.build/Objects-normal/arm64/e6072d4f65d7061329687fe24e3d63a7-common-args.resp
    
    builtin-ScanDependencies -o /Users/jans./Library/Developer/Xcode/DerivedData/meal.advisor.ios-csaldjncgoleykghtkpncaypzmvo/Build/Intermediates.noindex/AppAuth.build/Debug-iphonesimulator/AppAuth.build/Objects-normal/arm64/OIDRedirectHTTPHandler.o.scan -- /Applications/Xcode.app/Contents/Developer/Toolchains/XcodeDefault.xctoolchain/usr/bin/clang -x objective-c -ivfsstatcache /Users/jans./Library/Developer/Xcode/DerivedData/SDKStatCaches.noindex/iphonesimulator18.5-22F76-d5fc8ad4295d2ef488fb7d0f804ce0c4.sdkstatcache -fmessage-length\=0 -fdiagnostics-show-note-include-stack -fmacro-backtrace-limit\=0 -fno-color-diagnostics -fmodules-prune-interval\=86400 -fmodules-prune-after\=345600 -fbuild-session-file\=/Users/jans./Library/Developer/Xcode/DerivedData/ModuleCache.noindex/Session.modulevalidation -fmodules-validate-once-per-build-session -Wnon-modular-include-in-framework-module -Werror\=non-modular-include-in-framework-module -Wno-trigraphs -Wno-missing-field-initializers -Wno-missing-prototypes -Wno-return-type -Wno-implicit-atomic-properties -Wno-objc-interface-ivars -Wno-arc-repeated-use-of-weak -Wno-missing-braces -Wparentheses -Wswitch -Wno-unused-function -Wno-unused-label -Wno-unused-parameter -Wno-unused-variable -Wunused-value -Wno-empty-body -Wno-uninitialized -Wno-unknown-pragmas -w -Wno-shadow -Wno-four-char-constants -Wno-conversion -Wno-constant-conversion -Wno-int-conversion -Wno-bool-conversion -Wno-enum-conversion -Wno-float-conversion -Wno-non-literal-null-conversion -Wno-objc-literal-conversion -Wshorten-64-to-32 -Wpointer-sign -Wno-newline-eof -Wno-selector -Wno-strict-selector-match -Wno-undeclared-selector -Wno-deprecated-implementations -Wno-implicit-fallthrough -fstrict-aliasing -Wprotocol -Wdeprecated-declarations -Wno-sign-conversion -Wno-infinite-recursion -Wno-comma -Wno-block-capture-autoreleasing -Wno-strict-prototypes -Wno-semicolon-before-method-body -index-store-path /Users/jans./Library/Developer/Xcode/DerivedData/meal.advisor.ios-csaldjncgoleykghtkpncaypzmvo/Index.noindex/DataStore @/Users/jans./Library/Developer/Xcode/DerivedData/meal.advisor.ios-csaldjncgoleykghtkpncaypzmvo/Build/Intermediates.noindex/AppAuth.build/Debug-iphonesimulator/AppAuth.build/Objects-normal/arm64/e6072d4f65d7061329687fe24e3d63a7-common-args.resp -include /Users/jans./Library/Developer/Xcode/DerivedData/meal.advisor.ios-csaldjncgoleykghtkpncaypzmvo/Build/Intermediates.noindex/AppAuth.build/Debug-iphonesimulator/AppAuth.build/DerivedSources/resource_bundle_accessor.h -MMD -MT dependencies -MF /Users/jans./Library/Developer/Xcode/DerivedData/meal.advisor.ios-csaldjncgoleykghtkpncaypzmvo/Build/Intermediates.noindex/AppAuth.build/Debug-iphonesimulator/AppAuth.build/Objects-normal/arm64/OIDRedirectHTTPHandler.d --serialize-diagnostics /Users/jans./Library/Developer/Xcode/DerivedData/meal.advisor.ios-csaldjncgoleykghtkpncaypzmvo/Build/Intermediates.noindex/AppAuth.build/Debug-iphonesimulator/AppAuth.build/Objects-normal/arm64/OIDRedirectHTTPHandler.dia -c /Users/jans./Library/Developer/Xcode/DerivedData/meal.advisor.ios-csaldjncgoleykghtkpncaypzmvo/SourcePackages/checkouts/AppAuth-iOS/Sources/AppAuth/macOS/OIDRedirectHTTPHandler.m -o /Users/jans./Library/Developer/Xcode/DerivedData/meal.advisor.ios-csaldjncgoleykghtkpncaypzmvo/Build/Intermediates.noindex/AppAuth.build/Debug-iphonesimulator/AppAuth.build/Objects-normal/arm64/OIDRedirectHTTPHandler.o -index-unit-output-path /AppAuth.build/Debug-iphonesimulator/AppAuth.build/Objects-normal/arm64/OIDRedirectHTTPHandler.o

CompileC /Users/jans./Library/Developer/Xcode/DerivedData/meal.advisor.ios-csaldjncgoleykghtkpncaypzmvo/Build/Intermediates.noindex/AppAuth.build/Debug-iphonesimulator/AppAuthCore.build/Objects-normal/arm64/OIDAuthState.o /Users/jans./Library/Developer/Xcode/DerivedData/meal.advisor.ios-csaldjncgoleykghtkpncaypzmvo/SourcePackages/checkouts/AppAuth-iOS/Sources/AppAuthCore/OIDAuthState.m normal arm64 objective-c com.apple.compilers.llvm.clang.1_0.compiler (in target 'AppAuthCore' from project 'AppAuth')
    cd /Users/jans./Downloads/meal.advisor/meal.advisor.ios/meal.advisor.ios/meal.advisor.ios/meal.advisor.ios.xcodeproj
    
    Using response file: /Users/jans./Library/Developer/Xcode/DerivedData/meal.advisor.ios-csaldjncgoleykghtkpncaypzmvo/Build/Intermediates.noindex/AppAuth.build/Debug-iphonesimulator/AppAuthCore.build/Objects-normal/arm64/e6072d4f65d7061329687fe24e3d63a7-common-args.resp
    
    /Applications/Xcode.app/Contents/Developer/Toolchains/XcodeDefault.xctoolchain/usr/bin/clang -x objective-c -ivfsstatcache /Users/jans./Library/Developer/Xcode/DerivedData/SDKStatCaches.noindex/iphonesimulator18.5-22F76-d5fc8ad4295d2ef488fb7d0f804ce0c4.sdkstatcache -fmessage-length\=0 -fdiagnostics-show-note-include-stack -fmacro-backtrace-limit\=0 -fno-color-diagnostics -fmodules-prune-interval\=86400 -fmodules-prune-after\=345600 -fbuild-session-file\=/Users/jans./Library/Developer/Xcode/DerivedData/ModuleCache.noindex/Session.modulevalidation -fmodules-validate-once-per-build-session -Wnon-modular-include-in-framework-module -Werror\=non-modular-include-in-framework-module -Wno-trigraphs -Wno-missing-field-initializers -Wno-missing-prototypes -Wno-return-type -Wno-implicit-atomic-properties -Wno-objc-interface-ivars -Wno-arc-repeated-use-of-weak -Wno-missing-braces -Wparentheses -Wswitch -Wno-unused-function -Wno-unused-label -Wno-unused-parameter -Wno-unused-variable -Wunused-value -Wno-empty-body -Wno-uninitialized -Wno-unknown-pragmas -w -Wno-shadow -Wno-four-char-constants -Wno-conversion -Wno-constant-conversion -Wno-int-conversion -Wno-bool-conversion -Wno-enum-conversion -Wno-float-conversion -Wno-non-literal-null-conversion -Wno-objc-literal-conversion -Wshorten-64-to-32 -Wpointer-sign -Wno-newline-eof -Wno-selector -Wno-strict-selector-match -Wno-undeclared-selector -Wno-deprecated-implementations -Wno-implicit-fallthrough -fstrict-aliasing -Wprotocol -Wdeprecated-declarations -Wno-sign-conversion -Wno-infinite-recursion -Wno-comma -Wno-block-capture-autoreleasing -Wno-strict-prototypes -Wno-semicolon-before-method-body -index-store-path /Users/jans./Library/Developer/Xcode/DerivedData/meal.advisor.ios-csaldjncgoleykghtkpncaypzmvo/Index.noindex/DataStore @/Users/jans./Library/Developer/Xcode/DerivedData/meal.advisor.ios-csaldjncgoleykghtkpncaypzmvo/Build/Intermediates.noindex/AppAuth.build/Debug-iphonesimulator/AppAuthCore.build/Objects-normal/arm64/e6072d4f65d7061329687fe24e3d63a7-common-args.resp -include /Users/jans./Library/Developer/Xcode/DerivedData/meal.advisor.ios-csaldjncgoleykghtkpncaypzmvo/Build/Intermediates.noindex/AppAuth.build/Debug-iphonesimulator/AppAuthCore.build/DerivedSources/resource_bundle_accessor.h -MMD -MT dependencies -MF /Users/jans./Library/Developer/Xcode/DerivedData/meal.advisor.ios-csaldjncgoleykghtkpncaypzmvo/Build/Intermediates.noindex/AppAuth.build/Debug-iphonesimulator/AppAuthCore.build/Objects-normal/arm64/OIDAuthState.d --serialize-diagnostics /Users/jans./Library/Developer/Xcode/DerivedData/meal.advisor.ios-csaldjncgoleykghtkpncaypzmvo/Build/Intermediates.noindex/AppAuth.build/Debug-iphonesimulator/AppAuthCore.build/Objects-normal/arm64/OIDAuthState.dia -c /Users/jans./Library/Developer/Xcode/DerivedData/meal.advisor.ios-csaldjncgoleykghtkpncaypzmvo/SourcePackages/checkouts/AppAuth-iOS/Sources/AppAuthCore/OIDAuthState.m -o /Users/jans./Library/Developer/Xcode/DerivedData/meal.advisor.ios-csaldjncgoleykghtkpncaypzmvo/Build/Intermediates.noindex/AppAuth.build/Debug-iphonesimulator/AppAuthCore.build/Objects-normal/arm64/OIDAuthState.o -index-unit-output-path /AppAuth.build/Debug-iphonesimulator/AppAuthCore.build/Objects-normal/arm64/OIDAuthState.o

ScanDependencies /Users/jans./Library/Developer/Xcode/DerivedData/meal.advisor.ios-csaldjncgoleykghtkpncaypzmvo/Build/Intermediates.noindex/AppAuth.build/Debug-iphonesimulator/AppAuth.build/Objects-normal/arm64/OIDLoopbackHTTPServer.o /Users/jans./Library/Developer/Xcode/DerivedData/meal.advisor.ios-csaldjncgoleykghtkpncaypzmvo/SourcePackages/checkouts/AppAuth-iOS/Sources/AppAuth/macOS/LoopbackHTTPServer/OIDLoopbackHTTPServer.m normal arm64 objective-c com.apple.compilers.llvm.clang.1_0.compiler (in target 'AppAuth' from project 'AppAuth')
    cd /Users/jans./Downloads/meal.advisor/meal.advisor.ios/meal.advisor.ios/meal.advisor.ios/meal.advisor.ios.xcodeproj
    
    Using response file: /Users/jans./Library/Developer/Xcode/DerivedData/meal.advisor.ios-csaldjncgoleykghtkpncaypzmvo/Build/Intermediates.noindex/AppAuth.build/Debug-iphonesimulator/AppAuth.build/Objects-normal/arm64/e6072d4f65d7061329687fe24e3d63a7-common-args.resp
    
    builtin-ScanDependencies -o /Users/jans./Library/Developer/Xcode/DerivedData/meal.advisor.ios-csaldjncgoleykghtkpncaypzmvo/Build/Intermediates.noindex/AppAuth.build/Debug-iphonesimulator/AppAuth.build/Objects-normal/arm64/OIDLoopbackHTTPServer.o.scan -- /Applications/Xcode.app/Contents/Developer/Toolchains/XcodeDefault.xctoolchain/usr/bin/clang -x objective-c -ivfsstatcache /Users/jans./Library/Developer/Xcode/DerivedData/SDKStatCaches.noindex/iphonesimulator18.5-22F76-d5fc8ad4295d2ef488fb7d0f804ce0c4.sdkstatcache -fmessage-length\=0 -fdiagnostics-show-note-include-stack -fmacro-backtrace-limit\=0 -fno-color-diagnostics -fmodules-prune-interval\=86400 -fmodules-prune-after\=345600 -fbuild-session-file\=/Users/jans./Library/Developer/Xcode/DerivedData/ModuleCache.noindex/Session.modulevalidation -fmodules-validate-once-per-build-session -Wnon-modular-include-in-framework-module -Werror\=non-modular-include-in-framework-module -Wno-trigraphs -Wno-missing-field-initializers -Wno-missing-prototypes -Wno-return-type -Wno-implicit-atomic-properties -Wno-objc-interface-ivars -Wno-arc-repeated-use-of-weak -Wno-missing-braces -Wparentheses -Wswitch -Wno-unused-function -Wno-unused-label -Wno-unused-parameter -Wno-unused-variable -Wunused-value -Wno-empty-body -Wno-uninitialized -Wno-unknown-pragmas -w -Wno-shadow -Wno-four-char-constants -Wno-conversion -Wno-constant-conversion -Wno-int-conversion -Wno-bool-conversion -Wno-enum-conversion -Wno-float-conversion -Wno-non-literal-null-conversion -Wno-objc-literal-conversion -Wshorten-64-to-32 -Wpointer-sign -Wno-newline-eof -Wno-selector -Wno-strict-selector-match -Wno-undeclared-selector -Wno-deprecated-implementations -Wno-implicit-fallthrough -fstrict-aliasing -Wprotocol -Wdeprecated-declarations -Wno-sign-conversion -Wno-infinite-recursion -Wno-comma -Wno-block-capture-autoreleasing -Wno-strict-prototypes -Wno-semicolon-before-method-body -index-store-path /Users/jans./Library/Developer/Xcode/DerivedData/meal.advisor.ios-csaldjncgoleykghtkpncaypzmvo/Index.noindex/DataStore @/Users/jans./Library/Developer/Xcode/DerivedData/meal.advisor.ios-csaldjncgoleykghtkpncaypzmvo/Build/Intermediates.noindex/AppAuth.build/Debug-iphonesimulator/AppAuth.build/Objects-normal/arm64/e6072d4f65d7061329687fe24e3d63a7-common-args.resp -include /Users/jans./Library/Developer/Xcode/DerivedData/meal.advisor.ios-csaldjncgoleykghtkpncaypzmvo/Build/Intermediates.noindex/AppAuth.build/Debug-iphonesimulator/AppAuth.build/DerivedSources/resource_bundle_accessor.h -MMD -MT dependencies -MF /Users/jans./Library/Developer/Xcode/DerivedData/meal.advisor.ios-csaldjncgoleykghtkpncaypzmvo/Build/Intermediates.noindex/AppAuth.build/Debug-iphonesimulator/AppAuth.build/Objects-normal/arm64/OIDLoopbackHTTPServer.d --serialize-diagnostics /Users/jans./Library/Developer/Xcode/DerivedData/meal.advisor.ios-csaldjncgoleykghtkpncaypzmvo/Build/Intermediates.noindex/AppAuth.build/Debug-iphonesimulator/AppAuth.build/Objects-normal/arm64/OIDLoopbackHTTPServer.dia -c /Users/jans./Library/Developer/Xcode/DerivedData/meal.advisor.ios-csaldjncgoleykghtkpncaypzmvo/SourcePackages/checkouts/AppAuth-iOS/Sources/AppAuth/macOS/LoopbackHTTPServer/OIDLoopbackHTTPServer.m -o /Users/jans./Library/Developer/Xcode/DerivedData/meal.advisor.ios-csaldjncgoleykghtkpncaypzmvo/Build/Intermediates.noindex/AppAuth.build/Debug-iphonesimulator/AppAuth.build/Objects-normal/arm64/OIDLoopbackHTTPServer.o -index-unit-output-path /AppAuth.build/Debug-iphonesimulator/AppAuth.build/Objects-normal/arm64/OIDLoopbackHTTPServer.o

ScanDependencies /Users/jans./Library/Developer/Xcode/DerivedData/meal.advisor.ios-csaldjncgoleykghtkpncaypzmvo/Build/Intermediates.noindex/AppAuth.build/Debug-iphonesimulator/AppAuth.build/Objects-normal/arm64/OIDExternalUserAgentMac.o /Users/jans./Library/Developer/Xcode/DerivedData/meal.advisor.ios-csaldjncgoleykghtkpncaypzmvo/SourcePackages/checkouts/AppAuth-iOS/Sources/AppAuth/macOS/OIDExternalUserAgentMac.m normal arm64 objective-c com.apple.compilers.llvm.clang.1_0.compiler (in target 'AppAuth' from project 'AppAuth')
    cd /Users/jans./Downloads/meal.advisor/meal.advisor.ios/meal.advisor.ios/meal.advisor.ios/meal.advisor.ios.xcodeproj
    
    Using response file: /Users/jans./Library/Developer/Xcode/DerivedData/meal.advisor.ios-csaldjncgoleykghtkpncaypzmvo/Build/Intermediates.noindex/AppAuth.build/Debug-iphonesimulator/AppAuth.build/Objects-normal/arm64/e6072d4f65d7061329687fe24e3d63a7-common-args.resp
    
    builtin-ScanDependencies -o /Users/jans./Library/Developer/Xcode/DerivedData/meal.advisor.ios-csaldjncgoleykghtkpncaypzmvo/Build/Intermediates.noindex/AppAuth.build/Debug-iphonesimulator/AppAuth.build/Objects-normal/arm64/OIDExternalUserAgentMac.o.scan -- /Applications/Xcode.app/Contents/Developer/Toolchains/XcodeDefault.xctoolchain/usr/bin/clang -x objective-c -ivfsstatcache /Users/jans./Library/Developer/Xcode/DerivedData/SDKStatCaches.noindex/iphonesimulator18.5-22F76-d5fc8ad4295d2ef488fb7d0f804ce0c4.sdkstatcache -fmessage-length\=0 -fdiagnostics-show-note-include-stack -fmacro-backtrace-limit\=0 -fno-color-diagnostics -fmodules-prune-interval\=86400 -fmodules-prune-after\=345600 -fbuild-session-file\=/Users/jans./Library/Developer/Xcode/DerivedData/ModuleCache.noindex/Session.modulevalidation -fmodules-validate-once-per-build-session -Wnon-modular-include-in-framework-module -Werror\=non-modular-include-in-framework-module -Wno-trigraphs -Wno-missing-field-initializers -Wno-missing-prototypes -Wno-return-type -Wno-implicit-atomic-properties -Wno-objc-interface-ivars -Wno-arc-repeated-use-of-weak -Wno-missing-braces -Wparentheses -Wswitch -Wno-unused-function -Wno-unused-label -Wno-unused-parameter -Wno-unused-variable -Wunused-value -Wno-empty-body -Wno-uninitialized -Wno-unknown-pragmas -w -Wno-shadow -Wno-four-char-constants -Wno-conversion -Wno-constant-conversion -Wno-int-conversion -Wno-bool-conversion -Wno-enum-conversion -Wno-float-conversion -Wno-non-literal-null-conversion -Wno-objc-literal-conversion -Wshorten-64-to-32 -Wpointer-sign -Wno-newline-eof -Wno-selector -Wno-strict-selector-match -Wno-undeclared-selector -Wno-deprecated-implementations -Wno-implicit-fallthrough -fstrict-aliasing -Wprotocol -Wdeprecated-declarations -Wno-sign-conversion -Wno-infinite-recursion -Wno-comma -Wno-block-capture-autoreleasing -Wno-strict-prototypes -Wno-semicolon-before-method-body -index-store-path /Users/jans./Library/Developer/Xcode/DerivedData/meal.advisor.ios-csaldjncgoleykghtkpncaypzmvo/Index.noindex/DataStore @/Users/jans./Library/Developer/Xcode/DerivedData/meal.advisor.ios-csaldjncgoleykghtkpncaypzmvo/Build/Intermediates.noindex/AppAuth.build/Debug-iphonesimulator/AppAuth.build/Objects-normal/arm64/e6072d4f65d7061329687fe24e3d63a7-common-args.resp -include /Users/jans./Library/Developer/Xcode/DerivedData/meal.advisor.ios-csaldjncgoleykghtkpncaypzmvo/Build/Intermediates.noindex/AppAuth.build/Debug-iphonesimulator/AppAuth.build/DerivedSources/resource_bundle_accessor.h -MMD -MT dependencies -MF /Users/jans./Library/Developer/Xcode/DerivedData/meal.advisor.ios-csaldjncgoleykghtkpncaypzmvo/Build/Intermediates.noindex/AppAuth.build/Debug-iphonesimulator/AppAuth.build/Objects-normal/arm64/OIDExternalUserAgentMac.d --serialize-diagnostics /Users/jans./Library/Developer/Xcode/DerivedData/meal.advisor.ios-csaldjncgoleykghtkpncaypzmvo/Build/Intermediates.noindex/AppAuth.build/Debug-iphonesimulator/AppAuth.build/Objects-normal/arm64/OIDExternalUserAgentMac.dia -c /Users/jans./Library/Developer/Xcode/DerivedData/meal.advisor.ios-csaldjncgoleykghtkpncaypzmvo/SourcePackages/checkouts/AppAuth-iOS/Sources/AppAuth/macOS/OIDExternalUserAgentMac.m -o /Users/jans./Library/Developer/Xcode/DerivedData/meal.advisor.ios-csaldjncgoleykghtkpncaypzmvo/Build/Intermediates.noindex/AppAuth.build/Debug-iphonesimulator/AppAuth.build/Objects-normal/arm64/OIDExternalUserAgentMac.o -index-unit-output-path /AppAuth.build/Debug-iphonesimulator/AppAuth.build/Objects-normal/arm64/OIDExternalUserAgentMac.o

ScanDependencies /Users/jans./Library/Developer/Xcode/DerivedData/meal.advisor.ios-csaldjncgoleykghtkpncaypzmvo/Build/Intermediates.noindex/AppAuth.build/Debug-iphonesimulator/AppAuth.build/Objects-normal/arm64/OIDExternalUserAgentIOSCustomBrowser.o /Users/jans./Library/Developer/Xcode/DerivedData/meal.advisor.ios-csaldjncgoleykghtkpncaypzmvo/SourcePackages/checkouts/AppAuth-iOS/Sources/AppAuth/iOS/OIDExternalUserAgentIOSCustomBrowser.m normal arm64 objective-c com.apple.compilers.llvm.clang.1_0.compiler (in target 'AppAuth' from project 'AppAuth')
    cd /Users/jans./Downloads/meal.advisor/meal.advisor.ios/meal.advisor.ios/meal.advisor.ios/meal.advisor.ios.xcodeproj
    
    Using response file: /Users/jans./Library/Developer/Xcode/DerivedData/meal.advisor.ios-csaldjncgoleykghtkpncaypzmvo/Build/Intermediates.noindex/AppAuth.build/Debug-iphonesimulator/AppAuth.build/Objects-normal/arm64/e6072d4f65d7061329687fe24e3d63a7-common-args.resp
    
    builtin-ScanDependencies -o /Users/jans./Library/Developer/Xcode/DerivedData/meal.advisor.ios-csaldjncgoleykghtkpncaypzmvo/Build/Intermediates.noindex/AppAuth.build/Debug-iphonesimulator/AppAuth.build/Objects-normal/arm64/OIDExternalUserAgentIOSCustomBrowser.o.scan -- /Applications/Xcode.app/Contents/Developer/Toolchains/XcodeDefault.xctoolchain/usr/bin/clang -x objective-c -ivfsstatcache /Users/jans./Library/Developer/Xcode/DerivedData/SDKStatCaches.noindex/iphonesimulator18.5-22F76-d5fc8ad4295d2ef488fb7d0f804ce0c4.sdkstatcache -fmessage-length\=0 -fdiagnostics-show-note-include-stack -fmacro-backtrace-limit\=0 -fno-color-diagnostics -fmodules-prune-interval\=86400 -fmodules-prune-after\=345600 -fbuild-session-file\=/Users/jans./Library/Developer/Xcode/DerivedData/ModuleCache.noindex/Session.modulevalidation -fmodules-validate-once-per-build-session -Wnon-modular-include-in-framework-module -Werror\=non-modular-include-in-framework-module -Wno-trigraphs -Wno-missing-field-initializers -Wno-missing-prototypes -Wno-return-type -Wno-implicit-atomic-properties -Wno-objc-interface-ivars -Wno-arc-repeated-use-of-weak -Wno-missing-braces -Wparentheses -Wswitch -Wno-unused-function -Wno-unused-label -Wno-unused-parameter -Wno-unused-variable -Wunused-value -Wno-empty-body -Wno-uninitialized -Wno-unknown-pragmas -w -Wno-shadow -Wno-four-char-constants -Wno-conversion -Wno-constant-conversion -Wno-int-conversion -Wno-bool-conversion -Wno-enum-conversion -Wno-float-conversion -Wno-non-literal-null-conversion -Wno-objc-literal-conversion -Wshorten-64-to-32 -Wpointer-sign -Wno-newline-eof -Wno-selector -Wno-strict-selector-match -Wno-undeclared-selector -Wno-deprecated-implementations -Wno-implicit-fallthrough -fstrict-aliasing -Wprotocol -Wdeprecated-declarations -Wno-sign-conversion -Wno-infinite-recursion -Wno-comma -Wno-block-capture-autoreleasing -Wno-strict-prototypes -Wno-semicolon-before-method-body -index-store-path /Users/jans./Library/Developer/Xcode/DerivedData/meal.advisor.ios-csaldjncgoleykghtkpncaypzmvo/Index.noindex/DataStore @/Users/jans./Library/Developer/Xcode/DerivedData/meal.advisor.ios-csaldjncgoleykghtkpncaypzmvo/Build/Intermediates.noindex/AppAuth.build/Debug-iphonesimulator/AppAuth.build/Objects-normal/arm64/e6072d4f65d7061329687fe24e3d63a7-common-args.resp -include /Users/jans./Library/Developer/Xcode/DerivedData/meal.advisor.ios-csaldjncgoleykghtkpncaypzmvo/Build/Intermediates.noindex/AppAuth.build/Debug-iphonesimulator/AppAuth.build/DerivedSources/resource_bundle_accessor.h -MMD -MT dependencies -MF /Users/jans./Library/Developer/Xcode/DerivedData/meal.advisor.ios-csaldjncgoleykghtkpncaypzmvo/Build/Intermediates.noindex/AppAuth.build/Debug-iphonesimulator/AppAuth.build/Objects-normal/arm64/OIDExternalUserAgentIOSCustomBrowser.d --serialize-diagnostics /Users/jans./Library/Developer/Xcode/DerivedData/meal.advisor.ios-csaldjncgoleykghtkpncaypzmvo/Build/Intermediates.noindex/AppAuth.build/Debug-iphonesimulator/AppAuth.build/Objects-normal/arm64/OIDExternalUserAgentIOSCustomBrowser.dia -c /Users/jans./Library/Developer/Xcode/DerivedData/meal.advisor.ios-csaldjncgoleykghtkpncaypzmvo/SourcePackages/checkouts/AppAuth-iOS/Sources/AppAuth/iOS/OIDExternalUserAgentIOSCustomBrowser.m -o /Users/jans./Library/Developer/Xcode/DerivedData/meal.advisor.ios-csaldjncgoleykghtkpncaypzmvo/Build/Intermediates.noindex/AppAuth.build/Debug-iphonesimulator/AppAuth.build/Objects-normal/arm64/OIDExternalUserAgentIOSCustomBrowser.o -index-unit-output-path /AppAuth.build/Debug-iphonesimulator/AppAuth.build/Objects-normal/arm64/OIDExternalUserAgentIOSCustomBrowser.o

CompileC /Users/jans./Library/Developer/Xcode/DerivedData/meal.advisor.ios-csaldjncgoleykghtkpncaypzmvo/Build/Intermediates.noindex/AppAuth.build/Debug-iphonesimulator/AppAuth.build/Objects-normal/arm64/OIDRedirectHTTPHandler.o /Users/jans./Library/Developer/Xcode/DerivedData/meal.advisor.ios-csaldjncgoleykghtkpncaypzmvo/SourcePackages/checkouts/AppAuth-iOS/Sources/AppAuth/macOS/OIDRedirectHTTPHandler.m normal arm64 objective-c com.apple.compilers.llvm.clang.1_0.compiler (in target 'AppAuth' from project 'AppAuth')
    cd /Users/jans./Downloads/meal.advisor/meal.advisor.ios/meal.advisor.ios/meal.advisor.ios/meal.advisor.ios.xcodeproj
    
    Using response file: /Users/jans./Library/Developer/Xcode/DerivedData/meal.advisor.ios-csaldjncgoleykghtkpncaypzmvo/Build/Intermediates.noindex/AppAuth.build/Debug-iphonesimulator/AppAuth.build/Objects-normal/arm64/e6072d4f65d7061329687fe24e3d63a7-common-args.resp
    
    /Applications/Xcode.app/Contents/Developer/Toolchains/XcodeDefault.xctoolchain/usr/bin/clang -x objective-c -ivfsstatcache /Users/jans./Library/Developer/Xcode/DerivedData/SDKStatCaches.noindex/iphonesimulator18.5-22F76-d5fc8ad4295d2ef488fb7d0f804ce0c4.sdkstatcache -fmessage-length\=0 -fdiagnostics-show-note-include-stack -fmacro-backtrace-limit\=0 -fno-color-diagnostics -fmodules-prune-interval\=86400 -fmodules-prune-after\=345600 -fbuild-session-file\=/Users/jans./Library/Developer/Xcode/DerivedData/ModuleCache.noindex/Session.modulevalidation -fmodules-validate-once-per-build-session -Wnon-modular-include-in-framework-module -Werror\=non-modular-include-in-framework-module -Wno-trigraphs -Wno-missing-field-initializers -Wno-missing-prototypes -Wno-return-type -Wno-implicit-atomic-properties -Wno-objc-interface-ivars -Wno-arc-repeated-use-of-weak -Wno-missing-braces -Wparentheses -Wswitch -Wno-unused-function -Wno-unused-label -Wno-unused-parameter -Wno-unused-variable -Wunused-value -Wno-empty-body -Wno-uninitialized -Wno-unknown-pragmas -w -Wno-shadow -Wno-four-char-constants -Wno-conversion -Wno-constant-conversion -Wno-int-conversion -Wno-bool-conversion -Wno-enum-conversion -Wno-float-conversion -Wno-non-literal-null-conversion -Wno-objc-literal-conversion -Wshorten-64-to-32 -Wpointer-sign -Wno-newline-eof -Wno-selector -Wno-strict-selector-match -Wno-undeclared-selector -Wno-deprecated-implementations -Wno-implicit-fallthrough -fstrict-aliasing -Wprotocol -Wdeprecated-declarations -Wno-sign-conversion -Wno-infinite-recursion -Wno-comma -Wno-block-capture-autoreleasing -Wno-strict-prototypes -Wno-semicolon-before-method-body -index-store-path /Users/jans./Library/Developer/Xcode/DerivedData/meal.advisor.ios-csaldjncgoleykghtkpncaypzmvo/Index.noindex/DataStore @/Users/jans./Library/Developer/Xcode/DerivedData/meal.advisor.ios-csaldjncgoleykghtkpncaypzmvo/Build/Intermediates.noindex/AppAuth.build/Debug-iphonesimulator/AppAuth.build/Objects-normal/arm64/e6072d4f65d7061329687fe24e3d63a7-common-args.resp -include /Users/jans./Library/Developer/Xcode/DerivedData/meal.advisor.ios-csaldjncgoleykghtkpncaypzmvo/Build/Intermediates.noindex/AppAuth.build/Debug-iphonesimulator/AppAuth.build/DerivedSources/resource_bundle_accessor.h -MMD -MT dependencies -MF /Users/jans./Library/Developer/Xcode/DerivedData/meal.advisor.ios-csaldjncgoleykghtkpncaypzmvo/Build/Intermediates.noindex/AppAuth.build/Debug-iphonesimulator/AppAuth.build/Objects-normal/arm64/OIDRedirectHTTPHandler.d --serialize-diagnostics /Users/jans./Library/Developer/Xcode/DerivedData/meal.advisor.ios-csaldjncgoleykghtkpncaypzmvo/Build/Intermediates.noindex/AppAuth.build/Debug-iphonesimulator/AppAuth.build/Objects-normal/arm64/OIDRedirectHTTPHandler.dia -c /Users/jans./Library/Developer/Xcode/DerivedData/meal.advisor.ios-csaldjncgoleykghtkpncaypzmvo/SourcePackages/checkouts/AppAuth-iOS/Sources/AppAuth/macOS/OIDRedirectHTTPHandler.m -o /Users/jans./Library/Developer/Xcode/DerivedData/meal.advisor.ios-csaldjncgoleykghtkpncaypzmvo/Build/Intermediates.noindex/AppAuth.build/Debug-iphonesimulator/AppAuth.build/Objects-normal/arm64/OIDRedirectHTTPHandler.o -index-unit-output-path /AppAuth.build/Debug-iphonesimulator/AppAuth.build/Objects-normal/arm64/OIDRedirectHTTPHandler.o

CompileC /Users/jans./Library/Developer/Xcode/DerivedData/meal.advisor.ios-csaldjncgoleykghtkpncaypzmvo/Build/Intermediates.noindex/AppAuth.build/Debug-iphonesimulator/AppAuth.build/Objects-normal/arm64/OIDLoopbackHTTPServer.o /Users/jans./Library/Developer/Xcode/DerivedData/meal.advisor.ios-csaldjncgoleykghtkpncaypzmvo/SourcePackages/checkouts/AppAuth-iOS/Sources/AppAuth/macOS/LoopbackHTTPServer/OIDLoopbackHTTPServer.m normal arm64 objective-c com.apple.compilers.llvm.clang.1_0.compiler (in target 'AppAuth' from project 'AppAuth')
    cd /Users/jans./Downloads/meal.advisor/meal.advisor.ios/meal.advisor.ios/meal.advisor.ios/meal.advisor.ios.xcodeproj
    
    Using response file: /Users/jans./Library/Developer/Xcode/DerivedData/meal.advisor.ios-csaldjncgoleykghtkpncaypzmvo/Build/Intermediates.noindex/AppAuth.build/Debug-iphonesimulator/AppAuth.build/Objects-normal/arm64/e6072d4f65d7061329687fe24e3d63a7-common-args.resp
    
    /Applications/Xcode.app/Contents/Developer/Toolchains/XcodeDefault.xctoolchain/usr/bin/clang -x objective-c -ivfsstatcache /Users/jans./Library/Developer/Xcode/DerivedData/SDKStatCaches.noindex/iphonesimulator18.5-22F76-d5fc8ad4295d2ef488fb7d0f804ce0c4.sdkstatcache -fmessage-length\=0 -fdiagnostics-show-note-include-stack -fmacro-backtrace-limit\=0 -fno-color-diagnostics -fmodules-prune-interval\=86400 -fmodules-prune-after\=345600 -fbuild-session-file\=/Users/jans./Library/Developer/Xcode/DerivedData/ModuleCache.noindex/Session.modulevalidation -fmodules-validate-once-per-build-session -Wnon-modular-include-in-framework-module -Werror\=non-modular-include-in-framework-module -Wno-trigraphs -Wno-missing-field-initializers -Wno-missing-prototypes -Wno-return-type -Wno-implicit-atomic-properties -Wno-objc-interface-ivars -Wno-arc-repeated-use-of-weak -Wno-missing-braces -Wparentheses -Wswitch -Wno-unused-function -Wno-unused-label -Wno-unused-parameter -Wno-unused-variable -Wunused-value -Wno-empty-body -Wno-uninitialized -Wno-unknown-pragmas -w -Wno-shadow -Wno-four-char-constants -Wno-conversion -Wno-constant-conversion -Wno-int-conversion -Wno-bool-conversion -Wno-enum-conversion -Wno-float-conversion -Wno-non-literal-null-conversion -Wno-objc-literal-conversion -Wshorten-64-to-32 -Wpointer-sign -Wno-newline-eof -Wno-selector -Wno-strict-selector-match -Wno-undeclared-selector -Wno-deprecated-implementations -Wno-implicit-fallthrough -fstrict-aliasing -Wprotocol -Wdeprecated-declarations -Wno-sign-conversion -Wno-infinite-recursion -Wno-comma -Wno-block-capture-autoreleasing -Wno-strict-prototypes -Wno-semicolon-before-method-body -index-store-path /Users/jans./Library/Developer/Xcode/DerivedData/meal.advisor.ios-csaldjncgoleykghtkpncaypzmvo/Index.noindex/DataStore @/Users/jans./Library/Developer/Xcode/DerivedData/meal.advisor.ios-csaldjncgoleykghtkpncaypzmvo/Build/Intermediates.noindex/AppAuth.build/Debug-iphonesimulator/AppAuth.build/Objects-normal/arm64/e6072d4f65d7061329687fe24e3d63a7-common-args.resp -include /Users/jans./Library/Developer/Xcode/DerivedData/meal.advisor.ios-csaldjncgoleykghtkpncaypzmvo/Build/Intermediates.noindex/AppAuth.build/Debug-iphonesimulator/AppAuth.build/DerivedSources/resource_bundle_accessor.h -MMD -MT dependencies -MF /Users/jans./Library/Developer/Xcode/DerivedData/meal.advisor.ios-csaldjncgoleykghtkpncaypzmvo/Build/Intermediates.noindex/AppAuth.build/Debug-iphonesimulator/AppAuth.build/Objects-normal/arm64/OIDLoopbackHTTPServer.d --serialize-diagnostics /Users/jans./Library/Developer/Xcode/DerivedData/meal.advisor.ios-csaldjncgoleykghtkpncaypzmvo/Build/Intermediates.noindex/AppAuth.build/Debug-iphonesimulator/AppAuth.build/Objects-normal/arm64/OIDLoopbackHTTPServer.dia -c /Users/jans./Library/Developer/Xcode/DerivedData/meal.advisor.ios-csaldjncgoleykghtkpncaypzmvo/SourcePackages/checkouts/AppAuth-iOS/Sources/AppAuth/macOS/LoopbackHTTPServer/OIDLoopbackHTTPServer.m -o /Users/jans./Library/Developer/Xcode/DerivedData/meal.advisor.ios-csaldjncgoleykghtkpncaypzmvo/Build/Intermediates.noindex/AppAuth.build/Debug-iphonesimulator/AppAuth.build/Objects-normal/arm64/OIDLoopbackHTTPServer.o -index-unit-output-path /AppAuth.build/Debug-iphonesimulator/AppAuth.build/Objects-normal/arm64/OIDLoopbackHTTPServer.o

ScanDependencies /Users/jans./Library/Developer/Xcode/DerivedData/meal.advisor.ios-csaldjncgoleykghtkpncaypzmvo/Build/Intermediates.noindex/AppAuth.build/Debug-iphonesimulator/AppAuth.build/Objects-normal/arm64/OIDExternalUserAgentIOS.o /Users/jans./Library/Developer/Xcode/DerivedData/meal.advisor.ios-csaldjncgoleykghtkpncaypzmvo/SourcePackages/checkouts/AppAuth-iOS/Sources/AppAuth/iOS/OIDExternalUserAgentIOS.m normal arm64 objective-c com.apple.compilers.llvm.clang.1_0.compiler (in target 'AppAuth' from project 'AppAuth')
    cd /Users/jans./Downloads/meal.advisor/meal.advisor.ios/meal.advisor.ios/meal.advisor.ios/meal.advisor.ios.xcodeproj
    
    Using response file: /Users/jans./Library/Developer/Xcode/DerivedData/meal.advisor.ios-csaldjncgoleykghtkpncaypzmvo/Build/Intermediates.noindex/AppAuth.build/Debug-iphonesimulator/AppAuth.build/Objects-normal/arm64/e6072d4f65d7061329687fe24e3d63a7-common-args.resp
    
    builtin-ScanDependencies -o /Users/jans./Library/Developer/Xcode/DerivedData/meal.advisor.ios-csaldjncgoleykghtkpncaypzmvo/Build/Intermediates.noindex/AppAuth.build/Debug-iphonesimulator/AppAuth.build/Objects-normal/arm64/OIDExternalUserAgentIOS.o.scan -- /Applications/Xcode.app/Contents/Developer/Toolchains/XcodeDefault.xctoolchain/usr/bin/clang -x objective-c -ivfsstatcache /Users/jans./Library/Developer/Xcode/DerivedData/SDKStatCaches.noindex/iphonesimulator18.5-22F76-d5fc8ad4295d2ef488fb7d0f804ce0c4.sdkstatcache -fmessage-length\=0 -fdiagnostics-show-note-include-stack -fmacro-backtrace-limit\=0 -fno-color-diagnostics -fmodules-prune-interval\=86400 -fmodules-prune-after\=345600 -fbuild-session-file\=/Users/jans./Library/Developer/Xcode/DerivedData/ModuleCache.noindex/Session.modulevalidation -fmodules-validate-once-per-build-session -Wnon-modular-include-in-framework-module -Werror\=non-modular-include-in-framework-module -Wno-trigraphs -Wno-missing-field-initializers -Wno-missing-prototypes -Wno-return-type -Wno-implicit-atomic-properties -Wno-objc-interface-ivars -Wno-arc-repeated-use-of-weak -Wno-missing-braces -Wparentheses -Wswitch -Wno-unused-function -Wno-unused-label -Wno-unused-parameter -Wno-unused-variable -Wunused-value -Wno-empty-body -Wno-uninitialized -Wno-unknown-pragmas -w -Wno-shadow -Wno-four-char-constants -Wno-conversion -Wno-constant-conversion -Wno-int-conversion -Wno-bool-conversion -Wno-enum-conversion -Wno-float-conversion -Wno-non-literal-null-conversion -Wno-objc-literal-conversion -Wshorten-64-to-32 -Wpointer-sign -Wno-newline-eof -Wno-selector -Wno-strict-selector-match -Wno-undeclared-selector -Wno-deprecated-implementations -Wno-implicit-fallthrough -fstrict-aliasing -Wprotocol -Wdeprecated-declarations -Wno-sign-conversion -Wno-infinite-recursion -Wno-comma -Wno-block-capture-autoreleasing -Wno-strict-prototypes -Wno-semicolon-before-method-body -index-store-path /Users/jans./Library/Developer/Xcode/DerivedData/meal.advisor.ios-csaldjncgoleykghtkpncaypzmvo/Index.noindex/DataStore @/Users/jans./Library/Developer/Xcode/DerivedData/meal.advisor.ios-csaldjncgoleykghtkpncaypzmvo/Build/Intermediates.noindex/AppAuth.build/Debug-iphonesimulator/AppAuth.build/Objects-normal/arm64/e6072d4f65d7061329687fe24e3d63a7-common-args.resp -include /Users/jans./Library/Developer/Xcode/DerivedData/meal.advisor.ios-csaldjncgoleykghtkpncaypzmvo/Build/Intermediates.noindex/AppAuth.build/Debug-iphonesimulator/AppAuth.build/DerivedSources/resource_bundle_accessor.h -MMD -MT dependencies -MF /Users/jans./Library/Developer/Xcode/DerivedData/meal.advisor.ios-csaldjncgoleykghtkpncaypzmvo/Build/Intermediates.noindex/AppAuth.build/Debug-iphonesimulator/AppAuth.build/Objects-normal/arm64/OIDExternalUserAgentIOS.d --serialize-diagnostics /Users/jans./Library/Developer/Xcode/DerivedData/meal.advisor.ios-csaldjncgoleykghtkpncaypzmvo/Build/Intermediates.noindex/AppAuth.build/Debug-iphonesimulator/AppAuth.build/Objects-normal/arm64/OIDExternalUserAgentIOS.dia -c /Users/jans./Library/Developer/Xcode/DerivedData/meal.advisor.ios-csaldjncgoleykghtkpncaypzmvo/SourcePackages/checkouts/AppAuth-iOS/Sources/AppAuth/iOS/OIDExternalUserAgentIOS.m -o /Users/jans./Library/Developer/Xcode/DerivedData/meal.advisor.ios-csaldjncgoleykghtkpncaypzmvo/Build/Intermediates.noindex/AppAuth.build/Debug-iphonesimulator/AppAuth.build/Objects-normal/arm64/OIDExternalUserAgentIOS.o -index-unit-output-path /AppAuth.build/Debug-iphonesimulator/AppAuth.build/Objects-normal/arm64/OIDExternalUserAgentIOS.o

CompileC /Users/jans./Library/Developer/Xcode/DerivedData/meal.advisor.ios-csaldjncgoleykghtkpncaypzmvo/Build/Intermediates.noindex/AppAuth.build/Debug-iphonesimulator/AppAuth.build/Objects-normal/arm64/resource_bundle_accessor.o /Users/jans./Library/Developer/Xcode/DerivedData/meal.advisor.ios-csaldjncgoleykghtkpncaypzmvo/Build/Intermediates.noindex/AppAuth.build/Debug-iphonesimulator/AppAuth.build/DerivedSources/resource_bundle_accessor.m normal arm64 objective-c com.apple.compilers.llvm.clang.1_0.compiler (in target 'AppAuth' from project 'AppAuth')
    cd /Users/jans./Downloads/meal.advisor/meal.advisor.ios/meal.advisor.ios/meal.advisor.ios/meal.advisor.ios.xcodeproj
    
    Using response file: /Users/jans./Library/Developer/Xcode/DerivedData/meal.advisor.ios-csaldjncgoleykghtkpncaypzmvo/Build/Intermediates.noindex/AppAuth.build/Debug-iphonesimulator/AppAuth.build/Objects-normal/arm64/e6072d4f65d7061329687fe24e3d63a7-common-args.resp
    
    /Applications/Xcode.app/Contents/Developer/Toolchains/XcodeDefault.xctoolchain/usr/bin/clang -x objective-c -ivfsstatcache /Users/jans./Library/Developer/Xcode/DerivedData/SDKStatCaches.noindex/iphonesimulator18.5-22F76-d5fc8ad4295d2ef488fb7d0f804ce0c4.sdkstatcache -fmessage-length\=0 -fdiagnostics-show-note-include-stack -fmacro-backtrace-limit\=0 -fno-color-diagnostics -fmodules-prune-interval\=86400 -fmodules-prune-after\=345600 -fbuild-session-file\=/Users/jans./Library/Developer/Xcode/DerivedData/ModuleCache.noindex/Session.modulevalidation -fmodules-validate-once-per-build-session -Wnon-modular-include-in-framework-module -Werror\=non-modular-include-in-framework-module -Wno-trigraphs -Wno-missing-field-initializers -Wno-missing-prototypes -Wno-return-type -Wno-implicit-atomic-properties -Wno-objc-interface-ivars -Wno-arc-repeated-use-of-weak -Wno-missing-braces -Wparentheses -Wswitch -Wno-unused-function -Wno-unused-label -Wno-unused-parameter -Wno-unused-variable -Wunused-value -Wno-empty-body -Wno-uninitialized -Wno-unknown-pragmas -w -Wno-shadow -Wno-four-char-constants -Wno-conversion -Wno-constant-conversion -Wno-int-conversion -Wno-bool-conversion -Wno-enum-conversion -Wno-float-conversion -Wno-non-literal-null-conversion -Wno-objc-literal-conversion -Wshorten-64-to-32 -Wpointer-sign -Wno-newline-eof -Wno-selector -Wno-strict-selector-match -Wno-undeclared-selector -Wno-deprecated-implementations -Wno-implicit-fallthrough -fstrict-aliasing -Wprotocol -Wdeprecated-declarations -Wno-sign-conversion -Wno-infinite-recursion -Wno-comma -Wno-block-capture-autoreleasing -Wno-strict-prototypes -Wno-semicolon-before-method-body -index-store-path /Users/jans./Library/Developer/Xcode/DerivedData/meal.advisor.ios-csaldjncgoleykghtkpncaypzmvo/Index.noindex/DataStore @/Users/jans./Library/Developer/Xcode/DerivedData/meal.advisor.ios-csaldjncgoleykghtkpncaypzmvo/Build/Intermediates.noindex/AppAuth.build/Debug-iphonesimulator/AppAuth.build/Objects-normal/arm64/e6072d4f65d7061329687fe24e3d63a7-common-args.resp -include /Users/jans./Library/Developer/Xcode/DerivedData/meal.advisor.ios-csaldjncgoleykghtkpncaypzmvo/Build/Intermediates.noindex/AppAuth.build/Debug-iphonesimulator/AppAuth.build/DerivedSources/resource_bundle_accessor.h -MMD -MT dependencies -MF /Users/jans./Library/Developer/Xcode/DerivedData/meal.advisor.ios-csaldjncgoleykghtkpncaypzmvo/Build/Intermediates.noindex/AppAuth.build/Debug-iphonesimulator/AppAuth.build/Objects-normal/arm64/resource_bundle_accessor.d --serialize-diagnostics /Users/jans./Library/Developer/Xcode/DerivedData/meal.advisor.ios-csaldjncgoleykghtkpncaypzmvo/Build/Intermediates.noindex/AppAuth.build/Debug-iphonesimulator/AppAuth.build/Objects-normal/arm64/resource_bundle_accessor.dia -c /Users/jans./Library/Developer/Xcode/DerivedData/meal.advisor.ios-csaldjncgoleykghtkpncaypzmvo/Build/Intermediates.noindex/AppAuth.build/Debug-iphonesimulator/AppAuth.build/DerivedSources/resource_bundle_accessor.m -o /Users/jans./Library/Developer/Xcode/DerivedData/meal.advisor.ios-csaldjncgoleykghtkpncaypzmvo/Build/Intermediates.noindex/AppAuth.build/Debug-iphonesimulator/AppAuth.build/Objects-normal/arm64/resource_bundle_accessor.o -index-unit-output-path /AppAuth.build/Debug-iphonesimulator/AppAuth.build/Objects-normal/arm64/resource_bundle_accessor.o

CompileC /Users/jans./Library/Developer/Xcode/DerivedData/meal.advisor.ios-csaldjncgoleykghtkpncaypzmvo/Build/Intermediates.noindex/AppAuth.build/Debug-iphonesimulator/AppAuth.build/Objects-normal/arm64/OIDExternalUserAgentMac.o /Users/jans./Library/Developer/Xcode/DerivedData/meal.advisor.ios-csaldjncgoleykghtkpncaypzmvo/SourcePackages/checkouts/AppAuth-iOS/Sources/AppAuth/macOS/OIDExternalUserAgentMac.m normal arm64 objective-c com.apple.compilers.llvm.clang.1_0.compiler (in target 'AppAuth' from project 'AppAuth')
    cd /Users/jans./Downloads/meal.advisor/meal.advisor.ios/meal.advisor.ios/meal.advisor.ios/meal.advisor.ios.xcodeproj
    
    Using response file: /Users/jans./Library/Developer/Xcode/DerivedData/meal.advisor.ios-csaldjncgoleykghtkpncaypzmvo/Build/Intermediates.noindex/AppAuth.build/Debug-iphonesimulator/AppAuth.build/Objects-normal/arm64/e6072d4f65d7061329687fe24e3d63a7-common-args.resp
    
    /Applications/Xcode.app/Contents/Developer/Toolchains/XcodeDefault.xctoolchain/usr/bin/clang -x objective-c -ivfsstatcache /Users/jans./Library/Developer/Xcode/DerivedData/SDKStatCaches.noindex/iphonesimulator18.5-22F76-d5fc8ad4295d2ef488fb7d0f804ce0c4.sdkstatcache -fmessage-length\=0 -fdiagnostics-show-note-include-stack -fmacro-backtrace-limit\=0 -fno-color-diagnostics -fmodules-prune-interval\=86400 -fmodules-prune-after\=345600 -fbuild-session-file\=/Users/jans./Library/Developer/Xcode/DerivedData/ModuleCache.noindex/Session.modulevalidation -fmodules-validate-once-per-build-session -Wnon-modular-include-in-framework-module -Werror\=non-modular-include-in-framework-module -Wno-trigraphs -Wno-missing-field-initializers -Wno-missing-prototypes -Wno-return-type -Wno-implicit-atomic-properties -Wno-objc-interface-ivars -Wno-arc-repeated-use-of-weak -Wno-missing-braces -Wparentheses -Wswitch -Wno-unused-function -Wno-unused-label -Wno-unused-parameter -Wno-unused-variable -Wunused-value -Wno-empty-body -Wno-uninitialized -Wno-unknown-pragmas -w -Wno-shadow -Wno-four-char-constants -Wno-conversion -Wno-constant-conversion -Wno-int-conversion -Wno-bool-conversion -Wno-enum-conversion -Wno-float-conversion -Wno-non-literal-null-conversion -Wno-objc-literal-conversion -Wshorten-64-to-32 -Wpointer-sign -Wno-newline-eof -Wno-selector -Wno-strict-selector-match -Wno-undeclared-selector -Wno-deprecated-implementations -Wno-implicit-fallthrough -fstrict-aliasing -Wprotocol -Wdeprecated-declarations -Wno-sign-conversion -Wno-infinite-recursion -Wno-comma -Wno-block-capture-autoreleasing -Wno-strict-prototypes -Wno-semicolon-before-method-body -index-store-path /Users/jans./Library/Developer/Xcode/DerivedData/meal.advisor.ios-csaldjncgoleykghtkpncaypzmvo/Index.noindex/DataStore @/Users/jans./Library/Developer/Xcode/DerivedData/meal.advisor.ios-csaldjncgoleykghtkpncaypzmvo/Build/Intermediates.noindex/AppAuth.build/Debug-iphonesimulator/AppAuth.build/Objects-normal/arm64/e6072d4f65d7061329687fe24e3d63a7-common-args.resp -include /Users/jans./Library/Developer/Xcode/DerivedData/meal.advisor.ios-csaldjncgoleykghtkpncaypzmvo/Build/Intermediates.noindex/AppAuth.build/Debug-iphonesimulator/AppAuth.build/DerivedSources/resource_bundle_accessor.h -MMD -MT dependencies -MF /Users/jans./Library/Developer/Xcode/DerivedData/meal.advisor.ios-csaldjncgoleykghtkpncaypzmvo/Build/Intermediates.noindex/AppAuth.build/Debug-iphonesimulator/AppAuth.build/Objects-normal/arm64/OIDExternalUserAgentMac.d --serialize-diagnostics /Users/jans./Library/Developer/Xcode/DerivedData/meal.advisor.ios-csaldjncgoleykghtkpncaypzmvo/Build/Intermediates.noindex/AppAuth.build/Debug-iphonesimulator/AppAuth.build/Objects-normal/arm64/OIDExternalUserAgentMac.dia -c /Users/jans./Library/Developer/Xcode/DerivedData/meal.advisor.ios-csaldjncgoleykghtkpncaypzmvo/SourcePackages/checkouts/AppAuth-iOS/Sources/AppAuth/macOS/OIDExternalUserAgentMac.m -o /Users/jans./Library/Developer/Xcode/DerivedData/meal.advisor.ios-csaldjncgoleykghtkpncaypzmvo/Build/Intermediates.noindex/AppAuth.build/Debug-iphonesimulator/AppAuth.build/Objects-normal/arm64/OIDExternalUserAgentMac.o -index-unit-output-path /AppAuth.build/Debug-iphonesimulator/AppAuth.build/Objects-normal/arm64/OIDExternalUserAgentMac.o

ScanDependencies /Users/jans./Library/Developer/Xcode/DerivedData/meal.advisor.ios-csaldjncgoleykghtkpncaypzmvo/Build/Intermediates.noindex/AppAuth.build/Debug-iphonesimulator/AppAuth.build/Objects-normal/arm64/OIDExternalUserAgentCatalyst.o /Users/jans./Library/Developer/Xcode/DerivedData/meal.advisor.ios-csaldjncgoleykghtkpncaypzmvo/SourcePackages/checkouts/AppAuth-iOS/Sources/AppAuth/iOS/OIDExternalUserAgentCatalyst.m normal arm64 objective-c com.apple.compilers.llvm.clang.1_0.compiler (in target 'AppAuth' from project 'AppAuth')
    cd /Users/jans./Downloads/meal.advisor/meal.advisor.ios/meal.advisor.ios/meal.advisor.ios/meal.advisor.ios.xcodeproj
    
    Using response file: /Users/jans./Library/Developer/Xcode/DerivedData/meal.advisor.ios-csaldjncgoleykghtkpncaypzmvo/Build/Intermediates.noindex/AppAuth.build/Debug-iphonesimulator/AppAuth.build/Objects-normal/arm64/e6072d4f65d7061329687fe24e3d63a7-common-args.resp
    
    builtin-ScanDependencies -o /Users/jans./Library/Developer/Xcode/DerivedData/meal.advisor.ios-csaldjncgoleykghtkpncaypzmvo/Build/Intermediates.noindex/AppAuth.build/Debug-iphonesimulator/AppAuth.build/Objects-normal/arm64/OIDExternalUserAgentCatalyst.o.scan -- /Applications/Xcode.app/Contents/Developer/Toolchains/XcodeDefault.xctoolchain/usr/bin/clang -x objective-c -ivfsstatcache /Users/jans./Library/Developer/Xcode/DerivedData/SDKStatCaches.noindex/iphonesimulator18.5-22F76-d5fc8ad4295d2ef488fb7d0f804ce0c4.sdkstatcache -fmessage-length\=0 -fdiagnostics-show-note-include-stack -fmacro-backtrace-limit\=0 -fno-color-diagnostics -fmodules-prune-interval\=86400 -fmodules-prune-after\=345600 -fbuild-session-file\=/Users/jans./Library/Developer/Xcode/DerivedData/ModuleCache.noindex/Session.modulevalidation -fmodules-validate-once-per-build-session -Wnon-modular-include-in-framework-module -Werror\=non-modular-include-in-framework-module -Wno-trigraphs -Wno-missing-field-initializers -Wno-missing-prototypes -Wno-return-type -Wno-implicit-atomic-properties -Wno-objc-interface-ivars -Wno-arc-repeated-use-of-weak -Wno-missing-braces -Wparentheses -Wswitch -Wno-unused-function -Wno-unused-label -Wno-unused-parameter -Wno-unused-variable -Wunused-value -Wno-empty-body -Wno-uninitialized -Wno-unknown-pragmas -w -Wno-shadow -Wno-four-char-constants -Wno-conversion -Wno-constant-conversion -Wno-int-conversion -Wno-bool-conversion -Wno-enum-conversion -Wno-float-conversion -Wno-non-literal-null-conversion -Wno-objc-literal-conversion -Wshorten-64-to-32 -Wpointer-sign -Wno-newline-eof -Wno-selector -Wno-strict-selector-match -Wno-undeclared-selector -Wno-deprecated-implementations -Wno-implicit-fallthrough -fstrict-aliasing -Wprotocol -Wdeprecated-declarations -Wno-sign-conversion -Wno-infinite-recursion -Wno-comma -Wno-block-capture-autoreleasing -Wno-strict-prototypes -Wno-semicolon-before-method-body -index-store-path /Users/jans./Library/Developer/Xcode/DerivedData/meal.advisor.ios-csaldjncgoleykghtkpncaypzmvo/Index.noindex/DataStore @/Users/jans./Library/Developer/Xcode/DerivedData/meal.advisor.ios-csaldjncgoleykghtkpncaypzmvo/Build/Intermediates.noindex/AppAuth.build/Debug-iphonesimulator/AppAuth.build/Objects-normal/arm64/e6072d4f65d7061329687fe24e3d63a7-common-args.resp -include /Users/jans./Library/Developer/Xcode/DerivedData/meal.advisor.ios-csaldjncgoleykghtkpncaypzmvo/Build/Intermediates.noindex/AppAuth.build/Debug-iphonesimulator/AppAuth.build/DerivedSources/resource_bundle_accessor.h -MMD -MT dependencies -MF /Users/jans./Library/Developer/Xcode/DerivedData/meal.advisor.ios-csaldjncgoleykghtkpncaypzmvo/Build/Intermediates.noindex/AppAuth.build/Debug-iphonesimulator/AppAuth.build/Objects-normal/arm64/OIDExternalUserAgentCatalyst.d --serialize-diagnostics /Users/jans./Library/Developer/Xcode/DerivedData/meal.advisor.ios-csaldjncgoleykghtkpncaypzmvo/Build/Intermediates.noindex/AppAuth.build/Debug-iphonesimulator/AppAuth.build/Objects-normal/arm64/OIDExternalUserAgentCatalyst.dia -c /Users/jans./Library/Developer/Xcode/DerivedData/meal.advisor.ios-csaldjncgoleykghtkpncaypzmvo/SourcePackages/checkouts/AppAuth-iOS/Sources/AppAuth/iOS/OIDExternalUserAgentCatalyst.m -o /Users/jans./Library/Developer/Xcode/DerivedData/meal.advisor.ios-csaldjncgoleykghtkpncaypzmvo/Build/Intermediates.noindex/AppAuth.build/Debug-iphonesimulator/AppAuth.build/Objects-normal/arm64/OIDExternalUserAgentCatalyst.o -index-unit-output-path /AppAuth.build/Debug-iphonesimulator/AppAuth.build/Objects-normal/arm64/OIDExternalUserAgentCatalyst.o

ScanDependencies /Users/jans./Library/Developer/Xcode/DerivedData/meal.advisor.ios-csaldjncgoleykghtkpncaypzmvo/Build/Intermediates.noindex/AppAuth.build/Debug-iphonesimulator/AppAuth.build/Objects-normal/arm64/OIDAuthorizationService+Mac.o /Users/jans./Library/Developer/Xcode/DerivedData/meal.advisor.ios-csaldjncgoleykghtkpncaypzmvo/SourcePackages/checkouts/AppAuth-iOS/Sources/AppAuth/macOS/OIDAuthorizationService+Mac.m normal arm64 objective-c com.apple.compilers.llvm.clang.1_0.compiler (in target 'AppAuth' from project 'AppAuth')
    cd /Users/jans./Downloads/meal.advisor/meal.advisor.ios/meal.advisor.ios/meal.advisor.ios/meal.advisor.ios.xcodeproj
    
    Using response file: /Users/jans./Library/Developer/Xcode/DerivedData/meal.advisor.ios-csaldjncgoleykghtkpncaypzmvo/Build/Intermediates.noindex/AppAuth.build/Debug-iphonesimulator/AppAuth.build/Objects-normal/arm64/e6072d4f65d7061329687fe24e3d63a7-common-args.resp
    
    builtin-ScanDependencies -o /Users/jans./Library/Developer/Xcode/DerivedData/meal.advisor.ios-csaldjncgoleykghtkpncaypzmvo/Build/Intermediates.noindex/AppAuth.build/Debug-iphonesimulator/AppAuth.build/Objects-normal/arm64/OIDAuthorizationService+Mac.o.scan -- /Applications/Xcode.app/Contents/Developer/Toolchains/XcodeDefault.xctoolchain/usr/bin/clang -x objective-c -ivfsstatcache /Users/jans./Library/Developer/Xcode/DerivedData/SDKStatCaches.noindex/iphonesimulator18.5-22F76-d5fc8ad4295d2ef488fb7d0f804ce0c4.sdkstatcache -fmessage-length\=0 -fdiagnostics-show-note-include-stack -fmacro-backtrace-limit\=0 -fno-color-diagnostics -fmodules-prune-interval\=86400 -fmodules-prune-after\=345600 -fbuild-session-file\=/Users/jans./Library/Developer/Xcode/DerivedData/ModuleCache.noindex/Session.modulevalidation -fmodules-validate-once-per-build-session -Wnon-modular-include-in-framework-module -Werror\=non-modular-include-in-framework-module -Wno-trigraphs -Wno-missing-field-initializers -Wno-missing-prototypes -Wno-return-type -Wno-implicit-atomic-properties -Wno-objc-interface-ivars -Wno-arc-repeated-use-of-weak -Wno-missing-braces -Wparentheses -Wswitch -Wno-unused-function -Wno-unused-label -Wno-unused-parameter -Wno-unused-variable -Wunused-value -Wno-empty-body -Wno-uninitialized -Wno-unknown-pragmas -w -Wno-shadow -Wno-four-char-constants -Wno-conversion -Wno-constant-conversion -Wno-int-conversion -Wno-bool-conversion -Wno-enum-conversion -Wno-float-conversion -Wno-non-literal-null-conversion -Wno-objc-literal-conversion -Wshorten-64-to-32 -Wpointer-sign -Wno-newline-eof -Wno-selector -Wno-strict-selector-match -Wno-undeclared-selector -Wno-deprecated-implementations -Wno-implicit-fallthrough -fstrict-aliasing -Wprotocol -Wdeprecated-declarations -Wno-sign-conversion -Wno-infinite-recursion -Wno-comma -Wno-block-capture-autoreleasing -Wno-strict-prototypes -Wno-semicolon-before-method-body -index-store-path /Users/jans./Library/Developer/Xcode/DerivedData/meal.advisor.ios-csaldjncgoleykghtkpncaypzmvo/Index.noindex/DataStore @/Users/jans./Library/Developer/Xcode/DerivedData/meal.advisor.ios-csaldjncgoleykghtkpncaypzmvo/Build/Intermediates.noindex/AppAuth.build/Debug-iphonesimulator/AppAuth.build/Objects-normal/arm64/e6072d4f65d7061329687fe24e3d63a7-common-args.resp -include /Users/jans./Library/Developer/Xcode/DerivedData/meal.advisor.ios-csaldjncgoleykghtkpncaypzmvo/Build/Intermediates.noindex/AppAuth.build/Debug-iphonesimulator/AppAuth.build/DerivedSources/resource_bundle_accessor.h -MMD -MT dependencies -MF /Users/jans./Library/Developer/Xcode/DerivedData/meal.advisor.ios-csaldjncgoleykghtkpncaypzmvo/Build/Intermediates.noindex/AppAuth.build/Debug-iphonesimulator/AppAuth.build/Objects-normal/arm64/OIDAuthorizationService+Mac.d --serialize-diagnostics /Users/jans./Library/Developer/Xcode/DerivedData/meal.advisor.ios-csaldjncgoleykghtkpncaypzmvo/Build/Intermediates.noindex/AppAuth.build/Debug-iphonesimulator/AppAuth.build/Objects-normal/arm64/OIDAuthorizationService+Mac.dia -c /Users/jans./Library/Developer/Xcode/DerivedData/meal.advisor.ios-csaldjncgoleykghtkpncaypzmvo/SourcePackages/checkouts/AppAuth-iOS/Sources/AppAuth/macOS/OIDAuthorizationService+Mac.m -o /Users/jans./Library/Developer/Xcode/DerivedData/meal.advisor.ios-csaldjncgoleykghtkpncaypzmvo/Build/Intermediates.noindex/AppAuth.build/Debug-iphonesimulator/AppAuth.build/Objects-normal/arm64/OIDAuthorizationService+Mac.o -index-unit-output-path /AppAuth.build/Debug-iphonesimulator/AppAuth.build/Objects-normal/arm64/OIDAuthorizationService+Mac.o

ScanDependencies /Users/jans./Library/Developer/Xcode/DerivedData/meal.advisor.ios-csaldjncgoleykghtkpncaypzmvo/Build/Intermediates.noindex/AppAuth.build/Debug-iphonesimulator/AppAuth.build/Objects-normal/arm64/OIDAuthorizationService+IOS.o /Users/jans./Library/Developer/Xcode/DerivedData/meal.advisor.ios-csaldjncgoleykghtkpncaypzmvo/SourcePackages/checkouts/AppAuth-iOS/Sources/AppAuth/iOS/OIDAuthorizationService+IOS.m normal arm64 objective-c com.apple.compilers.llvm.clang.1_0.compiler (in target 'AppAuth' from project 'AppAuth')
    cd /Users/jans./Downloads/meal.advisor/meal.advisor.ios/meal.advisor.ios/meal.advisor.ios/meal.advisor.ios.xcodeproj
    
    Using response file: /Users/jans./Library/Developer/Xcode/DerivedData/meal.advisor.ios-csaldjncgoleykghtkpncaypzmvo/Build/Intermediates.noindex/AppAuth.build/Debug-iphonesimulator/AppAuth.build/Objects-normal/arm64/e6072d4f65d7061329687fe24e3d63a7-common-args.resp
    
    builtin-ScanDependencies -o /Users/jans./Library/Developer/Xcode/DerivedData/meal.advisor.ios-csaldjncgoleykghtkpncaypzmvo/Build/Intermediates.noindex/AppAuth.build/Debug-iphonesimulator/AppAuth.build/Objects-normal/arm64/OIDAuthorizationService+IOS.o.scan -- /Applications/Xcode.app/Contents/Developer/Toolchains/XcodeDefault.xctoolchain/usr/bin/clang -x objective-c -ivfsstatcache /Users/jans./Library/Developer/Xcode/DerivedData/SDKStatCaches.noindex/iphonesimulator18.5-22F76-d5fc8ad4295d2ef488fb7d0f804ce0c4.sdkstatcache -fmessage-length\=0 -fdiagnostics-show-note-include-stack -fmacro-backtrace-limit\=0 -fno-color-diagnostics -fmodules-prune-interval\=86400 -fmodules-prune-after\=345600 -fbuild-session-file\=/Users/jans./Library/Developer/Xcode/DerivedData/ModuleCache.noindex/Session.modulevalidation -fmodules-validate-once-per-build-session -Wnon-modular-include-in-framework-module -Werror\=non-modular-include-in-framework-module -Wno-trigraphs -Wno-missing-field-initializers -Wno-missing-prototypes -Wno-return-type -Wno-implicit-atomic-properties -Wno-objc-interface-ivars -Wno-arc-repeated-use-of-weak -Wno-missing-braces -Wparentheses -Wswitch -Wno-unused-function -Wno-unused-label -Wno-unused-parameter -Wno-unused-variable -Wunused-value -Wno-empty-body -Wno-uninitialized -Wno-unknown-pragmas -w -Wno-shadow -Wno-four-char-constants -Wno-conversion -Wno-constant-conversion -Wno-int-conversion -Wno-bool-conversion -Wno-enum-conversion -Wno-float-conversion -Wno-non-literal-null-conversion -Wno-objc-literal-conversion -Wshorten-64-to-32 -Wpointer-sign -Wno-newline-eof -Wno-selector -Wno-strict-selector-match -Wno-undeclared-selector -Wno-deprecated-implementations -Wno-implicit-fallthrough -fstrict-aliasing -Wprotocol -Wdeprecated-declarations -Wno-sign-conversion -Wno-infinite-recursion -Wno-comma -Wno-block-capture-autoreleasing -Wno-strict-prototypes -Wno-semicolon-before-method-body -index-store-path /Users/jans./Library/Developer/Xcode/DerivedData/meal.advisor.ios-csaldjncgoleykghtkpncaypzmvo/Index.noindex/DataStore @/Users/jans./Library/Developer/Xcode/DerivedData/meal.advisor.ios-csaldjncgoleykghtkpncaypzmvo/Build/Intermediates.noindex/AppAuth.build/Debug-iphonesimulator/AppAuth.build/Objects-normal/arm64/e6072d4f65d7061329687fe24e3d63a7-common-args.resp -include /Users/jans./Library/Developer/Xcode/DerivedData/meal.advisor.ios-csaldjncgoleykghtkpncaypzmvo/Build/Intermediates.noindex/AppAuth.build/Debug-iphonesimulator/AppAuth.build/DerivedSources/resource_bundle_accessor.h -MMD -MT dependencies -MF /Users/jans./Library/Developer/Xcode/DerivedData/meal.advisor.ios-csaldjncgoleykghtkpncaypzmvo/Build/Intermediates.noindex/AppAuth.build/Debug-iphonesimulator/AppAuth.build/Objects-normal/arm64/OIDAuthorizationService+IOS.d --serialize-diagnostics /Users/jans./Library/Developer/Xcode/DerivedData/meal.advisor.ios-csaldjncgoleykghtkpncaypzmvo/Build/Intermediates.noindex/AppAuth.build/Debug-iphonesimulator/AppAuth.build/Objects-normal/arm64/OIDAuthorizationService+IOS.dia -c /Users/jans./Library/Developer/Xcode/DerivedData/meal.advisor.ios-csaldjncgoleykghtkpncaypzmvo/SourcePackages/checkouts/AppAuth-iOS/Sources/AppAuth/iOS/OIDAuthorizationService+IOS.m -o /Users/jans./Library/Developer/Xcode/DerivedData/meal.advisor.ios-csaldjncgoleykghtkpncaypzmvo/Build/Intermediates.noindex/AppAuth.build/Debug-iphonesimulator/AppAuth.build/Objects-normal/arm64/OIDAuthorizationService+IOS.o -index-unit-output-path /AppAuth.build/Debug-iphonesimulator/AppAuth.build/Objects-normal/arm64/OIDAuthorizationService+IOS.o

Ld /Users/jans./Library/Developer/Xcode/DerivedData/meal.advisor.ios-csaldjncgoleykghtkpncaypzmvo/Build/Products/Debug-iphonesimulator/AppAuthCore.o normal (in target 'AppAuthCore' from project 'AppAuth')
    cd /Users/jans./Library/Developer/Xcode/DerivedData/meal.advisor.ios-csaldjncgoleykghtkpncaypzmvo/SourcePackages/checkouts/AppAuth-iOS
    /Applications/Xcode.app/Contents/Developer/Toolchains/XcodeDefault.xctoolchain/usr/bin/clang -Xlinker -reproducible -target arm64-apple-ios12.0-simulator -r -isysroot /Applications/Xcode.app/Contents/Developer/Platforms/iPhoneSimulator.platform/Developer/SDKs/iPhoneSimulator18.5.sdk -O0 -w -L/Users/jans./Library/Developer/Xcode/DerivedData/meal.advisor.ios-csaldjncgoleykghtkpncaypzmvo/Build/Intermediates.noindex/EagerLinkingTBDs/Debug-iphonesimulator -L/Users/jans./Library/Developer/Xcode/DerivedData/meal.advisor.ios-csaldjncgoleykghtkpncaypzmvo/Build/Products/Debug-iphonesimulator -L/Applications/Xcode.app/Contents/Developer/Platforms/iPhoneSimulator.platform/Developer/usr/lib -F/Users/jans./Library/Developer/Xcode/DerivedData/meal.advisor.ios-csaldjncgoleykghtkpncaypzmvo/Build/Intermediates.noindex/EagerLinkingTBDs/Debug-iphonesimulator -F/Users/jans./Library/Developer/Xcode/DerivedData/meal.advisor.ios-csaldjncgoleykghtkpncaypzmvo/Build/Products/Debug-iphonesimulator -iframework /Applications/Xcode.app/Contents/Developer/Platforms/iPhoneSimulator.platform/Developer/Library/Frameworks -iframework /Applications/Xcode.app/Contents/Developer/Platforms/iPhoneSimulator.platform/Developer/SDKs/iPhoneSimulator18.5.sdk/Developer/Library/Frameworks -filelist /Users/jans./Library/Developer/Xcode/DerivedData/meal.advisor.ios-csaldjncgoleykghtkpncaypzmvo/Build/Intermediates.noindex/AppAuth.build/Debug-iphonesimulator/AppAuthCore.build/Objects-normal/arm64/AppAuthCore.LinkFileList -nostdlib -Xlinker -object_path_lto -Xlinker /Users/jans./Library/Developer/Xcode/DerivedData/meal.advisor.ios-csaldjncgoleykghtkpncaypzmvo/Build/Intermediates.noindex/AppAuth.build/Debug-iphonesimulator/AppAuthCore.build/Objects-normal/arm64/AppAuthCore_lto.o -rdynamic -Xlinker -no_deduplicate -Xlinker -objc_abi_version -Xlinker 2 -Xlinker -dependency_info -Xlinker /Users/jans./Library/Developer/Xcode/DerivedData/meal.advisor.ios-csaldjncgoleykghtkpncaypzmvo/Build/Intermediates.noindex/AppAuth.build/Debug-iphonesimulator/AppAuthCore.build/Objects-normal/arm64/AppAuthCore_dependency_info.dat -fobjc-arc -fobjc-link-runtime -o /Users/jans./Library/Developer/Xcode/DerivedData/meal.advisor.ios-csaldjncgoleykghtkpncaypzmvo/Build/Products/Debug-iphonesimulator/AppAuthCore.o

ScanDependencies /Users/jans./Library/Developer/Xcode/DerivedData/meal.advisor.ios-csaldjncgoleykghtkpncaypzmvo/Build/Intermediates.noindex/AppAuth.build/Debug-iphonesimulator/AppAuth.build/Objects-normal/arm64/OIDAuthState+Mac.o /Users/jans./Library/Developer/Xcode/DerivedData/meal.advisor.ios-csaldjncgoleykghtkpncaypzmvo/SourcePackages/checkouts/AppAuth-iOS/Sources/AppAuth/macOS/OIDAuthState+Mac.m normal arm64 objective-c com.apple.compilers.llvm.clang.1_0.compiler (in target 'AppAuth' from project 'AppAuth')
    cd /Users/jans./Downloads/meal.advisor/meal.advisor.ios/meal.advisor.ios/meal.advisor.ios/meal.advisor.ios.xcodeproj
    
    Using response file: /Users/jans./Library/Developer/Xcode/DerivedData/meal.advisor.ios-csaldjncgoleykghtkpncaypzmvo/Build/Intermediates.noindex/AppAuth.build/Debug-iphonesimulator/AppAuth.build/Objects-normal/arm64/e6072d4f65d7061329687fe24e3d63a7-common-args.resp
    
    builtin-ScanDependencies -o /Users/jans./Library/Developer/Xcode/DerivedData/meal.advisor.ios-csaldjncgoleykghtkpncaypzmvo/Build/Intermediates.noindex/AppAuth.build/Debug-iphonesimulator/AppAuth.build/Objects-normal/arm64/OIDAuthState+Mac.o.scan -- /Applications/Xcode.app/Contents/Developer/Toolchains/XcodeDefault.xctoolchain/usr/bin/clang -x objective-c -ivfsstatcache /Users/jans./Library/Developer/Xcode/DerivedData/SDKStatCaches.noindex/iphonesimulator18.5-22F76-d5fc8ad4295d2ef488fb7d0f804ce0c4.sdkstatcache -fmessage-length\=0 -fdiagnostics-show-note-include-stack -fmacro-backtrace-limit\=0 -fno-color-diagnostics -fmodules-prune-interval\=86400 -fmodules-prune-after\=345600 -fbuild-session-file\=/Users/jans./Library/Developer/Xcode/DerivedData/ModuleCache.noindex/Session.modulevalidation -fmodules-validate-once-per-build-session -Wnon-modular-include-in-framework-module -Werror\=non-modular-include-in-framework-module -Wno-trigraphs -Wno-missing-field-initializers -Wno-missing-prototypes -Wno-return-type -Wno-implicit-atomic-properties -Wno-objc-interface-ivars -Wno-arc-repeated-use-of-weak -Wno-missing-braces -Wparentheses -Wswitch -Wno-unused-function -Wno-unused-label -Wno-unused-parameter -Wno-unused-variable -Wunused-value -Wno-empty-body -Wno-uninitialized -Wno-unknown-pragmas -w -Wno-shadow -Wno-four-char-constants -Wno-conversion -Wno-constant-conversion -Wno-int-conversion -Wno-bool-conversion -Wno-enum-conversion -Wno-float-conversion -Wno-non-literal-null-conversion -Wno-objc-literal-conversion -Wshorten-64-to-32 -Wpointer-sign -Wno-newline-eof -Wno-selector -Wno-strict-selector-match -Wno-undeclared-selector -Wno-deprecated-implementations -Wno-implicit-fallthrough -fstrict-aliasing -Wprotocol -Wdeprecated-declarations -Wno-sign-conversion -Wno-infinite-recursion -Wno-comma -Wno-block-capture-autoreleasing -Wno-strict-prototypes -Wno-semicolon-before-method-body -index-store-path /Users/jans./Library/Developer/Xcode/DerivedData/meal.advisor.ios-csaldjncgoleykghtkpncaypzmvo/Index.noindex/DataStore @/Users/jans./Library/Developer/Xcode/DerivedData/meal.advisor.ios-csaldjncgoleykghtkpncaypzmvo/Build/Intermediates.noindex/AppAuth.build/Debug-iphonesimulator/AppAuth.build/Objects-normal/arm64/e6072d4f65d7061329687fe24e3d63a7-common-args.resp -include /Users/jans./Library/Developer/Xcode/DerivedData/meal.advisor.ios-csaldjncgoleykghtkpncaypzmvo/Build/Intermediates.noindex/AppAuth.build/Debug-iphonesimulator/AppAuth.build/DerivedSources/resource_bundle_accessor.h -MMD -MT dependencies -MF /Users/jans./Library/Developer/Xcode/DerivedData/meal.advisor.ios-csaldjncgoleykghtkpncaypzmvo/Build/Intermediates.noindex/AppAuth.build/Debug-iphonesimulator/AppAuth.build/Objects-normal/arm64/OIDAuthState+Mac.d --serialize-diagnostics /Users/jans./Library/Developer/Xcode/DerivedData/meal.advisor.ios-csaldjncgoleykghtkpncaypzmvo/Build/Intermediates.noindex/AppAuth.build/Debug-iphonesimulator/AppAuth.build/Objects-normal/arm64/OIDAuthState+Mac.dia -c /Users/jans./Library/Developer/Xcode/DerivedData/meal.advisor.ios-csaldjncgoleykghtkpncaypzmvo/SourcePackages/checkouts/AppAuth-iOS/Sources/AppAuth/macOS/OIDAuthState+Mac.m -o /Users/jans./Library/Developer/Xcode/DerivedData/meal.advisor.ios-csaldjncgoleykghtkpncaypzmvo/Build/Intermediates.noindex/AppAuth.build/Debug-iphonesimulator/AppAuth.build/Objects-normal/arm64/OIDAuthState+Mac.o -index-unit-output-path /AppAuth.build/Debug-iphonesimulator/AppAuth.build/Objects-normal/arm64/OIDAuthState+Mac.o

ScanDependencies /Users/jans./Library/Developer/Xcode/DerivedData/meal.advisor.ios-csaldjncgoleykghtkpncaypzmvo/Build/Intermediates.noindex/AppAuth.build/Debug-iphonesimulator/AppAuth.build/Objects-normal/arm64/OIDAuthState+IOS.o /Users/jans./Library/Developer/Xcode/DerivedData/meal.advisor.ios-csaldjncgoleykghtkpncaypzmvo/SourcePackages/checkouts/AppAuth-iOS/Sources/AppAuth/iOS/OIDAuthState+IOS.m normal arm64 objective-c com.apple.compilers.llvm.clang.1_0.compiler (in target 'AppAuth' from project 'AppAuth')
    cd /Users/jans./Downloads/meal.advisor/meal.advisor.ios/meal.advisor.ios/meal.advisor.ios/meal.advisor.ios.xcodeproj
    
    Using response file: /Users/jans./Library/Developer/Xcode/DerivedData/meal.advisor.ios-csaldjncgoleykghtkpncaypzmvo/Build/Intermediates.noindex/AppAuth.build/Debug-iphonesimulator/AppAuth.build/Objects-normal/arm64/e6072d4f65d7061329687fe24e3d63a7-common-args.resp
    
    builtin-ScanDependencies -o /Users/jans./Library/Developer/Xcode/DerivedData/meal.advisor.ios-csaldjncgoleykghtkpncaypzmvo/Build/Intermediates.noindex/AppAuth.build/Debug-iphonesimulator/AppAuth.build/Objects-normal/arm64/OIDAuthState+IOS.o.scan -- /Applications/Xcode.app/Contents/Developer/Toolchains/XcodeDefault.xctoolchain/usr/bin/clang -x objective-c -ivfsstatcache /Users/jans./Library/Developer/Xcode/DerivedData/SDKStatCaches.noindex/iphonesimulator18.5-22F76-d5fc8ad4295d2ef488fb7d0f804ce0c4.sdkstatcache -fmessage-length\=0 -fdiagnostics-show-note-include-stack -fmacro-backtrace-limit\=0 -fno-color-diagnostics -fmodules-prune-interval\=86400 -fmodules-prune-after\=345600 -fbuild-session-file\=/Users/jans./Library/Developer/Xcode/DerivedData/ModuleCache.noindex/Session.modulevalidation -fmodules-validate-once-per-build-session -Wnon-modular-include-in-framework-module -Werror\=non-modular-include-in-framework-module -Wno-trigraphs -Wno-missing-field-initializers -Wno-missing-prototypes -Wno-return-type -Wno-implicit-atomic-properties -Wno-objc-interface-ivars -Wno-arc-repeated-use-of-weak -Wno-missing-braces -Wparentheses -Wswitch -Wno-unused-function -Wno-unused-label -Wno-unused-parameter -Wno-unused-variable -Wunused-value -Wno-empty-body -Wno-uninitialized -Wno-unknown-pragmas -w -Wno-shadow -Wno-four-char-constants -Wno-conversion -Wno-constant-conversion -Wno-int-conversion -Wno-bool-conversion -Wno-enum-conversion -Wno-float-conversion -Wno-non-literal-null-conversion -Wno-objc-literal-conversion -Wshorten-64-to-32 -Wpointer-sign -Wno-newline-eof -Wno-selector -Wno-strict-selector-match -Wno-undeclared-selector -Wno-deprecated-implementations -Wno-implicit-fallthrough -fstrict-aliasing -Wprotocol -Wdeprecated-declarations -Wno-sign-conversion -Wno-infinite-recursion -Wno-comma -Wno-block-capture-autoreleasing -Wno-strict-prototypes -Wno-semicolon-before-method-body -index-store-path /Users/jans./Library/Developer/Xcode/DerivedData/meal.advisor.ios-csaldjncgoleykghtkpncaypzmvo/Index.noindex/DataStore @/Users/jans./Library/Developer/Xcode/DerivedData/meal.advisor.ios-csaldjncgoleykghtkpncaypzmvo/Build/Intermediates.noindex/AppAuth.build/Debug-iphonesimulator/AppAuth.build/Objects-normal/arm64/e6072d4f65d7061329687fe24e3d63a7-common-args.resp -include /Users/jans./Library/Developer/Xcode/DerivedData/meal.advisor.ios-csaldjncgoleykghtkpncaypzmvo/Build/Intermediates.noindex/AppAuth.build/Debug-iphonesimulator/AppAuth.build/DerivedSources/resource_bundle_accessor.h -MMD -MT dependencies -MF /Users/jans./Library/Developer/Xcode/DerivedData/meal.advisor.ios-csaldjncgoleykghtkpncaypzmvo/Build/Intermediates.noindex/AppAuth.build/Debug-iphonesimulator/AppAuth.build/Objects-normal/arm64/OIDAuthState+IOS.d --serialize-diagnostics /Users/jans./Library/Developer/Xcode/DerivedData/meal.advisor.ios-csaldjncgoleykghtkpncaypzmvo/Build/Intermediates.noindex/AppAuth.build/Debug-iphonesimulator/AppAuth.build/Objects-normal/arm64/OIDAuthState+IOS.dia -c /Users/jans./Library/Developer/Xcode/DerivedData/meal.advisor.ios-csaldjncgoleykghtkpncaypzmvo/SourcePackages/checkouts/AppAuth-iOS/Sources/AppAuth/iOS/OIDAuthState+IOS.m -o /Users/jans./Library/Developer/Xcode/DerivedData/meal.advisor.ios-csaldjncgoleykghtkpncaypzmvo/Build/Intermediates.noindex/AppAuth.build/Debug-iphonesimulator/AppAuth.build/Objects-normal/arm64/OIDAuthState+IOS.o -index-unit-output-path /AppAuth.build/Debug-iphonesimulator/AppAuth.build/Objects-normal/arm64/OIDAuthState+IOS.o

CompileC /Users/jans./Library/Developer/Xcode/DerivedData/meal.advisor.ios-csaldjncgoleykghtkpncaypzmvo/Build/Intermediates.noindex/AppAuth.build/Debug-iphonesimulator/AppAuth.build/Objects-normal/arm64/OIDAuthorizationService+Mac.o /Users/jans./Library/Developer/Xcode/DerivedData/meal.advisor.ios-csaldjncgoleykghtkpncaypzmvo/SourcePackages/checkouts/AppAuth-iOS/Sources/AppAuth/macOS/OIDAuthorizationService+Mac.m normal arm64 objective-c com.apple.compilers.llvm.clang.1_0.compiler (in target 'AppAuth' from project 'AppAuth')
    cd /Users/jans./Downloads/meal.advisor/meal.advisor.ios/meal.advisor.ios/meal.advisor.ios/meal.advisor.ios.xcodeproj
    
    Using response file: /Users/jans./Library/Developer/Xcode/DerivedData/meal.advisor.ios-csaldjncgoleykghtkpncaypzmvo/Build/Intermediates.noindex/AppAuth.build/Debug-iphonesimulator/AppAuth.build/Objects-normal/arm64/e6072d4f65d7061329687fe24e3d63a7-common-args.resp
    
    /Applications/Xcode.app/Contents/Developer/Toolchains/XcodeDefault.xctoolchain/usr/bin/clang -x objective-c -ivfsstatcache /Users/jans./Library/Developer/Xcode/DerivedData/SDKStatCaches.noindex/iphonesimulator18.5-22F76-d5fc8ad4295d2ef488fb7d0f804ce0c4.sdkstatcache -fmessage-length\=0 -fdiagnostics-show-note-include-stack -fmacro-backtrace-limit\=0 -fno-color-diagnostics -fmodules-prune-interval\=86400 -fmodules-prune-after\=345600 -fbuild-session-file\=/Users/jans./Library/Developer/Xcode/DerivedData/ModuleCache.noindex/Session.modulevalidation -fmodules-validate-once-per-build-session -Wnon-modular-include-in-framework-module -Werror\=non-modular-include-in-framework-module -Wno-trigraphs -Wno-missing-field-initializers -Wno-missing-prototypes -Wno-return-type -Wno-implicit-atomic-properties -Wno-objc-interface-ivars -Wno-arc-repeated-use-of-weak -Wno-missing-braces -Wparentheses -Wswitch -Wno-unused-function -Wno-unused-label -Wno-unused-parameter -Wno-unused-variable -Wunused-value -Wno-empty-body -Wno-uninitialized -Wno-unknown-pragmas -w -Wno-shadow -Wno-four-char-constants -Wno-conversion -Wno-constant-conversion -Wno-int-conversion -Wno-bool-conversion -Wno-enum-conversion -Wno-float-conversion -Wno-non-literal-null-conversion -Wno-objc-literal-conversion -Wshorten-64-to-32 -Wpointer-sign -Wno-newline-eof -Wno-selector -Wno-strict-selector-match -Wno-undeclared-selector -Wno-deprecated-implementations -Wno-implicit-fallthrough -fstrict-aliasing -Wprotocol -Wdeprecated-declarations -Wno-sign-conversion -Wno-infinite-recursion -Wno-comma -Wno-block-capture-autoreleasing -Wno-strict-prototypes -Wno-semicolon-before-method-body -index-store-path /Users/jans./Library/Developer/Xcode/DerivedData/meal.advisor.ios-csaldjncgoleykghtkpncaypzmvo/Index.noindex/DataStore @/Users/jans./Library/Developer/Xcode/DerivedData/meal.advisor.ios-csaldjncgoleykghtkpncaypzmvo/Build/Intermediates.noindex/AppAuth.build/Debug-iphonesimulator/AppAuth.build/Objects-normal/arm64/e6072d4f65d7061329687fe24e3d63a7-common-args.resp -include /Users/jans./Library/Developer/Xcode/DerivedData/meal.advisor.ios-csaldjncgoleykghtkpncaypzmvo/Build/Intermediates.noindex/AppAuth.build/Debug-iphonesimulator/AppAuth.build/DerivedSources/resource_bundle_accessor.h -MMD -MT dependencies -MF /Users/jans./Library/Developer/Xcode/DerivedData/meal.advisor.ios-csaldjncgoleykghtkpncaypzmvo/Build/Intermediates.noindex/AppAuth.build/Debug-iphonesimulator/AppAuth.build/Objects-normal/arm64/OIDAuthorizationService+Mac.d --serialize-diagnostics /Users/jans./Library/Developer/Xcode/DerivedData/meal.advisor.ios-csaldjncgoleykghtkpncaypzmvo/Build/Intermediates.noindex/AppAuth.build/Debug-iphonesimulator/AppAuth.build/Objects-normal/arm64/OIDAuthorizationService+Mac.dia -c /Users/jans./Library/Developer/Xcode/DerivedData/meal.advisor.ios-csaldjncgoleykghtkpncaypzmvo/SourcePackages/checkouts/AppAuth-iOS/Sources/AppAuth/macOS/OIDAuthorizationService+Mac.m -o /Users/jans./Library/Developer/Xcode/DerivedData/meal.advisor.ios-csaldjncgoleykghtkpncaypzmvo/Build/Intermediates.noindex/AppAuth.build/Debug-iphonesimulator/AppAuth.build/Objects-normal/arm64/OIDAuthorizationService+Mac.o -index-unit-output-path /AppAuth.build/Debug-iphonesimulator/AppAuth.build/Objects-normal/arm64/OIDAuthorizationService+Mac.o

PrecompileModule /Users/jans./Library/Developer/Xcode/DerivedData/meal.advisor.ios-csaldjncgoleykghtkpncaypzmvo/Build/Intermediates.noindex/ExplicitPrecompiledModules/AppAuthCore-37PH5SO3ERIGQ7CWYUIQE00YV.scan
    cd /Users/jans./Downloads/meal.advisor/meal.advisor.ios/meal.advisor.ios/meal.advisor.ios/meal.advisor.ios.xcodeproj
    builtin-precompileModule /Users/jans./Library/Developer/Xcode/DerivedData/meal.advisor.ios-csaldjncgoleykghtkpncaypzmvo/Build/Intermediates.noindex/ExplicitPrecompiledModules/AppAuthCore-37PH5SO3ERIGQ7CWYUIQE00YV.scan

PrecompileModule /Users/jans./Library/Developer/Xcode/DerivedData/meal.advisor.ios-csaldjncgoleykghtkpncaypzmvo/Build/Intermediates.noindex/ExplicitPrecompiledModules/SafariServices-DQEX8VN70EUVMJ4P5NTYUMV3A.scan
    cd /Users/jans./Downloads/meal.advisor/meal.advisor.ios/meal.advisor.ios/meal.advisor.ios/meal.advisor.ios.xcodeproj
    builtin-precompileModule /Users/jans./Library/Developer/Xcode/DerivedData/meal.advisor.ios-csaldjncgoleykghtkpncaypzmvo/Build/Intermediates.noindex/ExplicitPrecompiledModules/SafariServices-DQEX8VN70EUVMJ4P5NTYUMV3A.scan

CompileC /Users/jans./Library/Developer/Xcode/DerivedData/meal.advisor.ios-csaldjncgoleykghtkpncaypzmvo/Build/Intermediates.noindex/AppAuth.build/Debug-iphonesimulator/AppAuth.build/Objects-normal/arm64/OIDAuthState+Mac.o /Users/jans./Library/Developer/Xcode/DerivedData/meal.advisor.ios-csaldjncgoleykghtkpncaypzmvo/SourcePackages/checkouts/AppAuth-iOS/Sources/AppAuth/macOS/OIDAuthState+Mac.m normal arm64 objective-c com.apple.compilers.llvm.clang.1_0.compiler (in target 'AppAuth' from project 'AppAuth')
    cd /Users/jans./Downloads/meal.advisor/meal.advisor.ios/meal.advisor.ios/meal.advisor.ios/meal.advisor.ios.xcodeproj
    
    Using response file: /Users/jans./Library/Developer/Xcode/DerivedData/meal.advisor.ios-csaldjncgoleykghtkpncaypzmvo/Build/Intermediates.noindex/AppAuth.build/Debug-iphonesimulator/AppAuth.build/Objects-normal/arm64/e6072d4f65d7061329687fe24e3d63a7-common-args.resp
    
    /Applications/Xcode.app/Contents/Developer/Toolchains/XcodeDefault.xctoolchain/usr/bin/clang -x objective-c -ivfsstatcache /Users/jans./Library/Developer/Xcode/DerivedData/SDKStatCaches.noindex/iphonesimulator18.5-22F76-d5fc8ad4295d2ef488fb7d0f804ce0c4.sdkstatcache -fmessage-length\=0 -fdiagnostics-show-note-include-stack -fmacro-backtrace-limit\=0 -fno-color-diagnostics -fmodules-prune-interval\=86400 -fmodules-prune-after\=345600 -fbuild-session-file\=/Users/jans./Library/Developer/Xcode/DerivedData/ModuleCache.noindex/Session.modulevalidation -fmodules-validate-once-per-build-session -Wnon-modular-include-in-framework-module -Werror\=non-modular-include-in-framework-module -Wno-trigraphs -Wno-missing-field-initializers -Wno-missing-prototypes -Wno-return-type -Wno-implicit-atomic-properties -Wno-objc-interface-ivars -Wno-arc-repeated-use-of-weak -Wno-missing-braces -Wparentheses -Wswitch -Wno-unused-function -Wno-unused-label -Wno-unused-parameter -Wno-unused-variable -Wunused-value -Wno-empty-body -Wno-uninitialized -Wno-unknown-pragmas -w -Wno-shadow -Wno-four-char-constants -Wno-conversion -Wno-constant-conversion -Wno-int-conversion -Wno-bool-conversion -Wno-enum-conversion -Wno-float-conversion -Wno-non-literal-null-conversion -Wno-objc-literal-conversion -Wshorten-64-to-32 -Wpointer-sign -Wno-newline-eof -Wno-selector -Wno-strict-selector-match -Wno-undeclared-selector -Wno-deprecated-implementations -Wno-implicit-fallthrough -fstrict-aliasing -Wprotocol -Wdeprecated-declarations -Wno-sign-conversion -Wno-infinite-recursion -Wno-comma -Wno-block-capture-autoreleasing -Wno-strict-prototypes -Wno-semicolon-before-method-body -index-store-path /Users/jans./Library/Developer/Xcode/DerivedData/meal.advisor.ios-csaldjncgoleykghtkpncaypzmvo/Index.noindex/DataStore @/Users/jans./Library/Developer/Xcode/DerivedData/meal.advisor.ios-csaldjncgoleykghtkpncaypzmvo/Build/Intermediates.noindex/AppAuth.build/Debug-iphonesimulator/AppAuth.build/Objects-normal/arm64/e6072d4f65d7061329687fe24e3d63a7-common-args.resp -include /Users/jans./Library/Developer/Xcode/DerivedData/meal.advisor.ios-csaldjncgoleykghtkpncaypzmvo/Build/Intermediates.noindex/AppAuth.build/Debug-iphonesimulator/AppAuth.build/DerivedSources/resource_bundle_accessor.h -MMD -MT dependencies -MF /Users/jans./Library/Developer/Xcode/DerivedData/meal.advisor.ios-csaldjncgoleykghtkpncaypzmvo/Build/Intermediates.noindex/AppAuth.build/Debug-iphonesimulator/AppAuth.build/Objects-normal/arm64/OIDAuthState+Mac.d --serialize-diagnostics /Users/jans./Library/Developer/Xcode/DerivedData/meal.advisor.ios-csaldjncgoleykghtkpncaypzmvo/Build/Intermediates.noindex/AppAuth.build/Debug-iphonesimulator/AppAuth.build/Objects-normal/arm64/OIDAuthState+Mac.dia -c /Users/jans./Library/Developer/Xcode/DerivedData/meal.advisor.ios-csaldjncgoleykghtkpncaypzmvo/SourcePackages/checkouts/AppAuth-iOS/Sources/AppAuth/macOS/OIDAuthState+Mac.m -o /Users/jans./Library/Developer/Xcode/DerivedData/meal.advisor.ios-csaldjncgoleykghtkpncaypzmvo/Build/Intermediates.noindex/AppAuth.build/Debug-iphonesimulator/AppAuth.build/Objects-normal/arm64/OIDAuthState+Mac.o -index-unit-output-path /AppAuth.build/Debug-iphonesimulator/AppAuth.build/Objects-normal/arm64/OIDAuthState+Mac.o

PrecompileModule /Users/jans./Library/Developer/Xcode/DerivedData/meal.advisor.ios-csaldjncgoleykghtkpncaypzmvo/Build/Intermediates.noindex/ExplicitPrecompiledModules/AuthenticationServices-CF9O8J1KMAD0CBCPD0AARC4JW.scan
    cd /Users/jans./Downloads/meal.advisor/meal.advisor.ios/meal.advisor.ios/meal.advisor.ios/meal.advisor.ios.xcodeproj
    builtin-precompileModule /Users/jans./Library/Developer/Xcode/DerivedData/meal.advisor.ios-csaldjncgoleykghtkpncaypzmvo/Build/Intermediates.noindex/ExplicitPrecompiledModules/AuthenticationServices-CF9O8J1KMAD0CBCPD0AARC4JW.scan

Ld /Users/jans./Library/Developer/Xcode/DerivedData/meal.advisor.ios-csaldjncgoleykghtkpncaypzmvo/Build/Products/Debug-iphonesimulator/Kingfisher.o normal (in target 'Kingfisher' from project 'Kingfisher')
    cd /Users/jans./Library/Developer/Xcode/DerivedData/meal.advisor.ios-csaldjncgoleykghtkpncaypzmvo/SourcePackages/checkouts/Kingfisher
    /Applications/Xcode.app/Contents/Developer/Toolchains/XcodeDefault.xctoolchain/usr/bin/clang -Xlinker -reproducible -target arm64-apple-ios12.0-simulator -r -isysroot /Applications/Xcode.app/Contents/Developer/Platforms/iPhoneSimulator.platform/Developer/SDKs/iPhoneSimulator18.5.sdk -O0 -w -L/Users/jans./Library/Developer/Xcode/DerivedData/meal.advisor.ios-csaldjncgoleykghtkpncaypzmvo/Build/Intermediates.noindex/EagerLinkingTBDs/Debug-iphonesimulator -L/Users/jans./Library/Developer/Xcode/DerivedData/meal.advisor.ios-csaldjncgoleykghtkpncaypzmvo/Build/Products/Debug-iphonesimulator -L/Applications/Xcode.app/Contents/Developer/Platforms/iPhoneSimulator.platform/Developer/usr/lib -F/Users/jans./Library/Developer/Xcode/DerivedData/meal.advisor.ios-csaldjncgoleykghtkpncaypzmvo/Build/Intermediates.noindex/EagerLinkingTBDs/Debug-iphonesimulator -F/Users/jans./Library/Developer/Xcode/DerivedData/meal.advisor.ios-csaldjncgoleykghtkpncaypzmvo/Build/Products/Debug-iphonesimulator -iframework /Applications/Xcode.app/Contents/Developer/Platforms/iPhoneSimulator.platform/Developer/Library/Frameworks -iframework /Applications/Xcode.app/Contents/Developer/Platforms/iPhoneSimulator.platform/Developer/SDKs/iPhoneSimulator18.5.sdk/Developer/Library/Frameworks -filelist /Users/jans./Library/Developer/Xcode/DerivedData/meal.advisor.ios-csaldjncgoleykghtkpncaypzmvo/Build/Intermediates.noindex/Kingfisher.build/Debug-iphonesimulator/Kingfisher.build/Objects-normal/arm64/Kingfisher.LinkFileList -nostdlib -Xlinker -object_path_lto -Xlinker /Users/jans./Library/Developer/Xcode/DerivedData/meal.advisor.ios-csaldjncgoleykghtkpncaypzmvo/Build/Intermediates.noindex/Kingfisher.build/Debug-iphonesimulator/Kingfisher.build/Objects-normal/arm64/Kingfisher_lto.o -rdynamic -Xlinker -no_deduplicate -Xlinker -objc_abi_version -Xlinker 2 -Xlinker -dependency_info -Xlinker /Users/jans./Library/Developer/Xcode/DerivedData/meal.advisor.ios-csaldjncgoleykghtkpncaypzmvo/Build/Intermediates.noindex/Kingfisher.build/Debug-iphonesimulator/Kingfisher.build/Objects-normal/arm64/Kingfisher_dependency_info.dat -fobjc-link-runtime -L/Applications/Xcode.app/Contents/Developer/Toolchains/XcodeDefault.xctoolchain/usr/lib/swift/iphonesimulator -L/usr/lib/swift -Xlinker -add_ast_path -Xlinker /Users/jans./Library/Developer/Xcode/DerivedData/meal.advisor.ios-csaldjncgoleykghtkpncaypzmvo/Build/Intermediates.noindex/Kingfisher.build/Debug-iphonesimulator/Kingfisher.build/Objects-normal/arm64/Kingfisher.swiftmodule -o /Users/jans./Library/Developer/Xcode/DerivedData/meal.advisor.ios-csaldjncgoleykghtkpncaypzmvo/Build/Products/Debug-iphonesimulator/Kingfisher.o

Ld /Users/jans./Library/Developer/Xcode/DerivedData/meal.advisor.ios-csaldjncgoleykghtkpncaypzmvo/Build/Products/Debug-iphonesimulator/IssueReportingPackageSupport.o normal (in target 'IssueReportingPackageSupport' from project 'xctest-dynamic-overlay')
    cd /Users/jans./Library/Developer/Xcode/DerivedData/meal.advisor.ios-csaldjncgoleykghtkpncaypzmvo/SourcePackages/checkouts/xctest-dynamic-overlay
    /Applications/Xcode.app/Contents/Developer/Toolchains/XcodeDefault.xctoolchain/usr/bin/clang -Xlinker -reproducible -target arm64-apple-ios13.0-simulator -r -isysroot /Applications/Xcode.app/Contents/Developer/Platforms/iPhoneSimulator.platform/Developer/SDKs/iPhoneSimulator18.5.sdk -O0 -w -L/Users/jans./Library/Developer/Xcode/DerivedData/meal.advisor.ios-csaldjncgoleykghtkpncaypzmvo/Build/Intermediates.noindex/EagerLinkingTBDs/Debug-iphonesimulator -L/Users/jans./Library/Developer/Xcode/DerivedData/meal.advisor.ios-csaldjncgoleykghtkpncaypzmvo/Build/Products/Debug-iphonesimulator -L/Applications/Xcode.app/Contents/Developer/Platforms/iPhoneSimulator.platform/Developer/usr/lib -F/Users/jans./Library/Developer/Xcode/DerivedData/meal.advisor.ios-csaldjncgoleykghtkpncaypzmvo/Build/Intermediates.noindex/EagerLinkingTBDs/Debug-iphonesimulator -F/Users/jans./Library/Developer/Xcode/DerivedData/meal.advisor.ios-csaldjncgoleykghtkpncaypzmvo/Build/Products/Debug-iphonesimulator -iframework /Applications/Xcode.app/Contents/Developer/Platforms/iPhoneSimulator.platform/Developer/Library/Frameworks -iframework /Applications/Xcode.app/Contents/Developer/Platforms/iPhoneSimulator.platform/Developer/SDKs/iPhoneSimulator18.5.sdk/Developer/Library/Frameworks -filelist /Users/jans./Library/Developer/Xcode/DerivedData/meal.advisor.ios-csaldjncgoleykghtkpncaypzmvo/Build/Intermediates.noindex/xctest-dynamic-overlay.build/Debug-iphonesimulator/IssueReportingPackageSupport.build/Objects-normal/arm64/IssueReportingPackageSupport.LinkFileList -nostdlib -Xlinker -object_path_lto -Xlinker /Users/jans./Library/Developer/Xcode/DerivedData/meal.advisor.ios-csaldjncgoleykghtkpncaypzmvo/Build/Intermediates.noindex/xctest-dynamic-overlay.build/Debug-iphonesimulator/IssueReportingPackageSupport.build/Objects-normal/arm64/IssueReportingPackageSupport_lto.o -rdynamic -Xlinker -no_deduplicate -Xlinker -objc_abi_version -Xlinker 2 -Xlinker -dependency_info -Xlinker /Users/jans./Library/Developer/Xcode/DerivedData/meal.advisor.ios-csaldjncgoleykghtkpncaypzmvo/Build/Intermediates.noindex/xctest-dynamic-overlay.build/Debug-iphonesimulator/IssueReportingPackageSupport.build/Objects-normal/arm64/IssueReportingPackageSupport_dependency_info.dat -fobjc-link-runtime -L/Applications/Xcode.app/Contents/Developer/Toolchains/XcodeDefault.xctoolchain/usr/lib/swift/iphonesimulator -L/usr/lib/swift -Xlinker -add_ast_path -Xlinker /Users/jans./Library/Developer/Xcode/DerivedData/meal.advisor.ios-csaldjncgoleykghtkpncaypzmvo/Build/Intermediates.noindex/xctest-dynamic-overlay.build/Debug-iphonesimulator/IssueReportingPackageSupport.build/Objects-normal/arm64/IssueReportingPackageSupport.swiftmodule -o /Users/jans./Library/Developer/Xcode/DerivedData/meal.advisor.ios-csaldjncgoleykghtkpncaypzmvo/Build/Products/Debug-iphonesimulator/IssueReportingPackageSupport.o

Ld /Users/jans./Library/Developer/Xcode/DerivedData/meal.advisor.ios-csaldjncgoleykghtkpncaypzmvo/Build/Products/Debug-iphonesimulator/HTTPTypes.o normal (in target 'HTTPTypes' from project 'swift-http-types')
    cd /Users/jans./Library/Developer/Xcode/DerivedData/meal.advisor.ios-csaldjncgoleykghtkpncaypzmvo/SourcePackages/checkouts/swift-http-types
    /Applications/Xcode.app/Contents/Developer/Toolchains/XcodeDefault.xctoolchain/usr/bin/clang -Xlinker -reproducible -target arm64-apple-ios12.0-simulator -r -isysroot /Applications/Xcode.app/Contents/Developer/Platforms/iPhoneSimulator.platform/Developer/SDKs/iPhoneSimulator18.5.sdk -O0 -w -L/Users/jans./Library/Developer/Xcode/DerivedData/meal.advisor.ios-csaldjncgoleykghtkpncaypzmvo/Build/Intermediates.noindex/EagerLinkingTBDs/Debug-iphonesimulator -L/Users/jans./Library/Developer/Xcode/DerivedData/meal.advisor.ios-csaldjncgoleykghtkpncaypzmvo/Build/Products/Debug-iphonesimulator -L/Applications/Xcode.app/Contents/Developer/Platforms/iPhoneSimulator.platform/Developer/usr/lib -F/Users/jans./Library/Developer/Xcode/DerivedData/meal.advisor.ios-csaldjncgoleykghtkpncaypzmvo/Build/Intermediates.noindex/EagerLinkingTBDs/Debug-iphonesimulator -F/Users/jans./Library/Developer/Xcode/DerivedData/meal.advisor.ios-csaldjncgoleykghtkpncaypzmvo/Build/Products/Debug-iphonesimulator -iframework /Applications/Xcode.app/Contents/Developer/Platforms/iPhoneSimulator.platform/Developer/Library/Frameworks -iframework /Applications/Xcode.app/Contents/Developer/Platforms/iPhoneSimulator.platform/Developer/SDKs/iPhoneSimulator18.5.sdk/Developer/Library/Frameworks -filelist /Users/jans./Library/Developer/Xcode/DerivedData/meal.advisor.ios-csaldjncgoleykghtkpncaypzmvo/Build/Intermediates.noindex/swift-http-types.build/Debug-iphonesimulator/HTTPTypes.build/Objects-normal/arm64/HTTPTypes.LinkFileList -nostdlib -Xlinker -object_path_lto -Xlinker /Users/jans./Library/Developer/Xcode/DerivedData/meal.advisor.ios-csaldjncgoleykghtkpncaypzmvo/Build/Intermediates.noindex/swift-http-types.build/Debug-iphonesimulator/HTTPTypes.build/Objects-normal/arm64/HTTPTypes_lto.o -rdynamic -Xlinker -no_deduplicate -Xlinker -objc_abi_version -Xlinker 2 -Xlinker -dependency_info -Xlinker /Users/jans./Library/Developer/Xcode/DerivedData/meal.advisor.ios-csaldjncgoleykghtkpncaypzmvo/Build/Intermediates.noindex/swift-http-types.build/Debug-iphonesimulator/HTTPTypes.build/Objects-normal/arm64/HTTPTypes_dependency_info.dat -fobjc-link-runtime -L/Applications/Xcode.app/Contents/Developer/Toolchains/XcodeDefault.xctoolchain/usr/lib/swift/iphonesimulator -L/usr/lib/swift -Xlinker -add_ast_path -Xlinker /Users/jans./Library/Developer/Xcode/DerivedData/meal.advisor.ios-csaldjncgoleykghtkpncaypzmvo/Build/Intermediates.noindex/swift-http-types.build/Debug-iphonesimulator/HTTPTypes.build/Objects-normal/arm64/HTTPTypes.swiftmodule -o /Users/jans./Library/Developer/Xcode/DerivedData/meal.advisor.ios-csaldjncgoleykghtkpncaypzmvo/Build/Products/Debug-iphonesimulator/HTTPTypes.o

Ld /Users/jans./Library/Developer/Xcode/DerivedData/meal.advisor.ios-csaldjncgoleykghtkpncaypzmvo/Build/Products/Debug-iphonesimulator/Crypto.o normal (in target 'Crypto' from project 'swift-crypto')
    cd /Users/jans./Library/Developer/Xcode/DerivedData/meal.advisor.ios-csaldjncgoleykghtkpncaypzmvo/SourcePackages/checkouts/swift-crypto
    /Applications/Xcode.app/Contents/Developer/Toolchains/XcodeDefault.xctoolchain/usr/bin/clang -Xlinker -reproducible -target arm64-apple-ios12.0-simulator -r -isysroot /Applications/Xcode.app/Contents/Developer/Platforms/iPhoneSimulator.platform/Developer/SDKs/iPhoneSimulator18.5.sdk -O0 -w -L/Users/jans./Library/Developer/Xcode/DerivedData/meal.advisor.ios-csaldjncgoleykghtkpncaypzmvo/Build/Intermediates.noindex/EagerLinkingTBDs/Debug-iphonesimulator -L/Users/jans./Library/Developer/Xcode/DerivedData/meal.advisor.ios-csaldjncgoleykghtkpncaypzmvo/Build/Products/Debug-iphonesimulator -L/Applications/Xcode.app/Contents/Developer/Platforms/iPhoneSimulator.platform/Developer/usr/lib -F/Users/jans./Library/Developer/Xcode/DerivedData/meal.advisor.ios-csaldjncgoleykghtkpncaypzmvo/Build/Intermediates.noindex/EagerLinkingTBDs/Debug-iphonesimulator -F/Users/jans./Library/Developer/Xcode/DerivedData/meal.advisor.ios-csaldjncgoleykghtkpncaypzmvo/Build/Products/Debug-iphonesimulator -iframework /Applications/Xcode.app/Contents/Developer/Platforms/iPhoneSimulator.platform/Developer/Library/Frameworks -iframework /Applications/Xcode.app/Contents/Developer/Platforms/iPhoneSimulator.platform/Developer/SDKs/iPhoneSimulator18.5.sdk/Developer/Library/Frameworks -filelist /Users/jans./Library/Developer/Xcode/DerivedData/meal.advisor.ios-csaldjncgoleykghtkpncaypzmvo/Build/Intermediates.noindex/swift-crypto.build/Debug-iphonesimulator/Crypto.build/Objects-normal/arm64/Crypto.LinkFileList -nostdlib -Xlinker -object_path_lto -Xlinker /Users/jans./Library/Developer/Xcode/DerivedData/meal.advisor.ios-csaldjncgoleykghtkpncaypzmvo/Build/Intermediates.noindex/swift-crypto.build/Debug-iphonesimulator/Crypto.build/Objects-normal/arm64/Crypto_lto.o -rdynamic -Xlinker -no_deduplicate -Xlinker -objc_abi_version -Xlinker 2 -Xlinker -dependency_info -Xlinker /Users/jans./Library/Developer/Xcode/DerivedData/meal.advisor.ios-csaldjncgoleykghtkpncaypzmvo/Build/Intermediates.noindex/swift-crypto.build/Debug-iphonesimulator/Crypto.build/Objects-normal/arm64/Crypto_dependency_info.dat -fobjc-link-runtime -L/Applications/Xcode.app/Contents/Developer/Toolchains/XcodeDefault.xctoolchain/usr/lib/swift/iphonesimulator -L/usr/lib/swift -Xlinker -add_ast_path -Xlinker /Users/jans./Library/Developer/Xcode/DerivedData/meal.advisor.ios-csaldjncgoleykghtkpncaypzmvo/Build/Intermediates.noindex/swift-crypto.build/Debug-iphonesimulator/Crypto.build/Objects-normal/arm64/Crypto.swiftmodule -o /Users/jans./Library/Developer/Xcode/DerivedData/meal.advisor.ios-csaldjncgoleykghtkpncaypzmvo/Build/Products/Debug-iphonesimulator/Crypto.o

Ld /Users/jans./Library/Developer/Xcode/DerivedData/meal.advisor.ios-csaldjncgoleykghtkpncaypzmvo/Build/Products/Debug-iphonesimulator/ConcurrencyExtras.o normal (in target 'ConcurrencyExtras' from project 'swift-concurrency-extras')
    cd /Users/jans./Library/Developer/Xcode/DerivedData/meal.advisor.ios-csaldjncgoleykghtkpncaypzmvo/SourcePackages/checkouts/swift-concurrency-extras
    /Applications/Xcode.app/Contents/Developer/Toolchains/XcodeDefault.xctoolchain/usr/bin/clang -Xlinker -reproducible -target arm64-apple-ios13.0-simulator -r -isysroot /Applications/Xcode.app/Contents/Developer/Platforms/iPhoneSimulator.platform/Developer/SDKs/iPhoneSimulator18.5.sdk -O0 -w -L/Users/jans./Library/Developer/Xcode/DerivedData/meal.advisor.ios-csaldjncgoleykghtkpncaypzmvo/Build/Intermediates.noindex/EagerLinkingTBDs/Debug-iphonesimulator -L/Users/jans./Library/Developer/Xcode/DerivedData/meal.advisor.ios-csaldjncgoleykghtkpncaypzmvo/Build/Products/Debug-iphonesimulator -L/Applications/Xcode.app/Contents/Developer/Platforms/iPhoneSimulator.platform/Developer/usr/lib -F/Users/jans./Library/Developer/Xcode/DerivedData/meal.advisor.ios-csaldjncgoleykghtkpncaypzmvo/Build/Intermediates.noindex/EagerLinkingTBDs/Debug-iphonesimulator -F/Users/jans./Library/Developer/Xcode/DerivedData/meal.advisor.ios-csaldjncgoleykghtkpncaypzmvo/Build/Products/Debug-iphonesimulator -iframework /Applications/Xcode.app/Contents/Developer/Platforms/iPhoneSimulator.platform/Developer/Library/Frameworks -iframework /Applications/Xcode.app/Contents/Developer/Platforms/iPhoneSimulator.platform/Developer/SDKs/iPhoneSimulator18.5.sdk/Developer/Library/Frameworks -filelist /Users/jans./Library/Developer/Xcode/DerivedData/meal.advisor.ios-csaldjncgoleykghtkpncaypzmvo/Build/Intermediates.noindex/swift-concurrency-extras.build/Debug-iphonesimulator/ConcurrencyExtras.build/Objects-normal/arm64/ConcurrencyExtras.LinkFileList -nostdlib -Xlinker -object_path_lto -Xlinker /Users/jans./Library/Developer/Xcode/DerivedData/meal.advisor.ios-csaldjncgoleykghtkpncaypzmvo/Build/Intermediates.noindex/swift-concurrency-extras.build/Debug-iphonesimulator/ConcurrencyExtras.build/Objects-normal/arm64/ConcurrencyExtras_lto.o -rdynamic -Xlinker -no_deduplicate -Xlinker -objc_abi_version -Xlinker 2 -Xlinker -dependency_info -Xlinker /Users/jans./Library/Developer/Xcode/DerivedData/meal.advisor.ios-csaldjncgoleykghtkpncaypzmvo/Build/Intermediates.noindex/swift-concurrency-extras.build/Debug-iphonesimulator/ConcurrencyExtras.build/Objects-normal/arm64/ConcurrencyExtras_dependency_info.dat -fobjc-link-runtime -L/Applications/Xcode.app/Contents/Developer/Toolchains/XcodeDefault.xctoolchain/usr/lib/swift/iphonesimulator -L/usr/lib/swift -Xlinker -add_ast_path -Xlinker /Users/jans./Library/Developer/Xcode/DerivedData/meal.advisor.ios-csaldjncgoleykghtkpncaypzmvo/Build/Intermediates.noindex/swift-concurrency-extras.build/Debug-iphonesimulator/ConcurrencyExtras.build/Objects-normal/arm64/ConcurrencyExtras.swiftmodule -o /Users/jans./Library/Developer/Xcode/DerivedData/meal.advisor.ios-csaldjncgoleykghtkpncaypzmvo/Build/Products/Debug-iphonesimulator/ConcurrencyExtras.o

CompileC /Users/jans./Library/Developer/Xcode/DerivedData/meal.advisor.ios-csaldjncgoleykghtkpncaypzmvo/Build/Intermediates.noindex/AppAuth.build/Debug-iphonesimulator/AppAuth.build/Objects-normal/arm64/OIDExternalUserAgentIOSCustomBrowser.o /Users/jans./Library/Developer/Xcode/DerivedData/meal.advisor.ios-csaldjncgoleykghtkpncaypzmvo/SourcePackages/checkouts/AppAuth-iOS/Sources/AppAuth/iOS/OIDExternalUserAgentIOSCustomBrowser.m normal arm64 objective-c com.apple.compilers.llvm.clang.1_0.compiler (in target 'AppAuth' from project 'AppAuth')
    cd /Users/jans./Downloads/meal.advisor/meal.advisor.ios/meal.advisor.ios/meal.advisor.ios/meal.advisor.ios.xcodeproj
    
    Using response file: /Users/jans./Library/Developer/Xcode/DerivedData/meal.advisor.ios-csaldjncgoleykghtkpncaypzmvo/Build/Intermediates.noindex/AppAuth.build/Debug-iphonesimulator/AppAuth.build/Objects-normal/arm64/e6072d4f65d7061329687fe24e3d63a7-common-args.resp
    
    /Applications/Xcode.app/Contents/Developer/Toolchains/XcodeDefault.xctoolchain/usr/bin/clang -x objective-c -ivfsstatcache /Users/jans./Library/Developer/Xcode/DerivedData/SDKStatCaches.noindex/iphonesimulator18.5-22F76-d5fc8ad4295d2ef488fb7d0f804ce0c4.sdkstatcache -fmessage-length\=0 -fdiagnostics-show-note-include-stack -fmacro-backtrace-limit\=0 -fno-color-diagnostics -fmodules-prune-interval\=86400 -fmodules-prune-after\=345600 -fbuild-session-file\=/Users/jans./Library/Developer/Xcode/DerivedData/ModuleCache.noindex/Session.modulevalidation -fmodules-validate-once-per-build-session -Wnon-modular-include-in-framework-module -Werror\=non-modular-include-in-framework-module -Wno-trigraphs -Wno-missing-field-initializers -Wno-missing-prototypes -Wno-return-type -Wno-implicit-atomic-properties -Wno-objc-interface-ivars -Wno-arc-repeated-use-of-weak -Wno-missing-braces -Wparentheses -Wswitch -Wno-unused-function -Wno-unused-label -Wno-unused-parameter -Wno-unused-variable -Wunused-value -Wno-empty-body -Wno-uninitialized -Wno-unknown-pragmas -w -Wno-shadow -Wno-four-char-constants -Wno-conversion -Wno-constant-conversion -Wno-int-conversion -Wno-bool-conversion -Wno-enum-conversion -Wno-float-conversion -Wno-non-literal-null-conversion -Wno-objc-literal-conversion -Wshorten-64-to-32 -Wpointer-sign -Wno-newline-eof -Wno-selector -Wno-strict-selector-match -Wno-undeclared-selector -Wno-deprecated-implementations -Wno-implicit-fallthrough -fstrict-aliasing -Wprotocol -Wdeprecated-declarations -Wno-sign-conversion -Wno-infinite-recursion -Wno-comma -Wno-block-capture-autoreleasing -Wno-strict-prototypes -Wno-semicolon-before-method-body -index-store-path /Users/jans./Library/Developer/Xcode/DerivedData/meal.advisor.ios-csaldjncgoleykghtkpncaypzmvo/Index.noindex/DataStore @/Users/jans./Library/Developer/Xcode/DerivedData/meal.advisor.ios-csaldjncgoleykghtkpncaypzmvo/Build/Intermediates.noindex/AppAuth.build/Debug-iphonesimulator/AppAuth.build/Objects-normal/arm64/e6072d4f65d7061329687fe24e3d63a7-common-args.resp -include /Users/jans./Library/Developer/Xcode/DerivedData/meal.advisor.ios-csaldjncgoleykghtkpncaypzmvo/Build/Intermediates.noindex/AppAuth.build/Debug-iphonesimulator/AppAuth.build/DerivedSources/resource_bundle_accessor.h -MMD -MT dependencies -MF /Users/jans./Library/Developer/Xcode/DerivedData/meal.advisor.ios-csaldjncgoleykghtkpncaypzmvo/Build/Intermediates.noindex/AppAuth.build/Debug-iphonesimulator/AppAuth.build/Objects-normal/arm64/OIDExternalUserAgentIOSCustomBrowser.d --serialize-diagnostics /Users/jans./Library/Developer/Xcode/DerivedData/meal.advisor.ios-csaldjncgoleykghtkpncaypzmvo/Build/Intermediates.noindex/AppAuth.build/Debug-iphonesimulator/AppAuth.build/Objects-normal/arm64/OIDExternalUserAgentIOSCustomBrowser.dia -c /Users/jans./Library/Developer/Xcode/DerivedData/meal.advisor.ios-csaldjncgoleykghtkpncaypzmvo/SourcePackages/checkouts/AppAuth-iOS/Sources/AppAuth/iOS/OIDExternalUserAgentIOSCustomBrowser.m -o /Users/jans./Library/Developer/Xcode/DerivedData/meal.advisor.ios-csaldjncgoleykghtkpncaypzmvo/Build/Intermediates.noindex/AppAuth.build/Debug-iphonesimulator/AppAuth.build/Objects-normal/arm64/OIDExternalUserAgentIOSCustomBrowser.o -index-unit-output-path /AppAuth.build/Debug-iphonesimulator/AppAuth.build/Objects-normal/arm64/OIDExternalUserAgentIOSCustomBrowser.o

CompileC /Users/jans./Library/Developer/Xcode/DerivedData/meal.advisor.ios-csaldjncgoleykghtkpncaypzmvo/Build/Intermediates.noindex/AppAuth.build/Debug-iphonesimulator/AppAuth.build/Objects-normal/arm64/OIDAuthorizationService+IOS.o /Users/jans./Library/Developer/Xcode/DerivedData/meal.advisor.ios-csaldjncgoleykghtkpncaypzmvo/SourcePackages/checkouts/AppAuth-iOS/Sources/AppAuth/iOS/OIDAuthorizationService+IOS.m normal arm64 objective-c com.apple.compilers.llvm.clang.1_0.compiler (in target 'AppAuth' from project 'AppAuth')
    cd /Users/jans./Downloads/meal.advisor/meal.advisor.ios/meal.advisor.ios/meal.advisor.ios/meal.advisor.ios.xcodeproj
    
    Using response file: /Users/jans./Library/Developer/Xcode/DerivedData/meal.advisor.ios-csaldjncgoleykghtkpncaypzmvo/Build/Intermediates.noindex/AppAuth.build/Debug-iphonesimulator/AppAuth.build/Objects-normal/arm64/e6072d4f65d7061329687fe24e3d63a7-common-args.resp
    
    /Applications/Xcode.app/Contents/Developer/Toolchains/XcodeDefault.xctoolchain/usr/bin/clang -x objective-c -ivfsstatcache /Users/jans./Library/Developer/Xcode/DerivedData/SDKStatCaches.noindex/iphonesimulator18.5-22F76-d5fc8ad4295d2ef488fb7d0f804ce0c4.sdkstatcache -fmessage-length\=0 -fdiagnostics-show-note-include-stack -fmacro-backtrace-limit\=0 -fno-color-diagnostics -fmodules-prune-interval\=86400 -fmodules-prune-after\=345600 -fbuild-session-file\=/Users/jans./Library/Developer/Xcode/DerivedData/ModuleCache.noindex/Session.modulevalidation -fmodules-validate-once-per-build-session -Wnon-modular-include-in-framework-module -Werror\=non-modular-include-in-framework-module -Wno-trigraphs -Wno-missing-field-initializers -Wno-missing-prototypes -Wno-return-type -Wno-implicit-atomic-properties -Wno-objc-interface-ivars -Wno-arc-repeated-use-of-weak -Wno-missing-braces -Wparentheses -Wswitch -Wno-unused-function -Wno-unused-label -Wno-unused-parameter -Wno-unused-variable -Wunused-value -Wno-empty-body -Wno-uninitialized -Wno-unknown-pragmas -w -Wno-shadow -Wno-four-char-constants -Wno-conversion -Wno-constant-conversion -Wno-int-conversion -Wno-bool-conversion -Wno-enum-conversion -Wno-float-conversion -Wno-non-literal-null-conversion -Wno-objc-literal-conversion -Wshorten-64-to-32 -Wpointer-sign -Wno-newline-eof -Wno-selector -Wno-strict-selector-match -Wno-undeclared-selector -Wno-deprecated-implementations -Wno-implicit-fallthrough -fstrict-aliasing -Wprotocol -Wdeprecated-declarations -Wno-sign-conversion -Wno-infinite-recursion -Wno-comma -Wno-block-capture-autoreleasing -Wno-strict-prototypes -Wno-semicolon-before-method-body -index-store-path /Users/jans./Library/Developer/Xcode/DerivedData/meal.advisor.ios-csaldjncgoleykghtkpncaypzmvo/Index.noindex/DataStore @/Users/jans./Library/Developer/Xcode/DerivedData/meal.advisor.ios-csaldjncgoleykghtkpncaypzmvo/Build/Intermediates.noindex/AppAuth.build/Debug-iphonesimulator/AppAuth.build/Objects-normal/arm64/e6072d4f65d7061329687fe24e3d63a7-common-args.resp -include /Users/jans./Library/Developer/Xcode/DerivedData/meal.advisor.ios-csaldjncgoleykghtkpncaypzmvo/Build/Intermediates.noindex/AppAuth.build/Debug-iphonesimulator/AppAuth.build/DerivedSources/resource_bundle_accessor.h -MMD -MT dependencies -MF /Users/jans./Library/Developer/Xcode/DerivedData/meal.advisor.ios-csaldjncgoleykghtkpncaypzmvo/Build/Intermediates.noindex/AppAuth.build/Debug-iphonesimulator/AppAuth.build/Objects-normal/arm64/OIDAuthorizationService+IOS.d --serialize-diagnostics /Users/jans./Library/Developer/Xcode/DerivedData/meal.advisor.ios-csaldjncgoleykghtkpncaypzmvo/Build/Intermediates.noindex/AppAuth.build/Debug-iphonesimulator/AppAuth.build/Objects-normal/arm64/OIDAuthorizationService+IOS.dia -c /Users/jans./Library/Developer/Xcode/DerivedData/meal.advisor.ios-csaldjncgoleykghtkpncaypzmvo/SourcePackages/checkouts/AppAuth-iOS/Sources/AppAuth/iOS/OIDAuthorizationService+IOS.m -o /Users/jans./Library/Developer/Xcode/DerivedData/meal.advisor.ios-csaldjncgoleykghtkpncaypzmvo/Build/Intermediates.noindex/AppAuth.build/Debug-iphonesimulator/AppAuth.build/Objects-normal/arm64/OIDAuthorizationService+IOS.o -index-unit-output-path /AppAuth.build/Debug-iphonesimulator/AppAuth.build/Objects-normal/arm64/OIDAuthorizationService+IOS.o

CompileC /Users/jans./Library/Developer/Xcode/DerivedData/meal.advisor.ios-csaldjncgoleykghtkpncaypzmvo/Build/Intermediates.noindex/AppAuth.build/Debug-iphonesimulator/AppAuth.build/Objects-normal/arm64/OIDAuthState+IOS.o /Users/jans./Library/Developer/Xcode/DerivedData/meal.advisor.ios-csaldjncgoleykghtkpncaypzmvo/SourcePackages/checkouts/AppAuth-iOS/Sources/AppAuth/iOS/OIDAuthState+IOS.m normal arm64 objective-c com.apple.compilers.llvm.clang.1_0.compiler (in target 'AppAuth' from project 'AppAuth')
    cd /Users/jans./Downloads/meal.advisor/meal.advisor.ios/meal.advisor.ios/meal.advisor.ios/meal.advisor.ios.xcodeproj
    
    Using response file: /Users/jans./Library/Developer/Xcode/DerivedData/meal.advisor.ios-csaldjncgoleykghtkpncaypzmvo/Build/Intermediates.noindex/AppAuth.build/Debug-iphonesimulator/AppAuth.build/Objects-normal/arm64/e6072d4f65d7061329687fe24e3d63a7-common-args.resp
    
    /Applications/Xcode.app/Contents/Developer/Toolchains/XcodeDefault.xctoolchain/usr/bin/clang -x objective-c -ivfsstatcache /Users/jans./Library/Developer/Xcode/DerivedData/SDKStatCaches.noindex/iphonesimulator18.5-22F76-d5fc8ad4295d2ef488fb7d0f804ce0c4.sdkstatcache -fmessage-length\=0 -fdiagnostics-show-note-include-stack -fmacro-backtrace-limit\=0 -fno-color-diagnostics -fmodules-prune-interval\=86400 -fmodules-prune-after\=345600 -fbuild-session-file\=/Users/jans./Library/Developer/Xcode/DerivedData/ModuleCache.noindex/Session.modulevalidation -fmodules-validate-once-per-build-session -Wnon-modular-include-in-framework-module -Werror\=non-modular-include-in-framework-module -Wno-trigraphs -Wno-missing-field-initializers -Wno-missing-prototypes -Wno-return-type -Wno-implicit-atomic-properties -Wno-objc-interface-ivars -Wno-arc-repeated-use-of-weak -Wno-missing-braces -Wparentheses -Wswitch -Wno-unused-function -Wno-unused-label -Wno-unused-parameter -Wno-unused-variable -Wunused-value -Wno-empty-body -Wno-uninitialized -Wno-unknown-pragmas -w -Wno-shadow -Wno-four-char-constants -Wno-conversion -Wno-constant-conversion -Wno-int-conversion -Wno-bool-conversion -Wno-enum-conversion -Wno-float-conversion -Wno-non-literal-null-conversion -Wno-objc-literal-conversion -Wshorten-64-to-32 -Wpointer-sign -Wno-newline-eof -Wno-selector -Wno-strict-selector-match -Wno-undeclared-selector -Wno-deprecated-implementations -Wno-implicit-fallthrough -fstrict-aliasing -Wprotocol -Wdeprecated-declarations -Wno-sign-conversion -Wno-infinite-recursion -Wno-comma -Wno-block-capture-autoreleasing -Wno-strict-prototypes -Wno-semicolon-before-method-body -index-store-path /Users/jans./Library/Developer/Xcode/DerivedData/meal.advisor.ios-csaldjncgoleykghtkpncaypzmvo/Index.noindex/DataStore @/Users/jans./Library/Developer/Xcode/DerivedData/meal.advisor.ios-csaldjncgoleykghtkpncaypzmvo/Build/Intermediates.noindex/AppAuth.build/Debug-iphonesimulator/AppAuth.build/Objects-normal/arm64/e6072d4f65d7061329687fe24e3d63a7-common-args.resp -include /Users/jans./Library/Developer/Xcode/DerivedData/meal.advisor.ios-csaldjncgoleykghtkpncaypzmvo/Build/Intermediates.noindex/AppAuth.build/Debug-iphonesimulator/AppAuth.build/DerivedSources/resource_bundle_accessor.h -MMD -MT dependencies -MF /Users/jans./Library/Developer/Xcode/DerivedData/meal.advisor.ios-csaldjncgoleykghtkpncaypzmvo/Build/Intermediates.noindex/AppAuth.build/Debug-iphonesimulator/AppAuth.build/Objects-normal/arm64/OIDAuthState+IOS.d --serialize-diagnostics /Users/jans./Library/Developer/Xcode/DerivedData/meal.advisor.ios-csaldjncgoleykghtkpncaypzmvo/Build/Intermediates.noindex/AppAuth.build/Debug-iphonesimulator/AppAuth.build/Objects-normal/arm64/OIDAuthState+IOS.dia -c /Users/jans./Library/Developer/Xcode/DerivedData/meal.advisor.ios-csaldjncgoleykghtkpncaypzmvo/SourcePackages/checkouts/AppAuth-iOS/Sources/AppAuth/iOS/OIDAuthState+IOS.m -o /Users/jans./Library/Developer/Xcode/DerivedData/meal.advisor.ios-csaldjncgoleykghtkpncaypzmvo/Build/Intermediates.noindex/AppAuth.build/Debug-iphonesimulator/AppAuth.build/Objects-normal/arm64/OIDAuthState+IOS.o -index-unit-output-path /AppAuth.build/Debug-iphonesimulator/AppAuth.build/Objects-normal/arm64/OIDAuthState+IOS.o

ExtractAppIntentsMetadata (in target 'IssueReportingPackageSupport' from project 'xctest-dynamic-overlay')
    cd /Users/jans./Library/Developer/Xcode/DerivedData/meal.advisor.ios-csaldjncgoleykghtkpncaypzmvo/SourcePackages/checkouts/xctest-dynamic-overlay
    /Applications/Xcode.app/Contents/Developer/Toolchains/XcodeDefault.xctoolchain/usr/bin/appintentsmetadataprocessor --toolchain-dir /Applications/Xcode.app/Contents/Developer/Toolchains/XcodeDefault.xctoolchain --module-name IssueReportingPackageSupport --sdk-root /Applications/Xcode.app/Contents/Developer/Platforms/iPhoneSimulator.platform/Developer/SDKs/iPhoneSimulator18.5.sdk --xcode-version 16F6 --platform-family iOS --deployment-target 13.0 --bundle-identifier xctest-dynamic-overlay.IssueReportingPackageSupport --output /Users/jans./Library/Developer/Xcode/DerivedData/meal.advisor.ios-csaldjncgoleykghtkpncaypzmvo/Build/Products/Debug-iphonesimulator/IssueReportingPackageSupport.appintents --target-triple arm64-apple-ios13.0-simulator --binary-file /Users/jans./Library/Developer/Xcode/DerivedData/meal.advisor.ios-csaldjncgoleykghtkpncaypzmvo/Build/Products/Debug-iphonesimulator/IssueReportingPackageSupport.o --dependency-file /Users/jans./Library/Developer/Xcode/DerivedData/meal.advisor.ios-csaldjncgoleykghtkpncaypzmvo/Build/Intermediates.noindex/xctest-dynamic-overlay.build/Debug-iphonesimulator/IssueReportingPackageSupport.build/Objects-normal/arm64/IssueReportingPackageSupport_dependency_info.dat --stringsdata-file /Users/jans./Library/Developer/Xcode/DerivedData/meal.advisor.ios-csaldjncgoleykghtkpncaypzmvo/Build/Intermediates.noindex/xctest-dynamic-overlay.build/Debug-iphonesimulator/IssueReportingPackageSupport.build/Objects-normal/arm64/ExtractedAppShortcutsMetadata.stringsdata --source-file-list /Users/jans./Library/Developer/Xcode/DerivedData/meal.advisor.ios-csaldjncgoleykghtkpncaypzmvo/Build/Intermediates.noindex/xctest-dynamic-overlay.build/Debug-iphonesimulator/IssueReportingPackageSupport.build/Objects-normal/arm64/IssueReportingPackageSupport.SwiftFileList --metadata-file-list /Users/jans./Library/Developer/Xcode/DerivedData/meal.advisor.ios-csaldjncgoleykghtkpncaypzmvo/Build/Intermediates.noindex/xctest-dynamic-overlay.build/Debug-iphonesimulator/IssueReportingPackageSupport.build/IssueReportingPackageSupport.DependencyMetadataFileList --static-metadata-file-list /Users/jans./Library/Developer/Xcode/DerivedData/meal.advisor.ios-csaldjncgoleykghtkpncaypzmvo/Build/Intermediates.noindex/xctest-dynamic-overlay.build/Debug-iphonesimulator/IssueReportingPackageSupport.build/IssueReportingPackageSupport.DependencyStaticMetadataFileList --swift-const-vals-list /Users/jans./Library/Developer/Xcode/DerivedData/meal.advisor.ios-csaldjncgoleykghtkpncaypzmvo/Build/Intermediates.noindex/xctest-dynamic-overlay.build/Debug-iphonesimulator/IssueReportingPackageSupport.build/Objects-normal/arm64/IssueReportingPackageSupport.SwiftConstValuesFileList --force --compile-time-extraction --deployment-aware-processing --validate-assistant-intents --no-app-shortcuts-localization
2025-10-11 23:20:21.754 appintentsmetadataprocessor[92944:11123364] Starting appintentsmetadataprocessor export
2025-10-11 23:20:21.847 appintentsmetadataprocessor[92944:11123364] Extracted no relevant App Intents symbols, skipping writing output

ExtractAppIntentsMetadata (in target 'Crypto' from project 'swift-crypto')
    cd /Users/jans./Library/Developer/Xcode/DerivedData/meal.advisor.ios-csaldjncgoleykghtkpncaypzmvo/SourcePackages/checkouts/swift-crypto
    /Applications/Xcode.app/Contents/Developer/Toolchains/XcodeDefault.xctoolchain/usr/bin/appintentsmetadataprocessor --toolchain-dir /Applications/Xcode.app/Contents/Developer/Toolchains/XcodeDefault.xctoolchain --module-name Crypto --sdk-root /Applications/Xcode.app/Contents/Developer/Platforms/iPhoneSimulator.platform/Developer/SDKs/iPhoneSimulator18.5.sdk --xcode-version 16F6 --platform-family iOS --deployment-target 12.0 --bundle-identifier swift-crypto.Crypto --output /Users/jans./Library/Developer/Xcode/DerivedData/meal.advisor.ios-csaldjncgoleykghtkpncaypzmvo/Build/Products/Debug-iphonesimulator/Crypto.appintents --target-triple arm64-apple-ios12.0-simulator --binary-file /Users/jans./Library/Developer/Xcode/DerivedData/meal.advisor.ios-csaldjncgoleykghtkpncaypzmvo/Build/Products/Debug-iphonesimulator/Crypto.o --dependency-file /Users/jans./Library/Developer/Xcode/DerivedData/meal.advisor.ios-csaldjncgoleykghtkpncaypzmvo/Build/Intermediates.noindex/swift-crypto.build/Debug-iphonesimulator/Crypto.build/Objects-normal/arm64/Crypto_dependency_info.dat --stringsdata-file /Users/jans./Library/Developer/Xcode/DerivedData/meal.advisor.ios-csaldjncgoleykghtkpncaypzmvo/Build/Intermediates.noindex/swift-crypto.build/Debug-iphonesimulator/Crypto.build/Objects-normal/arm64/ExtractedAppShortcutsMetadata.stringsdata --source-file-list /Users/jans./Library/Developer/Xcode/DerivedData/meal.advisor.ios-csaldjncgoleykghtkpncaypzmvo/Build/Intermediates.noindex/swift-crypto.build/Debug-iphonesimulator/Crypto.build/Objects-normal/arm64/Crypto.SwiftFileList --metadata-file-list /Users/jans./Library/Developer/Xcode/DerivedData/meal.advisor.ios-csaldjncgoleykghtkpncaypzmvo/Build/Intermediates.noindex/swift-crypto.build/Debug-iphonesimulator/Crypto.build/Crypto.DependencyMetadataFileList --static-metadata-file-list /Users/jans./Library/Developer/Xcode/DerivedData/meal.advisor.ios-csaldjncgoleykghtkpncaypzmvo/Build/Intermediates.noindex/swift-crypto.build/Debug-iphonesimulator/Crypto.build/Crypto.DependencyStaticMetadataFileList --swift-const-vals-list /Users/jans./Library/Developer/Xcode/DerivedData/meal.advisor.ios-csaldjncgoleykghtkpncaypzmvo/Build/Intermediates.noindex/swift-crypto.build/Debug-iphonesimulator/Crypto.build/Objects-normal/arm64/Crypto.SwiftConstValuesFileList --force --compile-time-extraction --deployment-aware-processing --validate-assistant-intents --no-app-shortcuts-localization
2025-10-11 23:20:21.754 appintentsmetadataprocessor[92945:11123372] Starting appintentsmetadataprocessor export
2025-10-11 23:20:21.861 appintentsmetadataprocessor[92945:11123372] Extracted no relevant App Intents symbols, skipping writing output

ExtractAppIntentsMetadata (in target 'Kingfisher' from project 'Kingfisher')
    cd /Users/jans./Library/Developer/Xcode/DerivedData/meal.advisor.ios-csaldjncgoleykghtkpncaypzmvo/SourcePackages/checkouts/Kingfisher
    /Applications/Xcode.app/Contents/Developer/Toolchains/XcodeDefault.xctoolchain/usr/bin/appintentsmetadataprocessor --toolchain-dir /Applications/Xcode.app/Contents/Developer/Toolchains/XcodeDefault.xctoolchain --module-name Kingfisher --sdk-root /Applications/Xcode.app/Contents/Developer/Platforms/iPhoneSimulator.platform/Developer/SDKs/iPhoneSimulator18.5.sdk --xcode-version 16F6 --platform-family iOS --deployment-target 12.0 --bundle-identifier kingfisher.Kingfisher --output /Users/jans./Library/Developer/Xcode/DerivedData/meal.advisor.ios-csaldjncgoleykghtkpncaypzmvo/Build/Products/Debug-iphonesimulator/Kingfisher.appintents --target-triple arm64-apple-ios12.0-simulator --binary-file /Users/jans./Library/Developer/Xcode/DerivedData/meal.advisor.ios-csaldjncgoleykghtkpncaypzmvo/Build/Products/Debug-iphonesimulator/Kingfisher.o --dependency-file /Users/jans./Library/Developer/Xcode/DerivedData/meal.advisor.ios-csaldjncgoleykghtkpncaypzmvo/Build/Intermediates.noindex/Kingfisher.build/Debug-iphonesimulator/Kingfisher.build/Objects-normal/arm64/Kingfisher_dependency_info.dat --stringsdata-file /Users/jans./Library/Developer/Xcode/DerivedData/meal.advisor.ios-csaldjncgoleykghtkpncaypzmvo/Build/Intermediates.noindex/Kingfisher.build/Debug-iphonesimulator/Kingfisher.build/Objects-normal/arm64/ExtractedAppShortcutsMetadata.stringsdata --source-file-list /Users/jans./Library/Developer/Xcode/DerivedData/meal.advisor.ios-csaldjncgoleykghtkpncaypzmvo/Build/Intermediates.noindex/Kingfisher.build/Debug-iphonesimulator/Kingfisher.build/Objects-normal/arm64/Kingfisher.SwiftFileList --metadata-file-list /Users/jans./Library/Developer/Xcode/DerivedData/meal.advisor.ios-csaldjncgoleykghtkpncaypzmvo/Build/Intermediates.noindex/Kingfisher.build/Debug-iphonesimulator/Kingfisher.build/Kingfisher.DependencyMetadataFileList --static-metadata-file-list /Users/jans./Library/Developer/Xcode/DerivedData/meal.advisor.ios-csaldjncgoleykghtkpncaypzmvo/Build/Intermediates.noindex/Kingfisher.build/Debug-iphonesimulator/Kingfisher.build/Kingfisher.DependencyStaticMetadataFileList --swift-const-vals-list /Users/jans./Library/Developer/Xcode/DerivedData/meal.advisor.ios-csaldjncgoleykghtkpncaypzmvo/Build/Intermediates.noindex/Kingfisher.build/Debug-iphonesimulator/Kingfisher.build/Objects-normal/arm64/Kingfisher.SwiftConstValuesFileList --force --compile-time-extraction --deployment-aware-processing --validate-assistant-intents --no-app-shortcuts-localization
2025-10-11 23:20:21.754 appintentsmetadataprocessor[92946:11123373] Starting appintentsmetadataprocessor export
2025-10-11 23:20:21.855 appintentsmetadataprocessor[92946:11123373] Extracted no relevant App Intents symbols, skipping writing output

ExtractAppIntentsMetadata (in target 'HTTPTypes' from project 'swift-http-types')
    cd /Users/jans./Library/Developer/Xcode/DerivedData/meal.advisor.ios-csaldjncgoleykghtkpncaypzmvo/SourcePackages/checkouts/swift-http-types
    /Applications/Xcode.app/Contents/Developer/Toolchains/XcodeDefault.xctoolchain/usr/bin/appintentsmetadataprocessor --toolchain-dir /Applications/Xcode.app/Contents/Developer/Toolchains/XcodeDefault.xctoolchain --module-name HTTPTypes --sdk-root /Applications/Xcode.app/Contents/Developer/Platforms/iPhoneSimulator.platform/Developer/SDKs/iPhoneSimulator18.5.sdk --xcode-version 16F6 --platform-family iOS --deployment-target 12.0 --bundle-identifier swift-http-types.HTTPTypes --output /Users/jans./Library/Developer/Xcode/DerivedData/meal.advisor.ios-csaldjncgoleykghtkpncaypzmvo/Build/Products/Debug-iphonesimulator/HTTPTypes.appintents --target-triple arm64-apple-ios12.0-simulator --binary-file /Users/jans./Library/Developer/Xcode/DerivedData/meal.advisor.ios-csaldjncgoleykghtkpncaypzmvo/Build/Products/Debug-iphonesimulator/HTTPTypes.o --dependency-file /Users/jans./Library/Developer/Xcode/DerivedData/meal.advisor.ios-csaldjncgoleykghtkpncaypzmvo/Build/Intermediates.noindex/swift-http-types.build/Debug-iphonesimulator/HTTPTypes.build/Objects-normal/arm64/HTTPTypes_dependency_info.dat --stringsdata-file /Users/jans./Library/Developer/Xcode/DerivedData/meal.advisor.ios-csaldjncgoleykghtkpncaypzmvo/Build/Intermediates.noindex/swift-http-types.build/Debug-iphonesimulator/HTTPTypes.build/Objects-normal/arm64/ExtractedAppShortcutsMetadata.stringsdata --source-file-list /Users/jans./Library/Developer/Xcode/DerivedData/meal.advisor.ios-csaldjncgoleykghtkpncaypzmvo/Build/Intermediates.noindex/swift-http-types.build/Debug-iphonesimulator/HTTPTypes.build/Objects-normal/arm64/HTTPTypes.SwiftFileList --metadata-file-list /Users/jans./Library/Developer/Xcode/DerivedData/meal.advisor.ios-csaldjncgoleykghtkpncaypzmvo/Build/Intermediates.noindex/swift-http-types.build/Debug-iphonesimulator/HTTPTypes.build/HTTPTypes.DependencyMetadataFileList --static-metadata-file-list /Users/jans./Library/Developer/Xcode/DerivedData/meal.advisor.ios-csaldjncgoleykghtkpncaypzmvo/Build/Intermediates.noindex/swift-http-types.build/Debug-iphonesimulator/HTTPTypes.build/HTTPTypes.DependencyStaticMetadataFileList --swift-const-vals-list /Users/jans./Library/Developer/Xcode/DerivedData/meal.advisor.ios-csaldjncgoleykghtkpncaypzmvo/Build/Intermediates.noindex/swift-http-types.build/Debug-iphonesimulator/HTTPTypes.build/Objects-normal/arm64/HTTPTypes.SwiftConstValuesFileList --force --compile-time-extraction --deployment-aware-processing --validate-assistant-intents --no-app-shortcuts-localization
2025-10-11 23:20:21.774 appintentsmetadataprocessor[92947:11123374] Starting appintentsmetadataprocessor export
2025-10-11 23:20:21.844 appintentsmetadataprocessor[92947:11123374] Extracted no relevant App Intents symbols, skipping writing output

Ld /Users/jans./Library/Developer/Xcode/DerivedData/meal.advisor.ios-csaldjncgoleykghtkpncaypzmvo/Build/Products/Debug-iphonesimulator/GTMSessionFetcherCore.o normal (in target 'GTMSessionFetcherCore' from project 'GTMSessionFetcher')
    cd /Users/jans./Library/Developer/Xcode/DerivedData/meal.advisor.ios-csaldjncgoleykghtkpncaypzmvo/SourcePackages/checkouts/gtm-session-fetcher
    /Applications/Xcode.app/Contents/Developer/Toolchains/XcodeDefault.xctoolchain/usr/bin/clang -Xlinker -reproducible -target arm64-apple-ios12.0-simulator -r -isysroot /Applications/Xcode.app/Contents/Developer/Platforms/iPhoneSimulator.platform/Developer/SDKs/iPhoneSimulator18.5.sdk -O0 -w -L/Users/jans./Library/Developer/Xcode/DerivedData/meal.advisor.ios-csaldjncgoleykghtkpncaypzmvo/Build/Intermediates.noindex/EagerLinkingTBDs/Debug-iphonesimulator -L/Users/jans./Library/Developer/Xcode/DerivedData/meal.advisor.ios-csaldjncgoleykghtkpncaypzmvo/Build/Products/Debug-iphonesimulator -L/Applications/Xcode.app/Contents/Developer/Platforms/iPhoneSimulator.platform/Developer/usr/lib -F/Users/jans./Library/Developer/Xcode/DerivedData/meal.advisor.ios-csaldjncgoleykghtkpncaypzmvo/Build/Intermediates.noindex/EagerLinkingTBDs/Debug-iphonesimulator -F/Users/jans./Library/Developer/Xcode/DerivedData/meal.advisor.ios-csaldjncgoleykghtkpncaypzmvo/Build/Products/Debug-iphonesimulator -iframework /Applications/Xcode.app/Contents/Developer/Platforms/iPhoneSimulator.platform/Developer/Library/Frameworks -iframework /Applications/Xcode.app/Contents/Developer/Platforms/iPhoneSimulator.platform/Developer/SDKs/iPhoneSimulator18.5.sdk/Developer/Library/Frameworks -filelist /Users/jans./Library/Developer/Xcode/DerivedData/meal.advisor.ios-csaldjncgoleykghtkpncaypzmvo/Build/Intermediates.noindex/GTMSessionFetcher.build/Debug-iphonesimulator/GTMSessionFetcherCore.build/Objects-normal/arm64/GTMSessionFetcherCore.LinkFileList -nostdlib -Xlinker -object_path_lto -Xlinker /Users/jans./Library/Developer/Xcode/DerivedData/meal.advisor.ios-csaldjncgoleykghtkpncaypzmvo/Build/Intermediates.noindex/GTMSessionFetcher.build/Debug-iphonesimulator/GTMSessionFetcherCore.build/Objects-normal/arm64/GTMSessionFetcherCore_lto.o -rdynamic -Xlinker -no_deduplicate -Xlinker -objc_abi_version -Xlinker 2 -Xlinker -dependency_info -Xlinker /Users/jans./Library/Developer/Xcode/DerivedData/meal.advisor.ios-csaldjncgoleykghtkpncaypzmvo/Build/Intermediates.noindex/GTMSessionFetcher.build/Debug-iphonesimulator/GTMSessionFetcherCore.build/Objects-normal/arm64/GTMSessionFetcherCore_dependency_info.dat -fobjc-arc -fobjc-link-runtime -o /Users/jans./Library/Developer/Xcode/DerivedData/meal.advisor.ios-csaldjncgoleykghtkpncaypzmvo/Build/Products/Debug-iphonesimulator/GTMSessionFetcherCore.o

ExtractAppIntentsMetadata (in target 'ConcurrencyExtras' from project 'swift-concurrency-extras')
    cd /Users/jans./Library/Developer/Xcode/DerivedData/meal.advisor.ios-csaldjncgoleykghtkpncaypzmvo/SourcePackages/checkouts/swift-concurrency-extras
    /Applications/Xcode.app/Contents/Developer/Toolchains/XcodeDefault.xctoolchain/usr/bin/appintentsmetadataprocessor --toolchain-dir /Applications/Xcode.app/Contents/Developer/Toolchains/XcodeDefault.xctoolchain --module-name ConcurrencyExtras --sdk-root /Applications/Xcode.app/Contents/Developer/Platforms/iPhoneSimulator.platform/Developer/SDKs/iPhoneSimulator18.5.sdk --xcode-version 16F6 --platform-family iOS --deployment-target 13.0 --bundle-identifier swift-concurrency-extras.ConcurrencyExtras --output /Users/jans./Library/Developer/Xcode/DerivedData/meal.advisor.ios-csaldjncgoleykghtkpncaypzmvo/Build/Products/Debug-iphonesimulator/ConcurrencyExtras.appintents --target-triple arm64-apple-ios13.0-simulator --binary-file /Users/jans./Library/Developer/Xcode/DerivedData/meal.advisor.ios-csaldjncgoleykghtkpncaypzmvo/Build/Products/Debug-iphonesimulator/ConcurrencyExtras.o --dependency-file /Users/jans./Library/Developer/Xcode/DerivedData/meal.advisor.ios-csaldjncgoleykghtkpncaypzmvo/Build/Intermediates.noindex/swift-concurrency-extras.build/Debug-iphonesimulator/ConcurrencyExtras.build/Objects-normal/arm64/ConcurrencyExtras_dependency_info.dat --stringsdata-file /Users/jans./Library/Developer/Xcode/DerivedData/meal.advisor.ios-csaldjncgoleykghtkpncaypzmvo/Build/Intermediates.noindex/swift-concurrency-extras.build/Debug-iphonesimulator/ConcurrencyExtras.build/Objects-normal/arm64/ExtractedAppShortcutsMetadata.stringsdata --source-file-list /Users/jans./Library/Developer/Xcode/DerivedData/meal.advisor.ios-csaldjncgoleykghtkpncaypzmvo/Build/Intermediates.noindex/swift-concurrency-extras.build/Debug-iphonesimulator/ConcurrencyExtras.build/Objects-normal/arm64/ConcurrencyExtras.SwiftFileList --metadata-file-list /Users/jans./Library/Developer/Xcode/DerivedData/meal.advisor.ios-csaldjncgoleykghtkpncaypzmvo/Build/Intermediates.noindex/swift-concurrency-extras.build/Debug-iphonesimulator/ConcurrencyExtras.build/ConcurrencyExtras.DependencyMetadataFileList --static-metadata-file-list /Users/jans./Library/Developer/Xcode/DerivedData/meal.advisor.ios-csaldjncgoleykghtkpncaypzmvo/Build/Intermediates.noindex/swift-concurrency-extras.build/Debug-iphonesimulator/ConcurrencyExtras.build/ConcurrencyExtras.DependencyStaticMetadataFileList --swift-const-vals-list /Users/jans./Library/Developer/Xcode/DerivedData/meal.advisor.ios-csaldjncgoleykghtkpncaypzmvo/Build/Intermediates.noindex/swift-concurrency-extras.build/Debug-iphonesimulator/ConcurrencyExtras.build/Objects-normal/arm64/ConcurrencyExtras.SwiftConstValuesFileList --force --compile-time-extraction --deployment-aware-processing --validate-assistant-intents --no-app-shortcuts-localization
2025-10-11 23:20:21.789 appintentsmetadataprocessor[92949:11123382] Starting appintentsmetadataprocessor export
2025-10-11 23:20:21.853 appintentsmetadataprocessor[92949:11123382] Extracted no relevant App Intents symbols, skipping writing output

ScanDependencies /Users/jans./Library/Developer/Xcode/DerivedData/meal.advisor.ios-csaldjncgoleykghtkpncaypzmvo/Build/Intermediates.noindex/GoogleSignIn.build/Debug-iphonesimulator/GoogleSignIn.build/Objects-normal/arm64/NSBundle+GID3PAdditions.o /Users/jans./Library/Developer/Xcode/DerivedData/meal.advisor.ios-csaldjncgoleykghtkpncaypzmvo/SourcePackages/checkouts/GoogleSignIn-iOS/GoogleSignIn/Sources/NSBundle+GID3PAdditions.m normal arm64 objective-c com.apple.compilers.llvm.clang.1_0.compiler (in target 'GoogleSignIn' from project 'GoogleSignIn')
    cd /Users/jans./Downloads/meal.advisor/meal.advisor.ios/meal.advisor.ios/meal.advisor.ios/meal.advisor.ios.xcodeproj
    
    Using response file: /Users/jans./Library/Developer/Xcode/DerivedData/meal.advisor.ios-csaldjncgoleykghtkpncaypzmvo/Build/Intermediates.noindex/GoogleSignIn.build/Debug-iphonesimulator/GoogleSignIn.build/Objects-normal/arm64/e6072d4f65d7061329687fe24e3d63a7-common-args.resp
    
    builtin-ScanDependencies -o /Users/jans./Library/Developer/Xcode/DerivedData/meal.advisor.ios-csaldjncgoleykghtkpncaypzmvo/Build/Intermediates.noindex/GoogleSignIn.build/Debug-iphonesimulator/GoogleSignIn.build/Objects-normal/arm64/NSBundle+GID3PAdditions.o.scan -- /Applications/Xcode.app/Contents/Developer/Toolchains/XcodeDefault.xctoolchain/usr/bin/clang -x objective-c -ivfsstatcache /Users/jans./Library/Developer/Xcode/DerivedData/SDKStatCaches.noindex/iphonesimulator18.5-22F76-d5fc8ad4295d2ef488fb7d0f804ce0c4.sdkstatcache -fmessage-length\=0 -fdiagnostics-show-note-include-stack -fmacro-backtrace-limit\=0 -fno-color-diagnostics -fmodules-prune-interval\=86400 -fmodules-prune-after\=345600 -fbuild-session-file\=/Users/jans./Library/Developer/Xcode/DerivedData/ModuleCache.noindex/Session.modulevalidation -fmodules-validate-once-per-build-session -Wnon-modular-include-in-framework-module -Werror\=non-modular-include-in-framework-module -Wno-trigraphs -Wno-missing-field-initializers -Wno-missing-prototypes -Wno-return-type -Wno-implicit-atomic-properties -Wno-objc-interface-ivars -Wno-arc-repeated-use-of-weak -Wno-missing-braces -Wparentheses -Wswitch -Wno-unused-function -Wno-unused-label -Wno-unused-parameter -Wno-unused-variable -Wunused-value -Wno-empty-body -Wno-uninitialized -Wno-unknown-pragmas -w -Wno-shadow -Wno-four-char-constants -Wno-conversion -Wno-constant-conversion -Wno-int-conversion -Wno-bool-conversion -Wno-enum-conversion -Wno-float-conversion -Wno-non-literal-null-conversion -Wno-objc-literal-conversion -Wshorten-64-to-32 -Wpointer-sign -Wno-newline-eof -Wno-selector -Wno-strict-selector-match -Wno-undeclared-selector -Wno-deprecated-implementations -Wno-implicit-fallthrough -fstrict-aliasing -Wprotocol -Wdeprecated-declarations -Wno-sign-conversion -Wno-infinite-recursion -Wno-comma -Wno-block-capture-autoreleasing -Wno-strict-prototypes -Wno-semicolon-before-method-body -index-store-path /Users/jans./Library/Developer/Xcode/DerivedData/meal.advisor.ios-csaldjncgoleykghtkpncaypzmvo/Index.noindex/DataStore @/Users/jans./Library/Developer/Xcode/DerivedData/meal.advisor.ios-csaldjncgoleykghtkpncaypzmvo/Build/Intermediates.noindex/GoogleSignIn.build/Debug-iphonesimulator/GoogleSignIn.build/Objects-normal/arm64/e6072d4f65d7061329687fe24e3d63a7-common-args.resp -include /Users/jans./Library/Developer/Xcode/DerivedData/meal.advisor.ios-csaldjncgoleykghtkpncaypzmvo/Build/Intermediates.noindex/GoogleSignIn.build/Debug-iphonesimulator/GoogleSignIn.build/DerivedSources/resource_bundle_accessor.h -MMD -MT dependencies -MF /Users/jans./Library/Developer/Xcode/DerivedData/meal.advisor.ios-csaldjncgoleykghtkpncaypzmvo/Build/Intermediates.noindex/GoogleSignIn.build/Debug-iphonesimulator/GoogleSignIn.build/Objects-normal/arm64/NSBundle+GID3PAdditions.d --serialize-diagnostics /Users/jans./Library/Developer/Xcode/DerivedData/meal.advisor.ios-csaldjncgoleykghtkpncaypzmvo/Build/Intermediates.noindex/GoogleSignIn.build/Debug-iphonesimulator/GoogleSignIn.build/Objects-normal/arm64/NSBundle+GID3PAdditions.dia -c /Users/jans./Library/Developer/Xcode/DerivedData/meal.advisor.ios-csaldjncgoleykghtkpncaypzmvo/SourcePackages/checkouts/GoogleSignIn-iOS/GoogleSignIn/Sources/NSBundle+GID3PAdditions.m -o /Users/jans./Library/Developer/Xcode/DerivedData/meal.advisor.ios-csaldjncgoleykghtkpncaypzmvo/Build/Intermediates.noindex/GoogleSignIn.build/Debug-iphonesimulator/GoogleSignIn.build/Objects-normal/arm64/NSBundle+GID3PAdditions.o -index-unit-output-path /GoogleSignIn.build/Debug-iphonesimulator/GoogleSignIn.build/Objects-normal/arm64/NSBundle+GID3PAdditions.o

SwiftDriver IssueReporting normal arm64 com.apple.xcode.tools.swift.compiler (in target 'IssueReporting' from project 'xctest-dynamic-overlay')
    cd /Users/jans./Downloads/meal.advisor/meal.advisor.ios/meal.advisor.ios/meal.advisor.ios/meal.advisor.ios.xcodeproj
    builtin-SwiftDriver -- /Applications/Xcode.app/Contents/Developer/Toolchains/XcodeDefault.xctoolchain/usr/bin/swiftc -module-name IssueReporting -Onone -enforce-exclusivity\=checked @/Users/jans./Library/Developer/Xcode/DerivedData/meal.advisor.ios-csaldjncgoleykghtkpncaypzmvo/Build/Intermediates.noindex/xctest-dynamic-overlay.build/Debug-iphonesimulator/IssueReporting.build/Objects-normal/arm64/IssueReporting.SwiftFileList -DSWIFT_PACKAGE -DDEBUG -DXcode -plugin-path /Applications/Xcode.app/Contents/Developer/Toolchains/XcodeDefault.xctoolchain/usr/lib/swift/host/plugins/testing -enable-experimental-feature DebugDescriptionMacro -sdk /Applications/Xcode.app/Contents/Developer/Platforms/iPhoneSimulator.platform/Developer/SDKs/iPhoneSimulator18.5.sdk -target arm64-apple-ios13.0-simulator -g -module-cache-path /Users/jans./Library/Developer/Xcode/DerivedData/ModuleCache.noindex -Xfrontend -serialize-debugging-options -enable-testing -suppress-warnings -index-store-path /Users/jans./Library/Developer/Xcode/DerivedData/meal.advisor.ios-csaldjncgoleykghtkpncaypzmvo/Index.noindex/DataStore -swift-version 6 -I /Users/jans./Library/Developer/Xcode/DerivedData/meal.advisor.ios-csaldjncgoleykghtkpncaypzmvo/Build/Products/Debug-iphonesimulator -I /Applications/Xcode.app/Contents/Developer/Platforms/iPhoneSimulator.platform/Developer/usr/lib -F /Users/jans./Library/Developer/Xcode/DerivedData/meal.advisor.ios-csaldjncgoleykghtkpncaypzmvo/Build/Products/Debug-iphonesimulator/PackageFrameworks -F /Users/jans./Library/Developer/Xcode/DerivedData/meal.advisor.ios-csaldjncgoleykghtkpncaypzmvo/Build/Products/Debug-iphonesimulator -F /Applications/Xcode.app/Contents/Developer/Platforms/iPhoneSimulator.platform/Developer/Library/Frameworks -F /Applications/Xcode.app/Contents/Developer/Platforms/iPhoneSimulator.platform/Developer/SDKs/iPhoneSimulator18.5.sdk/Developer/Library/Frameworks -c -j8 -enable-batch-mode -incremental -Xcc -ivfsstatcache -Xcc /Users/jans./Library/Developer/Xcode/DerivedData/SDKStatCaches.noindex/iphonesimulator18.5-22F76-d5fc8ad4295d2ef488fb7d0f804ce0c4.sdkstatcache -output-file-map /Users/jans./Library/Developer/Xcode/DerivedData/meal.advisor.ios-csaldjncgoleykghtkpncaypzmvo/Build/Intermediates.noindex/xctest-dynamic-overlay.build/Debug-iphonesimulator/IssueReporting.build/Objects-normal/arm64/IssueReporting-OutputFileMap.json -use-frontend-parseable-output -save-temps -no-color-diagnostics -serialize-diagnostics -emit-dependencies -emit-module -emit-module-path /Users/jans./Library/Developer/Xcode/DerivedData/meal.advisor.ios-csaldjncgoleykghtkpncaypzmvo/Build/Intermediates.noindex/xctest-dynamic-overlay.build/Debug-iphonesimulator/IssueReporting.build/Objects-normal/arm64/IssueReporting.swiftmodule -user-module-version 1.6.1 -validate-clang-modules-once -clang-build-session-file /Users/jans./Library/Developer/Xcode/DerivedData/ModuleCache.noindex/Session.modulevalidation -package-name xctest_dynamic_overlay -Xcc -I/Users/jans./Library/Developer/Xcode/DerivedData/meal.advisor.ios-csaldjncgoleykghtkpncaypzmvo/Build/Intermediates.noindex/xctest-dynamic-overlay.build/Debug-iphonesimulator/IssueReporting.build/swift-overrides.hmap -emit-const-values -Xfrontend -const-gather-protocols-file -Xfrontend /Users/jans./Library/Developer/Xcode/DerivedData/meal.advisor.ios-csaldjncgoleykghtkpncaypzmvo/Build/Intermediates.noindex/xctest-dynamic-overlay.build/Debug-iphonesimulator/IssueReporting.build/Objects-normal/arm64/IssueReporting_const_extract_protocols.json -Xcc -I/Users/jans./Library/Developer/Xcode/DerivedData/meal.advisor.ios-csaldjncgoleykghtkpncaypzmvo/Build/Products/Debug-iphonesimulator/include -Xcc -I/Users/jans./Library/Developer/Xcode/DerivedData/meal.advisor.ios-csaldjncgoleykghtkpncaypzmvo/Build/Intermediates.noindex/xctest-dynamic-overlay.build/Debug-iphonesimulator/IssueReporting.build/DerivedSources-normal/arm64 -Xcc -I/Users/jans./Library/Developer/Xcode/DerivedData/meal.advisor.ios-csaldjncgoleykghtkpncaypzmvo/Build/Intermediates.noindex/xctest-dynamic-overlay.build/Debug-iphonesimulator/IssueReporting.build/DerivedSources/arm64 -Xcc -I/Users/jans./Library/Developer/Xcode/DerivedData/meal.advisor.ios-csaldjncgoleykghtkpncaypzmvo/Build/Intermediates.noindex/xctest-dynamic-overlay.build/Debug-iphonesimulator/IssueReporting.build/DerivedSources -Xcc -DSWIFT_PACKAGE -Xcc -DDEBUG\=1 -emit-objc-header -emit-objc-header-path /Users/jans./Library/Developer/Xcode/DerivedData/meal.advisor.ios-csaldjncgoleykghtkpncaypzmvo/Build/Intermediates.noindex/xctest-dynamic-overlay.build/Debug-iphonesimulator/IssueReporting.build/Objects-normal/arm64/IssueReporting-Swift.h -working-directory /Users/jans./Downloads/meal.advisor/meal.advisor.ios/meal.advisor.ios/meal.advisor.ios/meal.advisor.ios.xcodeproj -experimental-emit-module-separately -disable-cmo

CompileC /Users/jans./Library/Developer/Xcode/DerivedData/meal.advisor.ios-csaldjncgoleykghtkpncaypzmvo/Build/Intermediates.noindex/AppAuth.build/Debug-iphonesimulator/AppAuth.build/Objects-normal/arm64/OIDExternalUserAgentIOS.o /Users/jans./Library/Developer/Xcode/DerivedData/meal.advisor.ios-csaldjncgoleykghtkpncaypzmvo/SourcePackages/checkouts/AppAuth-iOS/Sources/AppAuth/iOS/OIDExternalUserAgentIOS.m normal arm64 objective-c com.apple.compilers.llvm.clang.1_0.compiler (in target 'AppAuth' from project 'AppAuth')
    cd /Users/jans./Downloads/meal.advisor/meal.advisor.ios/meal.advisor.ios/meal.advisor.ios/meal.advisor.ios.xcodeproj
    
    Using response file: /Users/jans./Library/Developer/Xcode/DerivedData/meal.advisor.ios-csaldjncgoleykghtkpncaypzmvo/Build/Intermediates.noindex/AppAuth.build/Debug-iphonesimulator/AppAuth.build/Objects-normal/arm64/e6072d4f65d7061329687fe24e3d63a7-common-args.resp
    
    /Applications/Xcode.app/Contents/Developer/Toolchains/XcodeDefault.xctoolchain/usr/bin/clang -x objective-c -ivfsstatcache /Users/jans./Library/Developer/Xcode/DerivedData/SDKStatCaches.noindex/iphonesimulator18.5-22F76-d5fc8ad4295d2ef488fb7d0f804ce0c4.sdkstatcache -fmessage-length\=0 -fdiagnostics-show-note-include-stack -fmacro-backtrace-limit\=0 -fno-color-diagnostics -fmodules-prune-interval\=86400 -fmodules-prune-after\=345600 -fbuild-session-file\=/Users/jans./Library/Developer/Xcode/DerivedData/ModuleCache.noindex/Session.modulevalidation -fmodules-validate-once-per-build-session -Wnon-modular-include-in-framework-module -Werror\=non-modular-include-in-framework-module -Wno-trigraphs -Wno-missing-field-initializers -Wno-missing-prototypes -Wno-return-type -Wno-implicit-atomic-properties -Wno-objc-interface-ivars -Wno-arc-repeated-use-of-weak -Wno-missing-braces -Wparentheses -Wswitch -Wno-unused-function -Wno-unused-label -Wno-unused-parameter -Wno-unused-variable -Wunused-value -Wno-empty-body -Wno-uninitialized -Wno-unknown-pragmas -w -Wno-shadow -Wno-four-char-constants -Wno-conversion -Wno-constant-conversion -Wno-int-conversion -Wno-bool-conversion -Wno-enum-conversion -Wno-float-conversion -Wno-non-literal-null-conversion -Wno-objc-literal-conversion -Wshorten-64-to-32 -Wpointer-sign -Wno-newline-eof -Wno-selector -Wno-strict-selector-match -Wno-undeclared-selector -Wno-deprecated-implementations -Wno-implicit-fallthrough -fstrict-aliasing -Wprotocol -Wdeprecated-declarations -Wno-sign-conversion -Wno-infinite-recursion -Wno-comma -Wno-block-capture-autoreleasing -Wno-strict-prototypes -Wno-semicolon-before-method-body -index-store-path /Users/jans./Library/Developer/Xcode/DerivedData/meal.advisor.ios-csaldjncgoleykghtkpncaypzmvo/Index.noindex/DataStore @/Users/jans./Library/Developer/Xcode/DerivedData/meal.advisor.ios-csaldjncgoleykghtkpncaypzmvo/Build/Intermediates.noindex/AppAuth.build/Debug-iphonesimulator/AppAuth.build/Objects-normal/arm64/e6072d4f65d7061329687fe24e3d63a7-common-args.resp -include /Users/jans./Library/Developer/Xcode/DerivedData/meal.advisor.ios-csaldjncgoleykghtkpncaypzmvo/Build/Intermediates.noindex/AppAuth.build/Debug-iphonesimulator/AppAuth.build/DerivedSources/resource_bundle_accessor.h -MMD -MT dependencies -MF /Users/jans./Library/Developer/Xcode/DerivedData/meal.advisor.ios-csaldjncgoleykghtkpncaypzmvo/Build/Intermediates.noindex/AppAuth.build/Debug-iphonesimulator/AppAuth.build/Objects-normal/arm64/OIDExternalUserAgentIOS.d --serialize-diagnostics /Users/jans./Library/Developer/Xcode/DerivedData/meal.advisor.ios-csaldjncgoleykghtkpncaypzmvo/Build/Intermediates.noindex/AppAuth.build/Debug-iphonesimulator/AppAuth.build/Objects-normal/arm64/OIDExternalUserAgentIOS.dia -c /Users/jans./Library/Developer/Xcode/DerivedData/meal.advisor.ios-csaldjncgoleykghtkpncaypzmvo/SourcePackages/checkouts/AppAuth-iOS/Sources/AppAuth/iOS/OIDExternalUserAgentIOS.m -o /Users/jans./Library/Developer/Xcode/DerivedData/meal.advisor.ios-csaldjncgoleykghtkpncaypzmvo/Build/Intermediates.noindex/AppAuth.build/Debug-iphonesimulator/AppAuth.build/Objects-normal/arm64/OIDExternalUserAgentIOS.o -index-unit-output-path /AppAuth.build/Debug-iphonesimulator/AppAuth.build/Objects-normal/arm64/OIDExternalUserAgentIOS.o

CompileC /Users/jans./Library/Developer/Xcode/DerivedData/meal.advisor.ios-csaldjncgoleykghtkpncaypzmvo/Build/Intermediates.noindex/AppAuth.build/Debug-iphonesimulator/AppAuth.build/Objects-normal/arm64/OIDExternalUserAgentCatalyst.o /Users/jans./Library/Developer/Xcode/DerivedData/meal.advisor.ios-csaldjncgoleykghtkpncaypzmvo/SourcePackages/checkouts/AppAuth-iOS/Sources/AppAuth/iOS/OIDExternalUserAgentCatalyst.m normal arm64 objective-c com.apple.compilers.llvm.clang.1_0.compiler (in target 'AppAuth' from project 'AppAuth')
    cd /Users/jans./Downloads/meal.advisor/meal.advisor.ios/meal.advisor.ios/meal.advisor.ios/meal.advisor.ios.xcodeproj
    
    Using response file: /Users/jans./Library/Developer/Xcode/DerivedData/meal.advisor.ios-csaldjncgoleykghtkpncaypzmvo/Build/Intermediates.noindex/AppAuth.build/Debug-iphonesimulator/AppAuth.build/Objects-normal/arm64/e6072d4f65d7061329687fe24e3d63a7-common-args.resp
    
    /Applications/Xcode.app/Contents/Developer/Toolchains/XcodeDefault.xctoolchain/usr/bin/clang -x objective-c -ivfsstatcache /Users/jans./Library/Developer/Xcode/DerivedData/SDKStatCaches.noindex/iphonesimulator18.5-22F76-d5fc8ad4295d2ef488fb7d0f804ce0c4.sdkstatcache -fmessage-length\=0 -fdiagnostics-show-note-include-stack -fmacro-backtrace-limit\=0 -fno-color-diagnostics -fmodules-prune-interval\=86400 -fmodules-prune-after\=345600 -fbuild-session-file\=/Users/jans./Library/Developer/Xcode/DerivedData/ModuleCache.noindex/Session.modulevalidation -fmodules-validate-once-per-build-session -Wnon-modular-include-in-framework-module -Werror\=non-modular-include-in-framework-module -Wno-trigraphs -Wno-missing-field-initializers -Wno-missing-prototypes -Wno-return-type -Wno-implicit-atomic-properties -Wno-objc-interface-ivars -Wno-arc-repeated-use-of-weak -Wno-missing-braces -Wparentheses -Wswitch -Wno-unused-function -Wno-unused-label -Wno-unused-parameter -Wno-unused-variable -Wunused-value -Wno-empty-body -Wno-uninitialized -Wno-unknown-pragmas -w -Wno-shadow -Wno-four-char-constants -Wno-conversion -Wno-constant-conversion -Wno-int-conversion -Wno-bool-conversion -Wno-enum-conversion -Wno-float-conversion -Wno-non-literal-null-conversion -Wno-objc-literal-conversion -Wshorten-64-to-32 -Wpointer-sign -Wno-newline-eof -Wno-selector -Wno-strict-selector-match -Wno-undeclared-selector -Wno-deprecated-implementations -Wno-implicit-fallthrough -fstrict-aliasing -Wprotocol -Wdeprecated-declarations -Wno-sign-conversion -Wno-infinite-recursion -Wno-comma -Wno-block-capture-autoreleasing -Wno-strict-prototypes -Wno-semicolon-before-method-body -index-store-path /Users/jans./Library/Developer/Xcode/DerivedData/meal.advisor.ios-csaldjncgoleykghtkpncaypzmvo/Index.noindex/DataStore @/Users/jans./Library/Developer/Xcode/DerivedData/meal.advisor.ios-csaldjncgoleykghtkpncaypzmvo/Build/Intermediates.noindex/AppAuth.build/Debug-iphonesimulator/AppAuth.build/Objects-normal/arm64/e6072d4f65d7061329687fe24e3d63a7-common-args.resp -include /Users/jans./Library/Developer/Xcode/DerivedData/meal.advisor.ios-csaldjncgoleykghtkpncaypzmvo/Build/Intermediates.noindex/AppAuth.build/Debug-iphonesimulator/AppAuth.build/DerivedSources/resource_bundle_accessor.h -MMD -MT dependencies -MF /Users/jans./Library/Developer/Xcode/DerivedData/meal.advisor.ios-csaldjncgoleykghtkpncaypzmvo/Build/Intermediates.noindex/AppAuth.build/Debug-iphonesimulator/AppAuth.build/Objects-normal/arm64/OIDExternalUserAgentCatalyst.d --serialize-diagnostics /Users/jans./Library/Developer/Xcode/DerivedData/meal.advisor.ios-csaldjncgoleykghtkpncaypzmvo/Build/Intermediates.noindex/AppAuth.build/Debug-iphonesimulator/AppAuth.build/Objects-normal/arm64/OIDExternalUserAgentCatalyst.dia -c /Users/jans./Library/Developer/Xcode/DerivedData/meal.advisor.ios-csaldjncgoleykghtkpncaypzmvo/SourcePackages/checkouts/AppAuth-iOS/Sources/AppAuth/iOS/OIDExternalUserAgentCatalyst.m -o /Users/jans./Library/Developer/Xcode/DerivedData/meal.advisor.ios-csaldjncgoleykghtkpncaypzmvo/Build/Intermediates.noindex/AppAuth.build/Debug-iphonesimulator/AppAuth.build/Objects-normal/arm64/OIDExternalUserAgentCatalyst.o -index-unit-output-path /AppAuth.build/Debug-iphonesimulator/AppAuth.build/Objects-normal/arm64/OIDExternalUserAgentCatalyst.o

SwiftEmitModule normal arm64 Emitting\ module\ for\ IssueReporting (in target 'IssueReporting' from project 'xctest-dynamic-overlay')
EmitSwiftModule normal arm64 (in target 'IssueReporting' from project 'xctest-dynamic-overlay')
    cd /Users/jans./Downloads/meal.advisor/meal.advisor.ios/meal.advisor.ios/meal.advisor.ios/meal.advisor.ios.xcodeproj
    

SwiftCompile normal arm64 Compiling\ TestContext.swift,\ Unimplemented.swift /Users/jans./Library/Developer/Xcode/DerivedData/meal.advisor.ios-csaldjncgoleykghtkpncaypzmvo/SourcePackages/checkouts/xctest-dynamic-overlay/Sources/IssueReporting/TestContext.swift /Users/jans./Library/Developer/Xcode/DerivedData/meal.advisor.ios-csaldjncgoleykghtkpncaypzmvo/SourcePackages/checkouts/xctest-dynamic-overlay/Sources/IssueReporting/Unimplemented.swift (in target 'IssueReporting' from project 'xctest-dynamic-overlay')

SwiftCompile normal arm64 /Users/jans./Library/Developer/Xcode/DerivedData/meal.advisor.ios-csaldjncgoleykghtkpncaypzmvo/SourcePackages/checkouts/xctest-dynamic-overlay/Sources/IssueReporting/TestContext.swift (in target 'IssueReporting' from project 'xctest-dynamic-overlay')
    cd /Users/jans./Downloads/meal.advisor/meal.advisor.ios/meal.advisor.ios/meal.advisor.ios/meal.advisor.ios.xcodeproj
    

SwiftCompile normal arm64 /Users/jans./Library/Developer/Xcode/DerivedData/meal.advisor.ios-csaldjncgoleykghtkpncaypzmvo/SourcePackages/checkouts/xctest-dynamic-overlay/Sources/IssueReporting/Unimplemented.swift (in target 'IssueReporting' from project 'xctest-dynamic-overlay')
    cd /Users/jans./Downloads/meal.advisor/meal.advisor.ios/meal.advisor.ios/meal.advisor.ios/meal.advisor.ios.xcodeproj
    

SwiftCompile normal arm64 Compiling\ RuntimeWarningReporter.swift,\ ReportIssue.swift /Users/jans./Library/Developer/Xcode/DerivedData/meal.advisor.ios-csaldjncgoleykghtkpncaypzmvo/SourcePackages/checkouts/xctest-dynamic-overlay/Sources/IssueReporting/IssueReporters/RuntimeWarningReporter.swift /Users/jans./Library/Developer/Xcode/DerivedData/meal.advisor.ios-csaldjncgoleykghtkpncaypzmvo/SourcePackages/checkouts/xctest-dynamic-overlay/Sources/IssueReporting/ReportIssue.swift (in target 'IssueReporting' from project 'xctest-dynamic-overlay')

SwiftCompile normal arm64 /Users/jans./Library/Developer/Xcode/DerivedData/meal.advisor.ios-csaldjncgoleykghtkpncaypzmvo/SourcePackages/checkouts/xctest-dynamic-overlay/Sources/IssueReporting/IssueReporters/RuntimeWarningReporter.swift (in target 'IssueReporting' from project 'xctest-dynamic-overlay')
    cd /Users/jans./Downloads/meal.advisor/meal.advisor.ios/meal.advisor.ios/meal.advisor.ios/meal.advisor.ios.xcodeproj
    

SwiftCompile normal arm64 /Users/jans./Library/Developer/Xcode/DerivedData/meal.advisor.ios-csaldjncgoleykghtkpncaypzmvo/SourcePackages/checkouts/xctest-dynamic-overlay/Sources/IssueReporting/ReportIssue.swift (in target 'IssueReporting' from project 'xctest-dynamic-overlay')
    cd /Users/jans./Downloads/meal.advisor/meal.advisor.ios/meal.advisor.ios/meal.advisor.ios/meal.advisor.ios.xcodeproj
    

SwiftCompile normal arm64 Compiling\ XCTest.swift,\ IsTesting.swift,\ IssueReporter.swift /Users/jans./Library/Developer/Xcode/DerivedData/meal.advisor.ios-csaldjncgoleykghtkpncaypzmvo/SourcePackages/checkouts/xctest-dynamic-overlay/Sources/IssueReporting/Internal/XCTest.swift /Users/jans./Library/Developer/Xcode/DerivedData/meal.advisor.ios-csaldjncgoleykghtkpncaypzmvo/SourcePackages/checkouts/xctest-dynamic-overlay/Sources/IssueReporting/IsTesting.swift /Users/jans./Library/Developer/Xcode/DerivedData/meal.advisor.ios-csaldjncgoleykghtkpncaypzmvo/SourcePackages/checkouts/xctest-dynamic-overlay/Sources/IssueReporting/IssueReporter.swift (in target 'IssueReporting' from project 'xctest-dynamic-overlay')

SwiftCompile normal arm64 /Users/jans./Library/Developer/Xcode/DerivedData/meal.advisor.ios-csaldjncgoleykghtkpncaypzmvo/SourcePackages/checkouts/xctest-dynamic-overlay/Sources/IssueReporting/Internal/XCTest.swift (in target 'IssueReporting' from project 'xctest-dynamic-overlay')
    cd /Users/jans./Downloads/meal.advisor/meal.advisor.ios/meal.advisor.ios/meal.advisor.ios/meal.advisor.ios.xcodeproj
    

SwiftCompile normal arm64 /Users/jans./Library/Developer/Xcode/DerivedData/meal.advisor.ios-csaldjncgoleykghtkpncaypzmvo/SourcePackages/checkouts/xctest-dynamic-overlay/Sources/IssueReporting/IsTesting.swift (in target 'IssueReporting' from project 'xctest-dynamic-overlay')
    cd /Users/jans./Downloads/meal.advisor/meal.advisor.ios/meal.advisor.ios/meal.advisor.ios/meal.advisor.ios.xcodeproj
    

SwiftCompile normal arm64 /Users/jans./Library/Developer/Xcode/DerivedData/meal.advisor.ios-csaldjncgoleykghtkpncaypzmvo/SourcePackages/checkouts/xctest-dynamic-overlay/Sources/IssueReporting/IssueReporter.swift (in target 'IssueReporting' from project 'xctest-dynamic-overlay')
    cd /Users/jans./Downloads/meal.advisor/meal.advisor.ios/meal.advisor.ios/meal.advisor.ios/meal.advisor.ios.xcodeproj
    

SwiftCompile normal arm64 Compiling\ SwiftTesting.swift,\ UncheckedSendable.swift,\ Warn.swift /Users/jans./Library/Developer/Xcode/DerivedData/meal.advisor.ios-csaldjncgoleykghtkpncaypzmvo/SourcePackages/checkouts/xctest-dynamic-overlay/Sources/IssueReporting/Internal/SwiftTesting.swift /Users/jans./Library/Developer/Xcode/DerivedData/meal.advisor.ios-csaldjncgoleykghtkpncaypzmvo/SourcePackages/checkouts/xctest-dynamic-overlay/Sources/IssueReporting/Internal/UncheckedSendable.swift /Users/jans./Library/Developer/Xcode/DerivedData/meal.advisor.ios-csaldjncgoleykghtkpncaypzmvo/SourcePackages/checkouts/xctest-dynamic-overlay/Sources/IssueReporting/Internal/Warn.swift (in target 'IssueReporting' from project 'xctest-dynamic-overlay')
SwiftCompile normal arm64 /Users/jans./Library/Developer/Xcode/DerivedData/meal.advisor.ios-csaldjncgoleykghtkpncaypzmvo/SourcePackages/checkouts/xctest-dynamic-overlay/Sources/IssueReporting/Internal/SwiftTesting.swift (in target 'IssueReporting' from project 'xctest-dynamic-overlay')
    cd /Users/jans./Downloads/meal.advisor/meal.advisor.ios/meal.advisor.ios/meal.advisor.ios/meal.advisor.ios.xcodeproj
    

SwiftCompile normal arm64 /Users/jans./Library/Developer/Xcode/DerivedData/meal.advisor.ios-csaldjncgoleykghtkpncaypzmvo/SourcePackages/checkouts/xctest-dynamic-overlay/Sources/IssueReporting/Internal/UncheckedSendable.swift (in target 'IssueReporting' from project 'xctest-dynamic-overlay')
    cd /Users/jans./Downloads/meal.advisor/meal.advisor.ios/meal.advisor.ios/meal.advisor.ios/meal.advisor.ios.xcodeproj
    

SwiftCompile normal arm64 /Users/jans./Library/Developer/Xcode/DerivedData/meal.advisor.ios-csaldjncgoleykghtkpncaypzmvo/SourcePackages/checkouts/xctest-dynamic-overlay/Sources/IssueReporting/Internal/Warn.swift (in target 'IssueReporting' from project 'xctest-dynamic-overlay')
    cd /Users/jans./Downloads/meal.advisor/meal.advisor.ios/meal.advisor.ios/meal.advisor.ios/meal.advisor.ios.xcodeproj
    

SwiftCompile normal arm64 Compiling\ BreakpointReporter.swift,\ FatalErrorReporter.swift /Users/jans./Library/Developer/Xcode/DerivedData/meal.advisor.ios-csaldjncgoleykghtkpncaypzmvo/SourcePackages/checkouts/xctest-dynamic-overlay/Sources/IssueReporting/IssueReporters/BreakpointReporter.swift /Users/jans./Library/Developer/Xcode/DerivedData/meal.advisor.ios-csaldjncgoleykghtkpncaypzmvo/SourcePackages/checkouts/xctest-dynamic-overlay/Sources/IssueReporting/IssueReporters/FatalErrorReporter.swift (in target 'IssueReporting' from project 'xctest-dynamic-overlay')

SwiftCompile normal arm64 /Users/jans./Library/Developer/Xcode/DerivedData/meal.advisor.ios-csaldjncgoleykghtkpncaypzmvo/SourcePackages/checkouts/xctest-dynamic-overlay/Sources/IssueReporting/IssueReporters/BreakpointReporter.swift (in target 'IssueReporting' from project 'xctest-dynamic-overlay')
    cd /Users/jans./Downloads/meal.advisor/meal.advisor.ios/meal.advisor.ios/meal.advisor.ios/meal.advisor.ios.xcodeproj
    

SwiftCompile normal arm64 /Users/jans./Library/Developer/Xcode/DerivedData/meal.advisor.ios-csaldjncgoleykghtkpncaypzmvo/SourcePackages/checkouts/xctest-dynamic-overlay/Sources/IssueReporting/IssueReporters/FatalErrorReporter.swift (in target 'IssueReporting' from project 'xctest-dynamic-overlay')
    cd /Users/jans./Downloads/meal.advisor/meal.advisor.ios/meal.advisor.ios/meal.advisor.ios/meal.advisor.ios.xcodeproj
    

SwiftCompile normal arm64 Compiling\ FailureObserver.swift,\ LockIsolated.swift,\ Rethrows.swift /Users/jans./Library/Developer/Xcode/DerivedData/meal.advisor.ios-csaldjncgoleykghtkpncaypzmvo/SourcePackages/checkouts/xctest-dynamic-overlay/Sources/IssueReporting/Internal/FailureObserver.swift /Users/jans./Library/Developer/Xcode/DerivedData/meal.advisor.ios-csaldjncgoleykghtkpncaypzmvo/SourcePackages/checkouts/xctest-dynamic-overlay/Sources/IssueReporting/Internal/LockIsolated.swift /Users/jans./Library/Developer/Xcode/DerivedData/meal.advisor.ios-csaldjncgoleykghtkpncaypzmvo/SourcePackages/checkouts/xctest-dynamic-overlay/Sources/IssueReporting/Internal/Rethrows.swift (in target 'IssueReporting' from project 'xctest-dynamic-overlay')

SwiftCompile normal arm64 /Users/jans./Library/Developer/Xcode/DerivedData/meal.advisor.ios-csaldjncgoleykghtkpncaypzmvo/SourcePackages/checkouts/xctest-dynamic-overlay/Sources/IssueReporting/Internal/FailureObserver.swift (in target 'IssueReporting' from project 'xctest-dynamic-overlay')
    cd /Users/jans./Downloads/meal.advisor/meal.advisor.ios/meal.advisor.ios/meal.advisor.ios/meal.advisor.ios.xcodeproj
    

SwiftCompile normal arm64 /Users/jans./Library/Developer/Xcode/DerivedData/meal.advisor.ios-csaldjncgoleykghtkpncaypzmvo/SourcePackages/checkouts/xctest-dynamic-overlay/Sources/IssueReporting/Internal/LockIsolated.swift (in target 'IssueReporting' from project 'xctest-dynamic-overlay')
    cd /Users/jans./Downloads/meal.advisor/meal.advisor.ios/meal.advisor.ios/meal.advisor.ios/meal.advisor.ios.xcodeproj
    

SwiftCompile normal arm64 /Users/jans./Library/Developer/Xcode/DerivedData/meal.advisor.ios-csaldjncgoleykghtkpncaypzmvo/SourcePackages/checkouts/xctest-dynamic-overlay/Sources/IssueReporting/Internal/Rethrows.swift (in target 'IssueReporting' from project 'xctest-dynamic-overlay')
    cd /Users/jans./Downloads/meal.advisor/meal.advisor.ios/meal.advisor.ios/meal.advisor.ios/meal.advisor.ios.xcodeproj
    

SwiftCompile normal arm64 Compiling\ WithExpectedIssue.swift,\ WithIssueContext.swift /Users/jans./Library/Developer/Xcode/DerivedData/meal.advisor.ios-csaldjncgoleykghtkpncaypzmvo/SourcePackages/checkouts/xctest-dynamic-overlay/Sources/IssueReporting/WithExpectedIssue.swift /Users/jans./Library/Developer/Xcode/DerivedData/meal.advisor.ios-csaldjncgoleykghtkpncaypzmvo/SourcePackages/checkouts/xctest-dynamic-overlay/Sources/IssueReporting/WithIssueContext.swift (in target 'IssueReporting' from project 'xctest-dynamic-overlay')

SwiftCompile normal arm64 /Users/jans./Library/Developer/Xcode/DerivedData/meal.advisor.ios-csaldjncgoleykghtkpncaypzmvo/SourcePackages/checkouts/xctest-dynamic-overlay/Sources/IssueReporting/WithExpectedIssue.swift (in target 'IssueReporting' from project 'xctest-dynamic-overlay')
    cd /Users/jans./Downloads/meal.advisor/meal.advisor.ios/meal.advisor.ios/meal.advisor.ios/meal.advisor.ios.xcodeproj
    

SwiftCompile normal arm64 /Users/jans./Library/Developer/Xcode/DerivedData/meal.advisor.ios-csaldjncgoleykghtkpncaypzmvo/SourcePackages/checkouts/xctest-dynamic-overlay/Sources/IssueReporting/WithIssueContext.swift (in target 'IssueReporting' from project 'xctest-dynamic-overlay')
    cd /Users/jans./Downloads/meal.advisor/meal.advisor.ios/meal.advisor.ios/meal.advisor.ios/meal.advisor.ios.xcodeproj
    

PrecompileModule /Users/jans./Library/Developer/Xcode/DerivedData/meal.advisor.ios-csaldjncgoleykghtkpncaypzmvo/Build/Intermediates.noindex/ExplicitPrecompiledModules/ptrcheck-EZHC7FQ15M3WMR1TGA4JN3XD.scan
    cd /Users/jans./Downloads/meal.advisor/meal.advisor.ios/meal.advisor.ios/meal.advisor.ios/meal.advisor.ios.xcodeproj
    builtin-precompileModule /Users/jans./Library/Developer/Xcode/DerivedData/meal.advisor.ios-csaldjncgoleykghtkpncaypzmvo/Build/Intermediates.noindex/ExplicitPrecompiledModules/ptrcheck-EZHC7FQ15M3WMR1TGA4JN3XD.scan

SwiftDriverJobDiscovery normal arm64 Compiling BreakpointReporter.swift, FatalErrorReporter.swift (in target 'IssueReporting' from project 'xctest-dynamic-overlay')

PrecompileModule /Users/jans./Library/Developer/Xcode/DerivedData/meal.advisor.ios-csaldjncgoleykghtkpncaypzmvo/Build/Intermediates.noindex/ExplicitPrecompiledModules/ptrauth-EQSPFDODX47JLSS2SFAMFXV0.scan
    cd /Users/jans./Downloads/meal.advisor/meal.advisor.ios/meal.advisor.ios/meal.advisor.ios/meal.advisor.ios.xcodeproj
    builtin-precompileModule /Users/jans./Library/Developer/Xcode/DerivedData/meal.advisor.ios-csaldjncgoleykghtkpncaypzmvo/Build/Intermediates.noindex/ExplicitPrecompiledModules/ptrauth-EQSPFDODX47JLSS2SFAMFXV0.scan

PrecompileModule /Users/jans./Library/Developer/Xcode/DerivedData/meal.advisor.ios-csaldjncgoleykghtkpncaypzmvo/Build/Intermediates.noindex/ExplicitPrecompiledModules/os_availability_internal-8M2WI9510K8FQRGSECI6NDHC0.scan
    cd /Users/jans./Downloads/meal.advisor/meal.advisor.ios/meal.advisor.ios/meal.advisor.ios/meal.advisor.ios.xcodeproj
    builtin-precompileModule /Users/jans./Library/Developer/Xcode/DerivedData/meal.advisor.ios-csaldjncgoleykghtkpncaypzmvo/Build/Intermediates.noindex/ExplicitPrecompiledModules/os_availability_internal-8M2WI9510K8FQRGSECI6NDHC0.scan

SwiftDriverJobDiscovery normal arm64 Compiling FailureObserver.swift, LockIsolated.swift, Rethrows.swift (in target 'IssueReporting' from project 'xctest-dynamic-overlay')

PrecompileModule /Users/jans./Library/Developer/Xcode/DerivedData/meal.advisor.ios-csaldjncgoleykghtkpncaypzmvo/Build/Intermediates.noindex/ExplicitPrecompiledModules/_Builtin_iso646-41V41VTF283P2HNDDXO9YFY4S.scan
    cd /Users/jans./Downloads/meal.advisor/meal.advisor.ios/meal.advisor.ios/meal.advisor.ios/meal.advisor.ios.xcodeproj
    builtin-precompileModule /Users/jans./Library/Developer/Xcode/DerivedData/meal.advisor.ios-csaldjncgoleykghtkpncaypzmvo/Build/Intermediates.noindex/ExplicitPrecompiledModules/_Builtin_iso646-41V41VTF283P2HNDDXO9YFY4S.scan

PrecompileModule /Users/jans./Library/Developer/Xcode/DerivedData/meal.advisor.ios-csaldjncgoleykghtkpncaypzmvo/Build/Intermediates.noindex/ExplicitPrecompiledModules/_Builtin_stdbool-852M9GR68LPBZT4MQOXG2TQ2Q.scan
    cd /Users/jans./Downloads/meal.advisor/meal.advisor.ios/meal.advisor.ios/meal.advisor.ios/meal.advisor.ios.xcodeproj
    builtin-precompileModule /Users/jans./Library/Developer/Xcode/DerivedData/meal.advisor.ios-csaldjncgoleykghtkpncaypzmvo/Build/Intermediates.noindex/ExplicitPrecompiledModules/_Builtin_stdbool-852M9GR68LPBZT4MQOXG2TQ2Q.scan

SwiftDriverJobDiscovery normal arm64 Compiling TestContext.swift, Unimplemented.swift (in target 'IssueReporting' from project 'xctest-dynamic-overlay')

PrecompileModule /Users/jans./Library/Developer/Xcode/DerivedData/meal.advisor.ios-csaldjncgoleykghtkpncaypzmvo/Build/Intermediates.noindex/ExplicitPrecompiledModules/_fenv-9RAFBB7C2HY0IEKIIKBYG1BH1.scan
    cd /Users/jans./Downloads/meal.advisor/meal.advisor.ios/meal.advisor.ios/meal.advisor.ios/meal.advisor.ios.xcodeproj
    builtin-precompileModule /Users/jans./Library/Developer/Xcode/DerivedData/meal.advisor.ios-csaldjncgoleykghtkpncaypzmvo/Build/Intermediates.noindex/ExplicitPrecompiledModules/_fenv-9RAFBB7C2HY0IEKIIKBYG1BH1.scan

PrecompileModule /Users/jans./Library/Developer/Xcode/DerivedData/meal.advisor.ios-csaldjncgoleykghtkpncaypzmvo/Build/Intermediates.noindex/ExplicitPrecompiledModules/TargetConditionals-38H3DCS17XONE3P2FTO30YAXS.scan
    cd /Users/jans./Downloads/meal.advisor/meal.advisor.ios/meal.advisor.ios/meal.advisor.ios/meal.advisor.ios.xcodeproj
    builtin-precompileModule /Users/jans./Library/Developer/Xcode/DerivedData/meal.advisor.ios-csaldjncgoleykghtkpncaypzmvo/Build/Intermediates.noindex/ExplicitPrecompiledModules/TargetConditionals-38H3DCS17XONE3P2FTO30YAXS.scan

PrecompileModule /Users/jans./Library/Developer/Xcode/DerivedData/meal.advisor.ios-csaldjncgoleykghtkpncaypzmvo/Build/Intermediates.noindex/ExplicitPrecompiledModules/_float-8QBPK8TR5RAM1Q1NE5OKH56JY.scan
    cd /Users/jans./Downloads/meal.advisor/meal.advisor.ios/meal.advisor.ios/meal.advisor.ios/meal.advisor.ios.xcodeproj
    builtin-precompileModule /Users/jans./Library/Developer/Xcode/DerivedData/meal.advisor.ios-csaldjncgoleykghtkpncaypzmvo/Build/Intermediates.noindex/ExplicitPrecompiledModules/_float-8QBPK8TR5RAM1Q1NE5OKH56JY.scan

PrecompileModule /Users/jans./Library/Developer/Xcode/DerivedData/meal.advisor.ios-csaldjncgoleykghtkpncaypzmvo/Build/Intermediates.noindex/ExplicitPrecompiledModules/_Builtin_stdarg-DOZ4WMZGT3L5AGNU3Q5K9MI0E.scan
    cd /Users/jans./Downloads/meal.advisor/meal.advisor.ios/meal.advisor.ios/meal.advisor.ios/meal.advisor.ios.xcodeproj
    builtin-precompileModule /Users/jans./Library/Developer/Xcode/DerivedData/meal.advisor.ios-csaldjncgoleykghtkpncaypzmvo/Build/Intermediates.noindex/ExplicitPrecompiledModules/_Builtin_stdarg-DOZ4WMZGT3L5AGNU3Q5K9MI0E.scan

PrecompileModule /Users/jans./Library/Developer/Xcode/DerivedData/meal.advisor.ios-csaldjncgoleykghtkpncaypzmvo/Build/Intermediates.noindex/ExplicitPrecompiledModules/os_availability-3P7Q60HLLBLHJL9RQUZERG5A9.scan
    cd /Users/jans./Downloads/meal.advisor/meal.advisor.ios/meal.advisor.ios/meal.advisor.ios/meal.advisor.ios.xcodeproj
    builtin-precompileModule /Users/jans./Library/Developer/Xcode/DerivedData/meal.advisor.ios-csaldjncgoleykghtkpncaypzmvo/Build/Intermediates.noindex/ExplicitPrecompiledModules/os_availability-3P7Q60HLLBLHJL9RQUZERG5A9.scan

PrecompileModule /Users/jans./Library/Developer/Xcode/DerivedData/meal.advisor.ios-csaldjncgoleykghtkpncaypzmvo/Build/Intermediates.noindex/ExplicitPrecompiledModules/_Builtin_stddef-3UM12N7YF79D4ZC4XADZAU230.scan
    cd /Users/jans./Downloads/meal.advisor/meal.advisor.ios/meal.advisor.ios/meal.advisor.ios/meal.advisor.ios.xcodeproj
    builtin-precompileModule /Users/jans./Library/Developer/Xcode/DerivedData/meal.advisor.ios-csaldjncgoleykghtkpncaypzmvo/Build/Intermediates.noindex/ExplicitPrecompiledModules/_Builtin_stddef-3UM12N7YF79D4ZC4XADZAU230.scan

PrecompileModule /Users/jans./Library/Developer/Xcode/DerivedData/meal.advisor.ios-csaldjncgoleykghtkpncaypzmvo/Build/Intermediates.noindex/ExplicitPrecompiledModules/_Builtin_float-4J7IPG1SZPZR6CXFDZU1I8M85.scan
    cd /Users/jans./Downloads/meal.advisor/meal.advisor.ios/meal.advisor.ios/meal.advisor.ios/meal.advisor.ios.xcodeproj
    builtin-precompileModule /Users/jans./Library/Developer/Xcode/DerivedData/meal.advisor.ios-csaldjncgoleykghtkpncaypzmvo/Build/Intermediates.noindex/ExplicitPrecompiledModules/_Builtin_float-4J7IPG1SZPZR6CXFDZU1I8M85.scan

SwiftCompile normal arm64 Compiling\ ErrorReporting.swift,\ AppHostWarning.swift,\ Deprecations.swift /Users/jans./Library/Developer/Xcode/DerivedData/meal.advisor.ios-csaldjncgoleykghtkpncaypzmvo/SourcePackages/checkouts/xctest-dynamic-overlay/Sources/IssueReporting/ErrorReporting.swift /Users/jans./Library/Developer/Xcode/DerivedData/meal.advisor.ios-csaldjncgoleykghtkpncaypzmvo/SourcePackages/checkouts/xctest-dynamic-overlay/Sources/IssueReporting/Internal/AppHostWarning.swift /Users/jans./Library/Developer/Xcode/DerivedData/meal.advisor.ios-csaldjncgoleykghtkpncaypzmvo/SourcePackages/checkouts/xctest-dynamic-overlay/Sources/IssueReporting/Internal/Deprecations.swift (in target 'IssueReporting' from project 'xctest-dynamic-overlay')
SwiftCompile normal arm64 /Users/jans./Library/Developer/Xcode/DerivedData/meal.advisor.ios-csaldjncgoleykghtkpncaypzmvo/SourcePackages/checkouts/xctest-dynamic-overlay/Sources/IssueReporting/ErrorReporting.swift (in target 'IssueReporting' from project 'xctest-dynamic-overlay')
    cd /Users/jans./Downloads/meal.advisor/meal.advisor.ios/meal.advisor.ios/meal.advisor.ios/meal.advisor.ios.xcodeproj
    

SwiftCompile normal arm64 /Users/jans./Library/Developer/Xcode/DerivedData/meal.advisor.ios-csaldjncgoleykghtkpncaypzmvo/SourcePackages/checkouts/xctest-dynamic-overlay/Sources/IssueReporting/Internal/AppHostWarning.swift (in target 'IssueReporting' from project 'xctest-dynamic-overlay')
    cd /Users/jans./Downloads/meal.advisor/meal.advisor.ios/meal.advisor.ios/meal.advisor.ios/meal.advisor.ios.xcodeproj
    

SwiftCompile normal arm64 /Users/jans./Library/Developer/Xcode/DerivedData/meal.advisor.ios-csaldjncgoleykghtkpncaypzmvo/SourcePackages/checkouts/xctest-dynamic-overlay/Sources/IssueReporting/Internal/Deprecations.swift (in target 'IssueReporting' from project 'xctest-dynamic-overlay')
    cd /Users/jans./Downloads/meal.advisor/meal.advisor.ios/meal.advisor.ios/meal.advisor.ios/meal.advisor.ios.xcodeproj
    

PrecompileModule /Users/jans./Library/Developer/Xcode/DerivedData/meal.advisor.ios-csaldjncgoleykghtkpncaypzmvo/Build/Intermediates.noindex/ExplicitPrecompiledModules/AvailabilityMacros-4TPXWHIKLJIGX66HXQAC1B0OF.scan
    cd /Users/jans./Downloads/meal.advisor/meal.advisor.ios/meal.advisor.ios/meal.advisor.ios/meal.advisor.ios.xcodeproj
    builtin-precompileModule /Users/jans./Library/Developer/Xcode/DerivedData/meal.advisor.ios-csaldjncgoleykghtkpncaypzmvo/Build/Intermediates.noindex/ExplicitPrecompiledModules/AvailabilityMacros-4TPXWHIKLJIGX66HXQAC1B0OF.scan

PrecompileModule /Users/jans./Library/Developer/Xcode/DerivedData/meal.advisor.ios-csaldjncgoleykghtkpncaypzmvo/Build/Intermediates.noindex/ExplicitPrecompiledModules/DarwinFoundation-DZ9D58NK27O5CBMP5VRT1S7AO.scan
    cd /Users/jans./Downloads/meal.advisor/meal.advisor.ios/meal.advisor.ios/meal.advisor.ios/meal.advisor.ios.xcodeproj
    builtin-precompileModule /Users/jans./Library/Developer/Xcode/DerivedData/meal.advisor.ios-csaldjncgoleykghtkpncaypzmvo/Build/Intermediates.noindex/ExplicitPrecompiledModules/DarwinFoundation-DZ9D58NK27O5CBMP5VRT1S7AO.scan

ScanDependencies /Users/jans./Library/Developer/Xcode/DerivedData/meal.advisor.ios-csaldjncgoleykghtkpncaypzmvo/Build/Intermediates.noindex/GoogleSignIn.build/Debug-iphonesimulator/GoogleSignIn.build/Objects-normal/arm64/resource_bundle_accessor.o /Users/jans./Library/Developer/Xcode/DerivedData/meal.advisor.ios-csaldjncgoleykghtkpncaypzmvo/Build/Intermediates.noindex/GoogleSignIn.build/Debug-iphonesimulator/GoogleSignIn.build/DerivedSources/resource_bundle_accessor.m normal arm64 objective-c com.apple.compilers.llvm.clang.1_0.compiler (in target 'GoogleSignIn' from project 'GoogleSignIn')
    cd /Users/jans./Downloads/meal.advisor/meal.advisor.ios/meal.advisor.ios/meal.advisor.ios/meal.advisor.ios.xcodeproj
    
    Using response file: /Users/jans./Library/Developer/Xcode/DerivedData/meal.advisor.ios-csaldjncgoleykghtkpncaypzmvo/Build/Intermediates.noindex/GoogleSignIn.build/Debug-iphonesimulator/GoogleSignIn.build/Objects-normal/arm64/e6072d4f65d7061329687fe24e3d63a7-common-args.resp
    
    builtin-ScanDependencies -o /Users/jans./Library/Developer/Xcode/DerivedData/meal.advisor.ios-csaldjncgoleykghtkpncaypzmvo/Build/Intermediates.noindex/GoogleSignIn.build/Debug-iphonesimulator/GoogleSignIn.build/Objects-normal/arm64/resource_bundle_accessor.o.scan -- /Applications/Xcode.app/Contents/Developer/Toolchains/XcodeDefault.xctoolchain/usr/bin/clang -x objective-c -ivfsstatcache /Users/jans./Library/Developer/Xcode/DerivedData/SDKStatCaches.noindex/iphonesimulator18.5-22F76-d5fc8ad4295d2ef488fb7d0f804ce0c4.sdkstatcache -fmessage-length\=0 -fdiagnostics-show-note-include-stack -fmacro-backtrace-limit\=0 -fno-color-diagnostics -fmodules-prune-interval\=86400 -fmodules-prune-after\=345600 -fbuild-session-file\=/Users/jans./Library/Developer/Xcode/DerivedData/ModuleCache.noindex/Session.modulevalidation -fmodules-validate-once-per-build-session -Wnon-modular-include-in-framework-module -Werror\=non-modular-include-in-framework-module -Wno-trigraphs -Wno-missing-field-initializers -Wno-missing-prototypes -Wno-return-type -Wno-implicit-atomic-properties -Wno-objc-interface-ivars -Wno-arc-repeated-use-of-weak -Wno-missing-braces -Wparentheses -Wswitch -Wno-unused-function -Wno-unused-label -Wno-unused-parameter -Wno-unused-variable -Wunused-value -Wno-empty-body -Wno-uninitialized -Wno-unknown-pragmas -w -Wno-shadow -Wno-four-char-constants -Wno-conversion -Wno-constant-conversion -Wno-int-conversion -Wno-bool-conversion -Wno-enum-conversion -Wno-float-conversion -Wno-non-literal-null-conversion -Wno-objc-literal-conversion -Wshorten-64-to-32 -Wpointer-sign -Wno-newline-eof -Wno-selector -Wno-strict-selector-match -Wno-undeclared-selector -Wno-deprecated-implementations -Wno-implicit-fallthrough -fstrict-aliasing -Wprotocol -Wdeprecated-declarations -Wno-sign-conversion -Wno-infinite-recursion -Wno-comma -Wno-block-capture-autoreleasing -Wno-strict-prototypes -Wno-semicolon-before-method-body -index-store-path /Users/jans./Library/Developer/Xcode/DerivedData/meal.advisor.ios-csaldjncgoleykghtkpncaypzmvo/Index.noindex/DataStore @/Users/jans./Library/Developer/Xcode/DerivedData/meal.advisor.ios-csaldjncgoleykghtkpncaypzmvo/Build/Intermediates.noindex/GoogleSignIn.build/Debug-iphonesimulator/GoogleSignIn.build/Objects-normal/arm64/e6072d4f65d7061329687fe24e3d63a7-common-args.resp -include /Users/jans./Library/Developer/Xcode/DerivedData/meal.advisor.ios-csaldjncgoleykghtkpncaypzmvo/Build/Intermediates.noindex/GoogleSignIn.build/Debug-iphonesimulator/GoogleSignIn.build/DerivedSources/resource_bundle_accessor.h -MMD -MT dependencies -MF /Users/jans./Library/Developer/Xcode/DerivedData/meal.advisor.ios-csaldjncgoleykghtkpncaypzmvo/Build/Intermediates.noindex/GoogleSignIn.build/Debug-iphonesimulator/GoogleSignIn.build/Objects-normal/arm64/resource_bundle_accessor.d --serialize-diagnostics /Users/jans./Library/Developer/Xcode/DerivedData/meal.advisor.ios-csaldjncgoleykghtkpncaypzmvo/Build/Intermediates.noindex/GoogleSignIn.build/Debug-iphonesimulator/GoogleSignIn.build/Objects-normal/arm64/resource_bundle_accessor.dia -c /Users/jans./Library/Developer/Xcode/DerivedData/meal.advisor.ios-csaldjncgoleykghtkpncaypzmvo/Build/Intermediates.noindex/GoogleSignIn.build/Debug-iphonesimulator/GoogleSignIn.build/DerivedSources/resource_bundle_accessor.m -o /Users/jans./Library/Developer/Xcode/DerivedData/meal.advisor.ios-csaldjncgoleykghtkpncaypzmvo/Build/Intermediates.noindex/GoogleSignIn.build/Debug-iphonesimulator/GoogleSignIn.build/Objects-normal/arm64/resource_bundle_accessor.o -index-unit-output-path /GoogleSignIn.build/Debug-iphonesimulator/GoogleSignIn.build/Objects-normal/arm64/resource_bundle_accessor.o

ScanDependencies /Users/jans./Library/Developer/Xcode/DerivedData/meal.advisor.ios-csaldjncgoleykghtkpncaypzmvo/Build/Intermediates.noindex/GoogleSignIn.build/Debug-iphonesimulator/GoogleSignIn.build/Objects-normal/arm64/GIDToken.o /Users/jans./Library/Developer/Xcode/DerivedData/meal.advisor.ios-csaldjncgoleykghtkpncaypzmvo/SourcePackages/checkouts/GoogleSignIn-iOS/GoogleSignIn/Sources/GIDToken.m normal arm64 objective-c com.apple.compilers.llvm.clang.1_0.compiler (in target 'GoogleSignIn' from project 'GoogleSignIn')
    cd /Users/jans./Downloads/meal.advisor/meal.advisor.ios/meal.advisor.ios/meal.advisor.ios/meal.advisor.ios.xcodeproj
    
    Using response file: /Users/jans./Library/Developer/Xcode/DerivedData/meal.advisor.ios-csaldjncgoleykghtkpncaypzmvo/Build/Intermediates.noindex/GoogleSignIn.build/Debug-iphonesimulator/GoogleSignIn.build/Objects-normal/arm64/e6072d4f65d7061329687fe24e3d63a7-common-args.resp
    
    builtin-ScanDependencies -o /Users/jans./Library/Developer/Xcode/DerivedData/meal.advisor.ios-csaldjncgoleykghtkpncaypzmvo/Build/Intermediates.noindex/GoogleSignIn.build/Debug-iphonesimulator/GoogleSignIn.build/Objects-normal/arm64/GIDToken.o.scan -- /Applications/Xcode.app/Contents/Developer/Toolchains/XcodeDefault.xctoolchain/usr/bin/clang -x objective-c -ivfsstatcache /Users/jans./Library/Developer/Xcode/DerivedData/SDKStatCaches.noindex/iphonesimulator18.5-22F76-d5fc8ad4295d2ef488fb7d0f804ce0c4.sdkstatcache -fmessage-length\=0 -fdiagnostics-show-note-include-stack -fmacro-backtrace-limit\=0 -fno-color-diagnostics -fmodules-prune-interval\=86400 -fmodules-prune-after\=345600 -fbuild-session-file\=/Users/jans./Library/Developer/Xcode/DerivedData/ModuleCache.noindex/Session.modulevalidation -fmodules-validate-once-per-build-session -Wnon-modular-include-in-framework-module -Werror\=non-modular-include-in-framework-module -Wno-trigraphs -Wno-missing-field-initializers -Wno-missing-prototypes -Wno-return-type -Wno-implicit-atomic-properties -Wno-objc-interface-ivars -Wno-arc-repeated-use-of-weak -Wno-missing-braces -Wparentheses -Wswitch -Wno-unused-function -Wno-unused-label -Wno-unused-parameter -Wno-unused-variable -Wunused-value -Wno-empty-body -Wno-uninitialized -Wno-unknown-pragmas -w -Wno-shadow -Wno-four-char-constants -Wno-conversion -Wno-constant-conversion -Wno-int-conversion -Wno-bool-conversion -Wno-enum-conversion -Wno-float-conversion -Wno-non-literal-null-conversion -Wno-objc-literal-conversion -Wshorten-64-to-32 -Wpointer-sign -Wno-newline-eof -Wno-selector -Wno-strict-selector-match -Wno-undeclared-selector -Wno-deprecated-implementations -Wno-implicit-fallthrough -fstrict-aliasing -Wprotocol -Wdeprecated-declarations -Wno-sign-conversion -Wno-infinite-recursion -Wno-comma -Wno-block-capture-autoreleasing -Wno-strict-prototypes -Wno-semicolon-before-method-body -index-store-path /Users/jans./Library/Developer/Xcode/DerivedData/meal.advisor.ios-csaldjncgoleykghtkpncaypzmvo/Index.noindex/DataStore @/Users/jans./Library/Developer/Xcode/DerivedData/meal.advisor.ios-csaldjncgoleykghtkpncaypzmvo/Build/Intermediates.noindex/GoogleSignIn.build/Debug-iphonesimulator/GoogleSignIn.build/Objects-normal/arm64/e6072d4f65d7061329687fe24e3d63a7-common-args.resp -include /Users/jans./Library/Developer/Xcode/DerivedData/meal.advisor.ios-csaldjncgoleykghtkpncaypzmvo/Build/Intermediates.noindex/GoogleSignIn.build/Debug-iphonesimulator/GoogleSignIn.build/DerivedSources/resource_bundle_accessor.h -MMD -MT dependencies -MF /Users/jans./Library/Developer/Xcode/DerivedData/meal.advisor.ios-csaldjncgoleykghtkpncaypzmvo/Build/Intermediates.noindex/GoogleSignIn.build/Debug-iphonesimulator/GoogleSignIn.build/Objects-normal/arm64/GIDToken.d --serialize-diagnostics /Users/jans./Library/Developer/Xcode/DerivedData/meal.advisor.ios-csaldjncgoleykghtkpncaypzmvo/Build/Intermediates.noindex/GoogleSignIn.build/Debug-iphonesimulator/GoogleSignIn.build/Objects-normal/arm64/GIDToken.dia -c /Users/jans./Library/Developer/Xcode/DerivedData/meal.advisor.ios-csaldjncgoleykghtkpncaypzmvo/SourcePackages/checkouts/GoogleSignIn-iOS/GoogleSignIn/Sources/GIDToken.m -o /Users/jans./Library/Developer/Xcode/DerivedData/meal.advisor.ios-csaldjncgoleykghtkpncaypzmvo/Build/Intermediates.noindex/GoogleSignIn.build/Debug-iphonesimulator/GoogleSignIn.build/Objects-normal/arm64/GIDToken.o -index-unit-output-path /GoogleSignIn.build/Debug-iphonesimulator/GoogleSignIn.build/Objects-normal/arm64/GIDToken.o

PrecompileModule /Users/jans./Library/Developer/Xcode/DerivedData/meal.advisor.ios-csaldjncgoleykghtkpncaypzmvo/Build/Intermediates.noindex/ExplicitPrecompiledModules/runetype-AZSS7HT1GXMMMRD39Y68G3GGL.scan
    cd /Users/jans./Downloads/meal.advisor/meal.advisor.ios/meal.advisor.ios/meal.advisor.ios/meal.advisor.ios.xcodeproj
    builtin-precompileModule /Users/jans./Library/Developer/Xcode/DerivedData/meal.advisor.ios-csaldjncgoleykghtkpncaypzmvo/Build/Intermediates.noindex/ExplicitPrecompiledModules/runetype-AZSS7HT1GXMMMRD39Y68G3GGL.scan

SwiftDriverJobDiscovery normal arm64 Compiling RuntimeWarningReporter.swift, ReportIssue.swift (in target 'IssueReporting' from project 'xctest-dynamic-overlay')

PrecompileModule /Users/jans./Library/Developer/Xcode/DerivedData/meal.advisor.ios-csaldjncgoleykghtkpncaypzmvo/Build/Intermediates.noindex/ExplicitPrecompiledModules/_errno-56Q8MUP8T24AR2T804LQO6F1Z.scan
    cd /Users/jans./Downloads/meal.advisor/meal.advisor.ios/meal.advisor.ios/meal.advisor.ios/meal.advisor.ios.xcodeproj
    builtin-precompileModule /Users/jans./Library/Developer/Xcode/DerivedData/meal.advisor.ios-csaldjncgoleykghtkpncaypzmvo/Build/Intermediates.noindex/ExplicitPrecompiledModules/_errno-56Q8MUP8T24AR2T804LQO6F1Z.scan

PrecompileModule /Users/jans./Library/Developer/Xcode/DerivedData/meal.advisor.ios-csaldjncgoleykghtkpncaypzmvo/Build/Intermediates.noindex/ExplicitPrecompiledModules/_ctype-7ZVLC9WWZCDQWM76DKL67V5AC.scan
    cd /Users/jans./Downloads/meal.advisor/meal.advisor.ios/meal.advisor.ios/meal.advisor.ios/meal.advisor.ios.xcodeproj
    builtin-precompileModule /Users/jans./Library/Developer/Xcode/DerivedData/meal.advisor.ios-csaldjncgoleykghtkpncaypzmvo/Build/Intermediates.noindex/ExplicitPrecompiledModules/_ctype-7ZVLC9WWZCDQWM76DKL67V5AC.scan

PrecompileModule /Users/jans./Library/Developer/Xcode/DerivedData/meal.advisor.ios-csaldjncgoleykghtkpncaypzmvo/Build/Intermediates.noindex/ExplicitPrecompiledModules/_complex-CG0MG0GK3ATRBV06NQVDZOVM6.scan
    cd /Users/jans./Downloads/meal.advisor/meal.advisor.ios/meal.advisor.ios/meal.advisor.ios/meal.advisor.ios.xcodeproj
    builtin-precompileModule /Users/jans./Library/Developer/Xcode/DerivedData/meal.advisor.ios-csaldjncgoleykghtkpncaypzmvo/Build/Intermediates.noindex/ExplicitPrecompiledModules/_complex-CG0MG0GK3ATRBV06NQVDZOVM6.scan

PrecompileModule /Users/jans./Library/Developer/Xcode/DerivedData/meal.advisor.ios-csaldjncgoleykghtkpncaypzmvo/Build/Intermediates.noindex/ExplicitPrecompiledModules/sys_time-CR3TT33TAXR6F0B4OZM3VTOIJ.scan
    cd /Users/jans./Downloads/meal.advisor/meal.advisor.ios/meal.advisor.ios/meal.advisor.ios/meal.advisor.ios.xcodeproj
    builtin-precompileModule /Users/jans./Library/Developer/Xcode/DerivedData/meal.advisor.ios-csaldjncgoleykghtkpncaypzmvo/Build/Intermediates.noindex/ExplicitPrecompiledModules/sys_time-CR3TT33TAXR6F0B4OZM3VTOIJ.scan

SwiftDriverJobDiscovery normal arm64 Compiling XCTest.swift, IsTesting.swift, IssueReporter.swift (in target 'IssueReporting' from project 'xctest-dynamic-overlay')

PrecompileModule /Users/jans./Library/Developer/Xcode/DerivedData/meal.advisor.ios-csaldjncgoleykghtkpncaypzmvo/Build/Intermediates.noindex/ExplicitPrecompiledModules/_limits-CXA0LKT6UJVDXJTSS23HRCFA6.scan
    cd /Users/jans./Downloads/meal.advisor/meal.advisor.ios/meal.advisor.ios/meal.advisor.ios/meal.advisor.ios.xcodeproj
    builtin-precompileModule /Users/jans./Library/Developer/Xcode/DerivedData/meal.advisor.ios-csaldjncgoleykghtkpncaypzmvo/Build/Intermediates.noindex/ExplicitPrecompiledModules/_limits-CXA0LKT6UJVDXJTSS23HRCFA6.scan

PrecompileModule /Users/jans./Library/Developer/Xcode/DerivedData/meal.advisor.ios-csaldjncgoleykghtkpncaypzmvo/Build/Intermediates.noindex/ExplicitPrecompiledModules/_stdint-2NH31QO6Q7GILEQ8BQBA3MQMU.scan
    cd /Users/jans./Downloads/meal.advisor/meal.advisor.ios/meal.advisor.ios/meal.advisor.ios/meal.advisor.ios.xcodeproj
    builtin-precompileModule /Users/jans./Library/Developer/Xcode/DerivedData/meal.advisor.ios-csaldjncgoleykghtkpncaypzmvo/Build/Intermediates.noindex/ExplicitPrecompiledModules/_stdint-2NH31QO6Q7GILEQ8BQBA3MQMU.scan

PrecompileModule /Users/jans./Library/Developer/Xcode/DerivedData/meal.advisor.ios-csaldjncgoleykghtkpncaypzmvo/Build/Intermediates.noindex/ExplicitPrecompiledModules/__wctype-DS9WJ0QN12BPTZ7W6LRK0WKY0.scan
    cd /Users/jans./Downloads/meal.advisor/meal.advisor.ios/meal.advisor.ios/meal.advisor.ios/meal.advisor.ios.xcodeproj
    builtin-precompileModule /Users/jans./Library/Developer/Xcode/DerivedData/meal.advisor.ios-csaldjncgoleykghtkpncaypzmvo/Build/Intermediates.noindex/ExplicitPrecompiledModules/__wctype-DS9WJ0QN12BPTZ7W6LRK0WKY0.scan

PrecompileModule /Users/jans./Library/Developer/Xcode/DerivedData/meal.advisor.ios-csaldjncgoleykghtkpncaypzmvo/Build/Intermediates.noindex/ExplicitPrecompiledModules/_strings-2Q18BE2DGXVVKH5S7P4Y37903.scan
    cd /Users/jans./Downloads/meal.advisor/meal.advisor.ios/meal.advisor.ios/meal.advisor.ios/meal.advisor.ios.xcodeproj
    builtin-precompileModule /Users/jans./Library/Developer/Xcode/DerivedData/meal.advisor.ios-csaldjncgoleykghtkpncaypzmvo/Build/Intermediates.noindex/ExplicitPrecompiledModules/_strings-2Q18BE2DGXVVKH5S7P4Y37903.scan

PrecompileModule /Users/jans./Library/Developer/Xcode/DerivedData/meal.advisor.ios-csaldjncgoleykghtkpncaypzmvo/Build/Intermediates.noindex/ExplicitPrecompiledModules/_useconds_t-8QE82F0ZNGR8HRAUMKWF1UV4E.scan
    cd /Users/jans./Downloads/meal.advisor/meal.advisor.ios/meal.advisor.ios/meal.advisor.ios/meal.advisor.ios.xcodeproj
    builtin-precompileModule /Users/jans./Library/Developer/Xcode/DerivedData/meal.advisor.ios-csaldjncgoleykghtkpncaypzmvo/Build/Intermediates.noindex/ExplicitPrecompiledModules/_useconds_t-8QE82F0ZNGR8HRAUMKWF1UV4E.scan

PrecompileModule /Users/jans./Library/Developer/Xcode/DerivedData/meal.advisor.ios-csaldjncgoleykghtkpncaypzmvo/Build/Intermediates.noindex/ExplicitPrecompiledModules/_sys_select-3KYY1H85YR04XBZKS3VDGS9PT.scan
    cd /Users/jans./Downloads/meal.advisor/meal.advisor.ios/meal.advisor.ios/meal.advisor.ios/meal.advisor.ios.xcodeproj
    builtin-precompileModule /Users/jans./Library/Developer/Xcode/DerivedData/meal.advisor.ios-csaldjncgoleykghtkpncaypzmvo/Build/Intermediates.noindex/ExplicitPrecompiledModules/_sys_select-3KYY1H85YR04XBZKS3VDGS9PT.scan

PrecompileModule /Users/jans./Library/Developer/Xcode/DerivedData/meal.advisor.ios-csaldjncgoleykghtkpncaypzmvo/Build/Intermediates.noindex/ExplicitPrecompiledModules/_Builtin_limits-AHPLI57ERJ92PXRB27VTR8REQ.scan
    cd /Users/jans./Downloads/meal.advisor/meal.advisor.ios/meal.advisor.ios/meal.advisor.ios/meal.advisor.ios.xcodeproj
    builtin-precompileModule /Users/jans./Library/Developer/Xcode/DerivedData/meal.advisor.ios-csaldjncgoleykghtkpncaypzmvo/Build/Intermediates.noindex/ExplicitPrecompiledModules/_Builtin_limits-AHPLI57ERJ92PXRB27VTR8REQ.scan

PrecompileModule /Users/jans./Library/Developer/Xcode/DerivedData/meal.advisor.ios-csaldjncgoleykghtkpncaypzmvo/Build/Intermediates.noindex/ExplicitPrecompiledModules/mach-ELPXZXDHBC2VGAUJTSUCSR19K.scan
    cd /Users/jans./Downloads/meal.advisor/meal.advisor.ios/meal.advisor.ios/meal.advisor.ios/meal.advisor.ios.xcodeproj
    builtin-precompileModule /Users/jans./Library/Developer/Xcode/DerivedData/meal.advisor.ios-csaldjncgoleykghtkpncaypzmvo/Build/Intermediates.noindex/ExplicitPrecompiledModules/mach-ELPXZXDHBC2VGAUJTSUCSR19K.scan

PrecompileModule /Users/jans./Library/Developer/Xcode/DerivedData/meal.advisor.ios-csaldjncgoleykghtkpncaypzmvo/Build/Intermediates.noindex/ExplicitPrecompiledModules/_wctype-DNBFOFKQ8PWFEJD9FYSAH8HDJ.scan
    cd /Users/jans./Downloads/meal.advisor/meal.advisor.ios/meal.advisor.ios/meal.advisor.ios/meal.advisor.ios.xcodeproj
    builtin-precompileModule /Users/jans./Library/Developer/Xcode/DerivedData/meal.advisor.ios-csaldjncgoleykghtkpncaypzmvo/Build/Intermediates.noindex/ExplicitPrecompiledModules/_wctype-DNBFOFKQ8PWFEJD9FYSAH8HDJ.scan

PrecompileModule /Users/jans./Library/Developer/Xcode/DerivedData/meal.advisor.ios-csaldjncgoleykghtkpncaypzmvo/Build/Intermediates.noindex/ExplicitPrecompiledModules/_assert-7F22ML4UB2BB28Y36S59EN6KP.scan
    cd /Users/jans./Downloads/meal.advisor/meal.advisor.ios/meal.advisor.ios/meal.advisor.ios/meal.advisor.ios.xcodeproj
    builtin-precompileModule /Users/jans./Library/Developer/Xcode/DerivedData/meal.advisor.ios-csaldjncgoleykghtkpncaypzmvo/Build/Intermediates.noindex/ExplicitPrecompiledModules/_assert-7F22ML4UB2BB28Y36S59EN6KP.scan

PrecompileModule /Users/jans./Library/Developer/Xcode/DerivedData/meal.advisor.ios-csaldjncgoleykghtkpncaypzmvo/Build/Intermediates.noindex/ExplicitPrecompiledModules/_Builtin_stdint-5TS29BS8AY4ZG96A272JULD5O.scan
    cd /Users/jans./Downloads/meal.advisor/meal.advisor.ios/meal.advisor.ios/meal.advisor.ios/meal.advisor.ios.xcodeproj
    builtin-precompileModule /Users/jans./Library/Developer/Xcode/DerivedData/meal.advisor.ios-csaldjncgoleykghtkpncaypzmvo/Build/Intermediates.noindex/ExplicitPrecompiledModules/_Builtin_stdint-5TS29BS8AY4ZG96A272JULD5O.scan

PrecompileModule /Users/jans./Library/Developer/Xcode/DerivedData/meal.advisor.ios-csaldjncgoleykghtkpncaypzmvo/Build/Intermediates.noindex/ExplicitPrecompiledModules/uuid-BU8EWNJZDM7JD6A22U72A71KE.scan
    cd /Users/jans./Downloads/meal.advisor/meal.advisor.ios/meal.advisor.ios/meal.advisor.ios/meal.advisor.ios.xcodeproj
    builtin-precompileModule /Users/jans./Library/Developer/Xcode/DerivedData/meal.advisor.ios-csaldjncgoleykghtkpncaypzmvo/Build/Intermediates.noindex/ExplicitPrecompiledModules/uuid-BU8EWNJZDM7JD6A22U72A71KE.scan

PrecompileModule /Users/jans./Library/Developer/Xcode/DerivedData/meal.advisor.ios-csaldjncgoleykghtkpncaypzmvo/Build/Intermediates.noindex/ExplicitPrecompiledModules/netinet_in-1YCGFNVVLHSAI3AB7DVNYXJA0.scan
    cd /Users/jans./Downloads/meal.advisor/meal.advisor.ios/meal.advisor.ios/meal.advisor.ios/meal.advisor.ios.xcodeproj
    builtin-precompileModule /Users/jans./Library/Developer/Xcode/DerivedData/meal.advisor.ios-csaldjncgoleykghtkpncaypzmvo/Build/Intermediates.noindex/ExplicitPrecompiledModules/netinet_in-1YCGFNVVLHSAI3AB7DVNYXJA0.scan

PrecompileModule /Users/jans./Library/Developer/Xcode/DerivedData/meal.advisor.ios-csaldjncgoleykghtkpncaypzmvo/Build/Intermediates.noindex/ExplicitPrecompiledModules/_setjmp-BHQ9W8PFTDGQKPLYKGI2MBDML.scan
    cd /Users/jans./Downloads/meal.advisor/meal.advisor.ios/meal.advisor.ios/meal.advisor.ios/meal.advisor.ios.xcodeproj
    builtin-precompileModule /Users/jans./Library/Developer/Xcode/DerivedData/meal.advisor.ios-csaldjncgoleykghtkpncaypzmvo/Build/Intermediates.noindex/ExplicitPrecompiledModules/_setjmp-BHQ9W8PFTDGQKPLYKGI2MBDML.scan

PrecompileModule /Users/jans./Library/Developer/Xcode/DerivedData/meal.advisor.ios-csaldjncgoleykghtkpncaypzmvo/Build/Intermediates.noindex/ExplicitPrecompiledModules/_math-A61CVWP0T720BUFKD443HE5G4.scan
    cd /Users/jans./Downloads/meal.advisor/meal.advisor.ios/meal.advisor.ios/meal.advisor.ios/meal.advisor.ios.xcodeproj
    builtin-precompileModule /Users/jans./Library/Developer/Xcode/DerivedData/meal.advisor.ios-csaldjncgoleykghtkpncaypzmvo/Build/Intermediates.noindex/ExplicitPrecompiledModules/_math-A61CVWP0T720BUFKD443HE5G4.scan

PrecompileModule /Users/jans./Library/Developer/Xcode/DerivedData/meal.advisor.ios-csaldjncgoleykghtkpncaypzmvo/Build/Intermediates.noindex/ExplicitPrecompiledModules/_Builtin_stdatomic-CWP86EVNFFR838SFCR61CQIU5.scan
    cd /Users/jans./Downloads/meal.advisor/meal.advisor.ios/meal.advisor.ios/meal.advisor.ios/meal.advisor.ios.xcodeproj
    builtin-precompileModule /Users/jans./Library/Developer/Xcode/DerivedData/meal.advisor.ios-csaldjncgoleykghtkpncaypzmvo/Build/Intermediates.noindex/ExplicitPrecompiledModules/_Builtin_stdatomic-CWP86EVNFFR838SFCR61CQIU5.scan

PrecompileModule /Users/jans./Library/Developer/Xcode/DerivedData/meal.advisor.ios-csaldjncgoleykghtkpncaypzmvo/Build/Intermediates.noindex/ExplicitPrecompiledModules/_inttypes-CELY3TADA4AHX688J25R3QUVS.scan
    cd /Users/jans./Downloads/meal.advisor/meal.advisor.ios/meal.advisor.ios/meal.advisor.ios/meal.advisor.ios.xcodeproj
    builtin-precompileModule /Users/jans./Library/Developer/Xcode/DerivedData/meal.advisor.ios-csaldjncgoleykghtkpncaypzmvo/Build/Intermediates.noindex/ExplicitPrecompiledModules/_inttypes-CELY3TADA4AHX688J25R3QUVS.scan

PrecompileModule /Users/jans./Library/Developer/Xcode/DerivedData/meal.advisor.ios-csaldjncgoleykghtkpncaypzmvo/Build/Intermediates.noindex/ExplicitPrecompiledModules/sys_types-51BTZDY1ZTI1A7YW2QLVJCF9H.scan
    cd /Users/jans./Downloads/meal.advisor/meal.advisor.ios/meal.advisor.ios/meal.advisor.ios/meal.advisor.ios.xcodeproj
    builtin-precompileModule /Users/jans./Library/Developer/Xcode/DerivedData/meal.advisor.ios-csaldjncgoleykghtkpncaypzmvo/Build/Intermediates.noindex/ExplicitPrecompiledModules/sys_types-51BTZDY1ZTI1A7YW2QLVJCF9H.scan

PrecompileModule /Users/jans./Library/Developer/Xcode/DerivedData/meal.advisor.ios-csaldjncgoleykghtkpncaypzmvo/Build/Intermediates.noindex/ExplicitPrecompiledModules/alloca-1HG3K34E2M0L8D924BGO5IEOB.scan
    cd /Users/jans./Downloads/meal.advisor/meal.advisor.ios/meal.advisor.ios/meal.advisor.ios/meal.advisor.ios.xcodeproj
    builtin-precompileModule /Users/jans./Library/Developer/Xcode/DerivedData/meal.advisor.ios-csaldjncgoleykghtkpncaypzmvo/Build/Intermediates.noindex/ExplicitPrecompiledModules/alloca-1HG3K34E2M0L8D924BGO5IEOB.scan

PrecompileModule /Users/jans./Library/Developer/Xcode/DerivedData/meal.advisor.ios-csaldjncgoleykghtkpncaypzmvo/Build/Intermediates.noindex/ExplicitPrecompiledModules/_locale-BKEOOZI0CLX8ONZDK1DSL2XHY.scan
    cd /Users/jans./Downloads/meal.advisor/meal.advisor.ios/meal.advisor.ios/meal.advisor.ios/meal.advisor.ios.xcodeproj
    builtin-precompileModule /Users/jans./Library/Developer/Xcode/DerivedData/meal.advisor.ios-csaldjncgoleykghtkpncaypzmvo/Build/Intermediates.noindex/ExplicitPrecompiledModules/_locale-BKEOOZI0CLX8ONZDK1DSL2XHY.scan

PrecompileModule /Users/jans./Library/Developer/Xcode/DerivedData/meal.advisor.ios-csaldjncgoleykghtkpncaypzmvo/Build/Intermediates.noindex/ExplicitPrecompiledModules/_tgmath-94RMJ6KU23I1D1YIJMXAW26LZ.scan
    cd /Users/jans./Downloads/meal.advisor/meal.advisor.ios/meal.advisor.ios/meal.advisor.ios/meal.advisor.ios.xcodeproj
    builtin-precompileModule /Users/jans./Library/Developer/Xcode/DerivedData/meal.advisor.ios-csaldjncgoleykghtkpncaypzmvo/Build/Intermediates.noindex/ExplicitPrecompiledModules/_tgmath-94RMJ6KU23I1D1YIJMXAW26LZ.scan

SwiftDriverJobDiscovery normal arm64 Emitting module for IssueReporting (in target 'IssueReporting' from project 'xctest-dynamic-overlay')

SwiftDriver\ Compilation\ Requirements IssueReporting normal arm64 com.apple.xcode.tools.swift.compiler (in target 'IssueReporting' from project 'xctest-dynamic-overlay')
    cd /Users/jans./Downloads/meal.advisor/meal.advisor.ios/meal.advisor.ios/meal.advisor.ios/meal.advisor.ios.xcodeproj
    builtin-Swift-Compilation-Requirements -- /Applications/Xcode.app/Contents/Developer/Toolchains/XcodeDefault.xctoolchain/usr/bin/swiftc -module-name IssueReporting -Onone -enforce-exclusivity\=checked @/Users/jans./Library/Developer/Xcode/DerivedData/meal.advisor.ios-csaldjncgoleykghtkpncaypzmvo/Build/Intermediates.noindex/xctest-dynamic-overlay.build/Debug-iphonesimulator/IssueReporting.build/Objects-normal/arm64/IssueReporting.SwiftFileList -DSWIFT_PACKAGE -DDEBUG -DXcode -plugin-path /Applications/Xcode.app/Contents/Developer/Toolchains/XcodeDefault.xctoolchain/usr/lib/swift/host/plugins/testing -enable-experimental-feature DebugDescriptionMacro -sdk /Applications/Xcode.app/Contents/Developer/Platforms/iPhoneSimulator.platform/Developer/SDKs/iPhoneSimulator18.5.sdk -target arm64-apple-ios13.0-simulator -g -module-cache-path /Users/jans./Library/Developer/Xcode/DerivedData/ModuleCache.noindex -Xfrontend -serialize-debugging-options -enable-testing -suppress-warnings -index-store-path /Users/jans./Library/Developer/Xcode/DerivedData/meal.advisor.ios-csaldjncgoleykghtkpncaypzmvo/Index.noindex/DataStore -swift-version 6 -I /Users/jans./Library/Developer/Xcode/DerivedData/meal.advisor.ios-csaldjncgoleykghtkpncaypzmvo/Build/Products/Debug-iphonesimulator -I /Applications/Xcode.app/Contents/Developer/Platforms/iPhoneSimulator.platform/Developer/usr/lib -F /Users/jans./Library/Developer/Xcode/DerivedData/meal.advisor.ios-csaldjncgoleykghtkpncaypzmvo/Build/Products/Debug-iphonesimulator/PackageFrameworks -F /Users/jans./Library/Developer/Xcode/DerivedData/meal.advisor.ios-csaldjncgoleykghtkpncaypzmvo/Build/Products/Debug-iphonesimulator -F /Applications/Xcode.app/Contents/Developer/Platforms/iPhoneSimulator.platform/Developer/Library/Frameworks -F /Applications/Xcode.app/Contents/Developer/Platforms/iPhoneSimulator.platform/Developer/SDKs/iPhoneSimulator18.5.sdk/Developer/Library/Frameworks -c -j8 -enable-batch-mode -incremental -Xcc -ivfsstatcache -Xcc /Users/jans./Library/Developer/Xcode/DerivedData/SDKStatCaches.noindex/iphonesimulator18.5-22F76-d5fc8ad4295d2ef488fb7d0f804ce0c4.sdkstatcache -output-file-map /Users/jans./Library/Developer/Xcode/DerivedData/meal.advisor.ios-csaldjncgoleykghtkpncaypzmvo/Build/Intermediates.noindex/xctest-dynamic-overlay.build/Debug-iphonesimulator/IssueReporting.build/Objects-normal/arm64/IssueReporting-OutputFileMap.json -use-frontend-parseable-output -save-temps -no-color-diagnostics -serialize-diagnostics -emit-dependencies -emit-module -emit-module-path /Users/jans./Library/Developer/Xcode/DerivedData/meal.advisor.ios-csaldjncgoleykghtkpncaypzmvo/Build/Intermediates.noindex/xctest-dynamic-overlay.build/Debug-iphonesimulator/IssueReporting.build/Objects-normal/arm64/IssueReporting.swiftmodule -user-module-version 1.6.1 -validate-clang-modules-once -clang-build-session-file /Users/jans./Library/Developer/Xcode/DerivedData/ModuleCache.noindex/Session.modulevalidation -package-name xctest_dynamic_overlay -Xcc -I/Users/jans./Library/Developer/Xcode/DerivedData/meal.advisor.ios-csaldjncgoleykghtkpncaypzmvo/Build/Intermediates.noindex/xctest-dynamic-overlay.build/Debug-iphonesimulator/IssueReporting.build/swift-overrides.hmap -emit-const-values -Xfrontend -const-gather-protocols-file -Xfrontend /Users/jans./Library/Developer/Xcode/DerivedData/meal.advisor.ios-csaldjncgoleykghtkpncaypzmvo/Build/Intermediates.noindex/xctest-dynamic-overlay.build/Debug-iphonesimulator/IssueReporting.build/Objects-normal/arm64/IssueReporting_const_extract_protocols.json -Xcc -I/Users/jans./Library/Developer/Xcode/DerivedData/meal.advisor.ios-csaldjncgoleykghtkpncaypzmvo/Build/Products/Debug-iphonesimulator/include -Xcc -I/Users/jans./Library/Developer/Xcode/DerivedData/meal.advisor.ios-csaldjncgoleykghtkpncaypzmvo/Build/Intermediates.noindex/xctest-dynamic-overlay.build/Debug-iphonesimulator/IssueReporting.build/DerivedSources-normal/arm64 -Xcc -I/Users/jans./Library/Developer/Xcode/DerivedData/meal.advisor.ios-csaldjncgoleykghtkpncaypzmvo/Build/Intermediates.noindex/xctest-dynamic-overlay.build/Debug-iphonesimulator/IssueReporting.build/DerivedSources/arm64 -Xcc -I/Users/jans./Library/Developer/Xcode/DerivedData/meal.advisor.ios-csaldjncgoleykghtkpncaypzmvo/Build/Intermediates.noindex/xctest-dynamic-overlay.build/Debug-iphonesimulator/IssueReporting.build/DerivedSources -Xcc -DSWIFT_PACKAGE -Xcc -DDEBUG\=1 -emit-objc-header -emit-objc-header-path /Users/jans./Library/Developer/Xcode/DerivedData/meal.advisor.ios-csaldjncgoleykghtkpncaypzmvo/Build/Intermediates.noindex/xctest-dynamic-overlay.build/Debug-iphonesimulator/IssueReporting.build/Objects-normal/arm64/IssueReporting-Swift.h -working-directory /Users/jans./Downloads/meal.advisor/meal.advisor.ios/meal.advisor.ios/meal.advisor.ios/meal.advisor.ios.xcodeproj -experimental-emit-module-separately -disable-cmo

PrecompileModule /Users/jans./Library/Developer/Xcode/DerivedData/meal.advisor.ios-csaldjncgoleykghtkpncaypzmvo/Build/Intermediates.noindex/ExplicitPrecompiledModules/sys_resource-C65G7BWJ8H5WU9EVYDSDDUBE4.scan
    cd /Users/jans./Downloads/meal.advisor/meal.advisor.ios/meal.advisor.ios/meal.advisor.ios/meal.advisor.ios.xcodeproj
    builtin-precompileModule /Users/jans./Library/Developer/Xcode/DerivedData/meal.advisor.ios-csaldjncgoleykghtkpncaypzmvo/Build/Intermediates.noindex/ExplicitPrecompiledModules/sys_resource-C65G7BWJ8H5WU9EVYDSDDUBE4.scan

PrecompileModule /Users/jans./Library/Developer/Xcode/DerivedData/meal.advisor.ios-csaldjncgoleykghtkpncaypzmvo/Build/Intermediates.noindex/ExplicitPrecompiledModules/_time-6LDDR6KRQ03ICX1WMYMEUSJPA.scan
    cd /Users/jans./Downloads/meal.advisor/meal.advisor.ios/meal.advisor.ios/meal.advisor.ios/meal.advisor.ios.xcodeproj
    builtin-precompileModule /Users/jans./Library/Developer/Xcode/DerivedData/meal.advisor.ios-csaldjncgoleykghtkpncaypzmvo/Build/Intermediates.noindex/ExplicitPrecompiledModules/_time-6LDDR6KRQ03ICX1WMYMEUSJPA.scan

SwiftDriverJobDiscovery normal arm64 Compiling WithExpectedIssue.swift, WithIssueContext.swift (in target 'IssueReporting' from project 'xctest-dynamic-overlay')

SwiftMergeGeneratedHeaders /Users/jans./Library/Developer/Xcode/DerivedData/meal.advisor.ios-csaldjncgoleykghtkpncaypzmvo/Build/Intermediates.noindex/GeneratedModuleMaps-iphonesimulator/IssueReporting-Swift.h /Users/jans./Library/Developer/Xcode/DerivedData/meal.advisor.ios-csaldjncgoleykghtkpncaypzmvo/Build/Intermediates.noindex/xctest-dynamic-overlay.build/Debug-iphonesimulator/IssueReporting.build/Objects-normal/arm64/IssueReporting-Swift.h (in target 'IssueReporting' from project 'xctest-dynamic-overlay')
    cd /Users/jans./Library/Developer/Xcode/DerivedData/meal.advisor.ios-csaldjncgoleykghtkpncaypzmvo/SourcePackages/checkouts/xctest-dynamic-overlay
    builtin-swiftHeaderTool -arch arm64 /Users/jans./Library/Developer/Xcode/DerivedData/meal.advisor.ios-csaldjncgoleykghtkpncaypzmvo/Build/Intermediates.noindex/xctest-dynamic-overlay.build/Debug-iphonesimulator/IssueReporting.build/Objects-normal/arm64/IssueReporting-Swift.h -o /Users/jans./Library/Developer/Xcode/DerivedData/meal.advisor.ios-csaldjncgoleykghtkpncaypzmvo/Build/Intermediates.noindex/GeneratedModuleMaps-iphonesimulator/IssueReporting-Swift.h

Copy /Users/jans./Library/Developer/Xcode/DerivedData/meal.advisor.ios-csaldjncgoleykghtkpncaypzmvo/Build/Products/Debug-iphonesimulator/IssueReporting.swiftmodule/arm64-apple-ios-simulator.swiftmodule /Users/jans./Library/Developer/Xcode/DerivedData/meal.advisor.ios-csaldjncgoleykghtkpncaypzmvo/Build/Intermediates.noindex/xctest-dynamic-overlay.build/Debug-iphonesimulator/IssueReporting.build/Objects-normal/arm64/IssueReporting.swiftmodule (in target 'IssueReporting' from project 'xctest-dynamic-overlay')
    cd /Users/jans./Library/Developer/Xcode/DerivedData/meal.advisor.ios-csaldjncgoleykghtkpncaypzmvo/SourcePackages/checkouts/xctest-dynamic-overlay
    builtin-copy -exclude .DS_Store -exclude CVS -exclude .svn -exclude .git -exclude .hg -resolve-src-symlinks -rename /Users/jans./Library/Developer/Xcode/DerivedData/meal.advisor.ios-csaldjncgoleykghtkpncaypzmvo/Build/Intermediates.noindex/xctest-dynamic-overlay.build/Debug-iphonesimulator/IssueReporting.build/Objects-normal/arm64/IssueReporting.swiftmodule /Users/jans./Library/Developer/Xcode/DerivedData/meal.advisor.ios-csaldjncgoleykghtkpncaypzmvo/Build/Products/Debug-iphonesimulator/IssueReporting.swiftmodule/arm64-apple-ios-simulator.swiftmodule

Copy /Users/jans./Library/Developer/Xcode/DerivedData/meal.advisor.ios-csaldjncgoleykghtkpncaypzmvo/Build/Products/Debug-iphonesimulator/IssueReporting.swiftmodule/arm64-apple-ios-simulator.swiftdoc /Users/jans./Library/Developer/Xcode/DerivedData/meal.advisor.ios-csaldjncgoleykghtkpncaypzmvo/Build/Intermediates.noindex/xctest-dynamic-overlay.build/Debug-iphonesimulator/IssueReporting.build/Objects-normal/arm64/IssueReporting.swiftdoc (in target 'IssueReporting' from project 'xctest-dynamic-overlay')
    cd /Users/jans./Library/Developer/Xcode/DerivedData/meal.advisor.ios-csaldjncgoleykghtkpncaypzmvo/SourcePackages/checkouts/xctest-dynamic-overlay
    builtin-copy -exclude .DS_Store -exclude CVS -exclude .svn -exclude .git -exclude .hg -resolve-src-symlinks -rename /Users/jans./Library/Developer/Xcode/DerivedData/meal.advisor.ios-csaldjncgoleykghtkpncaypzmvo/Build/Intermediates.noindex/xctest-dynamic-overlay.build/Debug-iphonesimulator/IssueReporting.build/Objects-normal/arm64/IssueReporting.swiftdoc /Users/jans./Library/Developer/Xcode/DerivedData/meal.advisor.ios-csaldjncgoleykghtkpncaypzmvo/Build/Products/Debug-iphonesimulator/IssueReporting.swiftmodule/arm64-apple-ios-simulator.swiftdoc

Copy /Users/jans./Library/Developer/Xcode/DerivedData/meal.advisor.ios-csaldjncgoleykghtkpncaypzmvo/Build/Products/Debug-iphonesimulator/IssueReporting.swiftmodule/arm64-apple-ios-simulator.abi.json /Users/jans./Library/Developer/Xcode/DerivedData/meal.advisor.ios-csaldjncgoleykghtkpncaypzmvo/Build/Intermediates.noindex/xctest-dynamic-overlay.build/Debug-iphonesimulator/IssueReporting.build/Objects-normal/arm64/IssueReporting.abi.json (in target 'IssueReporting' from project 'xctest-dynamic-overlay')
    cd /Users/jans./Library/Developer/Xcode/DerivedData/meal.advisor.ios-csaldjncgoleykghtkpncaypzmvo/SourcePackages/checkouts/xctest-dynamic-overlay
    builtin-copy -exclude .DS_Store -exclude CVS -exclude .svn -exclude .git -exclude .hg -resolve-src-symlinks -rename /Users/jans./Library/Developer/Xcode/DerivedData/meal.advisor.ios-csaldjncgoleykghtkpncaypzmvo/Build/Intermediates.noindex/xctest-dynamic-overlay.build/Debug-iphonesimulator/IssueReporting.build/Objects-normal/arm64/IssueReporting.abi.json /Users/jans./Library/Developer/Xcode/DerivedData/meal.advisor.ios-csaldjncgoleykghtkpncaypzmvo/Build/Products/Debug-iphonesimulator/IssueReporting.swiftmodule/arm64-apple-ios-simulator.abi.json

Copy /Users/jans./Library/Developer/Xcode/DerivedData/meal.advisor.ios-csaldjncgoleykghtkpncaypzmvo/Build/Products/Debug-iphonesimulator/IssueReporting.swiftmodule/Project/arm64-apple-ios-simulator.swiftsourceinfo /Users/jans./Library/Developer/Xcode/DerivedData/meal.advisor.ios-csaldjncgoleykghtkpncaypzmvo/Build/Intermediates.noindex/xctest-dynamic-overlay.build/Debug-iphonesimulator/IssueReporting.build/Objects-normal/arm64/IssueReporting.swiftsourceinfo (in target 'IssueReporting' from project 'xctest-dynamic-overlay')
    cd /Users/jans./Library/Developer/Xcode/DerivedData/meal.advisor.ios-csaldjncgoleykghtkpncaypzmvo/SourcePackages/checkouts/xctest-dynamic-overlay
    builtin-copy -exclude .DS_Store -exclude CVS -exclude .svn -exclude .git -exclude .hg -resolve-src-symlinks -rename /Users/jans./Library/Developer/Xcode/DerivedData/meal.advisor.ios-csaldjncgoleykghtkpncaypzmvo/Build/Intermediates.noindex/xctest-dynamic-overlay.build/Debug-iphonesimulator/IssueReporting.build/Objects-normal/arm64/IssueReporting.swiftsourceinfo /Users/jans./Library/Developer/Xcode/DerivedData/meal.advisor.ios-csaldjncgoleykghtkpncaypzmvo/Build/Products/Debug-iphonesimulator/IssueReporting.swiftmodule/Project/arm64-apple-ios-simulator.swiftsourceinfo

PrecompileModule /Users/jans./Library/Developer/Xcode/DerivedData/meal.advisor.ios-csaldjncgoleykghtkpncaypzmvo/Build/Intermediates.noindex/ExplicitPrecompiledModules/_Builtin_inttypes-DZP2U5NI2PVG5ECX52YYTR9AI.scan
    cd /Users/jans./Downloads/meal.advisor/meal.advisor.ios/meal.advisor.ios/meal.advisor.ios/meal.advisor.ios.xcodeproj
    builtin-precompileModule /Users/jans./Library/Developer/Xcode/DerivedData/meal.advisor.ios-csaldjncgoleykghtkpncaypzmvo/Build/Intermediates.noindex/ExplicitPrecompiledModules/_Builtin_inttypes-DZP2U5NI2PVG5ECX52YYTR9AI.scan

PrecompileModule /Users/jans./Library/Developer/Xcode/DerivedData/meal.advisor.ios-csaldjncgoleykghtkpncaypzmvo/Build/Intermediates.noindex/ExplicitPrecompiledModules/nl_types-C3LFP5V0WLSTA9ZHQCIBYERW7.scan
    cd /Users/jans./Downloads/meal.advisor/meal.advisor.ios/meal.advisor.ios/meal.advisor.ios/meal.advisor.ios.xcodeproj
    builtin-precompileModule /Users/jans./Library/Developer/Xcode/DerivedData/meal.advisor.ios-csaldjncgoleykghtkpncaypzmvo/Build/Intermediates.noindex/ExplicitPrecompiledModules/nl_types-C3LFP5V0WLSTA9ZHQCIBYERW7.scan

PrecompileModule /Users/jans./Library/Developer/Xcode/DerivedData/meal.advisor.ios-csaldjncgoleykghtkpncaypzmvo/Build/Intermediates.noindex/ExplicitPrecompiledModules/xlocale-AXMCFVKVG7IW56CM17SZQOCOY.scan
    cd /Users/jans./Downloads/meal.advisor/meal.advisor.ios/meal.advisor.ios/meal.advisor.ios/meal.advisor.ios.xcodeproj
    builtin-precompileModule /Users/jans./Library/Developer/Xcode/DerivedData/meal.advisor.ios-csaldjncgoleykghtkpncaypzmvo/Build/Intermediates.noindex/ExplicitPrecompiledModules/xlocale-AXMCFVKVG7IW56CM17SZQOCOY.scan

PrecompileModule /Users/jans./Library/Developer/Xcode/DerivedData/meal.advisor.ios-csaldjncgoleykghtkpncaypzmvo/Build/Intermediates.noindex/ExplicitPrecompiledModules/_stdio-5QZ5Y16JYWTOYGKZYC8B9G3G8.scan
    cd /Users/jans./Downloads/meal.advisor/meal.advisor.ios/meal.advisor.ios/meal.advisor.ios/meal.advisor.ios.xcodeproj
    builtin-precompileModule /Users/jans./Library/Developer/Xcode/DerivedData/meal.advisor.ios-csaldjncgoleykghtkpncaypzmvo/Build/Intermediates.noindex/ExplicitPrecompiledModules/_stdio-5QZ5Y16JYWTOYGKZYC8B9G3G8.scan

PrecompileModule /Users/jans./Library/Developer/Xcode/DerivedData/meal.advisor.ios-csaldjncgoleykghtkpncaypzmvo/Build/Intermediates.noindex/ExplicitPrecompiledModules/gethostuuid-DMAUPNRSP88Q5DFO200TO9HNH.scan
    cd /Users/jans./Downloads/meal.advisor/meal.advisor.ios/meal.advisor.ios/meal.advisor.ios/meal.advisor.ios.xcodeproj
    builtin-precompileModule /Users/jans./Library/Developer/Xcode/DerivedData/meal.advisor.ios-csaldjncgoleykghtkpncaypzmvo/Build/Intermediates.noindex/ExplicitPrecompiledModules/gethostuuid-DMAUPNRSP88Q5DFO200TO9HNH.scan

PrecompileModule /Users/jans./Library/Developer/Xcode/DerivedData/meal.advisor.ios-csaldjncgoleykghtkpncaypzmvo/Build/Intermediates.noindex/ExplicitPrecompiledModules/_Builtin_tgmath-2W33TFT80YU50HYCXG2QPOFK8.scan
    cd /Users/jans./Downloads/meal.advisor/meal.advisor.ios/meal.advisor.ios/meal.advisor.ios/meal.advisor.ios.xcodeproj
    builtin-precompileModule /Users/jans./Library/Developer/Xcode/DerivedData/meal.advisor.ios-csaldjncgoleykghtkpncaypzmvo/Build/Intermediates.noindex/ExplicitPrecompiledModules/_Builtin_tgmath-2W33TFT80YU50HYCXG2QPOFK8.scan

PrecompileModule /Users/jans./Library/Developer/Xcode/DerivedData/meal.advisor.ios-csaldjncgoleykghtkpncaypzmvo/Build/Intermediates.noindex/ExplicitPrecompiledModules/_signal-E7OCIWINO28RK78WOIUVGE7AP.scan
    cd /Users/jans./Downloads/meal.advisor/meal.advisor.ios/meal.advisor.ios/meal.advisor.ios/meal.advisor.ios.xcodeproj
    builtin-precompileModule /Users/jans./Library/Developer/Xcode/DerivedData/meal.advisor.ios-csaldjncgoleykghtkpncaypzmvo/Build/Intermediates.noindex/ExplicitPrecompiledModules/_signal-E7OCIWINO28RK78WOIUVGE7AP.scan

PrecompileModule /Users/jans./Library/Developer/Xcode/DerivedData/meal.advisor.ios-csaldjncgoleykghtkpncaypzmvo/Build/Intermediates.noindex/ExplicitPrecompiledModules/_string-84OF2NM5YGYRR2A0O9MRSSUVL.scan
    cd /Users/jans./Downloads/meal.advisor/meal.advisor.ios/meal.advisor.ios/meal.advisor.ios/meal.advisor.ios.xcodeproj
    builtin-precompileModule /Users/jans./Library/Developer/Xcode/DerivedData/meal.advisor.ios-csaldjncgoleykghtkpncaypzmvo/Build/Intermediates.noindex/ExplicitPrecompiledModules/_string-84OF2NM5YGYRR2A0O9MRSSUVL.scan

ScanDependencies /Users/jans./Library/Developer/Xcode/DerivedData/meal.advisor.ios-csaldjncgoleykghtkpncaypzmvo/Build/Intermediates.noindex/GoogleSignIn.build/Debug-iphonesimulator/GoogleSignIn.build/Objects-normal/arm64/GIDSignInStrings.o /Users/jans./Library/Developer/Xcode/DerivedData/meal.advisor.ios-csaldjncgoleykghtkpncaypzmvo/SourcePackages/checkouts/GoogleSignIn-iOS/GoogleSignIn/Sources/GIDSignInStrings.m normal arm64 objective-c com.apple.compilers.llvm.clang.1_0.compiler (in target 'GoogleSignIn' from project 'GoogleSignIn')
    cd /Users/jans./Downloads/meal.advisor/meal.advisor.ios/meal.advisor.ios/meal.advisor.ios/meal.advisor.ios.xcodeproj
    
    Using response file: /Users/jans./Library/Developer/Xcode/DerivedData/meal.advisor.ios-csaldjncgoleykghtkpncaypzmvo/Build/Intermediates.noindex/GoogleSignIn.build/Debug-iphonesimulator/GoogleSignIn.build/Objects-normal/arm64/e6072d4f65d7061329687fe24e3d63a7-common-args.resp
    
    builtin-ScanDependencies -o /Users/jans./Library/Developer/Xcode/DerivedData/meal.advisor.ios-csaldjncgoleykghtkpncaypzmvo/Build/Intermediates.noindex/GoogleSignIn.build/Debug-iphonesimulator/GoogleSignIn.build/Objects-normal/arm64/GIDSignInStrings.o.scan -- /Applications/Xcode.app/Contents/Developer/Toolchains/XcodeDefault.xctoolchain/usr/bin/clang -x objective-c -ivfsstatcache /Users/jans./Library/Developer/Xcode/DerivedData/SDKStatCaches.noindex/iphonesimulator18.5-22F76-d5fc8ad4295d2ef488fb7d0f804ce0c4.sdkstatcache -fmessage-length\=0 -fdiagnostics-show-note-include-stack -fmacro-backtrace-limit\=0 -fno-color-diagnostics -fmodules-prune-interval\=86400 -fmodules-prune-after\=345600 -fbuild-session-file\=/Users/jans./Library/Developer/Xcode/DerivedData/ModuleCache.noindex/Session.modulevalidation -fmodules-validate-once-per-build-session -Wnon-modular-include-in-framework-module -Werror\=non-modular-include-in-framework-module -Wno-trigraphs -Wno-missing-field-initializers -Wno-missing-prototypes -Wno-return-type -Wno-implicit-atomic-properties -Wno-objc-interface-ivars -Wno-arc-repeated-use-of-weak -Wno-missing-braces -Wparentheses -Wswitch -Wno-unused-function -Wno-unused-label -Wno-unused-parameter -Wno-unused-variable -Wunused-value -Wno-empty-body -Wno-uninitialized -Wno-unknown-pragmas -w -Wno-shadow -Wno-four-char-constants -Wno-conversion -Wno-constant-conversion -Wno-int-conversion -Wno-bool-conversion -Wno-enum-conversion -Wno-float-conversion -Wno-non-literal-null-conversion -Wno-objc-literal-conversion -Wshorten-64-to-32 -Wpointer-sign -Wno-newline-eof -Wno-selector -Wno-strict-selector-match -Wno-undeclared-selector -Wno-deprecated-implementations -Wno-implicit-fallthrough -fstrict-aliasing -Wprotocol -Wdeprecated-declarations -Wno-sign-conversion -Wno-infinite-recursion -Wno-comma -Wno-block-capture-autoreleasing -Wno-strict-prototypes -Wno-semicolon-before-method-body -index-store-path /Users/jans./Library/Developer/Xcode/DerivedData/meal.advisor.ios-csaldjncgoleykghtkpncaypzmvo/Index.noindex/DataStore @/Users/jans./Library/Developer/Xcode/DerivedData/meal.advisor.ios-csaldjncgoleykghtkpncaypzmvo/Build/Intermediates.noindex/GoogleSignIn.build/Debug-iphonesimulator/GoogleSignIn.build/Objects-normal/arm64/e6072d4f65d7061329687fe24e3d63a7-common-args.resp -include /Users/jans./Library/Developer/Xcode/DerivedData/meal.advisor.ios-csaldjncgoleykghtkpncaypzmvo/Build/Intermediates.noindex/GoogleSignIn.build/Debug-iphonesimulator/GoogleSignIn.build/DerivedSources/resource_bundle_accessor.h -MMD -MT dependencies -MF /Users/jans./Library/Developer/Xcode/DerivedData/meal.advisor.ios-csaldjncgoleykghtkpncaypzmvo/Build/Intermediates.noindex/GoogleSignIn.build/Debug-iphonesimulator/GoogleSignIn.build/Objects-normal/arm64/GIDSignInStrings.d --serialize-diagnostics /Users/jans./Library/Developer/Xcode/DerivedData/meal.advisor.ios-csaldjncgoleykghtkpncaypzmvo/Build/Intermediates.noindex/GoogleSignIn.build/Debug-iphonesimulator/GoogleSignIn.build/Objects-normal/arm64/GIDSignInStrings.dia -c /Users/jans./Library/Developer/Xcode/DerivedData/meal.advisor.ios-csaldjncgoleykghtkpncaypzmvo/SourcePackages/checkouts/GoogleSignIn-iOS/GoogleSignIn/Sources/GIDSignInStrings.m -o /Users/jans./Library/Developer/Xcode/DerivedData/meal.advisor.ios-csaldjncgoleykghtkpncaypzmvo/Build/Intermediates.noindex/GoogleSignIn.build/Debug-iphonesimulator/GoogleSignIn.build/Objects-normal/arm64/GIDSignInStrings.o -index-unit-output-path /GoogleSignIn.build/Debug-iphonesimulator/GoogleSignIn.build/Objects-normal/arm64/GIDSignInStrings.o

ScanDependencies /Users/jans./Library/Developer/Xcode/DerivedData/meal.advisor.ios-csaldjncgoleykghtkpncaypzmvo/Build/Intermediates.noindex/GoogleSignIn.build/Debug-iphonesimulator/GoogleSignIn.build/Objects-normal/arm64/GIDSignInResult.o /Users/jans./Library/Developer/Xcode/DerivedData/meal.advisor.ios-csaldjncgoleykghtkpncaypzmvo/SourcePackages/checkouts/GoogleSignIn-iOS/GoogleSignIn/Sources/GIDSignInResult.m normal arm64 objective-c com.apple.compilers.llvm.clang.1_0.compiler (in target 'GoogleSignIn' from project 'GoogleSignIn')
    cd /Users/jans./Downloads/meal.advisor/meal.advisor.ios/meal.advisor.ios/meal.advisor.ios/meal.advisor.ios.xcodeproj
    
    Using response file: /Users/jans./Library/Developer/Xcode/DerivedData/meal.advisor.ios-csaldjncgoleykghtkpncaypzmvo/Build/Intermediates.noindex/GoogleSignIn.build/Debug-iphonesimulator/GoogleSignIn.build/Objects-normal/arm64/e6072d4f65d7061329687fe24e3d63a7-common-args.resp
    
    builtin-ScanDependencies -o /Users/jans./Library/Developer/Xcode/DerivedData/meal.advisor.ios-csaldjncgoleykghtkpncaypzmvo/Build/Intermediates.noindex/GoogleSignIn.build/Debug-iphonesimulator/GoogleSignIn.build/Objects-normal/arm64/GIDSignInResult.o.scan -- /Applications/Xcode.app/Contents/Developer/Toolchains/XcodeDefault.xctoolchain/usr/bin/clang -x objective-c -ivfsstatcache /Users/jans./Library/Developer/Xcode/DerivedData/SDKStatCaches.noindex/iphonesimulator18.5-22F76-d5fc8ad4295d2ef488fb7d0f804ce0c4.sdkstatcache -fmessage-length\=0 -fdiagnostics-show-note-include-stack -fmacro-backtrace-limit\=0 -fno-color-diagnostics -fmodules-prune-interval\=86400 -fmodules-prune-after\=345600 -fbuild-session-file\=/Users/jans./Library/Developer/Xcode/DerivedData/ModuleCache.noindex/Session.modulevalidation -fmodules-validate-once-per-build-session -Wnon-modular-include-in-framework-module -Werror\=non-modular-include-in-framework-module -Wno-trigraphs -Wno-missing-field-initializers -Wno-missing-prototypes -Wno-return-type -Wno-implicit-atomic-properties -Wno-objc-interface-ivars -Wno-arc-repeated-use-of-weak -Wno-missing-braces -Wparentheses -Wswitch -Wno-unused-function -Wno-unused-label -Wno-unused-parameter -Wno-unused-variable -Wunused-value -Wno-empty-body -Wno-uninitialized -Wno-unknown-pragmas -w -Wno-shadow -Wno-four-char-constants -Wno-conversion -Wno-constant-conversion -Wno-int-conversion -Wno-bool-conversion -Wno-enum-conversion -Wno-float-conversion -Wno-non-literal-null-conversion -Wno-objc-literal-conversion -Wshorten-64-to-32 -Wpointer-sign -Wno-newline-eof -Wno-selector -Wno-strict-selector-match -Wno-undeclared-selector -Wno-deprecated-implementations -Wno-implicit-fallthrough -fstrict-aliasing -Wprotocol -Wdeprecated-declarations -Wno-sign-conversion -Wno-infinite-recursion -Wno-comma -Wno-block-capture-autoreleasing -Wno-strict-prototypes -Wno-semicolon-before-method-body -index-store-path /Users/jans./Library/Developer/Xcode/DerivedData/meal.advisor.ios-csaldjncgoleykghtkpncaypzmvo/Index.noindex/DataStore @/Users/jans./Library/Developer/Xcode/DerivedData/meal.advisor.ios-csaldjncgoleykghtkpncaypzmvo/Build/Intermediates.noindex/GoogleSignIn.build/Debug-iphonesimulator/GoogleSignIn.build/Objects-normal/arm64/e6072d4f65d7061329687fe24e3d63a7-common-args.resp -include /Users/jans./Library/Developer/Xcode/DerivedData/meal.advisor.ios-csaldjncgoleykghtkpncaypzmvo/Build/Intermediates.noindex/GoogleSignIn.build/Debug-iphonesimulator/GoogleSignIn.build/DerivedSources/resource_bundle_accessor.h -MMD -MT dependencies -MF /Users/jans./Library/Developer/Xcode/DerivedData/meal.advisor.ios-csaldjncgoleykghtkpncaypzmvo/Build/Intermediates.noindex/GoogleSignIn.build/Debug-iphonesimulator/GoogleSignIn.build/Objects-normal/arm64/GIDSignInResult.d --serialize-diagnostics /Users/jans./Library/Developer/Xcode/DerivedData/meal.advisor.ios-csaldjncgoleykghtkpncaypzmvo/Build/Intermediates.noindex/GoogleSignIn.build/Debug-iphonesimulator/GoogleSignIn.build/Objects-normal/arm64/GIDSignInResult.dia -c /Users/jans./Library/Developer/Xcode/DerivedData/meal.advisor.ios-csaldjncgoleykghtkpncaypzmvo/SourcePackages/checkouts/GoogleSignIn-iOS/GoogleSignIn/Sources/GIDSignInResult.m -o /Users/jans./Library/Developer/Xcode/DerivedData/meal.advisor.ios-csaldjncgoleykghtkpncaypzmvo/Build/Intermediates.noindex/GoogleSignIn.build/Debug-iphonesimulator/GoogleSignIn.build/Objects-normal/arm64/GIDSignInResult.o -index-unit-output-path /GoogleSignIn.build/Debug-iphonesimulator/GoogleSignIn.build/Objects-normal/arm64/GIDSignInResult.o

PrecompileModule /Users/jans./Library/Developer/Xcode/DerivedData/meal.advisor.ios-csaldjncgoleykghtkpncaypzmvo/Build/Intermediates.noindex/ExplicitPrecompiledModules/_wchar-1ZFJVUD78KOQK1F86EKQ3YRV9.scan
    cd /Users/jans./Downloads/meal.advisor/meal.advisor.ios/meal.advisor.ios/meal.advisor.ios/meal.advisor.ios.xcodeproj
    builtin-precompileModule /Users/jans./Library/Developer/Xcode/DerivedData/meal.advisor.ios-csaldjncgoleykghtkpncaypzmvo/Build/Intermediates.noindex/ExplicitPrecompiledModules/_wchar-1ZFJVUD78KOQK1F86EKQ3YRV9.scan

ScanDependencies /Users/jans./Library/Developer/Xcode/DerivedData/meal.advisor.ios-csaldjncgoleykghtkpncaypzmvo/Build/Intermediates.noindex/GoogleSignIn.build/Debug-iphonesimulator/GoogleSignIn.build/Objects-normal/arm64/GIDSignInPreferences.o /Users/jans./Library/Developer/Xcode/DerivedData/meal.advisor.ios-csaldjncgoleykghtkpncaypzmvo/SourcePackages/checkouts/GoogleSignIn-iOS/GoogleSignIn/Sources/GIDSignInPreferences.m normal arm64 objective-c com.apple.compilers.llvm.clang.1_0.compiler (in target 'GoogleSignIn' from project 'GoogleSignIn')
    cd /Users/jans./Downloads/meal.advisor/meal.advisor.ios/meal.advisor.ios/meal.advisor.ios/meal.advisor.ios.xcodeproj
    
    Using response file: /Users/jans./Library/Developer/Xcode/DerivedData/meal.advisor.ios-csaldjncgoleykghtkpncaypzmvo/Build/Intermediates.noindex/GoogleSignIn.build/Debug-iphonesimulator/GoogleSignIn.build/Objects-normal/arm64/e6072d4f65d7061329687fe24e3d63a7-common-args.resp
    
    builtin-ScanDependencies -o /Users/jans./Library/Developer/Xcode/DerivedData/meal.advisor.ios-csaldjncgoleykghtkpncaypzmvo/Build/Intermediates.noindex/GoogleSignIn.build/Debug-iphonesimulator/GoogleSignIn.build/Objects-normal/arm64/GIDSignInPreferences.o.scan -- /Applications/Xcode.app/Contents/Developer/Toolchains/XcodeDefault.xctoolchain/usr/bin/clang -x objective-c -ivfsstatcache /Users/jans./Library/Developer/Xcode/DerivedData/SDKStatCaches.noindex/iphonesimulator18.5-22F76-d5fc8ad4295d2ef488fb7d0f804ce0c4.sdkstatcache -fmessage-length\=0 -fdiagnostics-show-note-include-stack -fmacro-backtrace-limit\=0 -fno-color-diagnostics -fmodules-prune-interval\=86400 -fmodules-prune-after\=345600 -fbuild-session-file\=/Users/jans./Library/Developer/Xcode/DerivedData/ModuleCache.noindex/Session.modulevalidation -fmodules-validate-once-per-build-session -Wnon-modular-include-in-framework-module -Werror\=non-modular-include-in-framework-module -Wno-trigraphs -Wno-missing-field-initializers -Wno-missing-prototypes -Wno-return-type -Wno-implicit-atomic-properties -Wno-objc-interface-ivars -Wno-arc-repeated-use-of-weak -Wno-missing-braces -Wparentheses -Wswitch -Wno-unused-function -Wno-unused-label -Wno-unused-parameter -Wno-unused-variable -Wunused-value -Wno-empty-body -Wno-uninitialized -Wno-unknown-pragmas -w -Wno-shadow -Wno-four-char-constants -Wno-conversion -Wno-constant-conversion -Wno-int-conversion -Wno-bool-conversion -Wno-enum-conversion -Wno-float-conversion -Wno-non-literal-null-conversion -Wno-objc-literal-conversion -Wshorten-64-to-32 -Wpointer-sign -Wno-newline-eof -Wno-selector -Wno-strict-selector-match -Wno-undeclared-selector -Wno-deprecated-implementations -Wno-implicit-fallthrough -fstrict-aliasing -Wprotocol -Wdeprecated-declarations -Wno-sign-conversion -Wno-infinite-recursion -Wno-comma -Wno-block-capture-autoreleasing -Wno-strict-prototypes -Wno-semicolon-before-method-body -index-store-path /Users/jans./Library/Developer/Xcode/DerivedData/meal.advisor.ios-csaldjncgoleykghtkpncaypzmvo/Index.noindex/DataStore @/Users/jans./Library/Developer/Xcode/DerivedData/meal.advisor.ios-csaldjncgoleykghtkpncaypzmvo/Build/Intermediates.noindex/GoogleSignIn.build/Debug-iphonesimulator/GoogleSignIn.build/Objects-normal/arm64/e6072d4f65d7061329687fe24e3d63a7-common-args.resp -include /Users/jans./Library/Developer/Xcode/DerivedData/meal.advisor.ios-csaldjncgoleykghtkpncaypzmvo/Build/Intermediates.noindex/GoogleSignIn.build/Debug-iphonesimulator/GoogleSignIn.build/DerivedSources/resource_bundle_accessor.h -MMD -MT dependencies -MF /Users/jans./Library/Developer/Xcode/DerivedData/meal.advisor.ios-csaldjncgoleykghtkpncaypzmvo/Build/Intermediates.noindex/GoogleSignIn.build/Debug-iphonesimulator/GoogleSignIn.build/Objects-normal/arm64/GIDSignInPreferences.d --serialize-diagnostics /Users/jans./Library/Developer/Xcode/DerivedData/meal.advisor.ios-csaldjncgoleykghtkpncaypzmvo/Build/Intermediates.noindex/GoogleSignIn.build/Debug-iphonesimulator/GoogleSignIn.build/Objects-normal/arm64/GIDSignInPreferences.dia -c /Users/jans./Library/Developer/Xcode/DerivedData/meal.advisor.ios-csaldjncgoleykghtkpncaypzmvo/SourcePackages/checkouts/GoogleSignIn-iOS/GoogleSignIn/Sources/GIDSignInPreferences.m -o /Users/jans./Library/Developer/Xcode/DerivedData/meal.advisor.ios-csaldjncgoleykghtkpncaypzmvo/Build/Intermediates.noindex/GoogleSignIn.build/Debug-iphonesimulator/GoogleSignIn.build/Objects-normal/arm64/GIDSignInPreferences.o -index-unit-output-path /GoogleSignIn.build/Debug-iphonesimulator/GoogleSignIn.build/Objects-normal/arm64/GIDSignInPreferences.o

ScanDependencies /Users/jans./Library/Developer/Xcode/DerivedData/meal.advisor.ios-csaldjncgoleykghtkpncaypzmvo/Build/Intermediates.noindex/GoogleSignIn.build/Debug-iphonesimulator/GoogleSignIn.build/Objects-normal/arm64/GIDSignInInternalOptions.o /Users/jans./Library/Developer/Xcode/DerivedData/meal.advisor.ios-csaldjncgoleykghtkpncaypzmvo/SourcePackages/checkouts/GoogleSignIn-iOS/GoogleSignIn/Sources/GIDSignInInternalOptions.m normal arm64 objective-c com.apple.compilers.llvm.clang.1_0.compiler (in target 'GoogleSignIn' from project 'GoogleSignIn')
    cd /Users/jans./Downloads/meal.advisor/meal.advisor.ios/meal.advisor.ios/meal.advisor.ios/meal.advisor.ios.xcodeproj
    
    Using response file: /Users/jans./Library/Developer/Xcode/DerivedData/meal.advisor.ios-csaldjncgoleykghtkpncaypzmvo/Build/Intermediates.noindex/GoogleSignIn.build/Debug-iphonesimulator/GoogleSignIn.build/Objects-normal/arm64/e6072d4f65d7061329687fe24e3d63a7-common-args.resp
    
    builtin-ScanDependencies -o /Users/jans./Library/Developer/Xcode/DerivedData/meal.advisor.ios-csaldjncgoleykghtkpncaypzmvo/Build/Intermediates.noindex/GoogleSignIn.build/Debug-iphonesimulator/GoogleSignIn.build/Objects-normal/arm64/GIDSignInInternalOptions.o.scan -- /Applications/Xcode.app/Contents/Developer/Toolchains/XcodeDefault.xctoolchain/usr/bin/clang -x objective-c -ivfsstatcache /Users/jans./Library/Developer/Xcode/DerivedData/SDKStatCaches.noindex/iphonesimulator18.5-22F76-d5fc8ad4295d2ef488fb7d0f804ce0c4.sdkstatcache -fmessage-length\=0 -fdiagnostics-show-note-include-stack -fmacro-backtrace-limit\=0 -fno-color-diagnostics -fmodules-prune-interval\=86400 -fmodules-prune-after\=345600 -fbuild-session-file\=/Users/jans./Library/Developer/Xcode/DerivedData/ModuleCache.noindex/Session.modulevalidation -fmodules-validate-once-per-build-session -Wnon-modular-include-in-framework-module -Werror\=non-modular-include-in-framework-module -Wno-trigraphs -Wno-missing-field-initializers -Wno-missing-prototypes -Wno-return-type -Wno-implicit-atomic-properties -Wno-objc-interface-ivars -Wno-arc-repeated-use-of-weak -Wno-missing-braces -Wparentheses -Wswitch -Wno-unused-function -Wno-unused-label -Wno-unused-parameter -Wno-unused-variable -Wunused-value -Wno-empty-body -Wno-uninitialized -Wno-unknown-pragmas -w -Wno-shadow -Wno-four-char-constants -Wno-conversion -Wno-constant-conversion -Wno-int-conversion -Wno-bool-conversion -Wno-enum-conversion -Wno-float-conversion -Wno-non-literal-null-conversion -Wno-objc-literal-conversion -Wshorten-64-to-32 -Wpointer-sign -Wno-newline-eof -Wno-selector -Wno-strict-selector-match -Wno-undeclared-selector -Wno-deprecated-implementations -Wno-implicit-fallthrough -fstrict-aliasing -Wprotocol -Wdeprecated-declarations -Wno-sign-conversion -Wno-infinite-recursion -Wno-comma -Wno-block-capture-autoreleasing -Wno-strict-prototypes -Wno-semicolon-before-method-body -index-store-path /Users/jans./Library/Developer/Xcode/DerivedData/meal.advisor.ios-csaldjncgoleykghtkpncaypzmvo/Index.noindex/DataStore @/Users/jans./Library/Developer/Xcode/DerivedData/meal.advisor.ios-csaldjncgoleykghtkpncaypzmvo/Build/Intermediates.noindex/GoogleSignIn.build/Debug-iphonesimulator/GoogleSignIn.build/Objects-normal/arm64/e6072d4f65d7061329687fe24e3d63a7-common-args.resp -include /Users/jans./Library/Developer/Xcode/DerivedData/meal.advisor.ios-csaldjncgoleykghtkpncaypzmvo/Build/Intermediates.noindex/GoogleSignIn.build/Debug-iphonesimulator/GoogleSignIn.build/DerivedSources/resource_bundle_accessor.h -MMD -MT dependencies -MF /Users/jans./Library/Developer/Xcode/DerivedData/meal.advisor.ios-csaldjncgoleykghtkpncaypzmvo/Build/Intermediates.noindex/GoogleSignIn.build/Debug-iphonesimulator/GoogleSignIn.build/Objects-normal/arm64/GIDSignInInternalOptions.d --serialize-diagnostics /Users/jans./Library/Developer/Xcode/DerivedData/meal.advisor.ios-csaldjncgoleykghtkpncaypzmvo/Build/Intermediates.noindex/GoogleSignIn.build/Debug-iphonesimulator/GoogleSignIn.build/Objects-normal/arm64/GIDSignInInternalOptions.dia -c /Users/jans./Library/Developer/Xcode/DerivedData/meal.advisor.ios-csaldjncgoleykghtkpncaypzmvo/SourcePackages/checkouts/GoogleSignIn-iOS/GoogleSignIn/Sources/GIDSignInInternalOptions.m -o /Users/jans./Library/Developer/Xcode/DerivedData/meal.advisor.ios-csaldjncgoleykghtkpncaypzmvo/Build/Intermediates.noindex/GoogleSignIn.build/Debug-iphonesimulator/GoogleSignIn.build/Objects-normal/arm64/GIDSignInInternalOptions.o -index-unit-output-path /GoogleSignIn.build/Debug-iphonesimulator/GoogleSignIn.build/Objects-normal/arm64/GIDSignInInternalOptions.o

ScanDependencies /Users/jans./Library/Developer/Xcode/DerivedData/meal.advisor.ios-csaldjncgoleykghtkpncaypzmvo/Build/Intermediates.noindex/GoogleSignIn.build/Debug-iphonesimulator/GoogleSignIn.build/Objects-normal/arm64/GIDSignInCallbackSchemes.o /Users/jans./Library/Developer/Xcode/DerivedData/meal.advisor.ios-csaldjncgoleykghtkpncaypzmvo/SourcePackages/checkouts/GoogleSignIn-iOS/GoogleSignIn/Sources/GIDSignInCallbackSchemes.m normal arm64 objective-c com.apple.compilers.llvm.clang.1_0.compiler (in target 'GoogleSignIn' from project 'GoogleSignIn')
    cd /Users/jans./Downloads/meal.advisor/meal.advisor.ios/meal.advisor.ios/meal.advisor.ios/meal.advisor.ios.xcodeproj
    
    Using response file: /Users/jans./Library/Developer/Xcode/DerivedData/meal.advisor.ios-csaldjncgoleykghtkpncaypzmvo/Build/Intermediates.noindex/GoogleSignIn.build/Debug-iphonesimulator/GoogleSignIn.build/Objects-normal/arm64/e6072d4f65d7061329687fe24e3d63a7-common-args.resp
    
    builtin-ScanDependencies -o /Users/jans./Library/Developer/Xcode/DerivedData/meal.advisor.ios-csaldjncgoleykghtkpncaypzmvo/Build/Intermediates.noindex/GoogleSignIn.build/Debug-iphonesimulator/GoogleSignIn.build/Objects-normal/arm64/GIDSignInCallbackSchemes.o.scan -- /Applications/Xcode.app/Contents/Developer/Toolchains/XcodeDefault.xctoolchain/usr/bin/clang -x objective-c -ivfsstatcache /Users/jans./Library/Developer/Xcode/DerivedData/SDKStatCaches.noindex/iphonesimulator18.5-22F76-d5fc8ad4295d2ef488fb7d0f804ce0c4.sdkstatcache -fmessage-length\=0 -fdiagnostics-show-note-include-stack -fmacro-backtrace-limit\=0 -fno-color-diagnostics -fmodules-prune-interval\=86400 -fmodules-prune-after\=345600 -fbuild-session-file\=/Users/jans./Library/Developer/Xcode/DerivedData/ModuleCache.noindex/Session.modulevalidation -fmodules-validate-once-per-build-session -Wnon-modular-include-in-framework-module -Werror\=non-modular-include-in-framework-module -Wno-trigraphs -Wno-missing-field-initializers -Wno-missing-prototypes -Wno-return-type -Wno-implicit-atomic-properties -Wno-objc-interface-ivars -Wno-arc-repeated-use-of-weak -Wno-missing-braces -Wparentheses -Wswitch -Wno-unused-function -Wno-unused-label -Wno-unused-parameter -Wno-unused-variable -Wunused-value -Wno-empty-body -Wno-uninitialized -Wno-unknown-pragmas -w -Wno-shadow -Wno-four-char-constants -Wno-conversion -Wno-constant-conversion -Wno-int-conversion -Wno-bool-conversion -Wno-enum-conversion -Wno-float-conversion -Wno-non-literal-null-conversion -Wno-objc-literal-conversion -Wshorten-64-to-32 -Wpointer-sign -Wno-newline-eof -Wno-selector -Wno-strict-selector-match -Wno-undeclared-selector -Wno-deprecated-implementations -Wno-implicit-fallthrough -fstrict-aliasing -Wprotocol -Wdeprecated-declarations -Wno-sign-conversion -Wno-infinite-recursion -Wno-comma -Wno-block-capture-autoreleasing -Wno-strict-prototypes -Wno-semicolon-before-method-body -index-store-path /Users/jans./Library/Developer/Xcode/DerivedData/meal.advisor.ios-csaldjncgoleykghtkpncaypzmvo/Index.noindex/DataStore @/Users/jans./Library/Developer/Xcode/DerivedData/meal.advisor.ios-csaldjncgoleykghtkpncaypzmvo/Build/Intermediates.noindex/GoogleSignIn.build/Debug-iphonesimulator/GoogleSignIn.build/Objects-normal/arm64/e6072d4f65d7061329687fe24e3d63a7-common-args.resp -include /Users/jans./Library/Developer/Xcode/DerivedData/meal.advisor.ios-csaldjncgoleykghtkpncaypzmvo/Build/Intermediates.noindex/GoogleSignIn.build/Debug-iphonesimulator/GoogleSignIn.build/DerivedSources/resource_bundle_accessor.h -MMD -MT dependencies -MF /Users/jans./Library/Developer/Xcode/DerivedData/meal.advisor.ios-csaldjncgoleykghtkpncaypzmvo/Build/Intermediates.noindex/GoogleSignIn.build/Debug-iphonesimulator/GoogleSignIn.build/Objects-normal/arm64/GIDSignInCallbackSchemes.d --serialize-diagnostics /Users/jans./Library/Developer/Xcode/DerivedData/meal.advisor.ios-csaldjncgoleykghtkpncaypzmvo/Build/Intermediates.noindex/GoogleSignIn.build/Debug-iphonesimulator/GoogleSignIn.build/Objects-normal/arm64/GIDSignInCallbackSchemes.dia -c /Users/jans./Library/Developer/Xcode/DerivedData/meal.advisor.ios-csaldjncgoleykghtkpncaypzmvo/SourcePackages/checkouts/GoogleSignIn-iOS/GoogleSignIn/Sources/GIDSignInCallbackSchemes.m -o /Users/jans./Library/Developer/Xcode/DerivedData/meal.advisor.ios-csaldjncgoleykghtkpncaypzmvo/Build/Intermediates.noindex/GoogleSignIn.build/Debug-iphonesimulator/GoogleSignIn.build/Objects-normal/arm64/GIDSignInCallbackSchemes.o -index-unit-output-path /GoogleSignIn.build/Debug-iphonesimulator/GoogleSignIn.build/Objects-normal/arm64/GIDSignInCallbackSchemes.o

PrecompileModule /Users/jans./Library/Developer/Xcode/DerivedData/meal.advisor.ios-csaldjncgoleykghtkpncaypzmvo/Build/Intermediates.noindex/ExplicitPrecompiledModules/sys_wait-BR9B3TKEQRH90FXHY9SIABX34.scan
    cd /Users/jans./Downloads/meal.advisor/meal.advisor.ios/meal.advisor.ios/meal.advisor.ios/meal.advisor.ios.xcodeproj
    builtin-precompileModule /Users/jans./Library/Developer/Xcode/DerivedData/meal.advisor.ios-csaldjncgoleykghtkpncaypzmvo/Build/Intermediates.noindex/ExplicitPrecompiledModules/sys_wait-BR9B3TKEQRH90FXHY9SIABX34.scan

PrecompileModule /Users/jans./Library/Developer/Xcode/DerivedData/meal.advisor.ios-csaldjncgoleykghtkpncaypzmvo/Build/Intermediates.noindex/ExplicitPrecompiledModules/pthread-DYMW25BMEFT46GCF4KOUT7KN2.scan
    cd /Users/jans./Downloads/meal.advisor/meal.advisor.ios/meal.advisor.ios/meal.advisor.ios/meal.advisor.ios.xcodeproj
    builtin-precompileModule /Users/jans./Library/Developer/Xcode/DerivedData/meal.advisor.ios-csaldjncgoleykghtkpncaypzmvo/Build/Intermediates.noindex/ExplicitPrecompiledModules/pthread-DYMW25BMEFT46GCF4KOUT7KN2.scan

PrecompileModule /Users/jans./Library/Developer/Xcode/DerivedData/meal.advisor.ios-csaldjncgoleykghtkpncaypzmvo/Build/Intermediates.noindex/ExplicitPrecompiledModules/sys_select-9XCJPAGD5HS1KVVE23RZPHS3U.scan
    cd /Users/jans./Downloads/meal.advisor/meal.advisor.ios/meal.advisor.ios/meal.advisor.ios/meal.advisor.ios.xcodeproj
    builtin-precompileModule /Users/jans./Library/Developer/Xcode/DerivedData/meal.advisor.ios-csaldjncgoleykghtkpncaypzmvo/Build/Intermediates.noindex/ExplicitPrecompiledModules/sys_select-9XCJPAGD5HS1KVVE23RZPHS3U.scan

ScanDependencies /Users/jans./Library/Developer/Xcode/DerivedData/meal.advisor.ios-csaldjncgoleykghtkpncaypzmvo/Build/Intermediates.noindex/GoogleSignIn.build/Debug-iphonesimulator/GoogleSignIn.build/Objects-normal/arm64/GIDSignInButton.o /Users/jans./Library/Developer/Xcode/DerivedData/meal.advisor.ios-csaldjncgoleykghtkpncaypzmvo/SourcePackages/checkouts/GoogleSignIn-iOS/GoogleSignIn/Sources/GIDSignInButton.m normal arm64 objective-c com.apple.compilers.llvm.clang.1_0.compiler (in target 'GoogleSignIn' from project 'GoogleSignIn')
    cd /Users/jans./Downloads/meal.advisor/meal.advisor.ios/meal.advisor.ios/meal.advisor.ios/meal.advisor.ios.xcodeproj
    
    Using response file: /Users/jans./Library/Developer/Xcode/DerivedData/meal.advisor.ios-csaldjncgoleykghtkpncaypzmvo/Build/Intermediates.noindex/GoogleSignIn.build/Debug-iphonesimulator/GoogleSignIn.build/Objects-normal/arm64/e6072d4f65d7061329687fe24e3d63a7-common-args.resp
    
    builtin-ScanDependencies -o /Users/jans./Library/Developer/Xcode/DerivedData/meal.advisor.ios-csaldjncgoleykghtkpncaypzmvo/Build/Intermediates.noindex/GoogleSignIn.build/Debug-iphonesimulator/GoogleSignIn.build/Objects-normal/arm64/GIDSignInButton.o.scan -- /Applications/Xcode.app/Contents/Developer/Toolchains/XcodeDefault.xctoolchain/usr/bin/clang -x objective-c -ivfsstatcache /Users/jans./Library/Developer/Xcode/DerivedData/SDKStatCaches.noindex/iphonesimulator18.5-22F76-d5fc8ad4295d2ef488fb7d0f804ce0c4.sdkstatcache -fmessage-length\=0 -fdiagnostics-show-note-include-stack -fmacro-backtrace-limit\=0 -fno-color-diagnostics -fmodules-prune-interval\=86400 -fmodules-prune-after\=345600 -fbuild-session-file\=/Users/jans./Library/Developer/Xcode/DerivedData/ModuleCache.noindex/Session.modulevalidation -fmodules-validate-once-per-build-session -Wnon-modular-include-in-framework-module -Werror\=non-modular-include-in-framework-module -Wno-trigraphs -Wno-missing-field-initializers -Wno-missing-prototypes -Wno-return-type -Wno-implicit-atomic-properties -Wno-objc-interface-ivars -Wno-arc-repeated-use-of-weak -Wno-missing-braces -Wparentheses -Wswitch -Wno-unused-function -Wno-unused-label -Wno-unused-parameter -Wno-unused-variable -Wunused-value -Wno-empty-body -Wno-uninitialized -Wno-unknown-pragmas -w -Wno-shadow -Wno-four-char-constants -Wno-conversion -Wno-constant-conversion -Wno-int-conversion -Wno-bool-conversion -Wno-enum-conversion -Wno-float-conversion -Wno-non-literal-null-conversion -Wno-objc-literal-conversion -Wshorten-64-to-32 -Wpointer-sign -Wno-newline-eof -Wno-selector -Wno-strict-selector-match -Wno-undeclared-selector -Wno-deprecated-implementations -Wno-implicit-fallthrough -fstrict-aliasing -Wprotocol -Wdeprecated-declarations -Wno-sign-conversion -Wno-infinite-recursion -Wno-comma -Wno-block-capture-autoreleasing -Wno-strict-prototypes -Wno-semicolon-before-method-body -index-store-path /Users/jans./Library/Developer/Xcode/DerivedData/meal.advisor.ios-csaldjncgoleykghtkpncaypzmvo/Index.noindex/DataStore @/Users/jans./Library/Developer/Xcode/DerivedData/meal.advisor.ios-csaldjncgoleykghtkpncaypzmvo/Build/Intermediates.noindex/GoogleSignIn.build/Debug-iphonesimulator/GoogleSignIn.build/Objects-normal/arm64/e6072d4f65d7061329687fe24e3d63a7-common-args.resp -include /Users/jans./Library/Developer/Xcode/DerivedData/meal.advisor.ios-csaldjncgoleykghtkpncaypzmvo/Build/Intermediates.noindex/GoogleSignIn.build/Debug-iphonesimulator/GoogleSignIn.build/DerivedSources/resource_bundle_accessor.h -MMD -MT dependencies -MF /Users/jans./Library/Developer/Xcode/DerivedData/meal.advisor.ios-csaldjncgoleykghtkpncaypzmvo/Build/Intermediates.noindex/GoogleSignIn.build/Debug-iphonesimulator/GoogleSignIn.build/Objects-normal/arm64/GIDSignInButton.d --serialize-diagnostics /Users/jans./Library/Developer/Xcode/DerivedData/meal.advisor.ios-csaldjncgoleykghtkpncaypzmvo/Build/Intermediates.noindex/GoogleSignIn.build/Debug-iphonesimulator/GoogleSignIn.build/Objects-normal/arm64/GIDSignInButton.dia -c /Users/jans./Library/Developer/Xcode/DerivedData/meal.advisor.ios-csaldjncgoleykghtkpncaypzmvo/SourcePackages/checkouts/GoogleSignIn-iOS/GoogleSignIn/Sources/GIDSignInButton.m -o /Users/jans./Library/Developer/Xcode/DerivedData/meal.advisor.ios-csaldjncgoleykghtkpncaypzmvo/Build/Intermediates.noindex/GoogleSignIn.build/Debug-iphonesimulator/GoogleSignIn.build/Objects-normal/arm64/GIDSignInButton.o -index-unit-output-path /GoogleSignIn.build/Debug-iphonesimulator/GoogleSignIn.build/Objects-normal/arm64/GIDSignInButton.o

SwiftDriverJobDiscovery normal arm64 Compiling SwiftTesting.swift, UncheckedSendable.swift, Warn.swift (in target 'IssueReporting' from project 'xctest-dynamic-overlay')

ScanDependencies /Users/jans./Library/Developer/Xcode/DerivedData/meal.advisor.ios-csaldjncgoleykghtkpncaypzmvo/Build/Intermediates.noindex/GoogleSignIn.build/Debug-iphonesimulator/GoogleSignIn.build/Objects-normal/arm64/GIDSignIn.o /Users/jans./Library/Developer/Xcode/DerivedData/meal.advisor.ios-csaldjncgoleykghtkpncaypzmvo/SourcePackages/checkouts/GoogleSignIn-iOS/GoogleSignIn/Sources/GIDSignIn.m normal arm64 objective-c com.apple.compilers.llvm.clang.1_0.compiler (in target 'GoogleSignIn' from project 'GoogleSignIn')
    cd /Users/jans./Downloads/meal.advisor/meal.advisor.ios/meal.advisor.ios/meal.advisor.ios/meal.advisor.ios.xcodeproj
    
    Using response file: /Users/jans./Library/Developer/Xcode/DerivedData/meal.advisor.ios-csaldjncgoleykghtkpncaypzmvo/Build/Intermediates.noindex/GoogleSignIn.build/Debug-iphonesimulator/GoogleSignIn.build/Objects-normal/arm64/e6072d4f65d7061329687fe24e3d63a7-common-args.resp
    
    builtin-ScanDependencies -o /Users/jans./Library/Developer/Xcode/DerivedData/meal.advisor.ios-csaldjncgoleykghtkpncaypzmvo/Build/Intermediates.noindex/GoogleSignIn.build/Debug-iphonesimulator/GoogleSignIn.build/Objects-normal/arm64/GIDSignIn.o.scan -- /Applications/Xcode.app/Contents/Developer/Toolchains/XcodeDefault.xctoolchain/usr/bin/clang -x objective-c -ivfsstatcache /Users/jans./Library/Developer/Xcode/DerivedData/SDKStatCaches.noindex/iphonesimulator18.5-22F76-d5fc8ad4295d2ef488fb7d0f804ce0c4.sdkstatcache -fmessage-length\=0 -fdiagnostics-show-note-include-stack -fmacro-backtrace-limit\=0 -fno-color-diagnostics -fmodules-prune-interval\=86400 -fmodules-prune-after\=345600 -fbuild-session-file\=/Users/jans./Library/Developer/Xcode/DerivedData/ModuleCache.noindex/Session.modulevalidation -fmodules-validate-once-per-build-session -Wnon-modular-include-in-framework-module -Werror\=non-modular-include-in-framework-module -Wno-trigraphs -Wno-missing-field-initializers -Wno-missing-prototypes -Wno-return-type -Wno-implicit-atomic-properties -Wno-objc-interface-ivars -Wno-arc-repeated-use-of-weak -Wno-missing-braces -Wparentheses -Wswitch -Wno-unused-function -Wno-unused-label -Wno-unused-parameter -Wno-unused-variable -Wunused-value -Wno-empty-body -Wno-uninitialized -Wno-unknown-pragmas -w -Wno-shadow -Wno-four-char-constants -Wno-conversion -Wno-constant-conversion -Wno-int-conversion -Wno-bool-conversion -Wno-enum-conversion -Wno-float-conversion -Wno-non-literal-null-conversion -Wno-objc-literal-conversion -Wshorten-64-to-32 -Wpointer-sign -Wno-newline-eof -Wno-selector -Wno-strict-selector-match -Wno-undeclared-selector -Wno-deprecated-implementations -Wno-implicit-fallthrough -fstrict-aliasing -Wprotocol -Wdeprecated-declarations -Wno-sign-conversion -Wno-infinite-recursion -Wno-comma -Wno-block-capture-autoreleasing -Wno-strict-prototypes -Wno-semicolon-before-method-body -index-store-path /Users/jans./Library/Developer/Xcode/DerivedData/meal.advisor.ios-csaldjncgoleykghtkpncaypzmvo/Index.noindex/DataStore @/Users/jans./Library/Developer/Xcode/DerivedData/meal.advisor.ios-csaldjncgoleykghtkpncaypzmvo/Build/Intermediates.noindex/GoogleSignIn.build/Debug-iphonesimulator/GoogleSignIn.build/Objects-normal/arm64/e6072d4f65d7061329687fe24e3d63a7-common-args.resp -include /Users/jans./Library/Developer/Xcode/DerivedData/meal.advisor.ios-csaldjncgoleykghtkpncaypzmvo/Build/Intermediates.noindex/GoogleSignIn.build/Debug-iphonesimulator/GoogleSignIn.build/DerivedSources/resource_bundle_accessor.h -MMD -MT dependencies -MF /Users/jans./Library/Developer/Xcode/DerivedData/meal.advisor.ios-csaldjncgoleykghtkpncaypzmvo/Build/Intermediates.noindex/GoogleSignIn.build/Debug-iphonesimulator/GoogleSignIn.build/Objects-normal/arm64/GIDSignIn.d --serialize-diagnostics /Users/jans./Library/Developer/Xcode/DerivedData/meal.advisor.ios-csaldjncgoleykghtkpncaypzmvo/Build/Intermediates.noindex/GoogleSignIn.build/Debug-iphonesimulator/GoogleSignIn.build/Objects-normal/arm64/GIDSignIn.dia -c /Users/jans./Library/Developer/Xcode/DerivedData/meal.advisor.ios-csaldjncgoleykghtkpncaypzmvo/SourcePackages/checkouts/GoogleSignIn-iOS/GoogleSignIn/Sources/GIDSignIn.m -o /Users/jans./Library/Developer/Xcode/DerivedData/meal.advisor.ios-csaldjncgoleykghtkpncaypzmvo/Build/Intermediates.noindex/GoogleSignIn.build/Debug-iphonesimulator/GoogleSignIn.build/Objects-normal/arm64/GIDSignIn.o -index-unit-output-path /GoogleSignIn.build/Debug-iphonesimulator/GoogleSignIn.build/Objects-normal/arm64/GIDSignIn.o

ScanDependencies /Users/jans./Library/Developer/Xcode/DerivedData/meal.advisor.ios-csaldjncgoleykghtkpncaypzmvo/Build/Intermediates.noindex/GoogleSignIn.build/Debug-iphonesimulator/GoogleSignIn.build/Objects-normal/arm64/GIDScopes.o /Users/jans./Library/Developer/Xcode/DerivedData/meal.advisor.ios-csaldjncgoleykghtkpncaypzmvo/SourcePackages/checkouts/GoogleSignIn-iOS/GoogleSignIn/Sources/GIDScopes.m normal arm64 objective-c com.apple.compilers.llvm.clang.1_0.compiler (in target 'GoogleSignIn' from project 'GoogleSignIn')
    cd /Users/jans./Downloads/meal.advisor/meal.advisor.ios/meal.advisor.ios/meal.advisor.ios/meal.advisor.ios.xcodeproj
    
    Using response file: /Users/jans./Library/Developer/Xcode/DerivedData/meal.advisor.ios-csaldjncgoleykghtkpncaypzmvo/Build/Intermediates.noindex/GoogleSignIn.build/Debug-iphonesimulator/GoogleSignIn.build/Objects-normal/arm64/e6072d4f65d7061329687fe24e3d63a7-common-args.resp
    
    builtin-ScanDependencies -o /Users/jans./Library/Developer/Xcode/DerivedData/meal.advisor.ios-csaldjncgoleykghtkpncaypzmvo/Build/Intermediates.noindex/GoogleSignIn.build/Debug-iphonesimulator/GoogleSignIn.build/Objects-normal/arm64/GIDScopes.o.scan -- /Applications/Xcode.app/Contents/Developer/Toolchains/XcodeDefault.xctoolchain/usr/bin/clang -x objective-c -ivfsstatcache /Users/jans./Library/Developer/Xcode/DerivedData/SDKStatCaches.noindex/iphonesimulator18.5-22F76-d5fc8ad4295d2ef488fb7d0f804ce0c4.sdkstatcache -fmessage-length\=0 -fdiagnostics-show-note-include-stack -fmacro-backtrace-limit\=0 -fno-color-diagnostics -fmodules-prune-interval\=86400 -fmodules-prune-after\=345600 -fbuild-session-file\=/Users/jans./Library/Developer/Xcode/DerivedData/ModuleCache.noindex/Session.modulevalidation -fmodules-validate-once-per-build-session -Wnon-modular-include-in-framework-module -Werror\=non-modular-include-in-framework-module -Wno-trigraphs -Wno-missing-field-initializers -Wno-missing-prototypes -Wno-return-type -Wno-implicit-atomic-properties -Wno-objc-interface-ivars -Wno-arc-repeated-use-of-weak -Wno-missing-braces -Wparentheses -Wswitch -Wno-unused-function -Wno-unused-label -Wno-unused-parameter -Wno-unused-variable -Wunused-value -Wno-empty-body -Wno-uninitialized -Wno-unknown-pragmas -w -Wno-shadow -Wno-four-char-constants -Wno-conversion -Wno-constant-conversion -Wno-int-conversion -Wno-bool-conversion -Wno-enum-conversion -Wno-float-conversion -Wno-non-literal-null-conversion -Wno-objc-literal-conversion -Wshorten-64-to-32 -Wpointer-sign -Wno-newline-eof -Wno-selector -Wno-strict-selector-match -Wno-undeclared-selector -Wno-deprecated-implementations -Wno-implicit-fallthrough -fstrict-aliasing -Wprotocol -Wdeprecated-declarations -Wno-sign-conversion -Wno-infinite-recursion -Wno-comma -Wno-block-capture-autoreleasing -Wno-strict-prototypes -Wno-semicolon-before-method-body -index-store-path /Users/jans./Library/Developer/Xcode/DerivedData/meal.advisor.ios-csaldjncgoleykghtkpncaypzmvo/Index.noindex/DataStore @/Users/jans./Library/Developer/Xcode/DerivedData/meal.advisor.ios-csaldjncgoleykghtkpncaypzmvo/Build/Intermediates.noindex/GoogleSignIn.build/Debug-iphonesimulator/GoogleSignIn.build/Objects-normal/arm64/e6072d4f65d7061329687fe24e3d63a7-common-args.resp -include /Users/jans./Library/Developer/Xcode/DerivedData/meal.advisor.ios-csaldjncgoleykghtkpncaypzmvo/Build/Intermediates.noindex/GoogleSignIn.build/Debug-iphonesimulator/GoogleSignIn.build/DerivedSources/resource_bundle_accessor.h -MMD -MT dependencies -MF /Users/jans./Library/Developer/Xcode/DerivedData/meal.advisor.ios-csaldjncgoleykghtkpncaypzmvo/Build/Intermediates.noindex/GoogleSignIn.build/Debug-iphonesimulator/GoogleSignIn.build/Objects-normal/arm64/GIDScopes.d --serialize-diagnostics /Users/jans./Library/Developer/Xcode/DerivedData/meal.advisor.ios-csaldjncgoleykghtkpncaypzmvo/Build/Intermediates.noindex/GoogleSignIn.build/Debug-iphonesimulator/GoogleSignIn.build/Objects-normal/arm64/GIDScopes.dia -c /Users/jans./Library/Developer/Xcode/DerivedData/meal.advisor.ios-csaldjncgoleykghtkpncaypzmvo/SourcePackages/checkouts/GoogleSignIn-iOS/GoogleSignIn/Sources/GIDScopes.m -o /Users/jans./Library/Developer/Xcode/DerivedData/meal.advisor.ios-csaldjncgoleykghtkpncaypzmvo/Build/Intermediates.noindex/GoogleSignIn.build/Debug-iphonesimulator/GoogleSignIn.build/Objects-normal/arm64/GIDScopes.o -index-unit-output-path /GoogleSignIn.build/Debug-iphonesimulator/GoogleSignIn.build/Objects-normal/arm64/GIDScopes.o

PrecompileModule /Users/jans./Library/Developer/Xcode/DerivedData/meal.advisor.ios-csaldjncgoleykghtkpncaypzmvo/Build/Intermediates.noindex/ExplicitPrecompiledModules/_stdlib-5560OF8AQEXWYL6WKRH9LU1U0.scan
    cd /Users/jans./Downloads/meal.advisor/meal.advisor.ios/meal.advisor.ios/meal.advisor.ios/meal.advisor.ios.xcodeproj
    builtin-precompileModule /Users/jans./Library/Developer/Xcode/DerivedData/meal.advisor.ios-csaldjncgoleykghtkpncaypzmvo/Build/Intermediates.noindex/ExplicitPrecompiledModules/_stdlib-5560OF8AQEXWYL6WKRH9LU1U0.scan

ScanDependencies /Users/jans./Library/Developer/Xcode/DerivedData/meal.advisor.ios-csaldjncgoleykghtkpncaypzmvo/Build/Intermediates.noindex/GoogleSignIn.build/Debug-iphonesimulator/GoogleSignIn.build/Objects-normal/arm64/GIDProfileData.o /Users/jans./Library/Developer/Xcode/DerivedData/meal.advisor.ios-csaldjncgoleykghtkpncaypzmvo/SourcePackages/checkouts/GoogleSignIn-iOS/GoogleSignIn/Sources/GIDProfileData.m normal arm64 objective-c com.apple.compilers.llvm.clang.1_0.compiler (in target 'GoogleSignIn' from project 'GoogleSignIn')
    cd /Users/jans./Downloads/meal.advisor/meal.advisor.ios/meal.advisor.ios/meal.advisor.ios/meal.advisor.ios.xcodeproj
    
    Using response file: /Users/jans./Library/Developer/Xcode/DerivedData/meal.advisor.ios-csaldjncgoleykghtkpncaypzmvo/Build/Intermediates.noindex/GoogleSignIn.build/Debug-iphonesimulator/GoogleSignIn.build/Objects-normal/arm64/e6072d4f65d7061329687fe24e3d63a7-common-args.resp
    
    builtin-ScanDependencies -o /Users/jans./Library/Developer/Xcode/DerivedData/meal.advisor.ios-csaldjncgoleykghtkpncaypzmvo/Build/Intermediates.noindex/GoogleSignIn.build/Debug-iphonesimulator/GoogleSignIn.build/Objects-normal/arm64/GIDProfileData.o.scan -- /Applications/Xcode.app/Contents/Developer/Toolchains/XcodeDefault.xctoolchain/usr/bin/clang -x objective-c -ivfsstatcache /Users/jans./Library/Developer/Xcode/DerivedData/SDKStatCaches.noindex/iphonesimulator18.5-22F76-d5fc8ad4295d2ef488fb7d0f804ce0c4.sdkstatcache -fmessage-length\=0 -fdiagnostics-show-note-include-stack -fmacro-backtrace-limit\=0 -fno-color-diagnostics -fmodules-prune-interval\=86400 -fmodules-prune-after\=345600 -fbuild-session-file\=/Users/jans./Library/Developer/Xcode/DerivedData/ModuleCache.noindex/Session.modulevalidation -fmodules-validate-once-per-build-session -Wnon-modular-include-in-framework-module -Werror\=non-modular-include-in-framework-module -Wno-trigraphs -Wno-missing-field-initializers -Wno-missing-prototypes -Wno-return-type -Wno-implicit-atomic-properties -Wno-objc-interface-ivars -Wno-arc-repeated-use-of-weak -Wno-missing-braces -Wparentheses -Wswitch -Wno-unused-function -Wno-unused-label -Wno-unused-parameter -Wno-unused-variable -Wunused-value -Wno-empty-body -Wno-uninitialized -Wno-unknown-pragmas -w -Wno-shadow -Wno-four-char-constants -Wno-conversion -Wno-constant-conversion -Wno-int-conversion -Wno-bool-conversion -Wno-enum-conversion -Wno-float-conversion -Wno-non-literal-null-conversion -Wno-objc-literal-conversion -Wshorten-64-to-32 -Wpointer-sign -Wno-newline-eof -Wno-selector -Wno-strict-selector-match -Wno-undeclared-selector -Wno-deprecated-implementations -Wno-implicit-fallthrough -fstrict-aliasing -Wprotocol -Wdeprecated-declarations -Wno-sign-conversion -Wno-infinite-recursion -Wno-comma -Wno-block-capture-autoreleasing -Wno-strict-prototypes -Wno-semicolon-before-method-body -index-store-path /Users/jans./Library/Developer/Xcode/DerivedData/meal.advisor.ios-csaldjncgoleykghtkpncaypzmvo/Index.noindex/DataStore @/Users/jans./Library/Developer/Xcode/DerivedData/meal.advisor.ios-csaldjncgoleykghtkpncaypzmvo/Build/Intermediates.noindex/GoogleSignIn.build/Debug-iphonesimulator/GoogleSignIn.build/Objects-normal/arm64/e6072d4f65d7061329687fe24e3d63a7-common-args.resp -include /Users/jans./Library/Developer/Xcode/DerivedData/meal.advisor.ios-csaldjncgoleykghtkpncaypzmvo/Build/Intermediates.noindex/GoogleSignIn.build/Debug-iphonesimulator/GoogleSignIn.build/DerivedSources/resource_bundle_accessor.h -MMD -MT dependencies -MF /Users/jans./Library/Developer/Xcode/DerivedData/meal.advisor.ios-csaldjncgoleykghtkpncaypzmvo/Build/Intermediates.noindex/GoogleSignIn.build/Debug-iphonesimulator/GoogleSignIn.build/Objects-normal/arm64/GIDProfileData.d --serialize-diagnostics /Users/jans./Library/Developer/Xcode/DerivedData/meal.advisor.ios-csaldjncgoleykghtkpncaypzmvo/Build/Intermediates.noindex/GoogleSignIn.build/Debug-iphonesimulator/GoogleSignIn.build/Objects-normal/arm64/GIDProfileData.dia -c /Users/jans./Library/Developer/Xcode/DerivedData/meal.advisor.ios-csaldjncgoleykghtkpncaypzmvo/SourcePackages/checkouts/GoogleSignIn-iOS/GoogleSignIn/Sources/GIDProfileData.m -o /Users/jans./Library/Developer/Xcode/DerivedData/meal.advisor.ios-csaldjncgoleykghtkpncaypzmvo/Build/Intermediates.noindex/GoogleSignIn.build/Debug-iphonesimulator/GoogleSignIn.build/Objects-normal/arm64/GIDProfileData.o -index-unit-output-path /GoogleSignIn.build/Debug-iphonesimulator/GoogleSignIn.build/Objects-normal/arm64/GIDProfileData.o

ScanDependencies /Users/jans./Library/Developer/Xcode/DerivedData/meal.advisor.ios-csaldjncgoleykghtkpncaypzmvo/Build/Intermediates.noindex/GoogleSignIn.build/Debug-iphonesimulator/GoogleSignIn.build/Objects-normal/arm64/GIDMDMPasscodeState.o /Users/jans./Library/Developer/Xcode/DerivedData/meal.advisor.ios-csaldjncgoleykghtkpncaypzmvo/SourcePackages/checkouts/GoogleSignIn-iOS/GoogleSignIn/Sources/GIDMDMPasscodeState.m normal arm64 objective-c com.apple.compilers.llvm.clang.1_0.compiler (in target 'GoogleSignIn' from project 'GoogleSignIn')
    cd /Users/jans./Downloads/meal.advisor/meal.advisor.ios/meal.advisor.ios/meal.advisor.ios/meal.advisor.ios.xcodeproj
    
    Using response file: /Users/jans./Library/Developer/Xcode/DerivedData/meal.advisor.ios-csaldjncgoleykghtkpncaypzmvo/Build/Intermediates.noindex/GoogleSignIn.build/Debug-iphonesimulator/GoogleSignIn.build/Objects-normal/arm64/e6072d4f65d7061329687fe24e3d63a7-common-args.resp
    
    builtin-ScanDependencies -o /Users/jans./Library/Developer/Xcode/DerivedData/meal.advisor.ios-csaldjncgoleykghtkpncaypzmvo/Build/Intermediates.noindex/GoogleSignIn.build/Debug-iphonesimulator/GoogleSignIn.build/Objects-normal/arm64/GIDMDMPasscodeState.o.scan -- /Applications/Xcode.app/Contents/Developer/Toolchains/XcodeDefault.xctoolchain/usr/bin/clang -x objective-c -ivfsstatcache /Users/jans./Library/Developer/Xcode/DerivedData/SDKStatCaches.noindex/iphonesimulator18.5-22F76-d5fc8ad4295d2ef488fb7d0f804ce0c4.sdkstatcache -fmessage-length\=0 -fdiagnostics-show-note-include-stack -fmacro-backtrace-limit\=0 -fno-color-diagnostics -fmodules-prune-interval\=86400 -fmodules-prune-after\=345600 -fbuild-session-file\=/Users/jans./Library/Developer/Xcode/DerivedData/ModuleCache.noindex/Session.modulevalidation -fmodules-validate-once-per-build-session -Wnon-modular-include-in-framework-module -Werror\=non-modular-include-in-framework-module -Wno-trigraphs -Wno-missing-field-initializers -Wno-missing-prototypes -Wno-return-type -Wno-implicit-atomic-properties -Wno-objc-interface-ivars -Wno-arc-repeated-use-of-weak -Wno-missing-braces -Wparentheses -Wswitch -Wno-unused-function -Wno-unused-label -Wno-unused-parameter -Wno-unused-variable -Wunused-value -Wno-empty-body -Wno-uninitialized -Wno-unknown-pragmas -w -Wno-shadow -Wno-four-char-constants -Wno-conversion -Wno-constant-conversion -Wno-int-conversion -Wno-bool-conversion -Wno-enum-conversion -Wno-float-conversion -Wno-non-literal-null-conversion -Wno-objc-literal-conversion -Wshorten-64-to-32 -Wpointer-sign -Wno-newline-eof -Wno-selector -Wno-strict-selector-match -Wno-undeclared-selector -Wno-deprecated-implementations -Wno-implicit-fallthrough -fstrict-aliasing -Wprotocol -Wdeprecated-declarations -Wno-sign-conversion -Wno-infinite-recursion -Wno-comma -Wno-block-capture-autoreleasing -Wno-strict-prototypes -Wno-semicolon-before-method-body -index-store-path /Users/jans./Library/Developer/Xcode/DerivedData/meal.advisor.ios-csaldjncgoleykghtkpncaypzmvo/Index.noindex/DataStore @/Users/jans./Library/Developer/Xcode/DerivedData/meal.advisor.ios-csaldjncgoleykghtkpncaypzmvo/Build/Intermediates.noindex/GoogleSignIn.build/Debug-iphonesimulator/GoogleSignIn.build/Objects-normal/arm64/e6072d4f65d7061329687fe24e3d63a7-common-args.resp -include /Users/jans./Library/Developer/Xcode/DerivedData/meal.advisor.ios-csaldjncgoleykghtkpncaypzmvo/Build/Intermediates.noindex/GoogleSignIn.build/Debug-iphonesimulator/GoogleSignIn.build/DerivedSources/resource_bundle_accessor.h -MMD -MT dependencies -MF /Users/jans./Library/Developer/Xcode/DerivedData/meal.advisor.ios-csaldjncgoleykghtkpncaypzmvo/Build/Intermediates.noindex/GoogleSignIn.build/Debug-iphonesimulator/GoogleSignIn.build/Objects-normal/arm64/GIDMDMPasscodeState.d --serialize-diagnostics /Users/jans./Library/Developer/Xcode/DerivedData/meal.advisor.ios-csaldjncgoleykghtkpncaypzmvo/Build/Intermediates.noindex/GoogleSignIn.build/Debug-iphonesimulator/GoogleSignIn.build/Objects-normal/arm64/GIDMDMPasscodeState.dia -c /Users/jans./Library/Developer/Xcode/DerivedData/meal.advisor.ios-csaldjncgoleykghtkpncaypzmvo/SourcePackages/checkouts/GoogleSignIn-iOS/GoogleSignIn/Sources/GIDMDMPasscodeState.m -o /Users/jans./Library/Developer/Xcode/DerivedData/meal.advisor.ios-csaldjncgoleykghtkpncaypzmvo/Build/Intermediates.noindex/GoogleSignIn.build/Debug-iphonesimulator/GoogleSignIn.build/Objects-normal/arm64/GIDMDMPasscodeState.o -index-unit-output-path /GoogleSignIn.build/Debug-iphonesimulator/GoogleSignIn.build/Objects-normal/arm64/GIDMDMPasscodeState.o

ScanDependencies /Users/jans./Library/Developer/Xcode/DerivedData/meal.advisor.ios-csaldjncgoleykghtkpncaypzmvo/Build/Intermediates.noindex/GoogleSignIn.build/Debug-iphonesimulator/GoogleSignIn.build/Objects-normal/arm64/GIDMDMPasscodeCache.o /Users/jans./Library/Developer/Xcode/DerivedData/meal.advisor.ios-csaldjncgoleykghtkpncaypzmvo/SourcePackages/checkouts/GoogleSignIn-iOS/GoogleSignIn/Sources/GIDMDMPasscodeCache.m normal arm64 objective-c com.apple.compilers.llvm.clang.1_0.compiler (in target 'GoogleSignIn' from project 'GoogleSignIn')
    cd /Users/jans./Downloads/meal.advisor/meal.advisor.ios/meal.advisor.ios/meal.advisor.ios/meal.advisor.ios.xcodeproj
    
    Using response file: /Users/jans./Library/Developer/Xcode/DerivedData/meal.advisor.ios-csaldjncgoleykghtkpncaypzmvo/Build/Intermediates.noindex/GoogleSignIn.build/Debug-iphonesimulator/GoogleSignIn.build/Objects-normal/arm64/e6072d4f65d7061329687fe24e3d63a7-common-args.resp
    
    builtin-ScanDependencies -o /Users/jans./Library/Developer/Xcode/DerivedData/meal.advisor.ios-csaldjncgoleykghtkpncaypzmvo/Build/Intermediates.noindex/GoogleSignIn.build/Debug-iphonesimulator/GoogleSignIn.build/Objects-normal/arm64/GIDMDMPasscodeCache.o.scan -- /Applications/Xcode.app/Contents/Developer/Toolchains/XcodeDefault.xctoolchain/usr/bin/clang -x objective-c -ivfsstatcache /Users/jans./Library/Developer/Xcode/DerivedData/SDKStatCaches.noindex/iphonesimulator18.5-22F76-d5fc8ad4295d2ef488fb7d0f804ce0c4.sdkstatcache -fmessage-length\=0 -fdiagnostics-show-note-include-stack -fmacro-backtrace-limit\=0 -fno-color-diagnostics -fmodules-prune-interval\=86400 -fmodules-prune-after\=345600 -fbuild-session-file\=/Users/jans./Library/Developer/Xcode/DerivedData/ModuleCache.noindex/Session.modulevalidation -fmodules-validate-once-per-build-session -Wnon-modular-include-in-framework-module -Werror\=non-modular-include-in-framework-module -Wno-trigraphs -Wno-missing-field-initializers -Wno-missing-prototypes -Wno-return-type -Wno-implicit-atomic-properties -Wno-objc-interface-ivars -Wno-arc-repeated-use-of-weak -Wno-missing-braces -Wparentheses -Wswitch -Wno-unused-function -Wno-unused-label -Wno-unused-parameter -Wno-unused-variable -Wunused-value -Wno-empty-body -Wno-uninitialized -Wno-unknown-pragmas -w -Wno-shadow -Wno-four-char-constants -Wno-conversion -Wno-constant-conversion -Wno-int-conversion -Wno-bool-conversion -Wno-enum-conversion -Wno-float-conversion -Wno-non-literal-null-conversion -Wno-objc-literal-conversion -Wshorten-64-to-32 -Wpointer-sign -Wno-newline-eof -Wno-selector -Wno-strict-selector-match -Wno-undeclared-selector -Wno-deprecated-implementations -Wno-implicit-fallthrough -fstrict-aliasing -Wprotocol -Wdeprecated-declarations -Wno-sign-conversion -Wno-infinite-recursion -Wno-comma -Wno-block-capture-autoreleasing -Wno-strict-prototypes -Wno-semicolon-before-method-body -index-store-path /Users/jans./Library/Developer/Xcode/DerivedData/meal.advisor.ios-csaldjncgoleykghtkpncaypzmvo/Index.noindex/DataStore @/Users/jans./Library/Developer/Xcode/DerivedData/meal.advisor.ios-csaldjncgoleykghtkpncaypzmvo/Build/Intermediates.noindex/GoogleSignIn.build/Debug-iphonesimulator/GoogleSignIn.build/Objects-normal/arm64/e6072d4f65d7061329687fe24e3d63a7-common-args.resp -include /Users/jans./Library/Developer/Xcode/DerivedData/meal.advisor.ios-csaldjncgoleykghtkpncaypzmvo/Build/Intermediates.noindex/GoogleSignIn.build/Debug-iphonesimulator/GoogleSignIn.build/DerivedSources/resource_bundle_accessor.h -MMD -MT dependencies -MF /Users/jans./Library/Developer/Xcode/DerivedData/meal.advisor.ios-csaldjncgoleykghtkpncaypzmvo/Build/Intermediates.noindex/GoogleSignIn.build/Debug-iphonesimulator/GoogleSignIn.build/Objects-normal/arm64/GIDMDMPasscodeCache.d --serialize-diagnostics /Users/jans./Library/Developer/Xcode/DerivedData/meal.advisor.ios-csaldjncgoleykghtkpncaypzmvo/Build/Intermediates.noindex/GoogleSignIn.build/Debug-iphonesimulator/GoogleSignIn.build/Objects-normal/arm64/GIDMDMPasscodeCache.dia -c /Users/jans./Library/Developer/Xcode/DerivedData/meal.advisor.ios-csaldjncgoleykghtkpncaypzmvo/SourcePackages/checkouts/GoogleSignIn-iOS/GoogleSignIn/Sources/GIDMDMPasscodeCache.m -o /Users/jans./Library/Developer/Xcode/DerivedData/meal.advisor.ios-csaldjncgoleykghtkpncaypzmvo/Build/Intermediates.noindex/GoogleSignIn.build/Debug-iphonesimulator/GoogleSignIn.build/Objects-normal/arm64/GIDMDMPasscodeCache.o -index-unit-output-path /GoogleSignIn.build/Debug-iphonesimulator/GoogleSignIn.build/Objects-normal/arm64/GIDMDMPasscodeCache.o

SwiftDriverJobDiscovery normal arm64 Compiling ErrorReporting.swift, AppHostWarning.swift, Deprecations.swift (in target 'IssueReporting' from project 'xctest-dynamic-overlay')

SwiftDriver\ Compilation IssueReporting normal arm64 com.apple.xcode.tools.swift.compiler (in target 'IssueReporting' from project 'xctest-dynamic-overlay')
    cd /Users/jans./Downloads/meal.advisor/meal.advisor.ios/meal.advisor.ios/meal.advisor.ios/meal.advisor.ios.xcodeproj
    builtin-Swift-Compilation -- /Applications/Xcode.app/Contents/Developer/Toolchains/XcodeDefault.xctoolchain/usr/bin/swiftc -module-name IssueReporting -Onone -enforce-exclusivity\=checked @/Users/jans./Library/Developer/Xcode/DerivedData/meal.advisor.ios-csaldjncgoleykghtkpncaypzmvo/Build/Intermediates.noindex/xctest-dynamic-overlay.build/Debug-iphonesimulator/IssueReporting.build/Objects-normal/arm64/IssueReporting.SwiftFileList -DSWIFT_PACKAGE -DDEBUG -DXcode -plugin-path /Applications/Xcode.app/Contents/Developer/Toolchains/XcodeDefault.xctoolchain/usr/lib/swift/host/plugins/testing -enable-experimental-feature DebugDescriptionMacro -sdk /Applications/Xcode.app/Contents/Developer/Platforms/iPhoneSimulator.platform/Developer/SDKs/iPhoneSimulator18.5.sdk -target arm64-apple-ios13.0-simulator -g -module-cache-path /Users/jans./Library/Developer/Xcode/DerivedData/ModuleCache.noindex -Xfrontend -serialize-debugging-options -enable-testing -suppress-warnings -index-store-path /Users/jans./Library/Developer/Xcode/DerivedData/meal.advisor.ios-csaldjncgoleykghtkpncaypzmvo/Index.noindex/DataStore -swift-version 6 -I /Users/jans./Library/Developer/Xcode/DerivedData/meal.advisor.ios-csaldjncgoleykghtkpncaypzmvo/Build/Products/Debug-iphonesimulator -I /Applications/Xcode.app/Contents/Developer/Platforms/iPhoneSimulator.platform/Developer/usr/lib -F /Users/jans./Library/Developer/Xcode/DerivedData/meal.advisor.ios-csaldjncgoleykghtkpncaypzmvo/Build/Products/Debug-iphonesimulator/PackageFrameworks -F /Users/jans./Library/Developer/Xcode/DerivedData/meal.advisor.ios-csaldjncgoleykghtkpncaypzmvo/Build/Products/Debug-iphonesimulator -F /Applications/Xcode.app/Contents/Developer/Platforms/iPhoneSimulator.platform/Developer/Library/Frameworks -F /Applications/Xcode.app/Contents/Developer/Platforms/iPhoneSimulator.platform/Developer/SDKs/iPhoneSimulator18.5.sdk/Developer/Library/Frameworks -c -j8 -enable-batch-mode -incremental -Xcc -ivfsstatcache -Xcc /Users/jans./Library/Developer/Xcode/DerivedData/SDKStatCaches.noindex/iphonesimulator18.5-22F76-d5fc8ad4295d2ef488fb7d0f804ce0c4.sdkstatcache -output-file-map /Users/jans./Library/Developer/Xcode/DerivedData/meal.advisor.ios-csaldjncgoleykghtkpncaypzmvo/Build/Intermediates.noindex/xctest-dynamic-overlay.build/Debug-iphonesimulator/IssueReporting.build/Objects-normal/arm64/IssueReporting-OutputFileMap.json -use-frontend-parseable-output -save-temps -no-color-diagnostics -serialize-diagnostics -emit-dependencies -emit-module -emit-module-path /Users/jans./Library/Developer/Xcode/DerivedData/meal.advisor.ios-csaldjncgoleykghtkpncaypzmvo/Build/Intermediates.noindex/xctest-dynamic-overlay.build/Debug-iphonesimulator/IssueReporting.build/Objects-normal/arm64/IssueReporting.swiftmodule -user-module-version 1.6.1 -validate-clang-modules-once -clang-build-session-file /Users/jans./Library/Developer/Xcode/DerivedData/ModuleCache.noindex/Session.modulevalidation -package-name xctest_dynamic_overlay -Xcc -I/Users/jans./Library/Developer/Xcode/DerivedData/meal.advisor.ios-csaldjncgoleykghtkpncaypzmvo/Build/Intermediates.noindex/xctest-dynamic-overlay.build/Debug-iphonesimulator/IssueReporting.build/swift-overrides.hmap -emit-const-values -Xfrontend -const-gather-protocols-file -Xfrontend /Users/jans./Library/Developer/Xcode/DerivedData/meal.advisor.ios-csaldjncgoleykghtkpncaypzmvo/Build/Intermediates.noindex/xctest-dynamic-overlay.build/Debug-iphonesimulator/IssueReporting.build/Objects-normal/arm64/IssueReporting_const_extract_protocols.json -Xcc -I/Users/jans./Library/Developer/Xcode/DerivedData/meal.advisor.ios-csaldjncgoleykghtkpncaypzmvo/Build/Products/Debug-iphonesimulator/include -Xcc -I/Users/jans./Library/Developer/Xcode/DerivedData/meal.advisor.ios-csaldjncgoleykghtkpncaypzmvo/Build/Intermediates.noindex/xctest-dynamic-overlay.build/Debug-iphonesimulator/IssueReporting.build/DerivedSources-normal/arm64 -Xcc -I/Users/jans./Library/Developer/Xcode/DerivedData/meal.advisor.ios-csaldjncgoleykghtkpncaypzmvo/Build/Intermediates.noindex/xctest-dynamic-overlay.build/Debug-iphonesimulator/IssueReporting.build/DerivedSources/arm64 -Xcc -I/Users/jans./Library/Developer/Xcode/DerivedData/meal.advisor.ios-csaldjncgoleykghtkpncaypzmvo/Build/Intermediates.noindex/xctest-dynamic-overlay.build/Debug-iphonesimulator/IssueReporting.build/DerivedSources -Xcc -DSWIFT_PACKAGE -Xcc -DDEBUG\=1 -emit-objc-header -emit-objc-header-path /Users/jans./Library/Developer/Xcode/DerivedData/meal.advisor.ios-csaldjncgoleykghtkpncaypzmvo/Build/Intermediates.noindex/xctest-dynamic-overlay.build/Debug-iphonesimulator/IssueReporting.build/Objects-normal/arm64/IssueReporting-Swift.h -working-directory /Users/jans./Downloads/meal.advisor/meal.advisor.ios/meal.advisor.ios/meal.advisor.ios/meal.advisor.ios.xcodeproj -experimental-emit-module-separately -disable-cmo

PrecompileModule /Users/jans./Library/Developer/Xcode/DerivedData/meal.advisor.ios-csaldjncgoleykghtkpncaypzmvo/Build/Intermediates.noindex/ExplicitPrecompiledModules/unistd-1XO2GYGNE02DE5R07Y2TM19L6.scan
    cd /Users/jans./Downloads/meal.advisor/meal.advisor.ios/meal.advisor.ios/meal.advisor.ios/meal.advisor.ios.xcodeproj
    builtin-precompileModule /Users/jans./Library/Developer/Xcode/DerivedData/meal.advisor.ios-csaldjncgoleykghtkpncaypzmvo/Build/Intermediates.noindex/ExplicitPrecompiledModules/unistd-1XO2GYGNE02DE5R07Y2TM19L6.scan

ScanDependencies /Users/jans./Library/Developer/Xcode/DerivedData/meal.advisor.ios-csaldjncgoleykghtkpncaypzmvo/Build/Intermediates.noindex/GoogleSignIn.build/Debug-iphonesimulator/GoogleSignIn.build/Objects-normal/arm64/GIDGoogleUser.o /Users/jans./Library/Developer/Xcode/DerivedData/meal.advisor.ios-csaldjncgoleykghtkpncaypzmvo/SourcePackages/checkouts/GoogleSignIn-iOS/GoogleSignIn/Sources/GIDGoogleUser.m normal arm64 objective-c com.apple.compilers.llvm.clang.1_0.compiler (in target 'GoogleSignIn' from project 'GoogleSignIn')
    cd /Users/jans./Downloads/meal.advisor/meal.advisor.ios/meal.advisor.ios/meal.advisor.ios/meal.advisor.ios.xcodeproj
    
    Using response file: /Users/jans./Library/Developer/Xcode/DerivedData/meal.advisor.ios-csaldjncgoleykghtkpncaypzmvo/Build/Intermediates.noindex/GoogleSignIn.build/Debug-iphonesimulator/GoogleSignIn.build/Objects-normal/arm64/e6072d4f65d7061329687fe24e3d63a7-common-args.resp
    
    builtin-ScanDependencies -o /Users/jans./Library/Developer/Xcode/DerivedData/meal.advisor.ios-csaldjncgoleykghtkpncaypzmvo/Build/Intermediates.noindex/GoogleSignIn.build/Debug-iphonesimulator/GoogleSignIn.build/Objects-normal/arm64/GIDGoogleUser.o.scan -- /Applications/Xcode.app/Contents/Developer/Toolchains/XcodeDefault.xctoolchain/usr/bin/clang -x objective-c -ivfsstatcache /Users/jans./Library/Developer/Xcode/DerivedData/SDKStatCaches.noindex/iphonesimulator18.5-22F76-d5fc8ad4295d2ef488fb7d0f804ce0c4.sdkstatcache -fmessage-length\=0 -fdiagnostics-show-note-include-stack -fmacro-backtrace-limit\=0 -fno-color-diagnostics -fmodules-prune-interval\=86400 -fmodules-prune-after\=345600 -fbuild-session-file\=/Users/jans./Library/Developer/Xcode/DerivedData/ModuleCache.noindex/Session.modulevalidation -fmodules-validate-once-per-build-session -Wnon-modular-include-in-framework-module -Werror\=non-modular-include-in-framework-module -Wno-trigraphs -Wno-missing-field-initializers -Wno-missing-prototypes -Wno-return-type -Wno-implicit-atomic-properties -Wno-objc-interface-ivars -Wno-arc-repeated-use-of-weak -Wno-missing-braces -Wparentheses -Wswitch -Wno-unused-function -Wno-unused-label -Wno-unused-parameter -Wno-unused-variable -Wunused-value -Wno-empty-body -Wno-uninitialized -Wno-unknown-pragmas -w -Wno-shadow -Wno-four-char-constants -Wno-conversion -Wno-constant-conversion -Wno-int-conversion -Wno-bool-conversion -Wno-enum-conversion -Wno-float-conversion -Wno-non-literal-null-conversion -Wno-objc-literal-conversion -Wshorten-64-to-32 -Wpointer-sign -Wno-newline-eof -Wno-selector -Wno-strict-selector-match -Wno-undeclared-selector -Wno-deprecated-implementations -Wno-implicit-fallthrough -fstrict-aliasing -Wprotocol -Wdeprecated-declarations -Wno-sign-conversion -Wno-infinite-recursion -Wno-comma -Wno-block-capture-autoreleasing -Wno-strict-prototypes -Wno-semicolon-before-method-body -index-store-path /Users/jans./Library/Developer/Xcode/DerivedData/meal.advisor.ios-csaldjncgoleykghtkpncaypzmvo/Index.noindex/DataStore @/Users/jans./Library/Developer/Xcode/DerivedData/meal.advisor.ios-csaldjncgoleykghtkpncaypzmvo/Build/Intermediates.noindex/GoogleSignIn.build/Debug-iphonesimulator/GoogleSignIn.build/Objects-normal/arm64/e6072d4f65d7061329687fe24e3d63a7-common-args.resp -include /Users/jans./Library/Developer/Xcode/DerivedData/meal.advisor.ios-csaldjncgoleykghtkpncaypzmvo/Build/Intermediates.noindex/GoogleSignIn.build/Debug-iphonesimulator/GoogleSignIn.build/DerivedSources/resource_bundle_accessor.h -MMD -MT dependencies -MF /Users/jans./Library/Developer/Xcode/DerivedData/meal.advisor.ios-csaldjncgoleykghtkpncaypzmvo/Build/Intermediates.noindex/GoogleSignIn.build/Debug-iphonesimulator/GoogleSignIn.build/Objects-normal/arm64/GIDGoogleUser.d --serialize-diagnostics /Users/jans./Library/Developer/Xcode/DerivedData/meal.advisor.ios-csaldjncgoleykghtkpncaypzmvo/Build/Intermediates.noindex/GoogleSignIn.build/Debug-iphonesimulator/GoogleSignIn.build/Objects-normal/arm64/GIDGoogleUser.dia -c /Users/jans./Library/Developer/Xcode/DerivedData/meal.advisor.ios-csaldjncgoleykghtkpncaypzmvo/SourcePackages/checkouts/GoogleSignIn-iOS/GoogleSignIn/Sources/GIDGoogleUser.m -o /Users/jans./Library/Developer/Xcode/DerivedData/meal.advisor.ios-csaldjncgoleykghtkpncaypzmvo/Build/Intermediates.noindex/GoogleSignIn.build/Debug-iphonesimulator/GoogleSignIn.build/Objects-normal/arm64/GIDGoogleUser.o -index-unit-output-path /GoogleSignIn.build/Debug-iphonesimulator/GoogleSignIn.build/Objects-normal/arm64/GIDGoogleUser.o

ScanDependencies /Users/jans./Library/Developer/Xcode/DerivedData/meal.advisor.ios-csaldjncgoleykghtkpncaypzmvo/Build/Intermediates.noindex/GoogleSignIn.build/Debug-iphonesimulator/GoogleSignIn.build/Objects-normal/arm64/GIDEMMSupport.o /Users/jans./Library/Developer/Xcode/DerivedData/meal.advisor.ios-csaldjncgoleykghtkpncaypzmvo/SourcePackages/checkouts/GoogleSignIn-iOS/GoogleSignIn/Sources/GIDEMMSupport.m normal arm64 objective-c com.apple.compilers.llvm.clang.1_0.compiler (in target 'GoogleSignIn' from project 'GoogleSignIn')
    cd /Users/jans./Downloads/meal.advisor/meal.advisor.ios/meal.advisor.ios/meal.advisor.ios/meal.advisor.ios.xcodeproj
    
    Using response file: /Users/jans./Library/Developer/Xcode/DerivedData/meal.advisor.ios-csaldjncgoleykghtkpncaypzmvo/Build/Intermediates.noindex/GoogleSignIn.build/Debug-iphonesimulator/GoogleSignIn.build/Objects-normal/arm64/e6072d4f65d7061329687fe24e3d63a7-common-args.resp
    
    builtin-ScanDependencies -o /Users/jans./Library/Developer/Xcode/DerivedData/meal.advisor.ios-csaldjncgoleykghtkpncaypzmvo/Build/Intermediates.noindex/GoogleSignIn.build/Debug-iphonesimulator/GoogleSignIn.build/Objects-normal/arm64/GIDEMMSupport.o.scan -- /Applications/Xcode.app/Contents/Developer/Toolchains/XcodeDefault.xctoolchain/usr/bin/clang -x objective-c -ivfsstatcache /Users/jans./Library/Developer/Xcode/DerivedData/SDKStatCaches.noindex/iphonesimulator18.5-22F76-d5fc8ad4295d2ef488fb7d0f804ce0c4.sdkstatcache -fmessage-length\=0 -fdiagnostics-show-note-include-stack -fmacro-backtrace-limit\=0 -fno-color-diagnostics -fmodules-prune-interval\=86400 -fmodules-prune-after\=345600 -fbuild-session-file\=/Users/jans./Library/Developer/Xcode/DerivedData/ModuleCache.noindex/Session.modulevalidation -fmodules-validate-once-per-build-session -Wnon-modular-include-in-framework-module -Werror\=non-modular-include-in-framework-module -Wno-trigraphs -Wno-missing-field-initializers -Wno-missing-prototypes -Wno-return-type -Wno-implicit-atomic-properties -Wno-objc-interface-ivars -Wno-arc-repeated-use-of-weak -Wno-missing-braces -Wparentheses -Wswitch -Wno-unused-function -Wno-unused-label -Wno-unused-parameter -Wno-unused-variable -Wunused-value -Wno-empty-body -Wno-uninitialized -Wno-unknown-pragmas -w -Wno-shadow -Wno-four-char-constants -Wno-conversion -Wno-constant-conversion -Wno-int-conversion -Wno-bool-conversion -Wno-enum-conversion -Wno-float-conversion -Wno-non-literal-null-conversion -Wno-objc-literal-conversion -Wshorten-64-to-32 -Wpointer-sign -Wno-newline-eof -Wno-selector -Wno-strict-selector-match -Wno-undeclared-selector -Wno-deprecated-implementations -Wno-implicit-fallthrough -fstrict-aliasing -Wprotocol -Wdeprecated-declarations -Wno-sign-conversion -Wno-infinite-recursion -Wno-comma -Wno-block-capture-autoreleasing -Wno-strict-prototypes -Wno-semicolon-before-method-body -index-store-path /Users/jans./Library/Developer/Xcode/DerivedData/meal.advisor.ios-csaldjncgoleykghtkpncaypzmvo/Index.noindex/DataStore @/Users/jans./Library/Developer/Xcode/DerivedData/meal.advisor.ios-csaldjncgoleykghtkpncaypzmvo/Build/Intermediates.noindex/GoogleSignIn.build/Debug-iphonesimulator/GoogleSignIn.build/Objects-normal/arm64/e6072d4f65d7061329687fe24e3d63a7-common-args.resp -include /Users/jans./Library/Developer/Xcode/DerivedData/meal.advisor.ios-csaldjncgoleykghtkpncaypzmvo/Build/Intermediates.noindex/GoogleSignIn.build/Debug-iphonesimulator/GoogleSignIn.build/DerivedSources/resource_bundle_accessor.h -MMD -MT dependencies -MF /Users/jans./Library/Developer/Xcode/DerivedData/meal.advisor.ios-csaldjncgoleykghtkpncaypzmvo/Build/Intermediates.noindex/GoogleSignIn.build/Debug-iphonesimulator/GoogleSignIn.build/Objects-normal/arm64/GIDEMMSupport.d --serialize-diagnostics /Users/jans./Library/Developer/Xcode/DerivedData/meal.advisor.ios-csaldjncgoleykghtkpncaypzmvo/Build/Intermediates.noindex/GoogleSignIn.build/Debug-iphonesimulator/GoogleSignIn.build/Objects-normal/arm64/GIDEMMSupport.dia -c /Users/jans./Library/Developer/Xcode/DerivedData/meal.advisor.ios-csaldjncgoleykghtkpncaypzmvo/SourcePackages/checkouts/GoogleSignIn-iOS/GoogleSignIn/Sources/GIDEMMSupport.m -o /Users/jans./Library/Developer/Xcode/DerivedData/meal.advisor.ios-csaldjncgoleykghtkpncaypzmvo/Build/Intermediates.noindex/GoogleSignIn.build/Debug-iphonesimulator/GoogleSignIn.build/Objects-normal/arm64/GIDEMMSupport.o -index-unit-output-path /GoogleSignIn.build/Debug-iphonesimulator/GoogleSignIn.build/Objects-normal/arm64/GIDEMMSupport.o

ScanDependencies /Users/jans./Library/Developer/Xcode/DerivedData/meal.advisor.ios-csaldjncgoleykghtkpncaypzmvo/Build/Intermediates.noindex/GoogleSignIn.build/Debug-iphonesimulator/GoogleSignIn.build/Objects-normal/arm64/GIDEMMErrorHandler.o /Users/jans./Library/Developer/Xcode/DerivedData/meal.advisor.ios-csaldjncgoleykghtkpncaypzmvo/SourcePackages/checkouts/GoogleSignIn-iOS/GoogleSignIn/Sources/GIDEMMErrorHandler.m normal arm64 objective-c com.apple.compilers.llvm.clang.1_0.compiler (in target 'GoogleSignIn' from project 'GoogleSignIn')
    cd /Users/jans./Downloads/meal.advisor/meal.advisor.ios/meal.advisor.ios/meal.advisor.ios/meal.advisor.ios.xcodeproj
    
    Using response file: /Users/jans./Library/Developer/Xcode/DerivedData/meal.advisor.ios-csaldjncgoleykghtkpncaypzmvo/Build/Intermediates.noindex/GoogleSignIn.build/Debug-iphonesimulator/GoogleSignIn.build/Objects-normal/arm64/e6072d4f65d7061329687fe24e3d63a7-common-args.resp
    
    builtin-ScanDependencies -o /Users/jans./Library/Developer/Xcode/DerivedData/meal.advisor.ios-csaldjncgoleykghtkpncaypzmvo/Build/Intermediates.noindex/GoogleSignIn.build/Debug-iphonesimulator/GoogleSignIn.build/Objects-normal/arm64/GIDEMMErrorHandler.o.scan -- /Applications/Xcode.app/Contents/Developer/Toolchains/XcodeDefault.xctoolchain/usr/bin/clang -x objective-c -ivfsstatcache /Users/jans./Library/Developer/Xcode/DerivedData/SDKStatCaches.noindex/iphonesimulator18.5-22F76-d5fc8ad4295d2ef488fb7d0f804ce0c4.sdkstatcache -fmessage-length\=0 -fdiagnostics-show-note-include-stack -fmacro-backtrace-limit\=0 -fno-color-diagnostics -fmodules-prune-interval\=86400 -fmodules-prune-after\=345600 -fbuild-session-file\=/Users/jans./Library/Developer/Xcode/DerivedData/ModuleCache.noindex/Session.modulevalidation -fmodules-validate-once-per-build-session -Wnon-modular-include-in-framework-module -Werror\=non-modular-include-in-framework-module -Wno-trigraphs -Wno-missing-field-initializers -Wno-missing-prototypes -Wno-return-type -Wno-implicit-atomic-properties -Wno-objc-interface-ivars -Wno-arc-repeated-use-of-weak -Wno-missing-braces -Wparentheses -Wswitch -Wno-unused-function -Wno-unused-label -Wno-unused-parameter -Wno-unused-variable -Wunused-value -Wno-empty-body -Wno-uninitialized -Wno-unknown-pragmas -w -Wno-shadow -Wno-four-char-constants -Wno-conversion -Wno-constant-conversion -Wno-int-conversion -Wno-bool-conversion -Wno-enum-conversion -Wno-float-conversion -Wno-non-literal-null-conversion -Wno-objc-literal-conversion -Wshorten-64-to-32 -Wpointer-sign -Wno-newline-eof -Wno-selector -Wno-strict-selector-match -Wno-undeclared-selector -Wno-deprecated-implementations -Wno-implicit-fallthrough -fstrict-aliasing -Wprotocol -Wdeprecated-declarations -Wno-sign-conversion -Wno-infinite-recursion -Wno-comma -Wno-block-capture-autoreleasing -Wno-strict-prototypes -Wno-semicolon-before-method-body -index-store-path /Users/jans./Library/Developer/Xcode/DerivedData/meal.advisor.ios-csaldjncgoleykghtkpncaypzmvo/Index.noindex/DataStore @/Users/jans./Library/Developer/Xcode/DerivedData/meal.advisor.ios-csaldjncgoleykghtkpncaypzmvo/Build/Intermediates.noindex/GoogleSignIn.build/Debug-iphonesimulator/GoogleSignIn.build/Objects-normal/arm64/e6072d4f65d7061329687fe24e3d63a7-common-args.resp -include /Users/jans./Library/Developer/Xcode/DerivedData/meal.advisor.ios-csaldjncgoleykghtkpncaypzmvo/Build/Intermediates.noindex/GoogleSignIn.build/Debug-iphonesimulator/GoogleSignIn.build/DerivedSources/resource_bundle_accessor.h -MMD -MT dependencies -MF /Users/jans./Library/Developer/Xcode/DerivedData/meal.advisor.ios-csaldjncgoleykghtkpncaypzmvo/Build/Intermediates.noindex/GoogleSignIn.build/Debug-iphonesimulator/GoogleSignIn.build/Objects-normal/arm64/GIDEMMErrorHandler.d --serialize-diagnostics /Users/jans./Library/Developer/Xcode/DerivedData/meal.advisor.ios-csaldjncgoleykghtkpncaypzmvo/Build/Intermediates.noindex/GoogleSignIn.build/Debug-iphonesimulator/GoogleSignIn.build/Objects-normal/arm64/GIDEMMErrorHandler.dia -c /Users/jans./Library/Developer/Xcode/DerivedData/meal.advisor.ios-csaldjncgoleykghtkpncaypzmvo/SourcePackages/checkouts/GoogleSignIn-iOS/GoogleSignIn/Sources/GIDEMMErrorHandler.m -o /Users/jans./Library/Developer/Xcode/DerivedData/meal.advisor.ios-csaldjncgoleykghtkpncaypzmvo/Build/Intermediates.noindex/GoogleSignIn.build/Debug-iphonesimulator/GoogleSignIn.build/Objects-normal/arm64/GIDEMMErrorHandler.o -index-unit-output-path /GoogleSignIn.build/Debug-iphonesimulator/GoogleSignIn.build/Objects-normal/arm64/GIDEMMErrorHandler.o

ScanDependencies /Users/jans./Library/Developer/Xcode/DerivedData/meal.advisor.ios-csaldjncgoleykghtkpncaypzmvo/Build/Intermediates.noindex/GoogleSignIn.build/Debug-iphonesimulator/GoogleSignIn.build/Objects-normal/arm64/GIDConfiguration.o /Users/jans./Library/Developer/Xcode/DerivedData/meal.advisor.ios-csaldjncgoleykghtkpncaypzmvo/SourcePackages/checkouts/GoogleSignIn-iOS/GoogleSignIn/Sources/GIDConfiguration.m normal arm64 objective-c com.apple.compilers.llvm.clang.1_0.compiler (in target 'GoogleSignIn' from project 'GoogleSignIn')
    cd /Users/jans./Downloads/meal.advisor/meal.advisor.ios/meal.advisor.ios/meal.advisor.ios/meal.advisor.ios.xcodeproj
    
    Using response file: /Users/jans./Library/Developer/Xcode/DerivedData/meal.advisor.ios-csaldjncgoleykghtkpncaypzmvo/Build/Intermediates.noindex/GoogleSignIn.build/Debug-iphonesimulator/GoogleSignIn.build/Objects-normal/arm64/e6072d4f65d7061329687fe24e3d63a7-common-args.resp
    
    builtin-ScanDependencies -o /Users/jans./Library/Developer/Xcode/DerivedData/meal.advisor.ios-csaldjncgoleykghtkpncaypzmvo/Build/Intermediates.noindex/GoogleSignIn.build/Debug-iphonesimulator/GoogleSignIn.build/Objects-normal/arm64/GIDConfiguration.o.scan -- /Applications/Xcode.app/Contents/Developer/Toolchains/XcodeDefault.xctoolchain/usr/bin/clang -x objective-c -ivfsstatcache /Users/jans./Library/Developer/Xcode/DerivedData/SDKStatCaches.noindex/iphonesimulator18.5-22F76-d5fc8ad4295d2ef488fb7d0f804ce0c4.sdkstatcache -fmessage-length\=0 -fdiagnostics-show-note-include-stack -fmacro-backtrace-limit\=0 -fno-color-diagnostics -fmodules-prune-interval\=86400 -fmodules-prune-after\=345600 -fbuild-session-file\=/Users/jans./Library/Developer/Xcode/DerivedData/ModuleCache.noindex/Session.modulevalidation -fmodules-validate-once-per-build-session -Wnon-modular-include-in-framework-module -Werror\=non-modular-include-in-framework-module -Wno-trigraphs -Wno-missing-field-initializers -Wno-missing-prototypes -Wno-return-type -Wno-implicit-atomic-properties -Wno-objc-interface-ivars -Wno-arc-repeated-use-of-weak -Wno-missing-braces -Wparentheses -Wswitch -Wno-unused-function -Wno-unused-label -Wno-unused-parameter -Wno-unused-variable -Wunused-value -Wno-empty-body -Wno-uninitialized -Wno-unknown-pragmas -w -Wno-shadow -Wno-four-char-constants -Wno-conversion -Wno-constant-conversion -Wno-int-conversion -Wno-bool-conversion -Wno-enum-conversion -Wno-float-conversion -Wno-non-literal-null-conversion -Wno-objc-literal-conversion -Wshorten-64-to-32 -Wpointer-sign -Wno-newline-eof -Wno-selector -Wno-strict-selector-match -Wno-undeclared-selector -Wno-deprecated-implementations -Wno-implicit-fallthrough -fstrict-aliasing -Wprotocol -Wdeprecated-declarations -Wno-sign-conversion -Wno-infinite-recursion -Wno-comma -Wno-block-capture-autoreleasing -Wno-strict-prototypes -Wno-semicolon-before-method-body -index-store-path /Users/jans./Library/Developer/Xcode/DerivedData/meal.advisor.ios-csaldjncgoleykghtkpncaypzmvo/Index.noindex/DataStore @/Users/jans./Library/Developer/Xcode/DerivedData/meal.advisor.ios-csaldjncgoleykghtkpncaypzmvo/Build/Intermediates.noindex/GoogleSignIn.build/Debug-iphonesimulator/GoogleSignIn.build/Objects-normal/arm64/e6072d4f65d7061329687fe24e3d63a7-common-args.resp -include /Users/jans./Library/Developer/Xcode/DerivedData/meal.advisor.ios-csaldjncgoleykghtkpncaypzmvo/Build/Intermediates.noindex/GoogleSignIn.build/Debug-iphonesimulator/GoogleSignIn.build/DerivedSources/resource_bundle_accessor.h -MMD -MT dependencies -MF /Users/jans./Library/Developer/Xcode/DerivedData/meal.advisor.ios-csaldjncgoleykghtkpncaypzmvo/Build/Intermediates.noindex/GoogleSignIn.build/Debug-iphonesimulator/GoogleSignIn.build/Objects-normal/arm64/GIDConfiguration.d --serialize-diagnostics /Users/jans./Library/Developer/Xcode/DerivedData/meal.advisor.ios-csaldjncgoleykghtkpncaypzmvo/Build/Intermediates.noindex/GoogleSignIn.build/Debug-iphonesimulator/GoogleSignIn.build/Objects-normal/arm64/GIDConfiguration.dia -c /Users/jans./Library/Developer/Xcode/DerivedData/meal.advisor.ios-csaldjncgoleykghtkpncaypzmvo/SourcePackages/checkouts/GoogleSignIn-iOS/GoogleSignIn/Sources/GIDConfiguration.m -o /Users/jans./Library/Developer/Xcode/DerivedData/meal.advisor.ios-csaldjncgoleykghtkpncaypzmvo/Build/Intermediates.noindex/GoogleSignIn.build/Debug-iphonesimulator/GoogleSignIn.build/Objects-normal/arm64/GIDConfiguration.o -index-unit-output-path /GoogleSignIn.build/Debug-iphonesimulator/GoogleSignIn.build/Objects-normal/arm64/GIDConfiguration.o

ScanDependencies /Users/jans./Library/Developer/Xcode/DerivedData/meal.advisor.ios-csaldjncgoleykghtkpncaypzmvo/Build/Intermediates.noindex/GoogleSignIn.build/Debug-iphonesimulator/GoogleSignIn.build/Objects-normal/arm64/GIDCallbackQueue.o /Users/jans./Library/Developer/Xcode/DerivedData/meal.advisor.ios-csaldjncgoleykghtkpncaypzmvo/SourcePackages/checkouts/GoogleSignIn-iOS/GoogleSignIn/Sources/GIDCallbackQueue.m normal arm64 objective-c com.apple.compilers.llvm.clang.1_0.compiler (in target 'GoogleSignIn' from project 'GoogleSignIn')
    cd /Users/jans./Downloads/meal.advisor/meal.advisor.ios/meal.advisor.ios/meal.advisor.ios/meal.advisor.ios.xcodeproj
    
    Using response file: /Users/jans./Library/Developer/Xcode/DerivedData/meal.advisor.ios-csaldjncgoleykghtkpncaypzmvo/Build/Intermediates.noindex/GoogleSignIn.build/Debug-iphonesimulator/GoogleSignIn.build/Objects-normal/arm64/e6072d4f65d7061329687fe24e3d63a7-common-args.resp
    
    builtin-ScanDependencies -o /Users/jans./Library/Developer/Xcode/DerivedData/meal.advisor.ios-csaldjncgoleykghtkpncaypzmvo/Build/Intermediates.noindex/GoogleSignIn.build/Debug-iphonesimulator/GoogleSignIn.build/Objects-normal/arm64/GIDCallbackQueue.o.scan -- /Applications/Xcode.app/Contents/Developer/Toolchains/XcodeDefault.xctoolchain/usr/bin/clang -x objective-c -ivfsstatcache /Users/jans./Library/Developer/Xcode/DerivedData/SDKStatCaches.noindex/iphonesimulator18.5-22F76-d5fc8ad4295d2ef488fb7d0f804ce0c4.sdkstatcache -fmessage-length\=0 -fdiagnostics-show-note-include-stack -fmacro-backtrace-limit\=0 -fno-color-diagnostics -fmodules-prune-interval\=86400 -fmodules-prune-after\=345600 -fbuild-session-file\=/Users/jans./Library/Developer/Xcode/DerivedData/ModuleCache.noindex/Session.modulevalidation -fmodules-validate-once-per-build-session -Wnon-modular-include-in-framework-module -Werror\=non-modular-include-in-framework-module -Wno-trigraphs -Wno-missing-field-initializers -Wno-missing-prototypes -Wno-return-type -Wno-implicit-atomic-properties -Wno-objc-interface-ivars -Wno-arc-repeated-use-of-weak -Wno-missing-braces -Wparentheses -Wswitch -Wno-unused-function -Wno-unused-label -Wno-unused-parameter -Wno-unused-variable -Wunused-value -Wno-empty-body -Wno-uninitialized -Wno-unknown-pragmas -w -Wno-shadow -Wno-four-char-constants -Wno-conversion -Wno-constant-conversion -Wno-int-conversion -Wno-bool-conversion -Wno-enum-conversion -Wno-float-conversion -Wno-non-literal-null-conversion -Wno-objc-literal-conversion -Wshorten-64-to-32 -Wpointer-sign -Wno-newline-eof -Wno-selector -Wno-strict-selector-match -Wno-undeclared-selector -Wno-deprecated-implementations -Wno-implicit-fallthrough -fstrict-aliasing -Wprotocol -Wdeprecated-declarations -Wno-sign-conversion -Wno-infinite-recursion -Wno-comma -Wno-block-capture-autoreleasing -Wno-strict-prototypes -Wno-semicolon-before-method-body -index-store-path /Users/jans./Library/Developer/Xcode/DerivedData/meal.advisor.ios-csaldjncgoleykghtkpncaypzmvo/Index.noindex/DataStore @/Users/jans./Library/Developer/Xcode/DerivedData/meal.advisor.ios-csaldjncgoleykghtkpncaypzmvo/Build/Intermediates.noindex/GoogleSignIn.build/Debug-iphonesimulator/GoogleSignIn.build/Objects-normal/arm64/e6072d4f65d7061329687fe24e3d63a7-common-args.resp -include /Users/jans./Library/Developer/Xcode/DerivedData/meal.advisor.ios-csaldjncgoleykghtkpncaypzmvo/Build/Intermediates.noindex/GoogleSignIn.build/Debug-iphonesimulator/GoogleSignIn.build/DerivedSources/resource_bundle_accessor.h -MMD -MT dependencies -MF /Users/jans./Library/Developer/Xcode/DerivedData/meal.advisor.ios-csaldjncgoleykghtkpncaypzmvo/Build/Intermediates.noindex/GoogleSignIn.build/Debug-iphonesimulator/GoogleSignIn.build/Objects-normal/arm64/GIDCallbackQueue.d --serialize-diagnostics /Users/jans./Library/Developer/Xcode/DerivedData/meal.advisor.ios-csaldjncgoleykghtkpncaypzmvo/Build/Intermediates.noindex/GoogleSignIn.build/Debug-iphonesimulator/GoogleSignIn.build/Objects-normal/arm64/GIDCallbackQueue.dia -c /Users/jans./Library/Developer/Xcode/DerivedData/meal.advisor.ios-csaldjncgoleykghtkpncaypzmvo/SourcePackages/checkouts/GoogleSignIn-iOS/GoogleSignIn/Sources/GIDCallbackQueue.m -o /Users/jans./Library/Developer/Xcode/DerivedData/meal.advisor.ios-csaldjncgoleykghtkpncaypzmvo/Build/Intermediates.noindex/GoogleSignIn.build/Debug-iphonesimulator/GoogleSignIn.build/Objects-normal/arm64/GIDCallbackQueue.o -index-unit-output-path /GoogleSignIn.build/Debug-iphonesimulator/GoogleSignIn.build/Objects-normal/arm64/GIDCallbackQueue.o

ScanDependencies /Users/jans./Library/Developer/Xcode/DerivedData/meal.advisor.ios-csaldjncgoleykghtkpncaypzmvo/Build/Intermediates.noindex/GoogleSignIn.build/Debug-iphonesimulator/GoogleSignIn.build/Objects-normal/arm64/GIDAuthentication.o /Users/jans./Library/Developer/Xcode/DerivedData/meal.advisor.ios-csaldjncgoleykghtkpncaypzmvo/SourcePackages/checkouts/GoogleSignIn-iOS/GoogleSignIn/Sources/GIDAuthentication.m normal arm64 objective-c com.apple.compilers.llvm.clang.1_0.compiler (in target 'GoogleSignIn' from project 'GoogleSignIn')
    cd /Users/jans./Downloads/meal.advisor/meal.advisor.ios/meal.advisor.ios/meal.advisor.ios/meal.advisor.ios.xcodeproj
    
    Using response file: /Users/jans./Library/Developer/Xcode/DerivedData/meal.advisor.ios-csaldjncgoleykghtkpncaypzmvo/Build/Intermediates.noindex/GoogleSignIn.build/Debug-iphonesimulator/GoogleSignIn.build/Objects-normal/arm64/e6072d4f65d7061329687fe24e3d63a7-common-args.resp
    
    builtin-ScanDependencies -o /Users/jans./Library/Developer/Xcode/DerivedData/meal.advisor.ios-csaldjncgoleykghtkpncaypzmvo/Build/Intermediates.noindex/GoogleSignIn.build/Debug-iphonesimulator/GoogleSignIn.build/Objects-normal/arm64/GIDAuthentication.o.scan -- /Applications/Xcode.app/Contents/Developer/Toolchains/XcodeDefault.xctoolchain/usr/bin/clang -x objective-c -ivfsstatcache /Users/jans./Library/Developer/Xcode/DerivedData/SDKStatCaches.noindex/iphonesimulator18.5-22F76-d5fc8ad4295d2ef488fb7d0f804ce0c4.sdkstatcache -fmessage-length\=0 -fdiagnostics-show-note-include-stack -fmacro-backtrace-limit\=0 -fno-color-diagnostics -fmodules-prune-interval\=86400 -fmodules-prune-after\=345600 -fbuild-session-file\=/Users/jans./Library/Developer/Xcode/DerivedData/ModuleCache.noindex/Session.modulevalidation -fmodules-validate-once-per-build-session -Wnon-modular-include-in-framework-module -Werror\=non-modular-include-in-framework-module -Wno-trigraphs -Wno-missing-field-initializers -Wno-missing-prototypes -Wno-return-type -Wno-implicit-atomic-properties -Wno-objc-interface-ivars -Wno-arc-repeated-use-of-weak -Wno-missing-braces -Wparentheses -Wswitch -Wno-unused-function -Wno-unused-label -Wno-unused-parameter -Wno-unused-variable -Wunused-value -Wno-empty-body -Wno-uninitialized -Wno-unknown-pragmas -w -Wno-shadow -Wno-four-char-constants -Wno-conversion -Wno-constant-conversion -Wno-int-conversion -Wno-bool-conversion -Wno-enum-conversion -Wno-float-conversion -Wno-non-literal-null-conversion -Wno-objc-literal-conversion -Wshorten-64-to-32 -Wpointer-sign -Wno-newline-eof -Wno-selector -Wno-strict-selector-match -Wno-undeclared-selector -Wno-deprecated-implementations -Wno-implicit-fallthrough -fstrict-aliasing -Wprotocol -Wdeprecated-declarations -Wno-sign-conversion -Wno-infinite-recursion -Wno-comma -Wno-block-capture-autoreleasing -Wno-strict-prototypes -Wno-semicolon-before-method-body -index-store-path /Users/jans./Library/Developer/Xcode/DerivedData/meal.advisor.ios-csaldjncgoleykghtkpncaypzmvo/Index.noindex/DataStore @/Users/jans./Library/Developer/Xcode/DerivedData/meal.advisor.ios-csaldjncgoleykghtkpncaypzmvo/Build/Intermediates.noindex/GoogleSignIn.build/Debug-iphonesimulator/GoogleSignIn.build/Objects-normal/arm64/e6072d4f65d7061329687fe24e3d63a7-common-args.resp -include /Users/jans./Library/Developer/Xcode/DerivedData/meal.advisor.ios-csaldjncgoleykghtkpncaypzmvo/Build/Intermediates.noindex/GoogleSignIn.build/Debug-iphonesimulator/GoogleSignIn.build/DerivedSources/resource_bundle_accessor.h -MMD -MT dependencies -MF /Users/jans./Library/Developer/Xcode/DerivedData/meal.advisor.ios-csaldjncgoleykghtkpncaypzmvo/Build/Intermediates.noindex/GoogleSignIn.build/Debug-iphonesimulator/GoogleSignIn.build/Objects-normal/arm64/GIDAuthentication.d --serialize-diagnostics /Users/jans./Library/Developer/Xcode/DerivedData/meal.advisor.ios-csaldjncgoleykghtkpncaypzmvo/Build/Intermediates.noindex/GoogleSignIn.build/Debug-iphonesimulator/GoogleSignIn.build/Objects-normal/arm64/GIDAuthentication.dia -c /Users/jans./Library/Developer/Xcode/DerivedData/meal.advisor.ios-csaldjncgoleykghtkpncaypzmvo/SourcePackages/checkouts/GoogleSignIn-iOS/GoogleSignIn/Sources/GIDAuthentication.m -o /Users/jans./Library/Developer/Xcode/DerivedData/meal.advisor.ios-csaldjncgoleykghtkpncaypzmvo/Build/Intermediates.noindex/GoogleSignIn.build/Debug-iphonesimulator/GoogleSignIn.build/Objects-normal/arm64/GIDAuthentication.o -index-unit-output-path /GoogleSignIn.build/Debug-iphonesimulator/GoogleSignIn.build/Objects-normal/arm64/GIDAuthentication.o

PrecompileModule /Users/jans./Library/Developer/Xcode/DerivedData/meal.advisor.ios-csaldjncgoleykghtkpncaypzmvo/Build/Intermediates.noindex/ExplicitPrecompiledModules/Darwin-3U5AVU27FI6L8SB8H97I7CBOV.scan
    cd /Users/jans./Downloads/meal.advisor/meal.advisor.ios/meal.advisor.ios/meal.advisor.ios/meal.advisor.ios.xcodeproj
    builtin-precompileModule /Users/jans./Library/Developer/Xcode/DerivedData/meal.advisor.ios-csaldjncgoleykghtkpncaypzmvo/Build/Intermediates.noindex/ExplicitPrecompiledModules/Darwin-3U5AVU27FI6L8SB8H97I7CBOV.scan

ScanDependencies /Users/jans./Library/Developer/Xcode/DerivedData/meal.advisor.ios-csaldjncgoleykghtkpncaypzmvo/Build/Intermediates.noindex/GoogleSignIn.build/Debug-iphonesimulator/GoogleSignIn.build/Objects-normal/arm64/GIDAuthStateMigration.o /Users/jans./Library/Developer/Xcode/DerivedData/meal.advisor.ios-csaldjncgoleykghtkpncaypzmvo/SourcePackages/checkouts/GoogleSignIn-iOS/GoogleSignIn/Sources/GIDAuthStateMigration.m normal arm64 objective-c com.apple.compilers.llvm.clang.1_0.compiler (in target 'GoogleSignIn' from project 'GoogleSignIn')
    cd /Users/jans./Downloads/meal.advisor/meal.advisor.ios/meal.advisor.ios/meal.advisor.ios/meal.advisor.ios.xcodeproj
    
    Using response file: /Users/jans./Library/Developer/Xcode/DerivedData/meal.advisor.ios-csaldjncgoleykghtkpncaypzmvo/Build/Intermediates.noindex/GoogleSignIn.build/Debug-iphonesimulator/GoogleSignIn.build/Objects-normal/arm64/e6072d4f65d7061329687fe24e3d63a7-common-args.resp
    
    builtin-ScanDependencies -o /Users/jans./Library/Developer/Xcode/DerivedData/meal.advisor.ios-csaldjncgoleykghtkpncaypzmvo/Build/Intermediates.noindex/GoogleSignIn.build/Debug-iphonesimulator/GoogleSignIn.build/Objects-normal/arm64/GIDAuthStateMigration.o.scan -- /Applications/Xcode.app/Contents/Developer/Toolchains/XcodeDefault.xctoolchain/usr/bin/clang -x objective-c -ivfsstatcache /Users/jans./Library/Developer/Xcode/DerivedData/SDKStatCaches.noindex/iphonesimulator18.5-22F76-d5fc8ad4295d2ef488fb7d0f804ce0c4.sdkstatcache -fmessage-length\=0 -fdiagnostics-show-note-include-stack -fmacro-backtrace-limit\=0 -fno-color-diagnostics -fmodules-prune-interval\=86400 -fmodules-prune-after\=345600 -fbuild-session-file\=/Users/jans./Library/Developer/Xcode/DerivedData/ModuleCache.noindex/Session.modulevalidation -fmodules-validate-once-per-build-session -Wnon-modular-include-in-framework-module -Werror\=non-modular-include-in-framework-module -Wno-trigraphs -Wno-missing-field-initializers -Wno-missing-prototypes -Wno-return-type -Wno-implicit-atomic-properties -Wno-objc-interface-ivars -Wno-arc-repeated-use-of-weak -Wno-missing-braces -Wparentheses -Wswitch -Wno-unused-function -Wno-unused-label -Wno-unused-parameter -Wno-unused-variable -Wunused-value -Wno-empty-body -Wno-uninitialized -Wno-unknown-pragmas -w -Wno-shadow -Wno-four-char-constants -Wno-conversion -Wno-constant-conversion -Wno-int-conversion -Wno-bool-conversion -Wno-enum-conversion -Wno-float-conversion -Wno-non-literal-null-conversion -Wno-objc-literal-conversion -Wshorten-64-to-32 -Wpointer-sign -Wno-newline-eof -Wno-selector -Wno-strict-selector-match -Wno-undeclared-selector -Wno-deprecated-implementations -Wno-implicit-fallthrough -fstrict-aliasing -Wprotocol -Wdeprecated-declarations -Wno-sign-conversion -Wno-infinite-recursion -Wno-comma -Wno-block-capture-autoreleasing -Wno-strict-prototypes -Wno-semicolon-before-method-body -index-store-path /Users/jans./Library/Developer/Xcode/DerivedData/meal.advisor.ios-csaldjncgoleykghtkpncaypzmvo/Index.noindex/DataStore @/Users/jans./Library/Developer/Xcode/DerivedData/meal.advisor.ios-csaldjncgoleykghtkpncaypzmvo/Build/Intermediates.noindex/GoogleSignIn.build/Debug-iphonesimulator/GoogleSignIn.build/Objects-normal/arm64/e6072d4f65d7061329687fe24e3d63a7-common-args.resp -include /Users/jans./Library/Developer/Xcode/DerivedData/meal.advisor.ios-csaldjncgoleykghtkpncaypzmvo/Build/Intermediates.noindex/GoogleSignIn.build/Debug-iphonesimulator/GoogleSignIn.build/DerivedSources/resource_bundle_accessor.h -MMD -MT dependencies -MF /Users/jans./Library/Developer/Xcode/DerivedData/meal.advisor.ios-csaldjncgoleykghtkpncaypzmvo/Build/Intermediates.noindex/GoogleSignIn.build/Debug-iphonesimulator/GoogleSignIn.build/Objects-normal/arm64/GIDAuthStateMigration.d --serialize-diagnostics /Users/jans./Library/Developer/Xcode/DerivedData/meal.advisor.ios-csaldjncgoleykghtkpncaypzmvo/Build/Intermediates.noindex/GoogleSignIn.build/Debug-iphonesimulator/GoogleSignIn.build/Objects-normal/arm64/GIDAuthStateMigration.dia -c /Users/jans./Library/Developer/Xcode/DerivedData/meal.advisor.ios-csaldjncgoleykghtkpncaypzmvo/SourcePackages/checkouts/GoogleSignIn-iOS/GoogleSignIn/Sources/GIDAuthStateMigration.m -o /Users/jans./Library/Developer/Xcode/DerivedData/meal.advisor.ios-csaldjncgoleykghtkpncaypzmvo/Build/Intermediates.noindex/GoogleSignIn.build/Debug-iphonesimulator/GoogleSignIn.build/Objects-normal/arm64/GIDAuthStateMigration.o -index-unit-output-path /GoogleSignIn.build/Debug-iphonesimulator/GoogleSignIn.build/Objects-normal/arm64/GIDAuthStateMigration.o

RegisterExecutionPolicyException /Users/jans./Library/Developer/Xcode/DerivedData/meal.advisor.ios-csaldjncgoleykghtkpncaypzmvo/Build/Products/Debug-iphonesimulator/AppAuthCore.o (in target 'AppAuthCore' from project 'AppAuth')
    cd /Users/jans./Library/Developer/Xcode/DerivedData/meal.advisor.ios-csaldjncgoleykghtkpncaypzmvo/SourcePackages/checkouts/AppAuth-iOS
    builtin-RegisterExecutionPolicyException /Users/jans./Library/Developer/Xcode/DerivedData/meal.advisor.ios-csaldjncgoleykghtkpncaypzmvo/Build/Products/Debug-iphonesimulator/AppAuthCore.o

SwiftDriver XCTestDynamicOverlay normal arm64 com.apple.xcode.tools.swift.compiler (in target 'XCTestDynamicOverlay' from project 'xctest-dynamic-overlay')
    cd /Users/jans./Downloads/meal.advisor/meal.advisor.ios/meal.advisor.ios/meal.advisor.ios/meal.advisor.ios.xcodeproj
    builtin-SwiftDriver -- /Applications/Xcode.app/Contents/Developer/Toolchains/XcodeDefault.xctoolchain/usr/bin/swiftc -module-name XCTestDynamicOverlay -Onone -enforce-exclusivity\=checked @/Users/jans./Library/Developer/Xcode/DerivedData/meal.advisor.ios-csaldjncgoleykghtkpncaypzmvo/Build/Intermediates.noindex/xctest-dynamic-overlay.build/Debug-iphonesimulator/XCTestDynamicOverlay.build/Objects-normal/arm64/XCTestDynamicOverlay.SwiftFileList -DSWIFT_PACKAGE -DDEBUG -DXcode -plugin-path /Applications/Xcode.app/Contents/Developer/Toolchains/XcodeDefault.xctoolchain/usr/lib/swift/host/plugins/testing -enable-experimental-feature DebugDescriptionMacro -sdk /Applications/Xcode.app/Contents/Developer/Platforms/iPhoneSimulator.platform/Developer/SDKs/iPhoneSimulator18.5.sdk -target arm64-apple-ios13.0-simulator -g -module-cache-path /Users/jans./Library/Developer/Xcode/DerivedData/ModuleCache.noindex -Xfrontend -serialize-debugging-options -enable-testing -suppress-warnings -index-store-path /Users/jans./Library/Developer/Xcode/DerivedData/meal.advisor.ios-csaldjncgoleykghtkpncaypzmvo/Index.noindex/DataStore -swift-version 6 -I /Users/jans./Library/Developer/Xcode/DerivedData/meal.advisor.ios-csaldjncgoleykghtkpncaypzmvo/Build/Products/Debug-iphonesimulator -I /Applications/Xcode.app/Contents/Developer/Platforms/iPhoneSimulator.platform/Developer/usr/lib -F /Users/jans./Library/Developer/Xcode/DerivedData/meal.advisor.ios-csaldjncgoleykghtkpncaypzmvo/Build/Products/Debug-iphonesimulator/PackageFrameworks -F /Users/jans./Library/Developer/Xcode/DerivedData/meal.advisor.ios-csaldjncgoleykghtkpncaypzmvo/Build/Products/Debug-iphonesimulator/PackageFrameworks -F /Users/jans./Library/Developer/Xcode/DerivedData/meal.advisor.ios-csaldjncgoleykghtkpncaypzmvo/Build/Products/Debug-iphonesimulator -F /Applications/Xcode.app/Contents/Developer/Platforms/iPhoneSimulator.platform/Developer/Library/Frameworks -F /Applications/Xcode.app/Contents/Developer/Platforms/iPhoneSimulator.platform/Developer/SDKs/iPhoneSimulator18.5.sdk/Developer/Library/Frameworks -c -j8 -enable-batch-mode -incremental -Xcc -ivfsstatcache -Xcc /Users/jans./Library/Developer/Xcode/DerivedData/SDKStatCaches.noindex/iphonesimulator18.5-22F76-d5fc8ad4295d2ef488fb7d0f804ce0c4.sdkstatcache -output-file-map /Users/jans./Library/Developer/Xcode/DerivedData/meal.advisor.ios-csaldjncgoleykghtkpncaypzmvo/Build/Intermediates.noindex/xctest-dynamic-overlay.build/Debug-iphonesimulator/XCTestDynamicOverlay.build/Objects-normal/arm64/XCTestDynamicOverlay-OutputFileMap.json -use-frontend-parseable-output -save-temps -no-color-diagnostics -serialize-diagnostics -emit-dependencies -emit-module -emit-module-path /Users/jans./Library/Developer/Xcode/DerivedData/meal.advisor.ios-csaldjncgoleykghtkpncaypzmvo/Build/Intermediates.noindex/xctest-dynamic-overlay.build/Debug-iphonesimulator/XCTestDynamicOverlay.build/Objects-normal/arm64/XCTestDynamicOverlay.swiftmodule -user-module-version 1.6.1 -validate-clang-modules-once -clang-build-session-file /Users/jans./Library/Developer/Xcode/DerivedData/ModuleCache.noindex/Session.modulevalidation -package-name xctest_dynamic_overlay -Xcc -I/Users/jans./Library/Developer/Xcode/DerivedData/meal.advisor.ios-csaldjncgoleykghtkpncaypzmvo/Build/Intermediates.noindex/xctest-dynamic-overlay.build/Debug-iphonesimulator/XCTestDynamicOverlay.build/swift-overrides.hmap -emit-const-values -Xfrontend -const-gather-protocols-file -Xfrontend /Users/jans./Library/Developer/Xcode/DerivedData/meal.advisor.ios-csaldjncgoleykghtkpncaypzmvo/Build/Intermediates.noindex/xctest-dynamic-overlay.build/Debug-iphonesimulator/XCTestDynamicOverlay.build/Objects-normal/arm64/XCTestDynamicOverlay_const_extract_protocols.json -Xcc -I/Users/jans./Library/Developer/Xcode/DerivedData/meal.advisor.ios-csaldjncgoleykghtkpncaypzmvo/Build/Products/Debug-iphonesimulator/include -Xcc -I/Users/jans./Library/Developer/Xcode/DerivedData/meal.advisor.ios-csaldjncgoleykghtkpncaypzmvo/Build/Intermediates.noindex/xctest-dynamic-overlay.build/Debug-iphonesimulator/XCTestDynamicOverlay.build/DerivedSources-normal/arm64 -Xcc -I/Users/jans./Library/Developer/Xcode/DerivedData/meal.advisor.ios-csaldjncgoleykghtkpncaypzmvo/Build/Intermediates.noindex/xctest-dynamic-overlay.build/Debug-iphonesimulator/XCTestDynamicOverlay.build/DerivedSources/arm64 -Xcc -I/Users/jans./Library/Developer/Xcode/DerivedData/meal.advisor.ios-csaldjncgoleykghtkpncaypzmvo/Build/Intermediates.noindex/xctest-dynamic-overlay.build/Debug-iphonesimulator/XCTestDynamicOverlay.build/DerivedSources -Xcc -DSWIFT_PACKAGE -Xcc -DDEBUG\=1 -emit-objc-header -emit-objc-header-path /Users/jans./Library/Developer/Xcode/DerivedData/meal.advisor.ios-csaldjncgoleykghtkpncaypzmvo/Build/Intermediates.noindex/xctest-dynamic-overlay.build/Debug-iphonesimulator/XCTestDynamicOverlay.build/Objects-normal/arm64/XCTestDynamicOverlay-Swift.h -working-directory /Users/jans./Downloads/meal.advisor/meal.advisor.ios/meal.advisor.ios/meal.advisor.ios/meal.advisor.ios.xcodeproj -experimental-emit-module-separately -disable-cmo

SwiftDriver Clocks normal arm64 com.apple.xcode.tools.swift.compiler (in target 'Clocks' from project 'swift-clocks')
    cd /Users/jans./Downloads/meal.advisor/meal.advisor.ios/meal.advisor.ios/meal.advisor.ios/meal.advisor.ios.xcodeproj
    builtin-SwiftDriver -- /Applications/Xcode.app/Contents/Developer/Toolchains/XcodeDefault.xctoolchain/usr/bin/swiftc -module-name Clocks -Onone -enforce-exclusivity\=checked @/Users/jans./Library/Developer/Xcode/DerivedData/meal.advisor.ios-csaldjncgoleykghtkpncaypzmvo/Build/Intermediates.noindex/swift-clocks.build/Debug-iphonesimulator/Clocks.build/Objects-normal/arm64/Clocks.SwiftFileList -DSWIFT_PACKAGE -DDEBUG -DXcode -plugin-path /Applications/Xcode.app/Contents/Developer/Toolchains/XcodeDefault.xctoolchain/usr/lib/swift/host/plugins/testing -enable-experimental-feature DebugDescriptionMacro -sdk /Applications/Xcode.app/Contents/Developer/Platforms/iPhoneSimulator.platform/Developer/SDKs/iPhoneSimulator18.5.sdk -target arm64-apple-ios13.0-simulator -g -module-cache-path /Users/jans./Library/Developer/Xcode/DerivedData/ModuleCache.noindex -Xfrontend -serialize-debugging-options -enable-testing -suppress-warnings -index-store-path /Users/jans./Library/Developer/Xcode/DerivedData/meal.advisor.ios-csaldjncgoleykghtkpncaypzmvo/Index.noindex/DataStore -swift-version 6 -I /Users/jans./Library/Developer/Xcode/DerivedData/meal.advisor.ios-csaldjncgoleykghtkpncaypzmvo/Build/Products/Debug-iphonesimulator -I /Applications/Xcode.app/Contents/Developer/Platforms/iPhoneSimulator.platform/Developer/usr/lib -F /Users/jans./Library/Developer/Xcode/DerivedData/meal.advisor.ios-csaldjncgoleykghtkpncaypzmvo/Build/Products/Debug-iphonesimulator/PackageFrameworks -F /Users/jans./Library/Developer/Xcode/DerivedData/meal.advisor.ios-csaldjncgoleykghtkpncaypzmvo/Build/Products/Debug-iphonesimulator/PackageFrameworks -F /Users/jans./Library/Developer/Xcode/DerivedData/meal.advisor.ios-csaldjncgoleykghtkpncaypzmvo/Build/Products/Debug-iphonesimulator/PackageFrameworks -F /Users/jans./Library/Developer/Xcode/DerivedData/meal.advisor.ios-csaldjncgoleykghtkpncaypzmvo/Build/Products/Debug-iphonesimulator -F /Applications/Xcode.app/Contents/Developer/Platforms/iPhoneSimulator.platform/Developer/Library/Frameworks -F /Applications/Xcode.app/Contents/Developer/Platforms/iPhoneSimulator.platform/Developer/SDKs/iPhoneSimulator18.5.sdk/Developer/Library/Frameworks -c -j8 -enable-batch-mode -incremental -Xcc -ivfsstatcache -Xcc /Users/jans./Library/Developer/Xcode/DerivedData/SDKStatCaches.noindex/iphonesimulator18.5-22F76-d5fc8ad4295d2ef488fb7d0f804ce0c4.sdkstatcache -output-file-map /Users/jans./Library/Developer/Xcode/DerivedData/meal.advisor.ios-csaldjncgoleykghtkpncaypzmvo/Build/Intermediates.noindex/swift-clocks.build/Debug-iphonesimulator/Clocks.build/Objects-normal/arm64/Clocks-OutputFileMap.json -use-frontend-parseable-output -save-temps -no-color-diagnostics -serialize-diagnostics -emit-dependencies -emit-module -emit-module-path /Users/jans./Library/Developer/Xcode/DerivedData/meal.advisor.ios-csaldjncgoleykghtkpncaypzmvo/Build/Intermediates.noindex/swift-clocks.build/Debug-iphonesimulator/Clocks.build/Objects-normal/arm64/Clocks.swiftmodule -user-module-version 1.0.6 -validate-clang-modules-once -clang-build-session-file /Users/jans./Library/Developer/Xcode/DerivedData/ModuleCache.noindex/Session.modulevalidation -package-name swift_clocks -Xcc -I/Users/jans./Library/Developer/Xcode/DerivedData/meal.advisor.ios-csaldjncgoleykghtkpncaypzmvo/Build/Intermediates.noindex/swift-clocks.build/Debug-iphonesimulator/Clocks.build/swift-overrides.hmap -emit-const-values -Xfrontend -const-gather-protocols-file -Xfrontend /Users/jans./Library/Developer/Xcode/DerivedData/meal.advisor.ios-csaldjncgoleykghtkpncaypzmvo/Build/Intermediates.noindex/swift-clocks.build/Debug-iphonesimulator/Clocks.build/Objects-normal/arm64/Clocks_const_extract_protocols.json -Xcc -I/Users/jans./Library/Developer/Xcode/DerivedData/meal.advisor.ios-csaldjncgoleykghtkpncaypzmvo/Build/Products/Debug-iphonesimulator/include -Xcc -I/Users/jans./Library/Developer/Xcode/DerivedData/meal.advisor.ios-csaldjncgoleykghtkpncaypzmvo/Build/Intermediates.noindex/swift-clocks.build/Debug-iphonesimulator/Clocks.build/DerivedSources-normal/arm64 -Xcc -I/Users/jans./Library/Developer/Xcode/DerivedData/meal.advisor.ios-csaldjncgoleykghtkpncaypzmvo/Build/Intermediates.noindex/swift-clocks.build/Debug-iphonesimulator/Clocks.build/DerivedSources/arm64 -Xcc -I/Users/jans./Library/Developer/Xcode/DerivedData/meal.advisor.ios-csaldjncgoleykghtkpncaypzmvo/Build/Intermediates.noindex/swift-clocks.build/Debug-iphonesimulator/Clocks.build/DerivedSources -Xcc -DSWIFT_PACKAGE -Xcc -DDEBUG\=1 -emit-objc-header -emit-objc-header-path /Users/jans./Library/Developer/Xcode/DerivedData/meal.advisor.ios-csaldjncgoleykghtkpncaypzmvo/Build/Intermediates.noindex/swift-clocks.build/Debug-iphonesimulator/Clocks.build/Objects-normal/arm64/Clocks-Swift.h -working-directory /Users/jans./Downloads/meal.advisor/meal.advisor.ios/meal.advisor.ios/meal.advisor.ios/meal.advisor.ios.xcodeproj -experimental-emit-module-separately -disable-cmo

SwiftEmitModule normal arm64 Emitting\ module\ for\ XCTestDynamicOverlay (in target 'XCTestDynamicOverlay' from project 'xctest-dynamic-overlay')
EmitSwiftModule normal arm64 (in target 'XCTestDynamicOverlay' from project 'xctest-dynamic-overlay')
    cd /Users/jans./Downloads/meal.advisor/meal.advisor.ios/meal.advisor.ios/meal.advisor.ios/meal.advisor.ios.xcodeproj
    

SwiftCompile normal arm64 Compiling\ Exports.swift /Users/jans./Library/Developer/Xcode/DerivedData/meal.advisor.ios-csaldjncgoleykghtkpncaypzmvo/SourcePackages/checkouts/xctest-dynamic-overlay/Sources/XCTestDynamicOverlay/Internal/Exports.swift (in target 'XCTestDynamicOverlay' from project 'xctest-dynamic-overlay')

SwiftCompile normal arm64 /Users/jans./Library/Developer/Xcode/DerivedData/meal.advisor.ios-csaldjncgoleykghtkpncaypzmvo/SourcePackages/checkouts/xctest-dynamic-overlay/Sources/XCTestDynamicOverlay/Internal/Exports.swift (in target 'XCTestDynamicOverlay' from project 'xctest-dynamic-overlay')
    cd /Users/jans./Downloads/meal.advisor/meal.advisor.ios/meal.advisor.ios/meal.advisor.ios/meal.advisor.ios.xcodeproj
    

SwiftCompile normal arm64 Compiling\ Deprecations.swift /Users/jans./Library/Developer/Xcode/DerivedData/meal.advisor.ios-csaldjncgoleykghtkpncaypzmvo/SourcePackages/checkouts/xctest-dynamic-overlay/Sources/XCTestDynamicOverlay/Internal/Deprecations.swift (in target 'XCTestDynamicOverlay' from project 'xctest-dynamic-overlay')
SwiftCompile normal arm64 /Users/jans./Library/Developer/Xcode/DerivedData/meal.advisor.ios-csaldjncgoleykghtkpncaypzmvo/SourcePackages/checkouts/xctest-dynamic-overlay/Sources/XCTestDynamicOverlay/Internal/Deprecations.swift (in target 'XCTestDynamicOverlay' from project 'xctest-dynamic-overlay')
    cd /Users/jans./Downloads/meal.advisor/meal.advisor.ios/meal.advisor.ios/meal.advisor.ios/meal.advisor.ios.xcodeproj
    

SwiftEmitModule normal arm64 Emitting\ module\ for\ Clocks (in target 'Clocks' from project 'swift-clocks')

EmitSwiftModule normal arm64 (in target 'Clocks' from project 'swift-clocks')
    cd /Users/jans./Downloads/meal.advisor/meal.advisor.ios/meal.advisor.ios/meal.advisor.ios/meal.advisor.ios.xcodeproj
    

SwiftCompile normal arm64 Compiling\ SwiftUI.swift /Users/jans./Library/Developer/Xcode/DerivedData/meal.advisor.ios-csaldjncgoleykghtkpncaypzmvo/SourcePackages/checkouts/swift-clocks/Sources/Clocks/SwiftUI.swift (in target 'Clocks' from project 'swift-clocks')

SwiftCompile normal arm64 /Users/jans./Library/Developer/Xcode/DerivedData/meal.advisor.ios-csaldjncgoleykghtkpncaypzmvo/SourcePackages/checkouts/swift-clocks/Sources/Clocks/SwiftUI.swift (in target 'Clocks' from project 'swift-clocks')
    cd /Users/jans./Downloads/meal.advisor/meal.advisor.ios/meal.advisor.ios/meal.advisor.ios/meal.advisor.ios.xcodeproj
    

SwiftCompile normal arm64 Compiling\ TestClock.swift /Users/jans./Library/Developer/Xcode/DerivedData/meal.advisor.ios-csaldjncgoleykghtkpncaypzmvo/SourcePackages/checkouts/swift-clocks/Sources/Clocks/TestClock.swift (in target 'Clocks' from project 'swift-clocks')

SwiftCompile normal arm64 /Users/jans./Library/Developer/Xcode/DerivedData/meal.advisor.ios-csaldjncgoleykghtkpncaypzmvo/SourcePackages/checkouts/swift-clocks/Sources/Clocks/TestClock.swift (in target 'Clocks' from project 'swift-clocks')
    cd /Users/jans./Downloads/meal.advisor/meal.advisor.ios/meal.advisor.ios/meal.advisor.ios/meal.advisor.ios.xcodeproj
    

SwiftCompile normal arm64 Compiling\ UnimplementedClock.swift /Users/jans./Library/Developer/Xcode/DerivedData/meal.advisor.ios-csaldjncgoleykghtkpncaypzmvo/SourcePackages/checkouts/swift-clocks/Sources/Clocks/UnimplementedClock.swift (in target 'Clocks' from project 'swift-clocks')

SwiftCompile normal arm64 /Users/jans./Library/Developer/Xcode/DerivedData/meal.advisor.ios-csaldjncgoleykghtkpncaypzmvo/SourcePackages/checkouts/swift-clocks/Sources/Clocks/UnimplementedClock.swift (in target 'Clocks' from project 'swift-clocks')
    cd /Users/jans./Downloads/meal.advisor/meal.advisor.ios/meal.advisor.ios/meal.advisor.ios/meal.advisor.ios.xcodeproj
    

SwiftCompile normal arm64 Compiling\ AnyClock.swift /Users/jans./Library/Developer/Xcode/DerivedData/meal.advisor.ios-csaldjncgoleykghtkpncaypzmvo/SourcePackages/checkouts/swift-clocks/Sources/Clocks/AnyClock.swift (in target 'Clocks' from project 'swift-clocks')

SwiftCompile normal arm64 /Users/jans./Library/Developer/Xcode/DerivedData/meal.advisor.ios-csaldjncgoleykghtkpncaypzmvo/SourcePackages/checkouts/swift-clocks/Sources/Clocks/AnyClock.swift (in target 'Clocks' from project 'swift-clocks')
    cd /Users/jans./Downloads/meal.advisor/meal.advisor.ios/meal.advisor.ios/meal.advisor.ios/meal.advisor.ios.xcodeproj
    

SwiftDriverJobDiscovery normal arm64 Compiling Exports.swift (in target 'XCTestDynamicOverlay' from project 'xctest-dynamic-overlay')

SwiftCompile normal arm64 Compiling\ Timer.swift /Users/jans./Library/Developer/Xcode/DerivedData/meal.advisor.ios-csaldjncgoleykghtkpncaypzmvo/SourcePackages/checkouts/swift-clocks/Sources/Clocks/Timer.swift (in target 'Clocks' from project 'swift-clocks')

SwiftCompile normal arm64 /Users/jans./Library/Developer/Xcode/DerivedData/meal.advisor.ios-csaldjncgoleykghtkpncaypzmvo/SourcePackages/checkouts/swift-clocks/Sources/Clocks/Timer.swift (in target 'Clocks' from project 'swift-clocks')
    cd /Users/jans./Downloads/meal.advisor/meal.advisor.ios/meal.advisor.ios/meal.advisor.ios/meal.advisor.ios.xcodeproj
    

PrecompileModule /Users/jans./Library/Developer/Xcode/DerivedData/meal.advisor.ios-csaldjncgoleykghtkpncaypzmvo/Build/Intermediates.noindex/ExplicitPrecompiledModules/ObjectiveC-7MRS2CAYOVKB83JO0292H2AYF.scan
    cd /Users/jans./Downloads/meal.advisor/meal.advisor.ios/meal.advisor.ios/meal.advisor.ios/meal.advisor.ios.xcodeproj
    builtin-precompileModule /Users/jans./Library/Developer/Xcode/DerivedData/meal.advisor.ios-csaldjncgoleykghtkpncaypzmvo/Build/Intermediates.noindex/ExplicitPrecompiledModules/ObjectiveC-7MRS2CAYOVKB83JO0292H2AYF.scan

SwiftDriverJobDiscovery normal arm64 Compiling SwiftUI.swift (in target 'Clocks' from project 'swift-clocks')

SwiftCompile normal arm64 Compiling\ _AsyncTimerSequence.swift /Users/jans./Library/Developer/Xcode/DerivedData/meal.advisor.ios-csaldjncgoleykghtkpncaypzmvo/SourcePackages/checkouts/swift-clocks/Sources/Clocks/Internal/_AsyncTimerSequence.swift (in target 'Clocks' from project 'swift-clocks')

SwiftCompile normal arm64 /Users/jans./Library/Developer/Xcode/DerivedData/meal.advisor.ios-csaldjncgoleykghtkpncaypzmvo/SourcePackages/checkouts/swift-clocks/Sources/Clocks/Internal/_AsyncTimerSequence.swift (in target 'Clocks' from project 'swift-clocks')
    cd /Users/jans./Downloads/meal.advisor/meal.advisor.ios/meal.advisor.ios/meal.advisor.ios/meal.advisor.ios.xcodeproj
    

SwiftDriverJobDiscovery normal arm64 Emitting module for Clocks (in target 'Clocks' from project 'swift-clocks')

SwiftDriver\ Compilation\ Requirements Clocks normal arm64 com.apple.xcode.tools.swift.compiler (in target 'Clocks' from project 'swift-clocks')
    cd /Users/jans./Downloads/meal.advisor/meal.advisor.ios/meal.advisor.ios/meal.advisor.ios/meal.advisor.ios.xcodeproj
    builtin-Swift-Compilation-Requirements -- /Applications/Xcode.app/Contents/Developer/Toolchains/XcodeDefault.xctoolchain/usr/bin/swiftc -module-name Clocks -Onone -enforce-exclusivity\=checked @/Users/jans./Library/Developer/Xcode/DerivedData/meal.advisor.ios-csaldjncgoleykghtkpncaypzmvo/Build/Intermediates.noindex/swift-clocks.build/Debug-iphonesimulator/Clocks.build/Objects-normal/arm64/Clocks.SwiftFileList -DSWIFT_PACKAGE -DDEBUG -DXcode -plugin-path /Applications/Xcode.app/Contents/Developer/Toolchains/XcodeDefault.xctoolchain/usr/lib/swift/host/plugins/testing -enable-experimental-feature DebugDescriptionMacro -sdk /Applications/Xcode.app/Contents/Developer/Platforms/iPhoneSimulator.platform/Developer/SDKs/iPhoneSimulator18.5.sdk -target arm64-apple-ios13.0-simulator -g -module-cache-path /Users/jans./Library/Developer/Xcode/DerivedData/ModuleCache.noindex -Xfrontend -serialize-debugging-options -enable-testing -suppress-warnings -index-store-path /Users/jans./Library/Developer/Xcode/DerivedData/meal.advisor.ios-csaldjncgoleykghtkpncaypzmvo/Index.noindex/DataStore -swift-version 6 -I /Users/jans./Library/Developer/Xcode/DerivedData/meal.advisor.ios-csaldjncgoleykghtkpncaypzmvo/Build/Products/Debug-iphonesimulator -I /Applications/Xcode.app/Contents/Developer/Platforms/iPhoneSimulator.platform/Developer/usr/lib -F /Users/jans./Library/Developer/Xcode/DerivedData/meal.advisor.ios-csaldjncgoleykghtkpncaypzmvo/Build/Products/Debug-iphonesimulator/PackageFrameworks -F /Users/jans./Library/Developer/Xcode/DerivedData/meal.advisor.ios-csaldjncgoleykghtkpncaypzmvo/Build/Products/Debug-iphonesimulator/PackageFrameworks -F /Users/jans./Library/Developer/Xcode/DerivedData/meal.advisor.ios-csaldjncgoleykghtkpncaypzmvo/Build/Products/Debug-iphonesimulator/PackageFrameworks -F /Users/jans./Library/Developer/Xcode/DerivedData/meal.advisor.ios-csaldjncgoleykghtkpncaypzmvo/Build/Products/Debug-iphonesimulator -F /Applications/Xcode.app/Contents/Developer/Platforms/iPhoneSimulator.platform/Developer/Library/Frameworks -F /Applications/Xcode.app/Contents/Developer/Platforms/iPhoneSimulator.platform/Developer/SDKs/iPhoneSimulator18.5.sdk/Developer/Library/Frameworks -c -j8 -enable-batch-mode -incremental -Xcc -ivfsstatcache -Xcc /Users/jans./Library/Developer/Xcode/DerivedData/SDKStatCaches.noindex/iphonesimulator18.5-22F76-d5fc8ad4295d2ef488fb7d0f804ce0c4.sdkstatcache -output-file-map /Users/jans./Library/Developer/Xcode/DerivedData/meal.advisor.ios-csaldjncgoleykghtkpncaypzmvo/Build/Intermediates.noindex/swift-clocks.build/Debug-iphonesimulator/Clocks.build/Objects-normal/arm64/Clocks-OutputFileMap.json -use-frontend-parseable-output -save-temps -no-color-diagnostics -serialize-diagnostics -emit-dependencies -emit-module -emit-module-path /Users/jans./Library/Developer/Xcode/DerivedData/meal.advisor.ios-csaldjncgoleykghtkpncaypzmvo/Build/Intermediates.noindex/swift-clocks.build/Debug-iphonesimulator/Clocks.build/Objects-normal/arm64/Clocks.swiftmodule -user-module-version 1.0.6 -validate-clang-modules-once -clang-build-session-file /Users/jans./Library/Developer/Xcode/DerivedData/ModuleCache.noindex/Session.modulevalidation -package-name swift_clocks -Xcc -I/Users/jans./Library/Developer/Xcode/DerivedData/meal.advisor.ios-csaldjncgoleykghtkpncaypzmvo/Build/Intermediates.noindex/swift-clocks.build/Debug-iphonesimulator/Clocks.build/swift-overrides.hmap -emit-const-values -Xfrontend -const-gather-protocols-file -Xfrontend /Users/jans./Library/Developer/Xcode/DerivedData/meal.advisor.ios-csaldjncgoleykghtkpncaypzmvo/Build/Intermediates.noindex/swift-clocks.build/Debug-iphonesimulator/Clocks.build/Objects-normal/arm64/Clocks_const_extract_protocols.json -Xcc -I/Users/jans./Library/Developer/Xcode/DerivedData/meal.advisor.ios-csaldjncgoleykghtkpncaypzmvo/Build/Products/Debug-iphonesimulator/include -Xcc -I/Users/jans./Library/Developer/Xcode/DerivedData/meal.advisor.ios-csaldjncgoleykghtkpncaypzmvo/Build/Intermediates.noindex/swift-clocks.build/Debug-iphonesimulator/Clocks.build/DerivedSources-normal/arm64 -Xcc -I/Users/jans./Library/Developer/Xcode/DerivedData/meal.advisor.ios-csaldjncgoleykghtkpncaypzmvo/Build/Intermediates.noindex/swift-clocks.build/Debug-iphonesimulator/Clocks.build/DerivedSources/arm64 -Xcc -I/Users/jans./Library/Developer/Xcode/DerivedData/meal.advisor.ios-csaldjncgoleykghtkpncaypzmvo/Build/Intermediates.noindex/swift-clocks.build/Debug-iphonesimulator/Clocks.build/DerivedSources -Xcc -DSWIFT_PACKAGE -Xcc -DDEBUG\=1 -emit-objc-header -emit-objc-header-path /Users/jans./Library/Developer/Xcode/DerivedData/meal.advisor.ios-csaldjncgoleykghtkpncaypzmvo/Build/Intermediates.noindex/swift-clocks.build/Debug-iphonesimulator/Clocks.build/Objects-normal/arm64/Clocks-Swift.h -working-directory /Users/jans./Downloads/meal.advisor/meal.advisor.ios/meal.advisor.ios/meal.advisor.ios/meal.advisor.ios.xcodeproj -experimental-emit-module-separately -disable-cmo

PrecompileModule /Users/jans./Library/Developer/Xcode/DerivedData/meal.advisor.ios-csaldjncgoleykghtkpncaypzmvo/Build/Intermediates.noindex/ExplicitPrecompiledModules/os_object-EPBM0QG0AUQQV65L18EACMSEB.scan
    cd /Users/jans./Downloads/meal.advisor/meal.advisor.ios/meal.advisor.ios/meal.advisor.ios/meal.advisor.ios.xcodeproj
    builtin-precompileModule /Users/jans./Library/Developer/Xcode/DerivedData/meal.advisor.ios-csaldjncgoleykghtkpncaypzmvo/Build/Intermediates.noindex/ExplicitPrecompiledModules/os_object-EPBM0QG0AUQQV65L18EACMSEB.scan

SwiftMergeGeneratedHeaders /Users/jans./Library/Developer/Xcode/DerivedData/meal.advisor.ios-csaldjncgoleykghtkpncaypzmvo/Build/Intermediates.noindex/GeneratedModuleMaps-iphonesimulator/Clocks-Swift.h /Users/jans./Library/Developer/Xcode/DerivedData/meal.advisor.ios-csaldjncgoleykghtkpncaypzmvo/Build/Intermediates.noindex/swift-clocks.build/Debug-iphonesimulator/Clocks.build/Objects-normal/arm64/Clocks-Swift.h (in target 'Clocks' from project 'swift-clocks')
    cd /Users/jans./Library/Developer/Xcode/DerivedData/meal.advisor.ios-csaldjncgoleykghtkpncaypzmvo/SourcePackages/checkouts/swift-clocks
    builtin-swiftHeaderTool -arch arm64 /Users/jans./Library/Developer/Xcode/DerivedData/meal.advisor.ios-csaldjncgoleykghtkpncaypzmvo/Build/Intermediates.noindex/swift-clocks.build/Debug-iphonesimulator/Clocks.build/Objects-normal/arm64/Clocks-Swift.h -o /Users/jans./Library/Developer/Xcode/DerivedData/meal.advisor.ios-csaldjncgoleykghtkpncaypzmvo/Build/Intermediates.noindex/GeneratedModuleMaps-iphonesimulator/Clocks-Swift.h

SwiftDriverJobDiscovery normal arm64 Emitting module for XCTestDynamicOverlay (in target 'XCTestDynamicOverlay' from project 'xctest-dynamic-overlay')

SwiftDriver\ Compilation\ Requirements XCTestDynamicOverlay normal arm64 com.apple.xcode.tools.swift.compiler (in target 'XCTestDynamicOverlay' from project 'xctest-dynamic-overlay')
    cd /Users/jans./Downloads/meal.advisor/meal.advisor.ios/meal.advisor.ios/meal.advisor.ios/meal.advisor.ios.xcodeproj
    builtin-Swift-Compilation-Requirements -- /Applications/Xcode.app/Contents/Developer/Toolchains/XcodeDefault.xctoolchain/usr/bin/swiftc -module-name XCTestDynamicOverlay -Onone -enforce-exclusivity\=checked @/Users/jans./Library/Developer/Xcode/DerivedData/meal.advisor.ios-csaldjncgoleykghtkpncaypzmvo/Build/Intermediates.noindex/xctest-dynamic-overlay.build/Debug-iphonesimulator/XCTestDynamicOverlay.build/Objects-normal/arm64/XCTestDynamicOverlay.SwiftFileList -DSWIFT_PACKAGE -DDEBUG -DXcode -plugin-path /Applications/Xcode.app/Contents/Developer/Toolchains/XcodeDefault.xctoolchain/usr/lib/swift/host/plugins/testing -enable-experimental-feature DebugDescriptionMacro -sdk /Applications/Xcode.app/Contents/Developer/Platforms/iPhoneSimulator.platform/Developer/SDKs/iPhoneSimulator18.5.sdk -target arm64-apple-ios13.0-simulator -g -module-cache-path /Users/jans./Library/Developer/Xcode/DerivedData/ModuleCache.noindex -Xfrontend -serialize-debugging-options -enable-testing -suppress-warnings -index-store-path /Users/jans./Library/Developer/Xcode/DerivedData/meal.advisor.ios-csaldjncgoleykghtkpncaypzmvo/Index.noindex/DataStore -swift-version 6 -I /Users/jans./Library/Developer/Xcode/DerivedData/meal.advisor.ios-csaldjncgoleykghtkpncaypzmvo/Build/Products/Debug-iphonesimulator -I /Applications/Xcode.app/Contents/Developer/Platforms/iPhoneSimulator.platform/Developer/usr/lib -F /Users/jans./Library/Developer/Xcode/DerivedData/meal.advisor.ios-csaldjncgoleykghtkpncaypzmvo/Build/Products/Debug-iphonesimulator/PackageFrameworks -F /Users/jans./Library/Developer/Xcode/DerivedData/meal.advisor.ios-csaldjncgoleykghtkpncaypzmvo/Build/Products/Debug-iphonesimulator/PackageFrameworks -F /Users/jans./Library/Developer/Xcode/DerivedData/meal.advisor.ios-csaldjncgoleykghtkpncaypzmvo/Build/Products/Debug-iphonesimulator -F /Applications/Xcode.app/Contents/Developer/Platforms/iPhoneSimulator.platform/Developer/Library/Frameworks -F /Applications/Xcode.app/Contents/Developer/Platforms/iPhoneSimulator.platform/Developer/SDKs/iPhoneSimulator18.5.sdk/Developer/Library/Frameworks -c -j8 -enable-batch-mode -incremental -Xcc -ivfsstatcache -Xcc /Users/jans./Library/Developer/Xcode/DerivedData/SDKStatCaches.noindex/iphonesimulator18.5-22F76-d5fc8ad4295d2ef488fb7d0f804ce0c4.sdkstatcache -output-file-map /Users/jans./Library/Developer/Xcode/DerivedData/meal.advisor.ios-csaldjncgoleykghtkpncaypzmvo/Build/Intermediates.noindex/xctest-dynamic-overlay.build/Debug-iphonesimulator/XCTestDynamicOverlay.build/Objects-normal/arm64/XCTestDynamicOverlay-OutputFileMap.json -use-frontend-parseable-output -save-temps -no-color-diagnostics -serialize-diagnostics -emit-dependencies -emit-module -emit-module-path /Users/jans./Library/Developer/Xcode/DerivedData/meal.advisor.ios-csaldjncgoleykghtkpncaypzmvo/Build/Intermediates.noindex/xctest-dynamic-overlay.build/Debug-iphonesimulator/XCTestDynamicOverlay.build/Objects-normal/arm64/XCTestDynamicOverlay.swiftmodule -user-module-version 1.6.1 -validate-clang-modules-once -clang-build-session-file /Users/jans./Library/Developer/Xcode/DerivedData/ModuleCache.noindex/Session.modulevalidation -package-name xctest_dynamic_overlay -Xcc -I/Users/jans./Library/Developer/Xcode/DerivedData/meal.advisor.ios-csaldjncgoleykghtkpncaypzmvo/Build/Intermediates.noindex/xctest-dynamic-overlay.build/Debug-iphonesimulator/XCTestDynamicOverlay.build/swift-overrides.hmap -emit-const-values -Xfrontend -const-gather-protocols-file -Xfrontend /Users/jans./Library/Developer/Xcode/DerivedData/meal.advisor.ios-csaldjncgoleykghtkpncaypzmvo/Build/Intermediates.noindex/xctest-dynamic-overlay.build/Debug-iphonesimulator/XCTestDynamicOverlay.build/Objects-normal/arm64/XCTestDynamicOverlay_const_extract_protocols.json -Xcc -I/Users/jans./Library/Developer/Xcode/DerivedData/meal.advisor.ios-csaldjncgoleykghtkpncaypzmvo/Build/Products/Debug-iphonesimulator/include -Xcc -I/Users/jans./Library/Developer/Xcode/DerivedData/meal.advisor.ios-csaldjncgoleykghtkpncaypzmvo/Build/Intermediates.noindex/xctest-dynamic-overlay.build/Debug-iphonesimulator/XCTestDynamicOverlay.build/DerivedSources-normal/arm64 -Xcc -I/Users/jans./Library/Developer/Xcode/DerivedData/meal.advisor.ios-csaldjncgoleykghtkpncaypzmvo/Build/Intermediates.noindex/xctest-dynamic-overlay.build/Debug-iphonesimulator/XCTestDynamicOverlay.build/DerivedSources/arm64 -Xcc -I/Users/jans./Library/Developer/Xcode/DerivedData/meal.advisor.ios-csaldjncgoleykghtkpncaypzmvo/Build/Intermediates.noindex/xctest-dynamic-overlay.build/Debug-iphonesimulator/XCTestDynamicOverlay.build/DerivedSources -Xcc -DSWIFT_PACKAGE -Xcc -DDEBUG\=1 -emit-objc-header -emit-objc-header-path /Users/jans./Library/Developer/Xcode/DerivedData/meal.advisor.ios-csaldjncgoleykghtkpncaypzmvo/Build/Intermediates.noindex/xctest-dynamic-overlay.build/Debug-iphonesimulator/XCTestDynamicOverlay.build/Objects-normal/arm64/XCTestDynamicOverlay-Swift.h -working-directory /Users/jans./Downloads/meal.advisor/meal.advisor.ios/meal.advisor.ios/meal.advisor.ios/meal.advisor.ios.xcodeproj -experimental-emit-module-separately -disable-cmo

Copy /Users/jans./Library/Developer/Xcode/DerivedData/meal.advisor.ios-csaldjncgoleykghtkpncaypzmvo/Build/Products/Debug-iphonesimulator/Clocks.swiftmodule/arm64-apple-ios-simulator.swiftmodule /Users/jans./Library/Developer/Xcode/DerivedData/meal.advisor.ios-csaldjncgoleykghtkpncaypzmvo/Build/Intermediates.noindex/swift-clocks.build/Debug-iphonesimulator/Clocks.build/Objects-normal/arm64/Clocks.swiftmodule (in target 'Clocks' from project 'swift-clocks')
    cd /Users/jans./Library/Developer/Xcode/DerivedData/meal.advisor.ios-csaldjncgoleykghtkpncaypzmvo/SourcePackages/checkouts/swift-clocks
    builtin-copy -exclude .DS_Store -exclude CVS -exclude .svn -exclude .git -exclude .hg -resolve-src-symlinks -rename /Users/jans./Library/Developer/Xcode/DerivedData/meal.advisor.ios-csaldjncgoleykghtkpncaypzmvo/Build/Intermediates.noindex/swift-clocks.build/Debug-iphonesimulator/Clocks.build/Objects-normal/arm64/Clocks.swiftmodule /Users/jans./Library/Developer/Xcode/DerivedData/meal.advisor.ios-csaldjncgoleykghtkpncaypzmvo/Build/Products/Debug-iphonesimulator/Clocks.swiftmodule/arm64-apple-ios-simulator.swiftmodule

SwiftMergeGeneratedHeaders /Users/jans./Library/Developer/Xcode/DerivedData/meal.advisor.ios-csaldjncgoleykghtkpncaypzmvo/Build/Intermediates.noindex/GeneratedModuleMaps-iphonesimulator/XCTestDynamicOverlay-Swift.h /Users/jans./Library/Developer/Xcode/DerivedData/meal.advisor.ios-csaldjncgoleykghtkpncaypzmvo/Build/Intermediates.noindex/xctest-dynamic-overlay.build/Debug-iphonesimulator/XCTestDynamicOverlay.build/Objects-normal/arm64/XCTestDynamicOverlay-Swift.h (in target 'XCTestDynamicOverlay' from project 'xctest-dynamic-overlay')
    cd /Users/jans./Library/Developer/Xcode/DerivedData/meal.advisor.ios-csaldjncgoleykghtkpncaypzmvo/SourcePackages/checkouts/xctest-dynamic-overlay
    builtin-swiftHeaderTool -arch arm64 /Users/jans./Library/Developer/Xcode/DerivedData/meal.advisor.ios-csaldjncgoleykghtkpncaypzmvo/Build/Intermediates.noindex/xctest-dynamic-overlay.build/Debug-iphonesimulator/XCTestDynamicOverlay.build/Objects-normal/arm64/XCTestDynamicOverlay-Swift.h -o /Users/jans./Library/Developer/Xcode/DerivedData/meal.advisor.ios-csaldjncgoleykghtkpncaypzmvo/Build/Intermediates.noindex/GeneratedModuleMaps-iphonesimulator/XCTestDynamicOverlay-Swift.h

Copy /Users/jans./Library/Developer/Xcode/DerivedData/meal.advisor.ios-csaldjncgoleykghtkpncaypzmvo/Build/Products/Debug-iphonesimulator/XCTestDynamicOverlay.swiftmodule/arm64-apple-ios-simulator.swiftmodule /Users/jans./Library/Developer/Xcode/DerivedData/meal.advisor.ios-csaldjncgoleykghtkpncaypzmvo/Build/Intermediates.noindex/xctest-dynamic-overlay.build/Debug-iphonesimulator/XCTestDynamicOverlay.build/Objects-normal/arm64/XCTestDynamicOverlay.swiftmodule (in target 'XCTestDynamicOverlay' from project 'xctest-dynamic-overlay')
    cd /Users/jans./Library/Developer/Xcode/DerivedData/meal.advisor.ios-csaldjncgoleykghtkpncaypzmvo/SourcePackages/checkouts/xctest-dynamic-overlay
    builtin-copy -exclude .DS_Store -exclude CVS -exclude .svn -exclude .git -exclude .hg -resolve-src-symlinks -rename /Users/jans./Library/Developer/Xcode/DerivedData/meal.advisor.ios-csaldjncgoleykghtkpncaypzmvo/Build/Intermediates.noindex/xctest-dynamic-overlay.build/Debug-iphonesimulator/XCTestDynamicOverlay.build/Objects-normal/arm64/XCTestDynamicOverlay.swiftmodule /Users/jans./Library/Developer/Xcode/DerivedData/meal.advisor.ios-csaldjncgoleykghtkpncaypzmvo/Build/Products/Debug-iphonesimulator/XCTestDynamicOverlay.swiftmodule/arm64-apple-ios-simulator.swiftmodule

Copy /Users/jans./Library/Developer/Xcode/DerivedData/meal.advisor.ios-csaldjncgoleykghtkpncaypzmvo/Build/Products/Debug-iphonesimulator/XCTestDynamicOverlay.swiftmodule/arm64-apple-ios-simulator.swiftdoc /Users/jans./Library/Developer/Xcode/DerivedData/meal.advisor.ios-csaldjncgoleykghtkpncaypzmvo/Build/Intermediates.noindex/xctest-dynamic-overlay.build/Debug-iphonesimulator/XCTestDynamicOverlay.build/Objects-normal/arm64/XCTestDynamicOverlay.swiftdoc (in target 'XCTestDynamicOverlay' from project 'xctest-dynamic-overlay')
    cd /Users/jans./Library/Developer/Xcode/DerivedData/meal.advisor.ios-csaldjncgoleykghtkpncaypzmvo/SourcePackages/checkouts/xctest-dynamic-overlay
    builtin-copy -exclude .DS_Store -exclude CVS -exclude .svn -exclude .git -exclude .hg -resolve-src-symlinks -rename /Users/jans./Library/Developer/Xcode/DerivedData/meal.advisor.ios-csaldjncgoleykghtkpncaypzmvo/Build/Intermediates.noindex/xctest-dynamic-overlay.build/Debug-iphonesimulator/XCTestDynamicOverlay.build/Objects-normal/arm64/XCTestDynamicOverlay.swiftdoc /Users/jans./Library/Developer/Xcode/DerivedData/meal.advisor.ios-csaldjncgoleykghtkpncaypzmvo/Build/Products/Debug-iphonesimulator/XCTestDynamicOverlay.swiftmodule/arm64-apple-ios-simulator.swiftdoc

Copy /Users/jans./Library/Developer/Xcode/DerivedData/meal.advisor.ios-csaldjncgoleykghtkpncaypzmvo/Build/Products/Debug-iphonesimulator/XCTestDynamicOverlay.swiftmodule/arm64-apple-ios-simulator.abi.json /Users/jans./Library/Developer/Xcode/DerivedData/meal.advisor.ios-csaldjncgoleykghtkpncaypzmvo/Build/Intermediates.noindex/xctest-dynamic-overlay.build/Debug-iphonesimulator/XCTestDynamicOverlay.build/Objects-normal/arm64/XCTestDynamicOverlay.abi.json (in target 'XCTestDynamicOverlay' from project 'xctest-dynamic-overlay')
    cd /Users/jans./Library/Developer/Xcode/DerivedData/meal.advisor.ios-csaldjncgoleykghtkpncaypzmvo/SourcePackages/checkouts/xctest-dynamic-overlay
    builtin-copy -exclude .DS_Store -exclude CVS -exclude .svn -exclude .git -exclude .hg -resolve-src-symlinks -rename /Users/jans./Library/Developer/Xcode/DerivedData/meal.advisor.ios-csaldjncgoleykghtkpncaypzmvo/Build/Intermediates.noindex/xctest-dynamic-overlay.build/Debug-iphonesimulator/XCTestDynamicOverlay.build/Objects-normal/arm64/XCTestDynamicOverlay.abi.json /Users/jans./Library/Developer/Xcode/DerivedData/meal.advisor.ios-csaldjncgoleykghtkpncaypzmvo/Build/Products/Debug-iphonesimulator/XCTestDynamicOverlay.swiftmodule/arm64-apple-ios-simulator.abi.json

Copy /Users/jans./Library/Developer/Xcode/DerivedData/meal.advisor.ios-csaldjncgoleykghtkpncaypzmvo/Build/Products/Debug-iphonesimulator/XCTestDynamicOverlay.swiftmodule/Project/arm64-apple-ios-simulator.swiftsourceinfo /Users/jans./Library/Developer/Xcode/DerivedData/meal.advisor.ios-csaldjncgoleykghtkpncaypzmvo/Build/Intermediates.noindex/xctest-dynamic-overlay.build/Debug-iphonesimulator/XCTestDynamicOverlay.build/Objects-normal/arm64/XCTestDynamicOverlay.swiftsourceinfo (in target 'XCTestDynamicOverlay' from project 'xctest-dynamic-overlay')
    cd /Users/jans./Library/Developer/Xcode/DerivedData/meal.advisor.ios-csaldjncgoleykghtkpncaypzmvo/SourcePackages/checkouts/xctest-dynamic-overlay
    builtin-copy -exclude .DS_Store -exclude CVS -exclude .svn -exclude .git -exclude .hg -resolve-src-symlinks -rename /Users/jans./Library/Developer/Xcode/DerivedData/meal.advisor.ios-csaldjncgoleykghtkpncaypzmvo/Build/Intermediates.noindex/xctest-dynamic-overlay.build/Debug-iphonesimulator/XCTestDynamicOverlay.build/Objects-normal/arm64/XCTestDynamicOverlay.swiftsourceinfo /Users/jans./Library/Developer/Xcode/DerivedData/meal.advisor.ios-csaldjncgoleykghtkpncaypzmvo/Build/Products/Debug-iphonesimulator/XCTestDynamicOverlay.swiftmodule/Project/arm64-apple-ios-simulator.swiftsourceinfo

Copy /Users/jans./Library/Developer/Xcode/DerivedData/meal.advisor.ios-csaldjncgoleykghtkpncaypzmvo/Build/Products/Debug-iphonesimulator/Clocks.swiftmodule/arm64-apple-ios-simulator.swiftdoc /Users/jans./Library/Developer/Xcode/DerivedData/meal.advisor.ios-csaldjncgoleykghtkpncaypzmvo/Build/Intermediates.noindex/swift-clocks.build/Debug-iphonesimulator/Clocks.build/Objects-normal/arm64/Clocks.swiftdoc (in target 'Clocks' from project 'swift-clocks')
    cd /Users/jans./Library/Developer/Xcode/DerivedData/meal.advisor.ios-csaldjncgoleykghtkpncaypzmvo/SourcePackages/checkouts/swift-clocks
    builtin-copy -exclude .DS_Store -exclude CVS -exclude .svn -exclude .git -exclude .hg -resolve-src-symlinks -rename /Users/jans./Library/Developer/Xcode/DerivedData/meal.advisor.ios-csaldjncgoleykghtkpncaypzmvo/Build/Intermediates.noindex/swift-clocks.build/Debug-iphonesimulator/Clocks.build/Objects-normal/arm64/Clocks.swiftdoc /Users/jans./Library/Developer/Xcode/DerivedData/meal.advisor.ios-csaldjncgoleykghtkpncaypzmvo/Build/Products/Debug-iphonesimulator/Clocks.swiftmodule/arm64-apple-ios-simulator.swiftdoc

Copy /Users/jans./Library/Developer/Xcode/DerivedData/meal.advisor.ios-csaldjncgoleykghtkpncaypzmvo/Build/Products/Debug-iphonesimulator/Clocks.swiftmodule/arm64-apple-ios-simulator.abi.json /Users/jans./Library/Developer/Xcode/DerivedData/meal.advisor.ios-csaldjncgoleykghtkpncaypzmvo/Build/Intermediates.noindex/swift-clocks.build/Debug-iphonesimulator/Clocks.build/Objects-normal/arm64/Clocks.abi.json (in target 'Clocks' from project 'swift-clocks')
    cd /Users/jans./Library/Developer/Xcode/DerivedData/meal.advisor.ios-csaldjncgoleykghtkpncaypzmvo/SourcePackages/checkouts/swift-clocks
    builtin-copy -exclude .DS_Store -exclude CVS -exclude .svn -exclude .git -exclude .hg -resolve-src-symlinks -rename /Users/jans./Library/Developer/Xcode/DerivedData/meal.advisor.ios-csaldjncgoleykghtkpncaypzmvo/Build/Intermediates.noindex/swift-clocks.build/Debug-iphonesimulator/Clocks.build/Objects-normal/arm64/Clocks.abi.json /Users/jans./Library/Developer/Xcode/DerivedData/meal.advisor.ios-csaldjncgoleykghtkpncaypzmvo/Build/Products/Debug-iphonesimulator/Clocks.swiftmodule/arm64-apple-ios-simulator.abi.json

Copy /Users/jans./Library/Developer/Xcode/DerivedData/meal.advisor.ios-csaldjncgoleykghtkpncaypzmvo/Build/Products/Debug-iphonesimulator/Clocks.swiftmodule/Project/arm64-apple-ios-simulator.swiftsourceinfo /Users/jans./Library/Developer/Xcode/DerivedData/meal.advisor.ios-csaldjncgoleykghtkpncaypzmvo/Build/Intermediates.noindex/swift-clocks.build/Debug-iphonesimulator/Clocks.build/Objects-normal/arm64/Clocks.swiftsourceinfo (in target 'Clocks' from project 'swift-clocks')
    cd /Users/jans./Library/Developer/Xcode/DerivedData/meal.advisor.ios-csaldjncgoleykghtkpncaypzmvo/SourcePackages/checkouts/swift-clocks
    builtin-copy -exclude .DS_Store -exclude CVS -exclude .svn -exclude .git -exclude .hg -resolve-src-symlinks -rename /Users/jans./Library/Developer/Xcode/DerivedData/meal.advisor.ios-csaldjncgoleykghtkpncaypzmvo/Build/Intermediates.noindex/swift-clocks.build/Debug-iphonesimulator/Clocks.build/Objects-normal/arm64/Clocks.swiftsourceinfo /Users/jans./Library/Developer/Xcode/DerivedData/meal.advisor.ios-csaldjncgoleykghtkpncaypzmvo/Build/Products/Debug-iphonesimulator/Clocks.swiftmodule/Project/arm64-apple-ios-simulator.swiftsourceinfo

PrecompileModule /Users/jans./Library/Developer/Xcode/DerivedData/meal.advisor.ios-csaldjncgoleykghtkpncaypzmvo/Build/Intermediates.noindex/ExplicitPrecompiledModules/os_workgroup-3XN3PGJKLAALA5INJPP1R7F4D.scan
    cd /Users/jans./Downloads/meal.advisor/meal.advisor.ios/meal.advisor.ios/meal.advisor.ios/meal.advisor.ios.xcodeproj
    builtin-precompileModule /Users/jans./Library/Developer/Xcode/DerivedData/meal.advisor.ios-csaldjncgoleykghtkpncaypzmvo/Build/Intermediates.noindex/ExplicitPrecompiledModules/os_workgroup-3XN3PGJKLAALA5INJPP1R7F4D.scan

SwiftCompile normal arm64 Compiling\ Lock.swift /Users/jans./Library/Developer/Xcode/DerivedData/meal.advisor.ios-csaldjncgoleykghtkpncaypzmvo/SourcePackages/checkouts/swift-clocks/Sources/Clocks/Internal/Lock.swift (in target 'Clocks' from project 'swift-clocks')

SwiftCompile normal arm64 /Users/jans./Library/Developer/Xcode/DerivedData/meal.advisor.ios-csaldjncgoleykghtkpncaypzmvo/SourcePackages/checkouts/swift-clocks/Sources/Clocks/Internal/Lock.swift (in target 'Clocks' from project 'swift-clocks')
    cd /Users/jans./Downloads/meal.advisor/meal.advisor.ios/meal.advisor.ios/meal.advisor.ios/meal.advisor.ios.xcodeproj
    

SwiftCompile normal arm64 Compiling\ ImmediateClock.swift /Users/jans./Library/Developer/Xcode/DerivedData/meal.advisor.ios-csaldjncgoleykghtkpncaypzmvo/SourcePackages/checkouts/swift-clocks/Sources/Clocks/ImmediateClock.swift (in target 'Clocks' from project 'swift-clocks')

SwiftCompile normal arm64 /Users/jans./Library/Developer/Xcode/DerivedData/meal.advisor.ios-csaldjncgoleykghtkpncaypzmvo/SourcePackages/checkouts/swift-clocks/Sources/Clocks/ImmediateClock.swift (in target 'Clocks' from project 'swift-clocks')
    cd /Users/jans./Downloads/meal.advisor/meal.advisor.ios/meal.advisor.ios/meal.advisor.ios/meal.advisor.ios.xcodeproj
    

SwiftDriverJobDiscovery normal arm64 Compiling AnyClock.swift (in target 'Clocks' from project 'swift-clocks')

PrecompileModule /Users/jans./Library/Developer/Xcode/DerivedData/meal.advisor.ios-csaldjncgoleykghtkpncaypzmvo/Build/Intermediates.noindex/ExplicitPrecompiledModules/Dispatch-7KH9T70L64EWLFCTPD07ODX9J.scan
    cd /Users/jans./Downloads/meal.advisor/meal.advisor.ios/meal.advisor.ios/meal.advisor.ios/meal.advisor.ios.xcodeproj
    builtin-precompileModule /Users/jans./Library/Developer/Xcode/DerivedData/meal.advisor.ios-csaldjncgoleykghtkpncaypzmvo/Build/Intermediates.noindex/ExplicitPrecompiledModules/Dispatch-7KH9T70L64EWLFCTPD07ODX9J.scan

RegisterExecutionPolicyException /Users/jans./Library/Developer/Xcode/DerivedData/meal.advisor.ios-csaldjncgoleykghtkpncaypzmvo/Build/Products/Debug-iphonesimulator/Kingfisher.o (in target 'Kingfisher' from project 'Kingfisher')
    cd /Users/jans./Library/Developer/Xcode/DerivedData/meal.advisor.ios-csaldjncgoleykghtkpncaypzmvo/SourcePackages/checkouts/Kingfisher
    builtin-RegisterExecutionPolicyException /Users/jans./Library/Developer/Xcode/DerivedData/meal.advisor.ios-csaldjncgoleykghtkpncaypzmvo/Build/Products/Debug-iphonesimulator/Kingfisher.o

SwiftDriverJobDiscovery normal arm64 Compiling Timer.swift (in target 'Clocks' from project 'swift-clocks')

RegisterExecutionPolicyException /Users/jans./Library/Developer/Xcode/DerivedData/meal.advisor.ios-csaldjncgoleykghtkpncaypzmvo/Build/Products/Debug-iphonesimulator/IssueReportingPackageSupport.o (in target 'IssueReportingPackageSupport' from project 'xctest-dynamic-overlay')
    cd /Users/jans./Library/Developer/Xcode/DerivedData/meal.advisor.ios-csaldjncgoleykghtkpncaypzmvo/SourcePackages/checkouts/xctest-dynamic-overlay
    builtin-RegisterExecutionPolicyException /Users/jans./Library/Developer/Xcode/DerivedData/meal.advisor.ios-csaldjncgoleykghtkpncaypzmvo/Build/Products/Debug-iphonesimulator/IssueReportingPackageSupport.o

RegisterExecutionPolicyException /Users/jans./Library/Developer/Xcode/DerivedData/meal.advisor.ios-csaldjncgoleykghtkpncaypzmvo/Build/Products/Debug-iphonesimulator/HTTPTypes.o (in target 'HTTPTypes' from project 'swift-http-types')
    cd /Users/jans./Library/Developer/Xcode/DerivedData/meal.advisor.ios-csaldjncgoleykghtkpncaypzmvo/SourcePackages/checkouts/swift-http-types
    builtin-RegisterExecutionPolicyException /Users/jans./Library/Developer/Xcode/DerivedData/meal.advisor.ios-csaldjncgoleykghtkpncaypzmvo/Build/Products/Debug-iphonesimulator/HTTPTypes.o

RegisterExecutionPolicyException /Users/jans./Library/Developer/Xcode/DerivedData/meal.advisor.ios-csaldjncgoleykghtkpncaypzmvo/Build/Products/Debug-iphonesimulator/GTMSessionFetcherCore.o (in target 'GTMSessionFetcherCore' from project 'GTMSessionFetcher')
    cd /Users/jans./Library/Developer/Xcode/DerivedData/meal.advisor.ios-csaldjncgoleykghtkpncaypzmvo/SourcePackages/checkouts/gtm-session-fetcher
    builtin-RegisterExecutionPolicyException /Users/jans./Library/Developer/Xcode/DerivedData/meal.advisor.ios-csaldjncgoleykghtkpncaypzmvo/Build/Products/Debug-iphonesimulator/GTMSessionFetcherCore.o

RegisterExecutionPolicyException /Users/jans./Library/Developer/Xcode/DerivedData/meal.advisor.ios-csaldjncgoleykghtkpncaypzmvo/Build/Products/Debug-iphonesimulator/Crypto.o (in target 'Crypto' from project 'swift-crypto')
    cd /Users/jans./Library/Developer/Xcode/DerivedData/meal.advisor.ios-csaldjncgoleykghtkpncaypzmvo/SourcePackages/checkouts/swift-crypto
    builtin-RegisterExecutionPolicyException /Users/jans./Library/Developer/Xcode/DerivedData/meal.advisor.ios-csaldjncgoleykghtkpncaypzmvo/Build/Products/Debug-iphonesimulator/Crypto.o

RegisterExecutionPolicyException /Users/jans./Library/Developer/Xcode/DerivedData/meal.advisor.ios-csaldjncgoleykghtkpncaypzmvo/Build/Products/Debug-iphonesimulator/ConcurrencyExtras.o (in target 'ConcurrencyExtras' from project 'swift-concurrency-extras')
    cd /Users/jans./Library/Developer/Xcode/DerivedData/meal.advisor.ios-csaldjncgoleykghtkpncaypzmvo/SourcePackages/checkouts/swift-concurrency-extras
    builtin-RegisterExecutionPolicyException /Users/jans./Library/Developer/Xcode/DerivedData/meal.advisor.ios-csaldjncgoleykghtkpncaypzmvo/Build/Products/Debug-iphonesimulator/ConcurrencyExtras.o

SwiftDriverJobDiscovery normal arm64 Compiling UnimplementedClock.swift (in target 'Clocks' from project 'swift-clocks')

PrecompileModule /Users/jans./Library/Developer/Xcode/DerivedData/meal.advisor.ios-csaldjncgoleykghtkpncaypzmvo/Build/Intermediates.noindex/ExplicitPrecompiledModules/CoreFoundation-5GX697JYDR79EELNYR363QE96.scan
    cd /Users/jans./Downloads/meal.advisor/meal.advisor.ios/meal.advisor.ios/meal.advisor.ios/meal.advisor.ios.xcodeproj
    builtin-precompileModule /Users/jans./Library/Developer/Xcode/DerivedData/meal.advisor.ios-csaldjncgoleykghtkpncaypzmvo/Build/Intermediates.noindex/ExplicitPrecompiledModules/CoreFoundation-5GX697JYDR79EELNYR363QE96.scan

PrecompileModule /Users/jans./Library/Developer/Xcode/DerivedData/meal.advisor.ios-csaldjncgoleykghtkpncaypzmvo/Build/Intermediates.noindex/ExplicitPrecompiledModules/XPC-72PN1TI8M06KITA5NLOBQYZSW.scan
    cd /Users/jans./Downloads/meal.advisor/meal.advisor.ios/meal.advisor.ios/meal.advisor.ios/meal.advisor.ios.xcodeproj
    builtin-precompileModule /Users/jans./Library/Developer/Xcode/DerivedData/meal.advisor.ios-csaldjncgoleykghtkpncaypzmvo/Build/Intermediates.noindex/ExplicitPrecompiledModules/XPC-72PN1TI8M06KITA5NLOBQYZSW.scan

Ld /Users/jans./Library/Developer/Xcode/DerivedData/meal.advisor.ios-csaldjncgoleykghtkpncaypzmvo/Build/Products/Debug-iphonesimulator/AppAuth.o normal (in target 'AppAuth' from project 'AppAuth')
    cd /Users/jans./Library/Developer/Xcode/DerivedData/meal.advisor.ios-csaldjncgoleykghtkpncaypzmvo/SourcePackages/checkouts/AppAuth-iOS
    /Applications/Xcode.app/Contents/Developer/Toolchains/XcodeDefault.xctoolchain/usr/bin/clang -Xlinker -reproducible -target arm64-apple-ios12.0-simulator -r -isysroot /Applications/Xcode.app/Contents/Developer/Platforms/iPhoneSimulator.platform/Developer/SDKs/iPhoneSimulator18.5.sdk -O0 -w -L/Users/jans./Library/Developer/Xcode/DerivedData/meal.advisor.ios-csaldjncgoleykghtkpncaypzmvo/Build/Intermediates.noindex/EagerLinkingTBDs/Debug-iphonesimulator -L/Users/jans./Library/Developer/Xcode/DerivedData/meal.advisor.ios-csaldjncgoleykghtkpncaypzmvo/Build/Products/Debug-iphonesimulator -L/Applications/Xcode.app/Contents/Developer/Platforms/iPhoneSimulator.platform/Developer/usr/lib -F/Users/jans./Library/Developer/Xcode/DerivedData/meal.advisor.ios-csaldjncgoleykghtkpncaypzmvo/Build/Intermediates.noindex/EagerLinkingTBDs/Debug-iphonesimulator -F/Users/jans./Library/Developer/Xcode/DerivedData/meal.advisor.ios-csaldjncgoleykghtkpncaypzmvo/Build/Products/Debug-iphonesimulator/PackageFrameworks -F/Users/jans./Library/Developer/Xcode/DerivedData/meal.advisor.ios-csaldjncgoleykghtkpncaypzmvo/Build/Products/Debug-iphonesimulator -iframework /Applications/Xcode.app/Contents/Developer/Platforms/iPhoneSimulator.platform/Developer/Library/Frameworks -iframework /Applications/Xcode.app/Contents/Developer/Platforms/iPhoneSimulator.platform/Developer/SDKs/iPhoneSimulator18.5.sdk/Developer/Library/Frameworks -filelist /Users/jans./Library/Developer/Xcode/DerivedData/meal.advisor.ios-csaldjncgoleykghtkpncaypzmvo/Build/Intermediates.noindex/AppAuth.build/Debug-iphonesimulator/AppAuth.build/Objects-normal/arm64/AppAuth.LinkFileList -nostdlib -Xlinker -object_path_lto -Xlinker /Users/jans./Library/Developer/Xcode/DerivedData/meal.advisor.ios-csaldjncgoleykghtkpncaypzmvo/Build/Intermediates.noindex/AppAuth.build/Debug-iphonesimulator/AppAuth.build/Objects-normal/arm64/AppAuth_lto.o -rdynamic -Xlinker -no_deduplicate -Xlinker -objc_abi_version -Xlinker 2 -Xlinker -dependency_info -Xlinker /Users/jans./Library/Developer/Xcode/DerivedData/meal.advisor.ios-csaldjncgoleykghtkpncaypzmvo/Build/Intermediates.noindex/AppAuth.build/Debug-iphonesimulator/AppAuth.build/Objects-normal/arm64/AppAuth_dependency_info.dat -fobjc-arc -fobjc-link-runtime -o /Users/jans./Library/Developer/Xcode/DerivedData/meal.advisor.ios-csaldjncgoleykghtkpncaypzmvo/Build/Products/Debug-iphonesimulator/AppAuth.o

SwiftDriverJobDiscovery normal arm64 Compiling TestClock.swift (in target 'Clocks' from project 'swift-clocks')

Ld /Users/jans./Library/Developer/Xcode/DerivedData/meal.advisor.ios-csaldjncgoleykghtkpncaypzmvo/Build/Products/Debug-iphonesimulator/IssueReporting.o normal (in target 'IssueReporting' from project 'xctest-dynamic-overlay')
    cd /Users/jans./Library/Developer/Xcode/DerivedData/meal.advisor.ios-csaldjncgoleykghtkpncaypzmvo/SourcePackages/checkouts/xctest-dynamic-overlay
    /Applications/Xcode.app/Contents/Developer/Toolchains/XcodeDefault.xctoolchain/usr/bin/clang -Xlinker -reproducible -target arm64-apple-ios13.0-simulator -r -isysroot /Applications/Xcode.app/Contents/Developer/Platforms/iPhoneSimulator.platform/Developer/SDKs/iPhoneSimulator18.5.sdk -O0 -w -L/Users/jans./Library/Developer/Xcode/DerivedData/meal.advisor.ios-csaldjncgoleykghtkpncaypzmvo/Build/Intermediates.noindex/EagerLinkingTBDs/Debug-iphonesimulator -L/Users/jans./Library/Developer/Xcode/DerivedData/meal.advisor.ios-csaldjncgoleykghtkpncaypzmvo/Build/Products/Debug-iphonesimulator -L/Applications/Xcode.app/Contents/Developer/Platforms/iPhoneSimulator.platform/Developer/usr/lib -F/Users/jans./Library/Developer/Xcode/DerivedData/meal.advisor.ios-csaldjncgoleykghtkpncaypzmvo/Build/Intermediates.noindex/EagerLinkingTBDs/Debug-iphonesimulator -F/Users/jans./Library/Developer/Xcode/DerivedData/meal.advisor.ios-csaldjncgoleykghtkpncaypzmvo/Build/Products/Debug-iphonesimulator/PackageFrameworks -F/Users/jans./Library/Developer/Xcode/DerivedData/meal.advisor.ios-csaldjncgoleykghtkpncaypzmvo/Build/Products/Debug-iphonesimulator -iframework /Applications/Xcode.app/Contents/Developer/Platforms/iPhoneSimulator.platform/Developer/Library/Frameworks -iframework /Applications/Xcode.app/Contents/Developer/Platforms/iPhoneSimulator.platform/Developer/SDKs/iPhoneSimulator18.5.sdk/Developer/Library/Frameworks -filelist /Users/jans./Library/Developer/Xcode/DerivedData/meal.advisor.ios-csaldjncgoleykghtkpncaypzmvo/Build/Intermediates.noindex/xctest-dynamic-overlay.build/Debug-iphonesimulator/IssueReporting.build/Objects-normal/arm64/IssueReporting.LinkFileList -nostdlib -Xlinker -object_path_lto -Xlinker /Users/jans./Library/Developer/Xcode/DerivedData/meal.advisor.ios-csaldjncgoleykghtkpncaypzmvo/Build/Intermediates.noindex/xctest-dynamic-overlay.build/Debug-iphonesimulator/IssueReporting.build/Objects-normal/arm64/IssueReporting_lto.o -rdynamic -Xlinker -no_deduplicate -Xlinker -objc_abi_version -Xlinker 2 -Xlinker -dependency_info -Xlinker /Users/jans./Library/Developer/Xcode/DerivedData/meal.advisor.ios-csaldjncgoleykghtkpncaypzmvo/Build/Intermediates.noindex/xctest-dynamic-overlay.build/Debug-iphonesimulator/IssueReporting.build/Objects-normal/arm64/IssueReporting_dependency_info.dat -fobjc-link-runtime -L/Applications/Xcode.app/Contents/Developer/Toolchains/XcodeDefault.xctoolchain/usr/lib/swift/iphonesimulator -L/usr/lib/swift -Xlinker -add_ast_path -Xlinker /Users/jans./Library/Developer/Xcode/DerivedData/meal.advisor.ios-csaldjncgoleykghtkpncaypzmvo/Build/Intermediates.noindex/xctest-dynamic-overlay.build/Debug-iphonesimulator/IssueReporting.build/Objects-normal/arm64/IssueReporting.swiftmodule -o /Users/jans./Library/Developer/Xcode/DerivedData/meal.advisor.ios-csaldjncgoleykghtkpncaypzmvo/Build/Products/Debug-iphonesimulator/IssueReporting.o

Ld /Users/jans./Library/Developer/Xcode/DerivedData/meal.advisor.ios-csaldjncgoleykghtkpncaypzmvo/Build/Products/Debug-iphonesimulator/GTMAppAuth.o normal (in target 'GTMAppAuth' from project 'GTMAppAuth')
    cd /Users/jans./Library/Developer/Xcode/DerivedData/meal.advisor.ios-csaldjncgoleykghtkpncaypzmvo/SourcePackages/checkouts/GTMAppAuth
    /Applications/Xcode.app/Contents/Developer/Toolchains/XcodeDefault.xctoolchain/usr/bin/clang -Xlinker -reproducible -target arm64-apple-ios12.0-simulator -r -isysroot /Applications/Xcode.app/Contents/Developer/Platforms/iPhoneSimulator.platform/Developer/SDKs/iPhoneSimulator18.5.sdk -O0 -w -L/Users/jans./Library/Developer/Xcode/DerivedData/meal.advisor.ios-csaldjncgoleykghtkpncaypzmvo/Build/Intermediates.noindex/EagerLinkingTBDs/Debug-iphonesimulator -L/Users/jans./Library/Developer/Xcode/DerivedData/meal.advisor.ios-csaldjncgoleykghtkpncaypzmvo/Build/Products/Debug-iphonesimulator -L/Applications/Xcode.app/Contents/Developer/Platforms/iPhoneSimulator.platform/Developer/usr/lib -F/Users/jans./Library/Developer/Xcode/DerivedData/meal.advisor.ios-csaldjncgoleykghtkpncaypzmvo/Build/Intermediates.noindex/EagerLinkingTBDs/Debug-iphonesimulator -F/Users/jans./Library/Developer/Xcode/DerivedData/meal.advisor.ios-csaldjncgoleykghtkpncaypzmvo/Build/Products/Debug-iphonesimulator/PackageFrameworks -F/Users/jans./Library/Developer/Xcode/DerivedData/meal.advisor.ios-csaldjncgoleykghtkpncaypzmvo/Build/Products/Debug-iphonesimulator/PackageFrameworks -F/Users/jans./Library/Developer/Xcode/DerivedData/meal.advisor.ios-csaldjncgoleykghtkpncaypzmvo/Build/Products/Debug-iphonesimulator -iframework /Applications/Xcode.app/Contents/Developer/Platforms/iPhoneSimulator.platform/Developer/Library/Frameworks -iframework /Applications/Xcode.app/Contents/Developer/Platforms/iPhoneSimulator.platform/Developer/SDKs/iPhoneSimulator18.5.sdk/Developer/Library/Frameworks -filelist /Users/jans./Library/Developer/Xcode/DerivedData/meal.advisor.ios-csaldjncgoleykghtkpncaypzmvo/Build/Intermediates.noindex/GTMAppAuth.build/Debug-iphonesimulator/GTMAppAuth.build/Objects-normal/arm64/GTMAppAuth.LinkFileList -nostdlib -Xlinker -object_path_lto -Xlinker /Users/jans./Library/Developer/Xcode/DerivedData/meal.advisor.ios-csaldjncgoleykghtkpncaypzmvo/Build/Intermediates.noindex/GTMAppAuth.build/Debug-iphonesimulator/GTMAppAuth.build/Objects-normal/arm64/GTMAppAuth_lto.o -rdynamic -Xlinker -no_deduplicate -Xlinker -objc_abi_version -Xlinker 2 -Xlinker -dependency_info -Xlinker /Users/jans./Library/Developer/Xcode/DerivedData/meal.advisor.ios-csaldjncgoleykghtkpncaypzmvo/Build/Intermediates.noindex/GTMAppAuth.build/Debug-iphonesimulator/GTMAppAuth.build/Objects-normal/arm64/GTMAppAuth_dependency_info.dat -fobjc-link-runtime -L/Applications/Xcode.app/Contents/Developer/Toolchains/XcodeDefault.xctoolchain/usr/lib/swift/iphonesimulator -L/usr/lib/swift -Xlinker -add_ast_path -Xlinker /Users/jans./Library/Developer/Xcode/DerivedData/meal.advisor.ios-csaldjncgoleykghtkpncaypzmvo/Build/Intermediates.noindex/GTMAppAuth.build/Debug-iphonesimulator/GTMAppAuth.build/Objects-normal/arm64/GTMAppAuth.swiftmodule -o /Users/jans./Library/Developer/Xcode/DerivedData/meal.advisor.ios-csaldjncgoleykghtkpncaypzmvo/Build/Products/Debug-iphonesimulator/GTMAppAuth.o

SwiftDriver Helpers normal arm64 com.apple.xcode.tools.swift.compiler (in target 'Helpers' from project 'Supabase')
    cd /Users/jans./Downloads/meal.advisor/meal.advisor.ios/meal.advisor.ios/meal.advisor.ios/meal.advisor.ios.xcodeproj
    builtin-SwiftDriver -- /Applications/Xcode.app/Contents/Developer/Toolchains/XcodeDefault.xctoolchain/usr/bin/swiftc -module-name Helpers -Onone -enforce-exclusivity\=checked @/Users/jans./Library/Developer/Xcode/DerivedData/meal.advisor.ios-csaldjncgoleykghtkpncaypzmvo/Build/Intermediates.noindex/Supabase.build/Debug-iphonesimulator/Helpers.build/Objects-normal/arm64/Helpers.SwiftFileList -DSWIFT_PACKAGE -DDEBUG -DXcode -enable-upcoming-feature ExistentialAny -enable-experimental-feature StrictConcurrency -plugin-path /Applications/Xcode.app/Contents/Developer/Toolchains/XcodeDefault.xctoolchain/usr/lib/swift/host/plugins/testing -enable-experimental-feature DebugDescriptionMacro -sdk /Applications/Xcode.app/Contents/Developer/Platforms/iPhoneSimulator.platform/Developer/SDKs/iPhoneSimulator18.5.sdk -target arm64-apple-ios13.0-simulator -g -module-cache-path /Users/jans./Library/Developer/Xcode/DerivedData/ModuleCache.noindex -Xfrontend -serialize-debugging-options -enable-testing -suppress-warnings -index-store-path /Users/jans./Library/Developer/Xcode/DerivedData/meal.advisor.ios-csaldjncgoleykghtkpncaypzmvo/Index.noindex/DataStore -swift-version 5 -I /Users/jans./Library/Developer/Xcode/DerivedData/meal.advisor.ios-csaldjncgoleykghtkpncaypzmvo/Build/Products/Debug-iphonesimulator -I /Applications/Xcode.app/Contents/Developer/Platforms/iPhoneSimulator.platform/Developer/usr/lib -F /Users/jans./Library/Developer/Xcode/DerivedData/meal.advisor.ios-csaldjncgoleykghtkpncaypzmvo/Build/Products/Debug-iphonesimulator/PackageFrameworks -F /Users/jans./Library/Developer/Xcode/DerivedData/meal.advisor.ios-csaldjncgoleykghtkpncaypzmvo/Build/Products/Debug-iphonesimulator/PackageFrameworks -F /Users/jans./Library/Developer/Xcode/DerivedData/meal.advisor.ios-csaldjncgoleykghtkpncaypzmvo/Build/Products/Debug-iphonesimulator/PackageFrameworks -F /Users/jans./Library/Developer/Xcode/DerivedData/meal.advisor.ios-csaldjncgoleykghtkpncaypzmvo/Build/Products/Debug-iphonesimulator/PackageFrameworks -F /Users/jans./Library/Developer/Xcode/DerivedData/meal.advisor.ios-csaldjncgoleykghtkpncaypzmvo/Build/Products/Debug-iphonesimulator/PackageFrameworks -F /Users/jans./Library/Developer/Xcode/DerivedData/meal.advisor.ios-csaldjncgoleykghtkpncaypzmvo/Build/Products/Debug-iphonesimulator/PackageFrameworks -F /Users/jans./Library/Developer/Xcode/DerivedData/meal.advisor.ios-csaldjncgoleykghtkpncaypzmvo/Build/Products/Debug-iphonesimulator -F /Applications/Xcode.app/Contents/Developer/Platforms/iPhoneSimulator.platform/Developer/Library/Frameworks -F /Applications/Xcode.app/Contents/Developer/Platforms/iPhoneSimulator.platform/Developer/SDKs/iPhoneSimulator18.5.sdk/Developer/Library/Frameworks -c -j8 -enable-batch-mode -incremental -Xcc -ivfsstatcache -Xcc /Users/jans./Library/Developer/Xcode/DerivedData/SDKStatCaches.noindex/iphonesimulator18.5-22F76-d5fc8ad4295d2ef488fb7d0f804ce0c4.sdkstatcache -output-file-map /Users/jans./Library/Developer/Xcode/DerivedData/meal.advisor.ios-csaldjncgoleykghtkpncaypzmvo/Build/Intermediates.noindex/Supabase.build/Debug-iphonesimulator/Helpers.build/Objects-normal/arm64/Helpers-OutputFileMap.json -use-frontend-parseable-output -save-temps -no-color-diagnostics -serialize-diagnostics -emit-dependencies -emit-module -emit-module-path /Users/jans./Library/Developer/Xcode/DerivedData/meal.advisor.ios-csaldjncgoleykghtkpncaypzmvo/Build/Intermediates.noindex/Supabase.build/Debug-iphonesimulator/Helpers.build/Objects-normal/arm64/Helpers.swiftmodule -validate-clang-modules-once -clang-build-session-file /Users/jans./Library/Developer/Xcode/DerivedData/ModuleCache.noindex/Session.modulevalidation -package-name supabase_swift -Xcc -I/Users/jans./Library/Developer/Xcode/DerivedData/meal.advisor.ios-csaldjncgoleykghtkpncaypzmvo/Build/Intermediates.noindex/Supabase.build/Debug-iphonesimulator/Helpers.build/swift-overrides.hmap -emit-const-values -Xfrontend -const-gather-protocols-file -Xfrontend /Users/jans./Library/Developer/Xcode/DerivedData/meal.advisor.ios-csaldjncgoleykghtkpncaypzmvo/Build/Intermediates.noindex/Supabase.build/Debug-iphonesimulator/Helpers.build/Objects-normal/arm64/Helpers_const_extract_protocols.json -Xcc -I/Users/jans./Library/Developer/Xcode/DerivedData/meal.advisor.ios-csaldjncgoleykghtkpncaypzmvo/Build/Products/Debug-iphonesimulator/include -Xcc -I/Users/jans./Library/Developer/Xcode/DerivedData/meal.advisor.ios-csaldjncgoleykghtkpncaypzmvo/Build/Intermediates.noindex/Supabase.build/Debug-iphonesimulator/Helpers.build/DerivedSources-normal/arm64 -Xcc -I/Users/jans./Library/Developer/Xcode/DerivedData/meal.advisor.ios-csaldjncgoleykghtkpncaypzmvo/Build/Intermediates.noindex/Supabase.build/Debug-iphonesimulator/Helpers.build/DerivedSources/arm64 -Xcc -I/Users/jans./Library/Developer/Xcode/DerivedData/meal.advisor.ios-csaldjncgoleykghtkpncaypzmvo/Build/Intermediates.noindex/Supabase.build/Debug-iphonesimulator/Helpers.build/DerivedSources -Xcc -DSWIFT_PACKAGE -Xcc -DDEBUG\=1 -emit-objc-header -emit-objc-header-path /Users/jans./Library/Developer/Xcode/DerivedData/meal.advisor.ios-csaldjncgoleykghtkpncaypzmvo/Build/Intermediates.noindex/Supabase.build/Debug-iphonesimulator/Helpers.build/Objects-normal/arm64/Helpers-Swift.h -working-directory /Users/jans./Downloads/meal.advisor/meal.advisor.ios/meal.advisor.ios/meal.advisor.ios/meal.advisor.ios.xcodeproj -experimental-emit-module-separately -disable-cmo

ExtractAppIntentsMetadata (in target 'IssueReporting' from project 'xctest-dynamic-overlay')
    cd /Users/jans./Library/Developer/Xcode/DerivedData/meal.advisor.ios-csaldjncgoleykghtkpncaypzmvo/SourcePackages/checkouts/xctest-dynamic-overlay
    /Applications/Xcode.app/Contents/Developer/Toolchains/XcodeDefault.xctoolchain/usr/bin/appintentsmetadataprocessor --toolchain-dir /Applications/Xcode.app/Contents/Developer/Toolchains/XcodeDefault.xctoolchain --module-name IssueReporting --sdk-root /Applications/Xcode.app/Contents/Developer/Platforms/iPhoneSimulator.platform/Developer/SDKs/iPhoneSimulator18.5.sdk --xcode-version 16F6 --platform-family iOS --deployment-target 13.0 --bundle-identifier xctest-dynamic-overlay.IssueReporting --output /Users/jans./Library/Developer/Xcode/DerivedData/meal.advisor.ios-csaldjncgoleykghtkpncaypzmvo/Build/Products/Debug-iphonesimulator/IssueReporting.appintents --target-triple arm64-apple-ios13.0-simulator --binary-file /Users/jans./Library/Developer/Xcode/DerivedData/meal.advisor.ios-csaldjncgoleykghtkpncaypzmvo/Build/Products/Debug-iphonesimulator/IssueReporting.o --dependency-file /Users/jans./Library/Developer/Xcode/DerivedData/meal.advisor.ios-csaldjncgoleykghtkpncaypzmvo/Build/Intermediates.noindex/xctest-dynamic-overlay.build/Debug-iphonesimulator/IssueReporting.build/Objects-normal/arm64/IssueReporting_dependency_info.dat --stringsdata-file /Users/jans./Library/Developer/Xcode/DerivedData/meal.advisor.ios-csaldjncgoleykghtkpncaypzmvo/Build/Intermediates.noindex/xctest-dynamic-overlay.build/Debug-iphonesimulator/IssueReporting.build/Objects-normal/arm64/ExtractedAppShortcutsMetadata.stringsdata --source-file-list /Users/jans./Library/Developer/Xcode/DerivedData/meal.advisor.ios-csaldjncgoleykghtkpncaypzmvo/Build/Intermediates.noindex/xctest-dynamic-overlay.build/Debug-iphonesimulator/IssueReporting.build/Objects-normal/arm64/IssueReporting.SwiftFileList --metadata-file-list /Users/jans./Library/Developer/Xcode/DerivedData/meal.advisor.ios-csaldjncgoleykghtkpncaypzmvo/Build/Intermediates.noindex/xctest-dynamic-overlay.build/Debug-iphonesimulator/IssueReporting.build/IssueReporting.DependencyMetadataFileList --static-metadata-file-list /Users/jans./Library/Developer/Xcode/DerivedData/meal.advisor.ios-csaldjncgoleykghtkpncaypzmvo/Build/Intermediates.noindex/xctest-dynamic-overlay.build/Debug-iphonesimulator/IssueReporting.build/IssueReporting.DependencyStaticMetadataFileList --swift-const-vals-list /Users/jans./Library/Developer/Xcode/DerivedData/meal.advisor.ios-csaldjncgoleykghtkpncaypzmvo/Build/Intermediates.noindex/xctest-dynamic-overlay.build/Debug-iphonesimulator/IssueReporting.build/Objects-normal/arm64/IssueReporting.SwiftConstValuesFileList --force --compile-time-extraction --deployment-aware-processing --validate-assistant-intents --no-app-shortcuts-localization
2025-10-11 23:20:23.201 appintentsmetadataprocessor[93074:11123729] Starting appintentsmetadataprocessor export
2025-10-11 23:20:23.266 appintentsmetadataprocessor[93074:11123729] Extracted no relevant App Intents symbols, skipping writing output

SwiftEmitModule normal arm64 Emitting\ module\ for\ Helpers (in target 'Helpers' from project 'Supabase')
EmitSwiftModule normal arm64 (in target 'Helpers' from project 'Supabase')
    cd /Users/jans./Downloads/meal.advisor/meal.advisor.ios/meal.advisor.ios/meal.advisor.ios/meal.advisor.ios.xcodeproj
    

SwiftCompile normal arm64 Compiling\ Version.swift,\ _Clock.swift /Users/jans./Library/Developer/Xcode/DerivedData/meal.advisor.ios-csaldjncgoleykghtkpncaypzmvo/SourcePackages/checkouts/supabase-swift/Sources/Helpers/Version.swift /Users/jans./Library/Developer/Xcode/DerivedData/meal.advisor.ios-csaldjncgoleykghtkpncaypzmvo/SourcePackages/checkouts/supabase-swift/Sources/Helpers/_Clock.swift (in target 'Helpers' from project 'Supabase')

SwiftCompile normal arm64 /Users/jans./Library/Developer/Xcode/DerivedData/meal.advisor.ios-csaldjncgoleykghtkpncaypzmvo/SourcePackages/checkouts/supabase-swift/Sources/Helpers/Version.swift (in target 'Helpers' from project 'Supabase')
    cd /Users/jans./Downloads/meal.advisor/meal.advisor.ios/meal.advisor.ios/meal.advisor.ios/meal.advisor.ios.xcodeproj
    

SwiftCompile normal arm64 /Users/jans./Library/Developer/Xcode/DerivedData/meal.advisor.ios-csaldjncgoleykghtkpncaypzmvo/SourcePackages/checkouts/supabase-swift/Sources/Helpers/_Clock.swift (in target 'Helpers' from project 'Supabase')
    cd /Users/jans./Downloads/meal.advisor/meal.advisor.ios/meal.advisor.ios/meal.advisor.ios/meal.advisor.ios.xcodeproj
    

SwiftCompile normal arm64 Compiling\ RetryRequestInterceptor.swift,\ JWT.swift,\ OSLogSupabaseLogger.swift /Users/jans./Library/Developer/Xcode/DerivedData/meal.advisor.ios-csaldjncgoleykghtkpncaypzmvo/SourcePackages/checkouts/supabase-swift/Sources/Helpers/HTTP/RetryRequestInterceptor.swift /Users/jans./Library/Developer/Xcode/DerivedData/meal.advisor.ios-csaldjncgoleykghtkpncaypzmvo/SourcePackages/checkouts/supabase-swift/Sources/Helpers/JWT.swift /Users/jans./Library/Developer/Xcode/DerivedData/meal.advisor.ios-csaldjncgoleykghtkpncaypzmvo/SourcePackages/checkouts/supabase-swift/Sources/Helpers/Logger/OSLogSupabaseLogger.swift (in target 'Helpers' from project 'Supabase')
SwiftCompile normal arm64 /Users/jans./Library/Developer/Xcode/DerivedData/meal.advisor.ios-csaldjncgoleykghtkpncaypzmvo/SourcePackages/checkouts/supabase-swift/Sources/Helpers/HTTP/RetryRequestInterceptor.swift (in target 'Helpers' from project 'Supabase')
    cd /Users/jans./Downloads/meal.advisor/meal.advisor.ios/meal.advisor.ios/meal.advisor.ios/meal.advisor.ios.xcodeproj
    

SwiftCompile normal arm64 /Users/jans./Library/Developer/Xcode/DerivedData/meal.advisor.ios-csaldjncgoleykghtkpncaypzmvo/SourcePackages/checkouts/supabase-swift/Sources/Helpers/JWT.swift (in target 'Helpers' from project 'Supabase')
    cd /Users/jans./Downloads/meal.advisor/meal.advisor.ios/meal.advisor.ios/meal.advisor.ios/meal.advisor.ios.xcodeproj
    

SwiftCompile normal arm64 /Users/jans./Library/Developer/Xcode/DerivedData/meal.advisor.ios-csaldjncgoleykghtkpncaypzmvo/SourcePackages/checkouts/supabase-swift/Sources/Helpers/Logger/OSLogSupabaseLogger.swift (in target 'Helpers' from project 'Supabase')
    cd /Users/jans./Downloads/meal.advisor/meal.advisor.ios/meal.advisor.ios/meal.advisor.ios/meal.advisor.ios.xcodeproj
    

SwiftDriverJobDiscovery normal arm64 Compiling Lock.swift (in target 'Clocks' from project 'swift-clocks')

SwiftCompile normal arm64 Compiling\ Task+withTimeout.swift,\ TaskLocalHelpers.swift,\ URLSession+AsyncAwait.swift /Users/jans./Library/Developer/Xcode/DerivedData/meal.advisor.ios-csaldjncgoleykghtkpncaypzmvo/SourcePackages/checkouts/supabase-swift/Sources/Helpers/Task+withTimeout.swift /Users/jans./Library/Developer/Xcode/DerivedData/meal.advisor.ios-csaldjncgoleykghtkpncaypzmvo/SourcePackages/checkouts/supabase-swift/Sources/Helpers/TaskLocalHelpers.swift /Users/jans./Library/Developer/Xcode/DerivedData/meal.advisor.ios-csaldjncgoleykghtkpncaypzmvo/SourcePackages/checkouts/supabase-swift/Sources/Helpers/URLSession+AsyncAwait.swift (in target 'Helpers' from project 'Supabase')

SwiftCompile normal arm64 /Users/jans./Library/Developer/Xcode/DerivedData/meal.advisor.ios-csaldjncgoleykghtkpncaypzmvo/SourcePackages/checkouts/supabase-swift/Sources/Helpers/Task+withTimeout.swift (in target 'Helpers' from project 'Supabase')
    cd /Users/jans./Downloads/meal.advisor/meal.advisor.ios/meal.advisor.ios/meal.advisor.ios/meal.advisor.ios.xcodeproj
    

SwiftCompile normal arm64 /Users/jans./Library/Developer/Xcode/DerivedData/meal.advisor.ios-csaldjncgoleykghtkpncaypzmvo/SourcePackages/checkouts/supabase-swift/Sources/Helpers/TaskLocalHelpers.swift (in target 'Helpers' from project 'Supabase')
    cd /Users/jans./Downloads/meal.advisor/meal.advisor.ios/meal.advisor.ios/meal.advisor.ios/meal.advisor.ios.xcodeproj
    

SwiftCompile normal arm64 /Users/jans./Library/Developer/Xcode/DerivedData/meal.advisor.ios-csaldjncgoleykghtkpncaypzmvo/SourcePackages/checkouts/supabase-swift/Sources/Helpers/URLSession+AsyncAwait.swift (in target 'Helpers' from project 'Supabase')
    cd /Users/jans./Downloads/meal.advisor/meal.advisor.ios/meal.advisor.ios/meal.advisor.ios/meal.advisor.ios.xcodeproj
    

PrecompileModule /Users/jans./Library/Developer/Xcode/DerivedData/meal.advisor.ios-csaldjncgoleykghtkpncaypzmvo/Build/Intermediates.noindex/ExplicitPrecompiledModules/CFNetwork-7BYOHV0DFJUB3MW446DFIKNMD.scan
    cd /Users/jans./Downloads/meal.advisor/meal.advisor.ios/meal.advisor.ios/meal.advisor.ios/meal.advisor.ios.xcodeproj
    builtin-precompileModule /Users/jans./Library/Developer/Xcode/DerivedData/meal.advisor.ios-csaldjncgoleykghtkpncaypzmvo/Build/Intermediates.noindex/ExplicitPrecompiledModules/CFNetwork-7BYOHV0DFJUB3MW446DFIKNMD.scan

PrecompileModule /Users/jans./Library/Developer/Xcode/DerivedData/meal.advisor.ios-csaldjncgoleykghtkpncaypzmvo/Build/Intermediates.noindex/ExplicitPrecompiledModules/CoreGraphics-YCWH5XXU8TIJ9PIGSRFNS4QI.scan
    cd /Users/jans./Downloads/meal.advisor/meal.advisor.ios/meal.advisor.ios/meal.advisor.ios/meal.advisor.ios.xcodeproj
    builtin-precompileModule /Users/jans./Library/Developer/Xcode/DerivedData/meal.advisor.ios-csaldjncgoleykghtkpncaypzmvo/Build/Intermediates.noindex/ExplicitPrecompiledModules/CoreGraphics-YCWH5XXU8TIJ9PIGSRFNS4QI.scan

SwiftDriverJobDiscovery normal arm64 Compiling _AsyncTimerSequence.swift (in target 'Clocks' from project 'swift-clocks')

PrecompileModule /Users/jans./Library/Developer/Xcode/DerivedData/meal.advisor.ios-csaldjncgoleykghtkpncaypzmvo/Build/Intermediates.noindex/ExplicitPrecompiledModules/Security-4V2O5LCWQLYV1Y0ME5BJ3Z45L.scan
    cd /Users/jans./Downloads/meal.advisor/meal.advisor.ios/meal.advisor.ios/meal.advisor.ios/meal.advisor.ios.xcodeproj
    builtin-precompileModule /Users/jans./Library/Developer/Xcode/DerivedData/meal.advisor.ios-csaldjncgoleykghtkpncaypzmvo/Build/Intermediates.noindex/ExplicitPrecompiledModules/Security-4V2O5LCWQLYV1Y0ME5BJ3Z45L.scan

SwiftDriverJobDiscovery normal arm64 Compiling ImmediateClock.swift (in target 'Clocks' from project 'swift-clocks')

SwiftCompile normal arm64 Compiling\ HTTPRequest.swift,\ HTTPResponse.swift,\ LoggerInterceptor.swift /Users/jans./Library/Developer/Xcode/DerivedData/meal.advisor.ios-csaldjncgoleykghtkpncaypzmvo/SourcePackages/checkouts/supabase-swift/Sources/Helpers/HTTP/HTTPRequest.swift /Users/jans./Library/Developer/Xcode/DerivedData/meal.advisor.ios-csaldjncgoleykghtkpncaypzmvo/SourcePackages/checkouts/supabase-swift/Sources/Helpers/HTTP/HTTPResponse.swift /Users/jans./Library/Developer/Xcode/DerivedData/meal.advisor.ios-csaldjncgoleykghtkpncaypzmvo/SourcePackages/checkouts/supabase-swift/Sources/Helpers/HTTP/LoggerInterceptor.swift (in target 'Helpers' from project 'Supabase')

SwiftCompile normal arm64 /Users/jans./Library/Developer/Xcode/DerivedData/meal.advisor.ios-csaldjncgoleykghtkpncaypzmvo/SourcePackages/checkouts/supabase-swift/Sources/Helpers/HTTP/HTTPRequest.swift (in target 'Helpers' from project 'Supabase')
    cd /Users/jans./Downloads/meal.advisor/meal.advisor.ios/meal.advisor.ios/meal.advisor.ios/meal.advisor.ios.xcodeproj
    

SwiftCompile normal arm64 /Users/jans./Library/Developer/Xcode/DerivedData/meal.advisor.ios-csaldjncgoleykghtkpncaypzmvo/SourcePackages/checkouts/supabase-swift/Sources/Helpers/HTTP/HTTPResponse.swift (in target 'Helpers' from project 'Supabase')
    cd /Users/jans./Downloads/meal.advisor/meal.advisor.ios/meal.advisor.ios/meal.advisor.ios/meal.advisor.ios.xcodeproj
    

SwiftCompile normal arm64 /Users/jans./Library/Developer/Xcode/DerivedData/meal.advisor.ios-csaldjncgoleykghtkpncaypzmvo/SourcePackages/checkouts/supabase-swift/Sources/Helpers/HTTP/LoggerInterceptor.swift (in target 'Helpers' from project 'Supabase')
    cd /Users/jans./Downloads/meal.advisor/meal.advisor.ios/meal.advisor.ios/meal.advisor.ios/meal.advisor.ios.xcodeproj
    

SwiftCompile normal arm64 Compiling\ FoundationExtensions.swift,\ HTTPClient.swift,\ HTTPFields.swift /Users/jans./Library/Developer/Xcode/DerivedData/meal.advisor.ios-csaldjncgoleykghtkpncaypzmvo/SourcePackages/checkouts/supabase-swift/Sources/Helpers/FoundationExtensions.swift /Users/jans./Library/Developer/Xcode/DerivedData/meal.advisor.ios-csaldjncgoleykghtkpncaypzmvo/SourcePackages/checkouts/supabase-swift/Sources/Helpers/HTTP/HTTPClient.swift /Users/jans./Library/Developer/Xcode/DerivedData/meal.advisor.ios-csaldjncgoleykghtkpncaypzmvo/SourcePackages/checkouts/supabase-swift/Sources/Helpers/HTTP/HTTPFields.swift (in target 'Helpers' from project 'Supabase')

SwiftCompile normal arm64 /Users/jans./Library/Developer/Xcode/DerivedData/meal.advisor.ios-csaldjncgoleykghtkpncaypzmvo/SourcePackages/checkouts/supabase-swift/Sources/Helpers/FoundationExtensions.swift (in target 'Helpers' from project 'Supabase')
    cd /Users/jans./Downloads/meal.advisor/meal.advisor.ios/meal.advisor.ios/meal.advisor.ios/meal.advisor.ios.xcodeproj
    

SwiftCompile normal arm64 /Users/jans./Library/Developer/Xcode/DerivedData/meal.advisor.ios-csaldjncgoleykghtkpncaypzmvo/SourcePackages/checkouts/supabase-swift/Sources/Helpers/HTTP/HTTPClient.swift (in target 'Helpers' from project 'Supabase')
    cd /Users/jans./Downloads/meal.advisor/meal.advisor.ios/meal.advisor.ios/meal.advisor.ios/meal.advisor.ios.xcodeproj
    

SwiftCompile normal arm64 /Users/jans./Library/Developer/Xcode/DerivedData/meal.advisor.ios-csaldjncgoleykghtkpncaypzmvo/SourcePackages/checkouts/supabase-swift/Sources/Helpers/HTTP/HTTPFields.swift (in target 'Helpers' from project 'Supabase')
    cd /Users/jans./Downloads/meal.advisor/meal.advisor.ios/meal.advisor.ios/meal.advisor.ios/meal.advisor.ios.xcodeproj
    

SwiftDriverJobDiscovery normal arm64 Compiling Deprecations.swift (in target 'XCTestDynamicOverlay' from project 'xctest-dynamic-overlay')

SwiftDriver\ Compilation XCTestDynamicOverlay normal arm64 com.apple.xcode.tools.swift.compiler (in target 'XCTestDynamicOverlay' from project 'xctest-dynamic-overlay')
    cd /Users/jans./Downloads/meal.advisor/meal.advisor.ios/meal.advisor.ios/meal.advisor.ios/meal.advisor.ios.xcodeproj
    builtin-Swift-Compilation -- /Applications/Xcode.app/Contents/Developer/Toolchains/XcodeDefault.xctoolchain/usr/bin/swiftc -module-name XCTestDynamicOverlay -Onone -enforce-exclusivity\=checked @/Users/jans./Library/Developer/Xcode/DerivedData/meal.advisor.ios-csaldjncgoleykghtkpncaypzmvo/Build/Intermediates.noindex/xctest-dynamic-overlay.build/Debug-iphonesimulator/XCTestDynamicOverlay.build/Objects-normal/arm64/XCTestDynamicOverlay.SwiftFileList -DSWIFT_PACKAGE -DDEBUG -DXcode -plugin-path /Applications/Xcode.app/Contents/Developer/Toolchains/XcodeDefault.xctoolchain/usr/lib/swift/host/plugins/testing -enable-experimental-feature DebugDescriptionMacro -sdk /Applications/Xcode.app/Contents/Developer/Platforms/iPhoneSimulator.platform/Developer/SDKs/iPhoneSimulator18.5.sdk -target arm64-apple-ios13.0-simulator -g -module-cache-path /Users/jans./Library/Developer/Xcode/DerivedData/ModuleCache.noindex -Xfrontend -serialize-debugging-options -enable-testing -suppress-warnings -index-store-path /Users/jans./Library/Developer/Xcode/DerivedData/meal.advisor.ios-csaldjncgoleykghtkpncaypzmvo/Index.noindex/DataStore -swift-version 6 -I /Users/jans./Library/Developer/Xcode/DerivedData/meal.advisor.ios-csaldjncgoleykghtkpncaypzmvo/Build/Products/Debug-iphonesimulator -I /Applications/Xcode.app/Contents/Developer/Platforms/iPhoneSimulator.platform/Developer/usr/lib -F /Users/jans./Library/Developer/Xcode/DerivedData/meal.advisor.ios-csaldjncgoleykghtkpncaypzmvo/Build/Products/Debug-iphonesimulator/PackageFrameworks -F /Users/jans./Library/Developer/Xcode/DerivedData/meal.advisor.ios-csaldjncgoleykghtkpncaypzmvo/Build/Products/Debug-iphonesimulator/PackageFrameworks -F /Users/jans./Library/Developer/Xcode/DerivedData/meal.advisor.ios-csaldjncgoleykghtkpncaypzmvo/Build/Products/Debug-iphonesimulator -F /Applications/Xcode.app/Contents/Developer/Platforms/iPhoneSimulator.platform/Developer/Library/Frameworks -F /Applications/Xcode.app/Contents/Developer/Platforms/iPhoneSimulator.platform/Developer/SDKs/iPhoneSimulator18.5.sdk/Developer/Library/Frameworks -c -j8 -enable-batch-mode -incremental -Xcc -ivfsstatcache -Xcc /Users/jans./Library/Developer/Xcode/DerivedData/SDKStatCaches.noindex/iphonesimulator18.5-22F76-d5fc8ad4295d2ef488fb7d0f804ce0c4.sdkstatcache -output-file-map /Users/jans./Library/Developer/Xcode/DerivedData/meal.advisor.ios-csaldjncgoleykghtkpncaypzmvo/Build/Intermediates.noindex/xctest-dynamic-overlay.build/Debug-iphonesimulator/XCTestDynamicOverlay.build/Objects-normal/arm64/XCTestDynamicOverlay-OutputFileMap.json -use-frontend-parseable-output -save-temps -no-color-diagnostics -serialize-diagnostics -emit-dependencies -emit-module -emit-module-path /Users/jans./Library/Developer/Xcode/DerivedData/meal.advisor.ios-csaldjncgoleykghtkpncaypzmvo/Build/Intermediates.noindex/xctest-dynamic-overlay.build/Debug-iphonesimulator/XCTestDynamicOverlay.build/Objects-normal/arm64/XCTestDynamicOverlay.swiftmodule -user-module-version 1.6.1 -validate-clang-modules-once -clang-build-session-file /Users/jans./Library/Developer/Xcode/DerivedData/ModuleCache.noindex/Session.modulevalidation -package-name xctest_dynamic_overlay -Xcc -I/Users/jans./Library/Developer/Xcode/DerivedData/meal.advisor.ios-csaldjncgoleykghtkpncaypzmvo/Build/Intermediates.noindex/xctest-dynamic-overlay.build/Debug-iphonesimulator/XCTestDynamicOverlay.build/swift-overrides.hmap -emit-const-values -Xfrontend -const-gather-protocols-file -Xfrontend /Users/jans./Library/Developer/Xcode/DerivedData/meal.advisor.ios-csaldjncgoleykghtkpncaypzmvo/Build/Intermediates.noindex/xctest-dynamic-overlay.build/Debug-iphonesimulator/XCTestDynamicOverlay.build/Objects-normal/arm64/XCTestDynamicOverlay_const_extract_protocols.json -Xcc -I/Users/jans./Library/Developer/Xcode/DerivedData/meal.advisor.ios-csaldjncgoleykghtkpncaypzmvo/Build/Products/Debug-iphonesimulator/include -Xcc -I/Users/jans./Library/Developer/Xcode/DerivedData/meal.advisor.ios-csaldjncgoleykghtkpncaypzmvo/Build/Intermediates.noindex/xctest-dynamic-overlay.build/Debug-iphonesimulator/XCTestDynamicOverlay.build/DerivedSources-normal/arm64 -Xcc -I/Users/jans./Library/Developer/Xcode/DerivedData/meal.advisor.ios-csaldjncgoleykghtkpncaypzmvo/Build/Intermediates.noindex/xctest-dynamic-overlay.build/Debug-iphonesimulator/XCTestDynamicOverlay.build/DerivedSources/arm64 -Xcc -I/Users/jans./Library/Developer/Xcode/DerivedData/meal.advisor.ios-csaldjncgoleykghtkpncaypzmvo/Build/Intermediates.noindex/xctest-dynamic-overlay.build/Debug-iphonesimulator/XCTestDynamicOverlay.build/DerivedSources -Xcc -DSWIFT_PACKAGE -Xcc -DDEBUG\=1 -emit-objc-header -emit-objc-header-path /Users/jans./Library/Developer/Xcode/DerivedData/meal.advisor.ios-csaldjncgoleykghtkpncaypzmvo/Build/Intermediates.noindex/xctest-dynamic-overlay.build/Debug-iphonesimulator/XCTestDynamicOverlay.build/Objects-normal/arm64/XCTestDynamicOverlay-Swift.h -working-directory /Users/jans./Downloads/meal.advisor/meal.advisor.ios/meal.advisor.ios/meal.advisor.ios/meal.advisor.ios.xcodeproj -experimental-emit-module-separately -disable-cmo

PrecompileModule /Users/jans./Library/Developer/Xcode/DerivedData/meal.advisor.ios-csaldjncgoleykghtkpncaypzmvo/Build/Intermediates.noindex/ExplicitPrecompiledModules/ImageIO-E693YRH19THVGAPDLN1KY1FP0.scan
    cd /Users/jans./Downloads/meal.advisor/meal.advisor.ios/meal.advisor.ios/meal.advisor.ios/meal.advisor.ios.xcodeproj
    builtin-precompileModule /Users/jans./Library/Developer/Xcode/DerivedData/meal.advisor.ios-csaldjncgoleykghtkpncaypzmvo/Build/Intermediates.noindex/ExplicitPrecompiledModules/ImageIO-E693YRH19THVGAPDLN1KY1FP0.scan

PrecompileModule /Users/jans./Library/Developer/Xcode/DerivedData/meal.advisor.ios-csaldjncgoleykghtkpncaypzmvo/Build/Intermediates.noindex/ExplicitPrecompiledModules/CoreText-A3IRCQJ6PHKXGQSH9B23CYXL6.scan
    cd /Users/jans./Downloads/meal.advisor/meal.advisor.ios/meal.advisor.ios/meal.advisor.ios/meal.advisor.ios.xcodeproj
    builtin-precompileModule /Users/jans./Library/Developer/Xcode/DerivedData/meal.advisor.ios-csaldjncgoleykghtkpncaypzmvo/Build/Intermediates.noindex/ExplicitPrecompiledModules/CoreText-A3IRCQJ6PHKXGQSH9B23CYXL6.scan

PrecompileModule /Users/jans./Library/Developer/Xcode/DerivedData/meal.advisor.ios-csaldjncgoleykghtkpncaypzmvo/Build/Intermediates.noindex/ExplicitPrecompiledModules/Foundation-3SR9LQIQ1MZ50DAIIXG9KHP0N.scan
    cd /Users/jans./Downloads/meal.advisor/meal.advisor.ios/meal.advisor.ios/meal.advisor.ios/meal.advisor.ios.xcodeproj
    builtin-precompileModule /Users/jans./Library/Developer/Xcode/DerivedData/meal.advisor.ios-csaldjncgoleykghtkpncaypzmvo/Build/Intermediates.noindex/ExplicitPrecompiledModules/Foundation-3SR9LQIQ1MZ50DAIIXG9KHP0N.scan

SwiftCompile normal arm64 Compiling\ Codable.swift,\ DateFormatter.swift,\ EventEmitter.swift /Users/jans./Library/Developer/Xcode/DerivedData/meal.advisor.ios-csaldjncgoleykghtkpncaypzmvo/SourcePackages/checkouts/supabase-swift/Sources/Helpers/Codable.swift /Users/jans./Library/Developer/Xcode/DerivedData/meal.advisor.ios-csaldjncgoleykghtkpncaypzmvo/SourcePackages/checkouts/supabase-swift/Sources/Helpers/DateFormatter.swift /Users/jans./Library/Developer/Xcode/DerivedData/meal.advisor.ios-csaldjncgoleykghtkpncaypzmvo/SourcePackages/checkouts/supabase-swift/Sources/Helpers/EventEmitter.swift (in target 'Helpers' from project 'Supabase')

SwiftCompile normal arm64 /Users/jans./Library/Developer/Xcode/DerivedData/meal.advisor.ios-csaldjncgoleykghtkpncaypzmvo/SourcePackages/checkouts/supabase-swift/Sources/Helpers/Codable.swift (in target 'Helpers' from project 'Supabase')
    cd /Users/jans./Downloads/meal.advisor/meal.advisor.ios/meal.advisor.ios/meal.advisor.ios/meal.advisor.ios.xcodeproj
    

SwiftCompile normal arm64 /Users/jans./Library/Developer/Xcode/DerivedData/meal.advisor.ios-csaldjncgoleykghtkpncaypzmvo/SourcePackages/checkouts/supabase-swift/Sources/Helpers/DateFormatter.swift (in target 'Helpers' from project 'Supabase')
    cd /Users/jans./Downloads/meal.advisor/meal.advisor.ios/meal.advisor.ios/meal.advisor.ios/meal.advisor.ios.xcodeproj
    

SwiftCompile normal arm64 /Users/jans./Library/Developer/Xcode/DerivedData/meal.advisor.ios-csaldjncgoleykghtkpncaypzmvo/SourcePackages/checkouts/supabase-swift/Sources/Helpers/EventEmitter.swift (in target 'Helpers' from project 'Supabase')
    cd /Users/jans./Downloads/meal.advisor/meal.advisor.ios/meal.advisor.ios/meal.advisor.ios/meal.advisor.ios.xcodeproj
    

SwiftCompile normal arm64 Compiling\ SupabaseLogger.swift,\ HTTPError.swift,\ PostgrestError.swift /Users/jans./Library/Developer/Xcode/DerivedData/meal.advisor.ios-csaldjncgoleykghtkpncaypzmvo/SourcePackages/checkouts/supabase-swift/Sources/Helpers/Logger/SupabaseLogger.swift /Users/jans./Library/Developer/Xcode/DerivedData/meal.advisor.ios-csaldjncgoleykghtkpncaypzmvo/SourcePackages/checkouts/supabase-swift/Sources/Helpers/SharedModels/HTTPError.swift /Users/jans./Library/Developer/Xcode/DerivedData/meal.advisor.ios-csaldjncgoleykghtkpncaypzmvo/SourcePackages/checkouts/supabase-swift/Sources/Helpers/SharedModels/PostgrestError.swift (in target 'Helpers' from project 'Supabase')
SwiftCompile normal arm64 /Users/jans./Library/Developer/Xcode/DerivedData/meal.advisor.ios-csaldjncgoleykghtkpncaypzmvo/SourcePackages/checkouts/supabase-swift/Sources/Helpers/Logger/SupabaseLogger.swift (in target 'Helpers' from project 'Supabase')
    cd /Users/jans./Downloads/meal.advisor/meal.advisor.ios/meal.advisor.ios/meal.advisor.ios/meal.advisor.ios.xcodeproj
    

SwiftCompile normal arm64 /Users/jans./Library/Developer/Xcode/DerivedData/meal.advisor.ios-csaldjncgoleykghtkpncaypzmvo/SourcePackages/checkouts/supabase-swift/Sources/Helpers/SharedModels/HTTPError.swift (in target 'Helpers' from project 'Supabase')
    cd /Users/jans./Downloads/meal.advisor/meal.advisor.ios/meal.advisor.ios/meal.advisor.ios/meal.advisor.ios.xcodeproj
    

SwiftCompile normal arm64 /Users/jans./Library/Developer/Xcode/DerivedData/meal.advisor.ios-csaldjncgoleykghtkpncaypzmvo/SourcePackages/checkouts/supabase-swift/Sources/Helpers/SharedModels/PostgrestError.swift (in target 'Helpers' from project 'Supabase')
    cd /Users/jans./Downloads/meal.advisor/meal.advisor.ios/meal.advisor.ios/meal.advisor.ios/meal.advisor.ios.xcodeproj
    

SwiftDriverJobDiscovery normal arm64 Compiling Version.swift, _Clock.swift (in target 'Helpers' from project 'Supabase')

SwiftCompile normal arm64 Compiling\ AnyJSON+Codable.swift,\ AnyJSON.swift,\ AsyncValueSubject.swift /Users/jans./Library/Developer/Xcode/DerivedData/meal.advisor.ios-csaldjncgoleykghtkpncaypzmvo/SourcePackages/checkouts/supabase-swift/Sources/Helpers/AnyJSON/AnyJSON+Codable.swift /Users/jans./Library/Developer/Xcode/DerivedData/meal.advisor.ios-csaldjncgoleykghtkpncaypzmvo/SourcePackages/checkouts/supabase-swift/Sources/Helpers/AnyJSON/AnyJSON.swift /Users/jans./Library/Developer/Xcode/DerivedData/meal.advisor.ios-csaldjncgoleykghtkpncaypzmvo/SourcePackages/checkouts/supabase-swift/Sources/Helpers/AsyncValueSubject.swift (in target 'Helpers' from project 'Supabase')
SwiftCompile normal arm64 /Users/jans./Library/Developer/Xcode/DerivedData/meal.advisor.ios-csaldjncgoleykghtkpncaypzmvo/SourcePackages/checkouts/supabase-swift/Sources/Helpers/AnyJSON/AnyJSON+Codable.swift (in target 'Helpers' from project 'Supabase')
    cd /Users/jans./Downloads/meal.advisor/meal.advisor.ios/meal.advisor.ios/meal.advisor.ios/meal.advisor.ios.xcodeproj
    

SwiftCompile normal arm64 /Users/jans./Library/Developer/Xcode/DerivedData/meal.advisor.ios-csaldjncgoleykghtkpncaypzmvo/SourcePackages/checkouts/supabase-swift/Sources/Helpers/AnyJSON/AnyJSON.swift (in target 'Helpers' from project 'Supabase')
    cd /Users/jans./Downloads/meal.advisor/meal.advisor.ios/meal.advisor.ios/meal.advisor.ios/meal.advisor.ios.xcodeproj
    

SwiftCompile normal arm64 /Users/jans./Library/Developer/Xcode/DerivedData/meal.advisor.ios-csaldjncgoleykghtkpncaypzmvo/SourcePackages/checkouts/supabase-swift/Sources/Helpers/AsyncValueSubject.swift (in target 'Helpers' from project 'Supabase')
    cd /Users/jans./Downloads/meal.advisor/meal.advisor.ios/meal.advisor.ios/meal.advisor.ios/meal.advisor.ios.xcodeproj
    

SwiftDriverJobDiscovery normal arm64 Compiling Task+withTimeout.swift, TaskLocalHelpers.swift, URLSession+AsyncAwait.swift (in target 'Helpers' from project 'Supabase')

SwiftDriver\ Compilation Clocks normal arm64 com.apple.xcode.tools.swift.compiler (in target 'Clocks' from project 'swift-clocks')
    cd /Users/jans./Downloads/meal.advisor/meal.advisor.ios/meal.advisor.ios/meal.advisor.ios/meal.advisor.ios.xcodeproj
    builtin-Swift-Compilation -- /Applications/Xcode.app/Contents/Developer/Toolchains/XcodeDefault.xctoolchain/usr/bin/swiftc -module-name Clocks -Onone -enforce-exclusivity\=checked @/Users/jans./Library/Developer/Xcode/DerivedData/meal.advisor.ios-csaldjncgoleykghtkpncaypzmvo/Build/Intermediates.noindex/swift-clocks.build/Debug-iphonesimulator/Clocks.build/Objects-normal/arm64/Clocks.SwiftFileList -DSWIFT_PACKAGE -DDEBUG -DXcode -plugin-path /Applications/Xcode.app/Contents/Developer/Toolchains/XcodeDefault.xctoolchain/usr/lib/swift/host/plugins/testing -enable-experimental-feature DebugDescriptionMacro -sdk /Applications/Xcode.app/Contents/Developer/Platforms/iPhoneSimulator.platform/Developer/SDKs/iPhoneSimulator18.5.sdk -target arm64-apple-ios13.0-simulator -g -module-cache-path /Users/jans./Library/Developer/Xcode/DerivedData/ModuleCache.noindex -Xfrontend -serialize-debugging-options -enable-testing -suppress-warnings -index-store-path /Users/jans./Library/Developer/Xcode/DerivedData/meal.advisor.ios-csaldjncgoleykghtkpncaypzmvo/Index.noindex/DataStore -swift-version 6 -I /Users/jans./Library/Developer/Xcode/DerivedData/meal.advisor.ios-csaldjncgoleykghtkpncaypzmvo/Build/Products/Debug-iphonesimulator -I /Applications/Xcode.app/Contents/Developer/Platforms/iPhoneSimulator.platform/Developer/usr/lib -F /Users/jans./Library/Developer/Xcode/DerivedData/meal.advisor.ios-csaldjncgoleykghtkpncaypzmvo/Build/Products/Debug-iphonesimulator/PackageFrameworks -F /Users/jans./Library/Developer/Xcode/DerivedData/meal.advisor.ios-csaldjncgoleykghtkpncaypzmvo/Build/Products/Debug-iphonesimulator/PackageFrameworks -F /Users/jans./Library/Developer/Xcode/DerivedData/meal.advisor.ios-csaldjncgoleykghtkpncaypzmvo/Build/Products/Debug-iphonesimulator/PackageFrameworks -F /Users/jans./Library/Developer/Xcode/DerivedData/meal.advisor.ios-csaldjncgoleykghtkpncaypzmvo/Build/Products/Debug-iphonesimulator -F /Applications/Xcode.app/Contents/Developer/Platforms/iPhoneSimulator.platform/Developer/Library/Frameworks -F /Applications/Xcode.app/Contents/Developer/Platforms/iPhoneSimulator.platform/Developer/SDKs/iPhoneSimulator18.5.sdk/Developer/Library/Frameworks -c -j8 -enable-batch-mode -incremental -Xcc -ivfsstatcache -Xcc /Users/jans./Library/Developer/Xcode/DerivedData/SDKStatCaches.noindex/iphonesimulator18.5-22F76-d5fc8ad4295d2ef488fb7d0f804ce0c4.sdkstatcache -output-file-map /Users/jans./Library/Developer/Xcode/DerivedData/meal.advisor.ios-csaldjncgoleykghtkpncaypzmvo/Build/Intermediates.noindex/swift-clocks.build/Debug-iphonesimulator/Clocks.build/Objects-normal/arm64/Clocks-OutputFileMap.json -use-frontend-parseable-output -save-temps -no-color-diagnostics -serialize-diagnostics -emit-dependencies -emit-module -emit-module-path /Users/jans./Library/Developer/Xcode/DerivedData/meal.advisor.ios-csaldjncgoleykghtkpncaypzmvo/Build/Intermediates.noindex/swift-clocks.build/Debug-iphonesimulator/Clocks.build/Objects-normal/arm64/Clocks.swiftmodule -user-module-version 1.0.6 -validate-clang-modules-once -clang-build-session-file /Users/jans./Library/Developer/Xcode/DerivedData/ModuleCache.noindex/Session.modulevalidation -package-name swift_clocks -Xcc -I/Users/jans./Library/Developer/Xcode/DerivedData/meal.advisor.ios-csaldjncgoleykghtkpncaypzmvo/Build/Intermediates.noindex/swift-clocks.build/Debug-iphonesimulator/Clocks.build/swift-overrides.hmap -emit-const-values -Xfrontend -const-gather-protocols-file -Xfrontend /Users/jans./Library/Developer/Xcode/DerivedData/meal.advisor.ios-csaldjncgoleykghtkpncaypzmvo/Build/Intermediates.noindex/swift-clocks.build/Debug-iphonesimulator/Clocks.build/Objects-normal/arm64/Clocks_const_extract_protocols.json -Xcc -I/Users/jans./Library/Developer/Xcode/DerivedData/meal.advisor.ios-csaldjncgoleykghtkpncaypzmvo/Build/Products/Debug-iphonesimulator/include -Xcc -I/Users/jans./Library/Developer/Xcode/DerivedData/meal.advisor.ios-csaldjncgoleykghtkpncaypzmvo/Build/Intermediates.noindex/swift-clocks.build/Debug-iphonesimulator/Clocks.build/DerivedSources-normal/arm64 -Xcc -I/Users/jans./Library/Developer/Xcode/DerivedData/meal.advisor.ios-csaldjncgoleykghtkpncaypzmvo/Build/Intermediates.noindex/swift-clocks.build/Debug-iphonesimulator/Clocks.build/DerivedSources/arm64 -Xcc -I/Users/jans./Library/Developer/Xcode/DerivedData/meal.advisor.ios-csaldjncgoleykghtkpncaypzmvo/Build/Intermediates.noindex/swift-clocks.build/Debug-iphonesimulator/Clocks.build/DerivedSources -Xcc -DSWIFT_PACKAGE -Xcc -DDEBUG\=1 -emit-objc-header -emit-objc-header-path /Users/jans./Library/Developer/Xcode/DerivedData/meal.advisor.ios-csaldjncgoleykghtkpncaypzmvo/Build/Intermediates.noindex/swift-clocks.build/Debug-iphonesimulator/Clocks.build/Objects-normal/arm64/Clocks-Swift.h -working-directory /Users/jans./Downloads/meal.advisor/meal.advisor.ios/meal.advisor.ios/meal.advisor.ios/meal.advisor.ios.xcodeproj -experimental-emit-module-separately -disable-cmo

CompileC /Users/jans./Library/Developer/Xcode/DerivedData/meal.advisor.ios-csaldjncgoleykghtkpncaypzmvo/Build/Intermediates.noindex/GoogleSignIn.build/Debug-iphonesimulator/GoogleSignIn.build/Objects-normal/arm64/resource_bundle_accessor.o /Users/jans./Library/Developer/Xcode/DerivedData/meal.advisor.ios-csaldjncgoleykghtkpncaypzmvo/Build/Intermediates.noindex/GoogleSignIn.build/Debug-iphonesimulator/GoogleSignIn.build/DerivedSources/resource_bundle_accessor.m normal arm64 objective-c com.apple.compilers.llvm.clang.1_0.compiler (in target 'GoogleSignIn' from project 'GoogleSignIn')
    cd /Users/jans./Downloads/meal.advisor/meal.advisor.ios/meal.advisor.ios/meal.advisor.ios/meal.advisor.ios.xcodeproj
    
    Using response file: /Users/jans./Library/Developer/Xcode/DerivedData/meal.advisor.ios-csaldjncgoleykghtkpncaypzmvo/Build/Intermediates.noindex/GoogleSignIn.build/Debug-iphonesimulator/GoogleSignIn.build/Objects-normal/arm64/e6072d4f65d7061329687fe24e3d63a7-common-args.resp
    
    /Applications/Xcode.app/Contents/Developer/Toolchains/XcodeDefault.xctoolchain/usr/bin/clang -x objective-c -ivfsstatcache /Users/jans./Library/Developer/Xcode/DerivedData/SDKStatCaches.noindex/iphonesimulator18.5-22F76-d5fc8ad4295d2ef488fb7d0f804ce0c4.sdkstatcache -fmessage-length\=0 -fdiagnostics-show-note-include-stack -fmacro-backtrace-limit\=0 -fno-color-diagnostics -fmodules-prune-interval\=86400 -fmodules-prune-after\=345600 -fbuild-session-file\=/Users/jans./Library/Developer/Xcode/DerivedData/ModuleCache.noindex/Session.modulevalidation -fmodules-validate-once-per-build-session -Wnon-modular-include-in-framework-module -Werror\=non-modular-include-in-framework-module -Wno-trigraphs -Wno-missing-field-initializers -Wno-missing-prototypes -Wno-return-type -Wno-implicit-atomic-properties -Wno-objc-interface-ivars -Wno-arc-repeated-use-of-weak -Wno-missing-braces -Wparentheses -Wswitch -Wno-unused-function -Wno-unused-label -Wno-unused-parameter -Wno-unused-variable -Wunused-value -Wno-empty-body -Wno-uninitialized -Wno-unknown-pragmas -w -Wno-shadow -Wno-four-char-constants -Wno-conversion -Wno-constant-conversion -Wno-int-conversion -Wno-bool-conversion -Wno-enum-conversion -Wno-float-conversion -Wno-non-literal-null-conversion -Wno-objc-literal-conversion -Wshorten-64-to-32 -Wpointer-sign -Wno-newline-eof -Wno-selector -Wno-strict-selector-match -Wno-undeclared-selector -Wno-deprecated-implementations -Wno-implicit-fallthrough -fstrict-aliasing -Wprotocol -Wdeprecated-declarations -Wno-sign-conversion -Wno-infinite-recursion -Wno-comma -Wno-block-capture-autoreleasing -Wno-strict-prototypes -Wno-semicolon-before-method-body -index-store-path /Users/jans./Library/Developer/Xcode/DerivedData/meal.advisor.ios-csaldjncgoleykghtkpncaypzmvo/Index.noindex/DataStore @/Users/jans./Library/Developer/Xcode/DerivedData/meal.advisor.ios-csaldjncgoleykghtkpncaypzmvo/Build/Intermediates.noindex/GoogleSignIn.build/Debug-iphonesimulator/GoogleSignIn.build/Objects-normal/arm64/e6072d4f65d7061329687fe24e3d63a7-common-args.resp -include /Users/jans./Library/Developer/Xcode/DerivedData/meal.advisor.ios-csaldjncgoleykghtkpncaypzmvo/Build/Intermediates.noindex/GoogleSignIn.build/Debug-iphonesimulator/GoogleSignIn.build/DerivedSources/resource_bundle_accessor.h -MMD -MT dependencies -MF /Users/jans./Library/Developer/Xcode/DerivedData/meal.advisor.ios-csaldjncgoleykghtkpncaypzmvo/Build/Intermediates.noindex/GoogleSignIn.build/Debug-iphonesimulator/GoogleSignIn.build/Objects-normal/arm64/resource_bundle_accessor.d --serialize-diagnostics /Users/jans./Library/Developer/Xcode/DerivedData/meal.advisor.ios-csaldjncgoleykghtkpncaypzmvo/Build/Intermediates.noindex/GoogleSignIn.build/Debug-iphonesimulator/GoogleSignIn.build/Objects-normal/arm64/resource_bundle_accessor.dia -c /Users/jans./Library/Developer/Xcode/DerivedData/meal.advisor.ios-csaldjncgoleykghtkpncaypzmvo/Build/Intermediates.noindex/GoogleSignIn.build/Debug-iphonesimulator/GoogleSignIn.build/DerivedSources/resource_bundle_accessor.m -o /Users/jans./Library/Developer/Xcode/DerivedData/meal.advisor.ios-csaldjncgoleykghtkpncaypzmvo/Build/Intermediates.noindex/GoogleSignIn.build/Debug-iphonesimulator/GoogleSignIn.build/Objects-normal/arm64/resource_bundle_accessor.o -index-unit-output-path /GoogleSignIn.build/Debug-iphonesimulator/GoogleSignIn.build/Objects-normal/arm64/resource_bundle_accessor.o

CompileC /Users/jans./Library/Developer/Xcode/DerivedData/meal.advisor.ios-csaldjncgoleykghtkpncaypzmvo/Build/Intermediates.noindex/GoogleSignIn.build/Debug-iphonesimulator/GoogleSignIn.build/Objects-normal/arm64/GIDToken.o /Users/jans./Library/Developer/Xcode/DerivedData/meal.advisor.ios-csaldjncgoleykghtkpncaypzmvo/SourcePackages/checkouts/GoogleSignIn-iOS/GoogleSignIn/Sources/GIDToken.m normal arm64 objective-c com.apple.compilers.llvm.clang.1_0.compiler (in target 'GoogleSignIn' from project 'GoogleSignIn')
    cd /Users/jans./Downloads/meal.advisor/meal.advisor.ios/meal.advisor.ios/meal.advisor.ios/meal.advisor.ios.xcodeproj
    
    Using response file: /Users/jans./Library/Developer/Xcode/DerivedData/meal.advisor.ios-csaldjncgoleykghtkpncaypzmvo/Build/Intermediates.noindex/GoogleSignIn.build/Debug-iphonesimulator/GoogleSignIn.build/Objects-normal/arm64/e6072d4f65d7061329687fe24e3d63a7-common-args.resp
    
    /Applications/Xcode.app/Contents/Developer/Toolchains/XcodeDefault.xctoolchain/usr/bin/clang -x objective-c -ivfsstatcache /Users/jans./Library/Developer/Xcode/DerivedData/SDKStatCaches.noindex/iphonesimulator18.5-22F76-d5fc8ad4295d2ef488fb7d0f804ce0c4.sdkstatcache -fmessage-length\=0 -fdiagnostics-show-note-include-stack -fmacro-backtrace-limit\=0 -fno-color-diagnostics -fmodules-prune-interval\=86400 -fmodules-prune-after\=345600 -fbuild-session-file\=/Users/jans./Library/Developer/Xcode/DerivedData/ModuleCache.noindex/Session.modulevalidation -fmodules-validate-once-per-build-session -Wnon-modular-include-in-framework-module -Werror\=non-modular-include-in-framework-module -Wno-trigraphs -Wno-missing-field-initializers -Wno-missing-prototypes -Wno-return-type -Wno-implicit-atomic-properties -Wno-objc-interface-ivars -Wno-arc-repeated-use-of-weak -Wno-missing-braces -Wparentheses -Wswitch -Wno-unused-function -Wno-unused-label -Wno-unused-parameter -Wno-unused-variable -Wunused-value -Wno-empty-body -Wno-uninitialized -Wno-unknown-pragmas -w -Wno-shadow -Wno-four-char-constants -Wno-conversion -Wno-constant-conversion -Wno-int-conversion -Wno-bool-conversion -Wno-enum-conversion -Wno-float-conversion -Wno-non-literal-null-conversion -Wno-objc-literal-conversion -Wshorten-64-to-32 -Wpointer-sign -Wno-newline-eof -Wno-selector -Wno-strict-selector-match -Wno-undeclared-selector -Wno-deprecated-implementations -Wno-implicit-fallthrough -fstrict-aliasing -Wprotocol -Wdeprecated-declarations -Wno-sign-conversion -Wno-infinite-recursion -Wno-comma -Wno-block-capture-autoreleasing -Wno-strict-prototypes -Wno-semicolon-before-method-body -index-store-path /Users/jans./Library/Developer/Xcode/DerivedData/meal.advisor.ios-csaldjncgoleykghtkpncaypzmvo/Index.noindex/DataStore @/Users/jans./Library/Developer/Xcode/DerivedData/meal.advisor.ios-csaldjncgoleykghtkpncaypzmvo/Build/Intermediates.noindex/GoogleSignIn.build/Debug-iphonesimulator/GoogleSignIn.build/Objects-normal/arm64/e6072d4f65d7061329687fe24e3d63a7-common-args.resp -include /Users/jans./Library/Developer/Xcode/DerivedData/meal.advisor.ios-csaldjncgoleykghtkpncaypzmvo/Build/Intermediates.noindex/GoogleSignIn.build/Debug-iphonesimulator/GoogleSignIn.build/DerivedSources/resource_bundle_accessor.h -MMD -MT dependencies -MF /Users/jans./Library/Developer/Xcode/DerivedData/meal.advisor.ios-csaldjncgoleykghtkpncaypzmvo/Build/Intermediates.noindex/GoogleSignIn.build/Debug-iphonesimulator/GoogleSignIn.build/Objects-normal/arm64/GIDToken.d --serialize-diagnostics /Users/jans./Library/Developer/Xcode/DerivedData/meal.advisor.ios-csaldjncgoleykghtkpncaypzmvo/Build/Intermediates.noindex/GoogleSignIn.build/Debug-iphonesimulator/GoogleSignIn.build/Objects-normal/arm64/GIDToken.dia -c /Users/jans./Library/Developer/Xcode/DerivedData/meal.advisor.ios-csaldjncgoleykghtkpncaypzmvo/SourcePackages/checkouts/GoogleSignIn-iOS/GoogleSignIn/Sources/GIDToken.m -o /Users/jans./Library/Developer/Xcode/DerivedData/meal.advisor.ios-csaldjncgoleykghtkpncaypzmvo/Build/Intermediates.noindex/GoogleSignIn.build/Debug-iphonesimulator/GoogleSignIn.build/Objects-normal/arm64/GIDToken.o -index-unit-output-path /GoogleSignIn.build/Debug-iphonesimulator/GoogleSignIn.build/Objects-normal/arm64/GIDToken.o

CompileC /Users/jans./Library/Developer/Xcode/DerivedData/meal.advisor.ios-csaldjncgoleykghtkpncaypzmvo/Build/Intermediates.noindex/GoogleSignIn.build/Debug-iphonesimulator/GoogleSignIn.build/Objects-normal/arm64/GIDSignInStrings.o /Users/jans./Library/Developer/Xcode/DerivedData/meal.advisor.ios-csaldjncgoleykghtkpncaypzmvo/SourcePackages/checkouts/GoogleSignIn-iOS/GoogleSignIn/Sources/GIDSignInStrings.m normal arm64 objective-c com.apple.compilers.llvm.clang.1_0.compiler (in target 'GoogleSignIn' from project 'GoogleSignIn')
    cd /Users/jans./Downloads/meal.advisor/meal.advisor.ios/meal.advisor.ios/meal.advisor.ios/meal.advisor.ios.xcodeproj
    
    Using response file: /Users/jans./Library/Developer/Xcode/DerivedData/meal.advisor.ios-csaldjncgoleykghtkpncaypzmvo/Build/Intermediates.noindex/GoogleSignIn.build/Debug-iphonesimulator/GoogleSignIn.build/Objects-normal/arm64/e6072d4f65d7061329687fe24e3d63a7-common-args.resp
    
    /Applications/Xcode.app/Contents/Developer/Toolchains/XcodeDefault.xctoolchain/usr/bin/clang -x objective-c -ivfsstatcache /Users/jans./Library/Developer/Xcode/DerivedData/SDKStatCaches.noindex/iphonesimulator18.5-22F76-d5fc8ad4295d2ef488fb7d0f804ce0c4.sdkstatcache -fmessage-length\=0 -fdiagnostics-show-note-include-stack -fmacro-backtrace-limit\=0 -fno-color-diagnostics -fmodules-prune-interval\=86400 -fmodules-prune-after\=345600 -fbuild-session-file\=/Users/jans./Library/Developer/Xcode/DerivedData/ModuleCache.noindex/Session.modulevalidation -fmodules-validate-once-per-build-session -Wnon-modular-include-in-framework-module -Werror\=non-modular-include-in-framework-module -Wno-trigraphs -Wno-missing-field-initializers -Wno-missing-prototypes -Wno-return-type -Wno-implicit-atomic-properties -Wno-objc-interface-ivars -Wno-arc-repeated-use-of-weak -Wno-missing-braces -Wparentheses -Wswitch -Wno-unused-function -Wno-unused-label -Wno-unused-parameter -Wno-unused-variable -Wunused-value -Wno-empty-body -Wno-uninitialized -Wno-unknown-pragmas -w -Wno-shadow -Wno-four-char-constants -Wno-conversion -Wno-constant-conversion -Wno-int-conversion -Wno-bool-conversion -Wno-enum-conversion -Wno-float-conversion -Wno-non-literal-null-conversion -Wno-objc-literal-conversion -Wshorten-64-to-32 -Wpointer-sign -Wno-newline-eof -Wno-selector -Wno-strict-selector-match -Wno-undeclared-selector -Wno-deprecated-implementations -Wno-implicit-fallthrough -fstrict-aliasing -Wprotocol -Wdeprecated-declarations -Wno-sign-conversion -Wno-infinite-recursion -Wno-comma -Wno-block-capture-autoreleasing -Wno-strict-prototypes -Wno-semicolon-before-method-body -index-store-path /Users/jans./Library/Developer/Xcode/DerivedData/meal.advisor.ios-csaldjncgoleykghtkpncaypzmvo/Index.noindex/DataStore @/Users/jans./Library/Developer/Xcode/DerivedData/meal.advisor.ios-csaldjncgoleykghtkpncaypzmvo/Build/Intermediates.noindex/GoogleSignIn.build/Debug-iphonesimulator/GoogleSignIn.build/Objects-normal/arm64/e6072d4f65d7061329687fe24e3d63a7-common-args.resp -include /Users/jans./Library/Developer/Xcode/DerivedData/meal.advisor.ios-csaldjncgoleykghtkpncaypzmvo/Build/Intermediates.noindex/GoogleSignIn.build/Debug-iphonesimulator/GoogleSignIn.build/DerivedSources/resource_bundle_accessor.h -MMD -MT dependencies -MF /Users/jans./Library/Developer/Xcode/DerivedData/meal.advisor.ios-csaldjncgoleykghtkpncaypzmvo/Build/Intermediates.noindex/GoogleSignIn.build/Debug-iphonesimulator/GoogleSignIn.build/Objects-normal/arm64/GIDSignInStrings.d --serialize-diagnostics /Users/jans./Library/Developer/Xcode/DerivedData/meal.advisor.ios-csaldjncgoleykghtkpncaypzmvo/Build/Intermediates.noindex/GoogleSignIn.build/Debug-iphonesimulator/GoogleSignIn.build/Objects-normal/arm64/GIDSignInStrings.dia -c /Users/jans./Library/Developer/Xcode/DerivedData/meal.advisor.ios-csaldjncgoleykghtkpncaypzmvo/SourcePackages/checkouts/GoogleSignIn-iOS/GoogleSignIn/Sources/GIDSignInStrings.m -o /Users/jans./Library/Developer/Xcode/DerivedData/meal.advisor.ios-csaldjncgoleykghtkpncaypzmvo/Build/Intermediates.noindex/GoogleSignIn.build/Debug-iphonesimulator/GoogleSignIn.build/Objects-normal/arm64/GIDSignInStrings.o -index-unit-output-path /GoogleSignIn.build/Debug-iphonesimulator/GoogleSignIn.build/Objects-normal/arm64/GIDSignInStrings.o

SwiftDriverJobDiscovery normal arm64 Emitting module for Helpers (in target 'Helpers' from project 'Supabase')

SwiftDriver\ Compilation\ Requirements Helpers normal arm64 com.apple.xcode.tools.swift.compiler (in target 'Helpers' from project 'Supabase')
    cd /Users/jans./Downloads/meal.advisor/meal.advisor.ios/meal.advisor.ios/meal.advisor.ios/meal.advisor.ios.xcodeproj
    builtin-Swift-Compilation-Requirements -- /Applications/Xcode.app/Contents/Developer/Toolchains/XcodeDefault.xctoolchain/usr/bin/swiftc -module-name Helpers -Onone -enforce-exclusivity\=checked @/Users/jans./Library/Developer/Xcode/DerivedData/meal.advisor.ios-csaldjncgoleykghtkpncaypzmvo/Build/Intermediates.noindex/Supabase.build/Debug-iphonesimulator/Helpers.build/Objects-normal/arm64/Helpers.SwiftFileList -DSWIFT_PACKAGE -DDEBUG -DXcode -enable-upcoming-feature ExistentialAny -enable-experimental-feature StrictConcurrency -plugin-path /Applications/Xcode.app/Contents/Developer/Toolchains/XcodeDefault.xctoolchain/usr/lib/swift/host/plugins/testing -enable-experimental-feature DebugDescriptionMacro -sdk /Applications/Xcode.app/Contents/Developer/Platforms/iPhoneSimulator.platform/Developer/SDKs/iPhoneSimulator18.5.sdk -target arm64-apple-ios13.0-simulator -g -module-cache-path /Users/jans./Library/Developer/Xcode/DerivedData/ModuleCache.noindex -Xfrontend -serialize-debugging-options -enable-testing -suppress-warnings -index-store-path /Users/jans./Library/Developer/Xcode/DerivedData/meal.advisor.ios-csaldjncgoleykghtkpncaypzmvo/Index.noindex/DataStore -swift-version 5 -I /Users/jans./Library/Developer/Xcode/DerivedData/meal.advisor.ios-csaldjncgoleykghtkpncaypzmvo/Build/Products/Debug-iphonesimulator -I /Applications/Xcode.app/Contents/Developer/Platforms/iPhoneSimulator.platform/Developer/usr/lib -F /Users/jans./Library/Developer/Xcode/DerivedData/meal.advisor.ios-csaldjncgoleykghtkpncaypzmvo/Build/Products/Debug-iphonesimulator/PackageFrameworks -F /Users/jans./Library/Developer/Xcode/DerivedData/meal.advisor.ios-csaldjncgoleykghtkpncaypzmvo/Build/Products/Debug-iphonesimulator/PackageFrameworks -F /Users/jans./Library/Developer/Xcode/DerivedData/meal.advisor.ios-csaldjncgoleykghtkpncaypzmvo/Build/Products/Debug-iphonesimulator/PackageFrameworks -F /Users/jans./Library/Developer/Xcode/DerivedData/meal.advisor.ios-csaldjncgoleykghtkpncaypzmvo/Build/Products/Debug-iphonesimulator/PackageFrameworks -F /Users/jans./Library/Developer/Xcode/DerivedData/meal.advisor.ios-csaldjncgoleykghtkpncaypzmvo/Build/Products/Debug-iphonesimulator/PackageFrameworks -F /Users/jans./Library/Developer/Xcode/DerivedData/meal.advisor.ios-csaldjncgoleykghtkpncaypzmvo/Build/Products/Debug-iphonesimulator/PackageFrameworks -F /Users/jans./Library/Developer/Xcode/DerivedData/meal.advisor.ios-csaldjncgoleykghtkpncaypzmvo/Build/Products/Debug-iphonesimulator -F /Applications/Xcode.app/Contents/Developer/Platforms/iPhoneSimulator.platform/Developer/Library/Frameworks -F /Applications/Xcode.app/Contents/Developer/Platforms/iPhoneSimulator.platform/Developer/SDKs/iPhoneSimulator18.5.sdk/Developer/Library/Frameworks -c -j8 -enable-batch-mode -incremental -Xcc -ivfsstatcache -Xcc /Users/jans./Library/Developer/Xcode/DerivedData/SDKStatCaches.noindex/iphonesimulator18.5-22F76-d5fc8ad4295d2ef488fb7d0f804ce0c4.sdkstatcache -output-file-map /Users/jans./Library/Developer/Xcode/DerivedData/meal.advisor.ios-csaldjncgoleykghtkpncaypzmvo/Build/Intermediates.noindex/Supabase.build/Debug-iphonesimulator/Helpers.build/Objects-normal/arm64/Helpers-OutputFileMap.json -use-frontend-parseable-output -save-temps -no-color-diagnostics -serialize-diagnostics -emit-dependencies -emit-module -emit-module-path /Users/jans./Library/Developer/Xcode/DerivedData/meal.advisor.ios-csaldjncgoleykghtkpncaypzmvo/Build/Intermediates.noindex/Supabase.build/Debug-iphonesimulator/Helpers.build/Objects-normal/arm64/Helpers.swiftmodule -validate-clang-modules-once -clang-build-session-file /Users/jans./Library/Developer/Xcode/DerivedData/ModuleCache.noindex/Session.modulevalidation -package-name supabase_swift -Xcc -I/Users/jans./Library/Developer/Xcode/DerivedData/meal.advisor.ios-csaldjncgoleykghtkpncaypzmvo/Build/Intermediates.noindex/Supabase.build/Debug-iphonesimulator/Helpers.build/swift-overrides.hmap -emit-const-values -Xfrontend -const-gather-protocols-file -Xfrontend /Users/jans./Library/Developer/Xcode/DerivedData/meal.advisor.ios-csaldjncgoleykghtkpncaypzmvo/Build/Intermediates.noindex/Supabase.build/Debug-iphonesimulator/Helpers.build/Objects-normal/arm64/Helpers_const_extract_protocols.json -Xcc -I/Users/jans./Library/Developer/Xcode/DerivedData/meal.advisor.ios-csaldjncgoleykghtkpncaypzmvo/Build/Products/Debug-iphonesimulator/include -Xcc -I/Users/jans./Library/Developer/Xcode/DerivedData/meal.advisor.ios-csaldjncgoleykghtkpncaypzmvo/Build/Intermediates.noindex/Supabase.build/Debug-iphonesimulator/Helpers.build/DerivedSources-normal/arm64 -Xcc -I/Users/jans./Library/Developer/Xcode/DerivedData/meal.advisor.ios-csaldjncgoleykghtkpncaypzmvo/Build/Intermediates.noindex/Supabase.build/Debug-iphonesimulator/Helpers.build/DerivedSources/arm64 -Xcc -I/Users/jans./Library/Developer/Xcode/DerivedData/meal.advisor.ios-csaldjncgoleykghtkpncaypzmvo/Build/Intermediates.noindex/Supabase.build/Debug-iphonesimulator/Helpers.build/DerivedSources -Xcc -DSWIFT_PACKAGE -Xcc -DDEBUG\=1 -emit-objc-header -emit-objc-header-path /Users/jans./Library/Developer/Xcode/DerivedData/meal.advisor.ios-csaldjncgoleykghtkpncaypzmvo/Build/Intermediates.noindex/Supabase.build/Debug-iphonesimulator/Helpers.build/Objects-normal/arm64/Helpers-Swift.h -working-directory /Users/jans./Downloads/meal.advisor/meal.advisor.ios/meal.advisor.ios/meal.advisor.ios/meal.advisor.ios.xcodeproj -experimental-emit-module-separately -disable-cmo

CompileC /Users/jans./Library/Developer/Xcode/DerivedData/meal.advisor.ios-csaldjncgoleykghtkpncaypzmvo/Build/Intermediates.noindex/GoogleSignIn.build/Debug-iphonesimulator/GoogleSignIn.build/Objects-normal/arm64/GIDSignInPreferences.o /Users/jans./Library/Developer/Xcode/DerivedData/meal.advisor.ios-csaldjncgoleykghtkpncaypzmvo/SourcePackages/checkouts/GoogleSignIn-iOS/GoogleSignIn/Sources/GIDSignInPreferences.m normal arm64 objective-c com.apple.compilers.llvm.clang.1_0.compiler (in target 'GoogleSignIn' from project 'GoogleSignIn')
    cd /Users/jans./Downloads/meal.advisor/meal.advisor.ios/meal.advisor.ios/meal.advisor.ios/meal.advisor.ios.xcodeproj
    
    Using response file: /Users/jans./Library/Developer/Xcode/DerivedData/meal.advisor.ios-csaldjncgoleykghtkpncaypzmvo/Build/Intermediates.noindex/GoogleSignIn.build/Debug-iphonesimulator/GoogleSignIn.build/Objects-normal/arm64/e6072d4f65d7061329687fe24e3d63a7-common-args.resp
    
    /Applications/Xcode.app/Contents/Developer/Toolchains/XcodeDefault.xctoolchain/usr/bin/clang -x objective-c -ivfsstatcache /Users/jans./Library/Developer/Xcode/DerivedData/SDKStatCaches.noindex/iphonesimulator18.5-22F76-d5fc8ad4295d2ef488fb7d0f804ce0c4.sdkstatcache -fmessage-length\=0 -fdiagnostics-show-note-include-stack -fmacro-backtrace-limit\=0 -fno-color-diagnostics -fmodules-prune-interval\=86400 -fmodules-prune-after\=345600 -fbuild-session-file\=/Users/jans./Library/Developer/Xcode/DerivedData/ModuleCache.noindex/Session.modulevalidation -fmodules-validate-once-per-build-session -Wnon-modular-include-in-framework-module -Werror\=non-modular-include-in-framework-module -Wno-trigraphs -Wno-missing-field-initializers -Wno-missing-prototypes -Wno-return-type -Wno-implicit-atomic-properties -Wno-objc-interface-ivars -Wno-arc-repeated-use-of-weak -Wno-missing-braces -Wparentheses -Wswitch -Wno-unused-function -Wno-unused-label -Wno-unused-parameter -Wno-unused-variable -Wunused-value -Wno-empty-body -Wno-uninitialized -Wno-unknown-pragmas -w -Wno-shadow -Wno-four-char-constants -Wno-conversion -Wno-constant-conversion -Wno-int-conversion -Wno-bool-conversion -Wno-enum-conversion -Wno-float-conversion -Wno-non-literal-null-conversion -Wno-objc-literal-conversion -Wshorten-64-to-32 -Wpointer-sign -Wno-newline-eof -Wno-selector -Wno-strict-selector-match -Wno-undeclared-selector -Wno-deprecated-implementations -Wno-implicit-fallthrough -fstrict-aliasing -Wprotocol -Wdeprecated-declarations -Wno-sign-conversion -Wno-infinite-recursion -Wno-comma -Wno-block-capture-autoreleasing -Wno-strict-prototypes -Wno-semicolon-before-method-body -index-store-path /Users/jans./Library/Developer/Xcode/DerivedData/meal.advisor.ios-csaldjncgoleykghtkpncaypzmvo/Index.noindex/DataStore @/Users/jans./Library/Developer/Xcode/DerivedData/meal.advisor.ios-csaldjncgoleykghtkpncaypzmvo/Build/Intermediates.noindex/GoogleSignIn.build/Debug-iphonesimulator/GoogleSignIn.build/Objects-normal/arm64/e6072d4f65d7061329687fe24e3d63a7-common-args.resp -include /Users/jans./Library/Developer/Xcode/DerivedData/meal.advisor.ios-csaldjncgoleykghtkpncaypzmvo/Build/Intermediates.noindex/GoogleSignIn.build/Debug-iphonesimulator/GoogleSignIn.build/DerivedSources/resource_bundle_accessor.h -MMD -MT dependencies -MF /Users/jans./Library/Developer/Xcode/DerivedData/meal.advisor.ios-csaldjncgoleykghtkpncaypzmvo/Build/Intermediates.noindex/GoogleSignIn.build/Debug-iphonesimulator/GoogleSignIn.build/Objects-normal/arm64/GIDSignInPreferences.d --serialize-diagnostics /Users/jans./Library/Developer/Xcode/DerivedData/meal.advisor.ios-csaldjncgoleykghtkpncaypzmvo/Build/Intermediates.noindex/GoogleSignIn.build/Debug-iphonesimulator/GoogleSignIn.build/Objects-normal/arm64/GIDSignInPreferences.dia -c /Users/jans./Library/Developer/Xcode/DerivedData/meal.advisor.ios-csaldjncgoleykghtkpncaypzmvo/SourcePackages/checkouts/GoogleSignIn-iOS/GoogleSignIn/Sources/GIDSignInPreferences.m -o /Users/jans./Library/Developer/Xcode/DerivedData/meal.advisor.ios-csaldjncgoleykghtkpncaypzmvo/Build/Intermediates.noindex/GoogleSignIn.build/Debug-iphonesimulator/GoogleSignIn.build/Objects-normal/arm64/GIDSignInPreferences.o -index-unit-output-path /GoogleSignIn.build/Debug-iphonesimulator/GoogleSignIn.build/Objects-normal/arm64/GIDSignInPreferences.o

SwiftMergeGeneratedHeaders /Users/jans./Library/Developer/Xcode/DerivedData/meal.advisor.ios-csaldjncgoleykghtkpncaypzmvo/Build/Intermediates.noindex/GeneratedModuleMaps-iphonesimulator/Helpers-Swift.h /Users/jans./Library/Developer/Xcode/DerivedData/meal.advisor.ios-csaldjncgoleykghtkpncaypzmvo/Build/Intermediates.noindex/Supabase.build/Debug-iphonesimulator/Helpers.build/Objects-normal/arm64/Helpers-Swift.h (in target 'Helpers' from project 'Supabase')
    cd /Users/jans./Library/Developer/Xcode/DerivedData/meal.advisor.ios-csaldjncgoleykghtkpncaypzmvo/SourcePackages/checkouts/supabase-swift
    builtin-swiftHeaderTool -arch arm64 /Users/jans./Library/Developer/Xcode/DerivedData/meal.advisor.ios-csaldjncgoleykghtkpncaypzmvo/Build/Intermediates.noindex/Supabase.build/Debug-iphonesimulator/Helpers.build/Objects-normal/arm64/Helpers-Swift.h -o /Users/jans./Library/Developer/Xcode/DerivedData/meal.advisor.ios-csaldjncgoleykghtkpncaypzmvo/Build/Intermediates.noindex/GeneratedModuleMaps-iphonesimulator/Helpers-Swift.h

Copy /Users/jans./Library/Developer/Xcode/DerivedData/meal.advisor.ios-csaldjncgoleykghtkpncaypzmvo/Build/Products/Debug-iphonesimulator/Helpers.swiftmodule/arm64-apple-ios-simulator.swiftmodule /Users/jans./Library/Developer/Xcode/DerivedData/meal.advisor.ios-csaldjncgoleykghtkpncaypzmvo/Build/Intermediates.noindex/Supabase.build/Debug-iphonesimulator/Helpers.build/Objects-normal/arm64/Helpers.swiftmodule (in target 'Helpers' from project 'Supabase')
    cd /Users/jans./Library/Developer/Xcode/DerivedData/meal.advisor.ios-csaldjncgoleykghtkpncaypzmvo/SourcePackages/checkouts/supabase-swift
    builtin-copy -exclude .DS_Store -exclude CVS -exclude .svn -exclude .git -exclude .hg -resolve-src-symlinks -rename /Users/jans./Library/Developer/Xcode/DerivedData/meal.advisor.ios-csaldjncgoleykghtkpncaypzmvo/Build/Intermediates.noindex/Supabase.build/Debug-iphonesimulator/Helpers.build/Objects-normal/arm64/Helpers.swiftmodule /Users/jans./Library/Developer/Xcode/DerivedData/meal.advisor.ios-csaldjncgoleykghtkpncaypzmvo/Build/Products/Debug-iphonesimulator/Helpers.swiftmodule/arm64-apple-ios-simulator.swiftmodule

Copy /Users/jans./Library/Developer/Xcode/DerivedData/meal.advisor.ios-csaldjncgoleykghtkpncaypzmvo/Build/Products/Debug-iphonesimulator/Helpers.swiftmodule/arm64-apple-ios-simulator.swiftdoc /Users/jans./Library/Developer/Xcode/DerivedData/meal.advisor.ios-csaldjncgoleykghtkpncaypzmvo/Build/Intermediates.noindex/Supabase.build/Debug-iphonesimulator/Helpers.build/Objects-normal/arm64/Helpers.swiftdoc (in target 'Helpers' from project 'Supabase')
    cd /Users/jans./Library/Developer/Xcode/DerivedData/meal.advisor.ios-csaldjncgoleykghtkpncaypzmvo/SourcePackages/checkouts/supabase-swift
    builtin-copy -exclude .DS_Store -exclude CVS -exclude .svn -exclude .git -exclude .hg -resolve-src-symlinks -rename /Users/jans./Library/Developer/Xcode/DerivedData/meal.advisor.ios-csaldjncgoleykghtkpncaypzmvo/Build/Intermediates.noindex/Supabase.build/Debug-iphonesimulator/Helpers.build/Objects-normal/arm64/Helpers.swiftdoc /Users/jans./Library/Developer/Xcode/DerivedData/meal.advisor.ios-csaldjncgoleykghtkpncaypzmvo/Build/Products/Debug-iphonesimulator/Helpers.swiftmodule/arm64-apple-ios-simulator.swiftdoc

Copy /Users/jans./Library/Developer/Xcode/DerivedData/meal.advisor.ios-csaldjncgoleykghtkpncaypzmvo/Build/Products/Debug-iphonesimulator/Helpers.swiftmodule/arm64-apple-ios-simulator.abi.json /Users/jans./Library/Developer/Xcode/DerivedData/meal.advisor.ios-csaldjncgoleykghtkpncaypzmvo/Build/Intermediates.noindex/Supabase.build/Debug-iphonesimulator/Helpers.build/Objects-normal/arm64/Helpers.abi.json (in target 'Helpers' from project 'Supabase')
    cd /Users/jans./Library/Developer/Xcode/DerivedData/meal.advisor.ios-csaldjncgoleykghtkpncaypzmvo/SourcePackages/checkouts/supabase-swift
    builtin-copy -exclude .DS_Store -exclude CVS -exclude .svn -exclude .git -exclude .hg -resolve-src-symlinks -rename /Users/jans./Library/Developer/Xcode/DerivedData/meal.advisor.ios-csaldjncgoleykghtkpncaypzmvo/Build/Intermediates.noindex/Supabase.build/Debug-iphonesimulator/Helpers.build/Objects-normal/arm64/Helpers.abi.json /Users/jans./Library/Developer/Xcode/DerivedData/meal.advisor.ios-csaldjncgoleykghtkpncaypzmvo/Build/Products/Debug-iphonesimulator/Helpers.swiftmodule/arm64-apple-ios-simulator.abi.json

Copy /Users/jans./Library/Developer/Xcode/DerivedData/meal.advisor.ios-csaldjncgoleykghtkpncaypzmvo/Build/Products/Debug-iphonesimulator/Helpers.swiftmodule/Project/arm64-apple-ios-simulator.swiftsourceinfo /Users/jans./Library/Developer/Xcode/DerivedData/meal.advisor.ios-csaldjncgoleykghtkpncaypzmvo/Build/Intermediates.noindex/Supabase.build/Debug-iphonesimulator/Helpers.build/Objects-normal/arm64/Helpers.swiftsourceinfo (in target 'Helpers' from project 'Supabase')
    cd /Users/jans./Library/Developer/Xcode/DerivedData/meal.advisor.ios-csaldjncgoleykghtkpncaypzmvo/SourcePackages/checkouts/supabase-swift
    builtin-copy -exclude .DS_Store -exclude CVS -exclude .svn -exclude .git -exclude .hg -resolve-src-symlinks -rename /Users/jans./Library/Developer/Xcode/DerivedData/meal.advisor.ios-csaldjncgoleykghtkpncaypzmvo/Build/Intermediates.noindex/Supabase.build/Debug-iphonesimulator/Helpers.build/Objects-normal/arm64/Helpers.swiftsourceinfo /Users/jans./Library/Developer/Xcode/DerivedData/meal.advisor.ios-csaldjncgoleykghtkpncaypzmvo/Build/Products/Debug-iphonesimulator/Helpers.swiftmodule/Project/arm64-apple-ios-simulator.swiftsourceinfo

CompileC /Users/jans./Library/Developer/Xcode/DerivedData/meal.advisor.ios-csaldjncgoleykghtkpncaypzmvo/Build/Intermediates.noindex/GoogleSignIn.build/Debug-iphonesimulator/GoogleSignIn.build/Objects-normal/arm64/GIDSignInCallbackSchemes.o /Users/jans./Library/Developer/Xcode/DerivedData/meal.advisor.ios-csaldjncgoleykghtkpncaypzmvo/SourcePackages/checkouts/GoogleSignIn-iOS/GoogleSignIn/Sources/GIDSignInCallbackSchemes.m normal arm64 objective-c com.apple.compilers.llvm.clang.1_0.compiler (in target 'GoogleSignIn' from project 'GoogleSignIn')
    cd /Users/jans./Downloads/meal.advisor/meal.advisor.ios/meal.advisor.ios/meal.advisor.ios/meal.advisor.ios.xcodeproj
    
    Using response file: /Users/jans./Library/Developer/Xcode/DerivedData/meal.advisor.ios-csaldjncgoleykghtkpncaypzmvo/Build/Intermediates.noindex/GoogleSignIn.build/Debug-iphonesimulator/GoogleSignIn.build/Objects-normal/arm64/e6072d4f65d7061329687fe24e3d63a7-common-args.resp
    
    /Applications/Xcode.app/Contents/Developer/Toolchains/XcodeDefault.xctoolchain/usr/bin/clang -x objective-c -ivfsstatcache /Users/jans./Library/Developer/Xcode/DerivedData/SDKStatCaches.noindex/iphonesimulator18.5-22F76-d5fc8ad4295d2ef488fb7d0f804ce0c4.sdkstatcache -fmessage-length\=0 -fdiagnostics-show-note-include-stack -fmacro-backtrace-limit\=0 -fno-color-diagnostics -fmodules-prune-interval\=86400 -fmodules-prune-after\=345600 -fbuild-session-file\=/Users/jans./Library/Developer/Xcode/DerivedData/ModuleCache.noindex/Session.modulevalidation -fmodules-validate-once-per-build-session -Wnon-modular-include-in-framework-module -Werror\=non-modular-include-in-framework-module -Wno-trigraphs -Wno-missing-field-initializers -Wno-missing-prototypes -Wno-return-type -Wno-implicit-atomic-properties -Wno-objc-interface-ivars -Wno-arc-repeated-use-of-weak -Wno-missing-braces -Wparentheses -Wswitch -Wno-unused-function -Wno-unused-label -Wno-unused-parameter -Wno-unused-variable -Wunused-value -Wno-empty-body -Wno-uninitialized -Wno-unknown-pragmas -w -Wno-shadow -Wno-four-char-constants -Wno-conversion -Wno-constant-conversion -Wno-int-conversion -Wno-bool-conversion -Wno-enum-conversion -Wno-float-conversion -Wno-non-literal-null-conversion -Wno-objc-literal-conversion -Wshorten-64-to-32 -Wpointer-sign -Wno-newline-eof -Wno-selector -Wno-strict-selector-match -Wno-undeclared-selector -Wno-deprecated-implementations -Wno-implicit-fallthrough -fstrict-aliasing -Wprotocol -Wdeprecated-declarations -Wno-sign-conversion -Wno-infinite-recursion -Wno-comma -Wno-block-capture-autoreleasing -Wno-strict-prototypes -Wno-semicolon-before-method-body -index-store-path /Users/jans./Library/Developer/Xcode/DerivedData/meal.advisor.ios-csaldjncgoleykghtkpncaypzmvo/Index.noindex/DataStore @/Users/jans./Library/Developer/Xcode/DerivedData/meal.advisor.ios-csaldjncgoleykghtkpncaypzmvo/Build/Intermediates.noindex/GoogleSignIn.build/Debug-iphonesimulator/GoogleSignIn.build/Objects-normal/arm64/e6072d4f65d7061329687fe24e3d63a7-common-args.resp -include /Users/jans./Library/Developer/Xcode/DerivedData/meal.advisor.ios-csaldjncgoleykghtkpncaypzmvo/Build/Intermediates.noindex/GoogleSignIn.build/Debug-iphonesimulator/GoogleSignIn.build/DerivedSources/resource_bundle_accessor.h -MMD -MT dependencies -MF /Users/jans./Library/Developer/Xcode/DerivedData/meal.advisor.ios-csaldjncgoleykghtkpncaypzmvo/Build/Intermediates.noindex/GoogleSignIn.build/Debug-iphonesimulator/GoogleSignIn.build/Objects-normal/arm64/GIDSignInCallbackSchemes.d --serialize-diagnostics /Users/jans./Library/Developer/Xcode/DerivedData/meal.advisor.ios-csaldjncgoleykghtkpncaypzmvo/Build/Intermediates.noindex/GoogleSignIn.build/Debug-iphonesimulator/GoogleSignIn.build/Objects-normal/arm64/GIDSignInCallbackSchemes.dia -c /Users/jans./Library/Developer/Xcode/DerivedData/meal.advisor.ios-csaldjncgoleykghtkpncaypzmvo/SourcePackages/checkouts/GoogleSignIn-iOS/GoogleSignIn/Sources/GIDSignInCallbackSchemes.m -o /Users/jans./Library/Developer/Xcode/DerivedData/meal.advisor.ios-csaldjncgoleykghtkpncaypzmvo/Build/Intermediates.noindex/GoogleSignIn.build/Debug-iphonesimulator/GoogleSignIn.build/Objects-normal/arm64/GIDSignInCallbackSchemes.o -index-unit-output-path /GoogleSignIn.build/Debug-iphonesimulator/GoogleSignIn.build/Objects-normal/arm64/GIDSignInCallbackSchemes.o

CompileC /Users/jans./Library/Developer/Xcode/DerivedData/meal.advisor.ios-csaldjncgoleykghtkpncaypzmvo/Build/Intermediates.noindex/GoogleSignIn.build/Debug-iphonesimulator/GoogleSignIn.build/Objects-normal/arm64/GIDScopes.o /Users/jans./Library/Developer/Xcode/DerivedData/meal.advisor.ios-csaldjncgoleykghtkpncaypzmvo/SourcePackages/checkouts/GoogleSignIn-iOS/GoogleSignIn/Sources/GIDScopes.m normal arm64 objective-c com.apple.compilers.llvm.clang.1_0.compiler (in target 'GoogleSignIn' from project 'GoogleSignIn')
    cd /Users/jans./Downloads/meal.advisor/meal.advisor.ios/meal.advisor.ios/meal.advisor.ios/meal.advisor.ios.xcodeproj
    
    Using response file: /Users/jans./Library/Developer/Xcode/DerivedData/meal.advisor.ios-csaldjncgoleykghtkpncaypzmvo/Build/Intermediates.noindex/GoogleSignIn.build/Debug-iphonesimulator/GoogleSignIn.build/Objects-normal/arm64/e6072d4f65d7061329687fe24e3d63a7-common-args.resp
    
    /Applications/Xcode.app/Contents/Developer/Toolchains/XcodeDefault.xctoolchain/usr/bin/clang -x objective-c -ivfsstatcache /Users/jans./Library/Developer/Xcode/DerivedData/SDKStatCaches.noindex/iphonesimulator18.5-22F76-d5fc8ad4295d2ef488fb7d0f804ce0c4.sdkstatcache -fmessage-length\=0 -fdiagnostics-show-note-include-stack -fmacro-backtrace-limit\=0 -fno-color-diagnostics -fmodules-prune-interval\=86400 -fmodules-prune-after\=345600 -fbuild-session-file\=/Users/jans./Library/Developer/Xcode/DerivedData/ModuleCache.noindex/Session.modulevalidation -fmodules-validate-once-per-build-session -Wnon-modular-include-in-framework-module -Werror\=non-modular-include-in-framework-module -Wno-trigraphs -Wno-missing-field-initializers -Wno-missing-prototypes -Wno-return-type -Wno-implicit-atomic-properties -Wno-objc-interface-ivars -Wno-arc-repeated-use-of-weak -Wno-missing-braces -Wparentheses -Wswitch -Wno-unused-function -Wno-unused-label -Wno-unused-parameter -Wno-unused-variable -Wunused-value -Wno-empty-body -Wno-uninitialized -Wno-unknown-pragmas -w -Wno-shadow -Wno-four-char-constants -Wno-conversion -Wno-constant-conversion -Wno-int-conversion -Wno-bool-conversion -Wno-enum-conversion -Wno-float-conversion -Wno-non-literal-null-conversion -Wno-objc-literal-conversion -Wshorten-64-to-32 -Wpointer-sign -Wno-newline-eof -Wno-selector -Wno-strict-selector-match -Wno-undeclared-selector -Wno-deprecated-implementations -Wno-implicit-fallthrough -fstrict-aliasing -Wprotocol -Wdeprecated-declarations -Wno-sign-conversion -Wno-infinite-recursion -Wno-comma -Wno-block-capture-autoreleasing -Wno-strict-prototypes -Wno-semicolon-before-method-body -index-store-path /Users/jans./Library/Developer/Xcode/DerivedData/meal.advisor.ios-csaldjncgoleykghtkpncaypzmvo/Index.noindex/DataStore @/Users/jans./Library/Developer/Xcode/DerivedData/meal.advisor.ios-csaldjncgoleykghtkpncaypzmvo/Build/Intermediates.noindex/GoogleSignIn.build/Debug-iphonesimulator/GoogleSignIn.build/Objects-normal/arm64/e6072d4f65d7061329687fe24e3d63a7-common-args.resp -include /Users/jans./Library/Developer/Xcode/DerivedData/meal.advisor.ios-csaldjncgoleykghtkpncaypzmvo/Build/Intermediates.noindex/GoogleSignIn.build/Debug-iphonesimulator/GoogleSignIn.build/DerivedSources/resource_bundle_accessor.h -MMD -MT dependencies -MF /Users/jans./Library/Developer/Xcode/DerivedData/meal.advisor.ios-csaldjncgoleykghtkpncaypzmvo/Build/Intermediates.noindex/GoogleSignIn.build/Debug-iphonesimulator/GoogleSignIn.build/Objects-normal/arm64/GIDScopes.d --serialize-diagnostics /Users/jans./Library/Developer/Xcode/DerivedData/meal.advisor.ios-csaldjncgoleykghtkpncaypzmvo/Build/Intermediates.noindex/GoogleSignIn.build/Debug-iphonesimulator/GoogleSignIn.build/Objects-normal/arm64/GIDScopes.dia -c /Users/jans./Library/Developer/Xcode/DerivedData/meal.advisor.ios-csaldjncgoleykghtkpncaypzmvo/SourcePackages/checkouts/GoogleSignIn-iOS/GoogleSignIn/Sources/GIDScopes.m -o /Users/jans./Library/Developer/Xcode/DerivedData/meal.advisor.ios-csaldjncgoleykghtkpncaypzmvo/Build/Intermediates.noindex/GoogleSignIn.build/Debug-iphonesimulator/GoogleSignIn.build/Objects-normal/arm64/GIDScopes.o -index-unit-output-path /GoogleSignIn.build/Debug-iphonesimulator/GoogleSignIn.build/Objects-normal/arm64/GIDScopes.o

CompileC /Users/jans./Library/Developer/Xcode/DerivedData/meal.advisor.ios-csaldjncgoleykghtkpncaypzmvo/Build/Intermediates.noindex/GoogleSignIn.build/Debug-iphonesimulator/GoogleSignIn.build/Objects-normal/arm64/GIDProfileData.o /Users/jans./Library/Developer/Xcode/DerivedData/meal.advisor.ios-csaldjncgoleykghtkpncaypzmvo/SourcePackages/checkouts/GoogleSignIn-iOS/GoogleSignIn/Sources/GIDProfileData.m normal arm64 objective-c com.apple.compilers.llvm.clang.1_0.compiler (in target 'GoogleSignIn' from project 'GoogleSignIn')
    cd /Users/jans./Downloads/meal.advisor/meal.advisor.ios/meal.advisor.ios/meal.advisor.ios/meal.advisor.ios.xcodeproj
    
    Using response file: /Users/jans./Library/Developer/Xcode/DerivedData/meal.advisor.ios-csaldjncgoleykghtkpncaypzmvo/Build/Intermediates.noindex/GoogleSignIn.build/Debug-iphonesimulator/GoogleSignIn.build/Objects-normal/arm64/e6072d4f65d7061329687fe24e3d63a7-common-args.resp
    
    /Applications/Xcode.app/Contents/Developer/Toolchains/XcodeDefault.xctoolchain/usr/bin/clang -x objective-c -ivfsstatcache /Users/jans./Library/Developer/Xcode/DerivedData/SDKStatCaches.noindex/iphonesimulator18.5-22F76-d5fc8ad4295d2ef488fb7d0f804ce0c4.sdkstatcache -fmessage-length\=0 -fdiagnostics-show-note-include-stack -fmacro-backtrace-limit\=0 -fno-color-diagnostics -fmodules-prune-interval\=86400 -fmodules-prune-after\=345600 -fbuild-session-file\=/Users/jans./Library/Developer/Xcode/DerivedData/ModuleCache.noindex/Session.modulevalidation -fmodules-validate-once-per-build-session -Wnon-modular-include-in-framework-module -Werror\=non-modular-include-in-framework-module -Wno-trigraphs -Wno-missing-field-initializers -Wno-missing-prototypes -Wno-return-type -Wno-implicit-atomic-properties -Wno-objc-interface-ivars -Wno-arc-repeated-use-of-weak -Wno-missing-braces -Wparentheses -Wswitch -Wno-unused-function -Wno-unused-label -Wno-unused-parameter -Wno-unused-variable -Wunused-value -Wno-empty-body -Wno-uninitialized -Wno-unknown-pragmas -w -Wno-shadow -Wno-four-char-constants -Wno-conversion -Wno-constant-conversion -Wno-int-conversion -Wno-bool-conversion -Wno-enum-conversion -Wno-float-conversion -Wno-non-literal-null-conversion -Wno-objc-literal-conversion -Wshorten-64-to-32 -Wpointer-sign -Wno-newline-eof -Wno-selector -Wno-strict-selector-match -Wno-undeclared-selector -Wno-deprecated-implementations -Wno-implicit-fallthrough -fstrict-aliasing -Wprotocol -Wdeprecated-declarations -Wno-sign-conversion -Wno-infinite-recursion -Wno-comma -Wno-block-capture-autoreleasing -Wno-strict-prototypes -Wno-semicolon-before-method-body -index-store-path /Users/jans./Library/Developer/Xcode/DerivedData/meal.advisor.ios-csaldjncgoleykghtkpncaypzmvo/Index.noindex/DataStore @/Users/jans./Library/Developer/Xcode/DerivedData/meal.advisor.ios-csaldjncgoleykghtkpncaypzmvo/Build/Intermediates.noindex/GoogleSignIn.build/Debug-iphonesimulator/GoogleSignIn.build/Objects-normal/arm64/e6072d4f65d7061329687fe24e3d63a7-common-args.resp -include /Users/jans./Library/Developer/Xcode/DerivedData/meal.advisor.ios-csaldjncgoleykghtkpncaypzmvo/Build/Intermediates.noindex/GoogleSignIn.build/Debug-iphonesimulator/GoogleSignIn.build/DerivedSources/resource_bundle_accessor.h -MMD -MT dependencies -MF /Users/jans./Library/Developer/Xcode/DerivedData/meal.advisor.ios-csaldjncgoleykghtkpncaypzmvo/Build/Intermediates.noindex/GoogleSignIn.build/Debug-iphonesimulator/GoogleSignIn.build/Objects-normal/arm64/GIDProfileData.d --serialize-diagnostics /Users/jans./Library/Developer/Xcode/DerivedData/meal.advisor.ios-csaldjncgoleykghtkpncaypzmvo/Build/Intermediates.noindex/GoogleSignIn.build/Debug-iphonesimulator/GoogleSignIn.build/Objects-normal/arm64/GIDProfileData.dia -c /Users/jans./Library/Developer/Xcode/DerivedData/meal.advisor.ios-csaldjncgoleykghtkpncaypzmvo/SourcePackages/checkouts/GoogleSignIn-iOS/GoogleSignIn/Sources/GIDProfileData.m -o /Users/jans./Library/Developer/Xcode/DerivedData/meal.advisor.ios-csaldjncgoleykghtkpncaypzmvo/Build/Intermediates.noindex/GoogleSignIn.build/Debug-iphonesimulator/GoogleSignIn.build/Objects-normal/arm64/GIDProfileData.o -index-unit-output-path /GoogleSignIn.build/Debug-iphonesimulator/GoogleSignIn.build/Objects-normal/arm64/GIDProfileData.o

CompileC /Users/jans./Library/Developer/Xcode/DerivedData/meal.advisor.ios-csaldjncgoleykghtkpncaypzmvo/Build/Intermediates.noindex/GoogleSignIn.build/Debug-iphonesimulator/GoogleSignIn.build/Objects-normal/arm64/GIDMDMPasscodeState.o /Users/jans./Library/Developer/Xcode/DerivedData/meal.advisor.ios-csaldjncgoleykghtkpncaypzmvo/SourcePackages/checkouts/GoogleSignIn-iOS/GoogleSignIn/Sources/GIDMDMPasscodeState.m normal arm64 objective-c com.apple.compilers.llvm.clang.1_0.compiler (in target 'GoogleSignIn' from project 'GoogleSignIn')
    cd /Users/jans./Downloads/meal.advisor/meal.advisor.ios/meal.advisor.ios/meal.advisor.ios/meal.advisor.ios.xcodeproj
    
    Using response file: /Users/jans./Library/Developer/Xcode/DerivedData/meal.advisor.ios-csaldjncgoleykghtkpncaypzmvo/Build/Intermediates.noindex/GoogleSignIn.build/Debug-iphonesimulator/GoogleSignIn.build/Objects-normal/arm64/e6072d4f65d7061329687fe24e3d63a7-common-args.resp
    
    /Applications/Xcode.app/Contents/Developer/Toolchains/XcodeDefault.xctoolchain/usr/bin/clang -x objective-c -ivfsstatcache /Users/jans./Library/Developer/Xcode/DerivedData/SDKStatCaches.noindex/iphonesimulator18.5-22F76-d5fc8ad4295d2ef488fb7d0f804ce0c4.sdkstatcache -fmessage-length\=0 -fdiagnostics-show-note-include-stack -fmacro-backtrace-limit\=0 -fno-color-diagnostics -fmodules-prune-interval\=86400 -fmodules-prune-after\=345600 -fbuild-session-file\=/Users/jans./Library/Developer/Xcode/DerivedData/ModuleCache.noindex/Session.modulevalidation -fmodules-validate-once-per-build-session -Wnon-modular-include-in-framework-module -Werror\=non-modular-include-in-framework-module -Wno-trigraphs -Wno-missing-field-initializers -Wno-missing-prototypes -Wno-return-type -Wno-implicit-atomic-properties -Wno-objc-interface-ivars -Wno-arc-repeated-use-of-weak -Wno-missing-braces -Wparentheses -Wswitch -Wno-unused-function -Wno-unused-label -Wno-unused-parameter -Wno-unused-variable -Wunused-value -Wno-empty-body -Wno-uninitialized -Wno-unknown-pragmas -w -Wno-shadow -Wno-four-char-constants -Wno-conversion -Wno-constant-conversion -Wno-int-conversion -Wno-bool-conversion -Wno-enum-conversion -Wno-float-conversion -Wno-non-literal-null-conversion -Wno-objc-literal-conversion -Wshorten-64-to-32 -Wpointer-sign -Wno-newline-eof -Wno-selector -Wno-strict-selector-match -Wno-undeclared-selector -Wno-deprecated-implementations -Wno-implicit-fallthrough -fstrict-aliasing -Wprotocol -Wdeprecated-declarations -Wno-sign-conversion -Wno-infinite-recursion -Wno-comma -Wno-block-capture-autoreleasing -Wno-strict-prototypes -Wno-semicolon-before-method-body -index-store-path /Users/jans./Library/Developer/Xcode/DerivedData/meal.advisor.ios-csaldjncgoleykghtkpncaypzmvo/Index.noindex/DataStore @/Users/jans./Library/Developer/Xcode/DerivedData/meal.advisor.ios-csaldjncgoleykghtkpncaypzmvo/Build/Intermediates.noindex/GoogleSignIn.build/Debug-iphonesimulator/GoogleSignIn.build/Objects-normal/arm64/e6072d4f65d7061329687fe24e3d63a7-common-args.resp -include /Users/jans./Library/Developer/Xcode/DerivedData/meal.advisor.ios-csaldjncgoleykghtkpncaypzmvo/Build/Intermediates.noindex/GoogleSignIn.build/Debug-iphonesimulator/GoogleSignIn.build/DerivedSources/resource_bundle_accessor.h -MMD -MT dependencies -MF /Users/jans./Library/Developer/Xcode/DerivedData/meal.advisor.ios-csaldjncgoleykghtkpncaypzmvo/Build/Intermediates.noindex/GoogleSignIn.build/Debug-iphonesimulator/GoogleSignIn.build/Objects-normal/arm64/GIDMDMPasscodeState.d --serialize-diagnostics /Users/jans./Library/Developer/Xcode/DerivedData/meal.advisor.ios-csaldjncgoleykghtkpncaypzmvo/Build/Intermediates.noindex/GoogleSignIn.build/Debug-iphonesimulator/GoogleSignIn.build/Objects-normal/arm64/GIDMDMPasscodeState.dia -c /Users/jans./Library/Developer/Xcode/DerivedData/meal.advisor.ios-csaldjncgoleykghtkpncaypzmvo/SourcePackages/checkouts/GoogleSignIn-iOS/GoogleSignIn/Sources/GIDMDMPasscodeState.m -o /Users/jans./Library/Developer/Xcode/DerivedData/meal.advisor.ios-csaldjncgoleykghtkpncaypzmvo/Build/Intermediates.noindex/GoogleSignIn.build/Debug-iphonesimulator/GoogleSignIn.build/Objects-normal/arm64/GIDMDMPasscodeState.o -index-unit-output-path /GoogleSignIn.build/Debug-iphonesimulator/GoogleSignIn.build/Objects-normal/arm64/GIDMDMPasscodeState.o

CompileC /Users/jans./Library/Developer/Xcode/DerivedData/meal.advisor.ios-csaldjncgoleykghtkpncaypzmvo/Build/Intermediates.noindex/GoogleSignIn.build/Debug-iphonesimulator/GoogleSignIn.build/Objects-normal/arm64/GIDConfiguration.o /Users/jans./Library/Developer/Xcode/DerivedData/meal.advisor.ios-csaldjncgoleykghtkpncaypzmvo/SourcePackages/checkouts/GoogleSignIn-iOS/GoogleSignIn/Sources/GIDConfiguration.m normal arm64 objective-c com.apple.compilers.llvm.clang.1_0.compiler (in target 'GoogleSignIn' from project 'GoogleSignIn')
    cd /Users/jans./Downloads/meal.advisor/meal.advisor.ios/meal.advisor.ios/meal.advisor.ios/meal.advisor.ios.xcodeproj
    
    Using response file: /Users/jans./Library/Developer/Xcode/DerivedData/meal.advisor.ios-csaldjncgoleykghtkpncaypzmvo/Build/Intermediates.noindex/GoogleSignIn.build/Debug-iphonesimulator/GoogleSignIn.build/Objects-normal/arm64/e6072d4f65d7061329687fe24e3d63a7-common-args.resp
    
    /Applications/Xcode.app/Contents/Developer/Toolchains/XcodeDefault.xctoolchain/usr/bin/clang -x objective-c -ivfsstatcache /Users/jans./Library/Developer/Xcode/DerivedData/SDKStatCaches.noindex/iphonesimulator18.5-22F76-d5fc8ad4295d2ef488fb7d0f804ce0c4.sdkstatcache -fmessage-length\=0 -fdiagnostics-show-note-include-stack -fmacro-backtrace-limit\=0 -fno-color-diagnostics -fmodules-prune-interval\=86400 -fmodules-prune-after\=345600 -fbuild-session-file\=/Users/jans./Library/Developer/Xcode/DerivedData/ModuleCache.noindex/Session.modulevalidation -fmodules-validate-once-per-build-session -Wnon-modular-include-in-framework-module -Werror\=non-modular-include-in-framework-module -Wno-trigraphs -Wno-missing-field-initializers -Wno-missing-prototypes -Wno-return-type -Wno-implicit-atomic-properties -Wno-objc-interface-ivars -Wno-arc-repeated-use-of-weak -Wno-missing-braces -Wparentheses -Wswitch -Wno-unused-function -Wno-unused-label -Wno-unused-parameter -Wno-unused-variable -Wunused-value -Wno-empty-body -Wno-uninitialized -Wno-unknown-pragmas -w -Wno-shadow -Wno-four-char-constants -Wno-conversion -Wno-constant-conversion -Wno-int-conversion -Wno-bool-conversion -Wno-enum-conversion -Wno-float-conversion -Wno-non-literal-null-conversion -Wno-objc-literal-conversion -Wshorten-64-to-32 -Wpointer-sign -Wno-newline-eof -Wno-selector -Wno-strict-selector-match -Wno-undeclared-selector -Wno-deprecated-implementations -Wno-implicit-fallthrough -fstrict-aliasing -Wprotocol -Wdeprecated-declarations -Wno-sign-conversion -Wno-infinite-recursion -Wno-comma -Wno-block-capture-autoreleasing -Wno-strict-prototypes -Wno-semicolon-before-method-body -index-store-path /Users/jans./Library/Developer/Xcode/DerivedData/meal.advisor.ios-csaldjncgoleykghtkpncaypzmvo/Index.noindex/DataStore @/Users/jans./Library/Developer/Xcode/DerivedData/meal.advisor.ios-csaldjncgoleykghtkpncaypzmvo/Build/Intermediates.noindex/GoogleSignIn.build/Debug-iphonesimulator/GoogleSignIn.build/Objects-normal/arm64/e6072d4f65d7061329687fe24e3d63a7-common-args.resp -include /Users/jans./Library/Developer/Xcode/DerivedData/meal.advisor.ios-csaldjncgoleykghtkpncaypzmvo/Build/Intermediates.noindex/GoogleSignIn.build/Debug-iphonesimulator/GoogleSignIn.build/DerivedSources/resource_bundle_accessor.h -MMD -MT dependencies -MF /Users/jans./Library/Developer/Xcode/DerivedData/meal.advisor.ios-csaldjncgoleykghtkpncaypzmvo/Build/Intermediates.noindex/GoogleSignIn.build/Debug-iphonesimulator/GoogleSignIn.build/Objects-normal/arm64/GIDConfiguration.d --serialize-diagnostics /Users/jans./Library/Developer/Xcode/DerivedData/meal.advisor.ios-csaldjncgoleykghtkpncaypzmvo/Build/Intermediates.noindex/GoogleSignIn.build/Debug-iphonesimulator/GoogleSignIn.build/Objects-normal/arm64/GIDConfiguration.dia -c /Users/jans./Library/Developer/Xcode/DerivedData/meal.advisor.ios-csaldjncgoleykghtkpncaypzmvo/SourcePackages/checkouts/GoogleSignIn-iOS/GoogleSignIn/Sources/GIDConfiguration.m -o /Users/jans./Library/Developer/Xcode/DerivedData/meal.advisor.ios-csaldjncgoleykghtkpncaypzmvo/Build/Intermediates.noindex/GoogleSignIn.build/Debug-iphonesimulator/GoogleSignIn.build/Objects-normal/arm64/GIDConfiguration.o -index-unit-output-path /GoogleSignIn.build/Debug-iphonesimulator/GoogleSignIn.build/Objects-normal/arm64/GIDConfiguration.o

SwiftDriverJobDiscovery normal arm64 Compiling FoundationExtensions.swift, HTTPClient.swift, HTTPFields.swift (in target 'Helpers' from project 'Supabase')

CompileC /Users/jans./Library/Developer/Xcode/DerivedData/meal.advisor.ios-csaldjncgoleykghtkpncaypzmvo/Build/Intermediates.noindex/GoogleSignIn.build/Debug-iphonesimulator/GoogleSignIn.build/Objects-normal/arm64/GIDCallbackQueue.o /Users/jans./Library/Developer/Xcode/DerivedData/meal.advisor.ios-csaldjncgoleykghtkpncaypzmvo/SourcePackages/checkouts/GoogleSignIn-iOS/GoogleSignIn/Sources/GIDCallbackQueue.m normal arm64 objective-c com.apple.compilers.llvm.clang.1_0.compiler (in target 'GoogleSignIn' from project 'GoogleSignIn')
    cd /Users/jans./Downloads/meal.advisor/meal.advisor.ios/meal.advisor.ios/meal.advisor.ios/meal.advisor.ios.xcodeproj
    
    Using response file: /Users/jans./Library/Developer/Xcode/DerivedData/meal.advisor.ios-csaldjncgoleykghtkpncaypzmvo/Build/Intermediates.noindex/GoogleSignIn.build/Debug-iphonesimulator/GoogleSignIn.build/Objects-normal/arm64/e6072d4f65d7061329687fe24e3d63a7-common-args.resp
    
    /Applications/Xcode.app/Contents/Developer/Toolchains/XcodeDefault.xctoolchain/usr/bin/clang -x objective-c -ivfsstatcache /Users/jans./Library/Developer/Xcode/DerivedData/SDKStatCaches.noindex/iphonesimulator18.5-22F76-d5fc8ad4295d2ef488fb7d0f804ce0c4.sdkstatcache -fmessage-length\=0 -fdiagnostics-show-note-include-stack -fmacro-backtrace-limit\=0 -fno-color-diagnostics -fmodules-prune-interval\=86400 -fmodules-prune-after\=345600 -fbuild-session-file\=/Users/jans./Library/Developer/Xcode/DerivedData/ModuleCache.noindex/Session.modulevalidation -fmodules-validate-once-per-build-session -Wnon-modular-include-in-framework-module -Werror\=non-modular-include-in-framework-module -Wno-trigraphs -Wno-missing-field-initializers -Wno-missing-prototypes -Wno-return-type -Wno-implicit-atomic-properties -Wno-objc-interface-ivars -Wno-arc-repeated-use-of-weak -Wno-missing-braces -Wparentheses -Wswitch -Wno-unused-function -Wno-unused-label -Wno-unused-parameter -Wno-unused-variable -Wunused-value -Wno-empty-body -Wno-uninitialized -Wno-unknown-pragmas -w -Wno-shadow -Wno-four-char-constants -Wno-conversion -Wno-constant-conversion -Wno-int-conversion -Wno-bool-conversion -Wno-enum-conversion -Wno-float-conversion -Wno-non-literal-null-conversion -Wno-objc-literal-conversion -Wshorten-64-to-32 -Wpointer-sign -Wno-newline-eof -Wno-selector -Wno-strict-selector-match -Wno-undeclared-selector -Wno-deprecated-implementations -Wno-implicit-fallthrough -fstrict-aliasing -Wprotocol -Wdeprecated-declarations -Wno-sign-conversion -Wno-infinite-recursion -Wno-comma -Wno-block-capture-autoreleasing -Wno-strict-prototypes -Wno-semicolon-before-method-body -index-store-path /Users/jans./Library/Developer/Xcode/DerivedData/meal.advisor.ios-csaldjncgoleykghtkpncaypzmvo/Index.noindex/DataStore @/Users/jans./Library/Developer/Xcode/DerivedData/meal.advisor.ios-csaldjncgoleykghtkpncaypzmvo/Build/Intermediates.noindex/GoogleSignIn.build/Debug-iphonesimulator/GoogleSignIn.build/Objects-normal/arm64/e6072d4f65d7061329687fe24e3d63a7-common-args.resp -include /Users/jans./Library/Developer/Xcode/DerivedData/meal.advisor.ios-csaldjncgoleykghtkpncaypzmvo/Build/Intermediates.noindex/GoogleSignIn.build/Debug-iphonesimulator/GoogleSignIn.build/DerivedSources/resource_bundle_accessor.h -MMD -MT dependencies -MF /Users/jans./Library/Developer/Xcode/DerivedData/meal.advisor.ios-csaldjncgoleykghtkpncaypzmvo/Build/Intermediates.noindex/GoogleSignIn.build/Debug-iphonesimulator/GoogleSignIn.build/Objects-normal/arm64/GIDCallbackQueue.d --serialize-diagnostics /Users/jans./Library/Developer/Xcode/DerivedData/meal.advisor.ios-csaldjncgoleykghtkpncaypzmvo/Build/Intermediates.noindex/GoogleSignIn.build/Debug-iphonesimulator/GoogleSignIn.build/Objects-normal/arm64/GIDCallbackQueue.dia -c /Users/jans./Library/Developer/Xcode/DerivedData/meal.advisor.ios-csaldjncgoleykghtkpncaypzmvo/SourcePackages/checkouts/GoogleSignIn-iOS/GoogleSignIn/Sources/GIDCallbackQueue.m -o /Users/jans./Library/Developer/Xcode/DerivedData/meal.advisor.ios-csaldjncgoleykghtkpncaypzmvo/Build/Intermediates.noindex/GoogleSignIn.build/Debug-iphonesimulator/GoogleSignIn.build/Objects-normal/arm64/GIDCallbackQueue.o -index-unit-output-path /GoogleSignIn.build/Debug-iphonesimulator/GoogleSignIn.build/Objects-normal/arm64/GIDCallbackQueue.o

PrecompileModule /Users/jans./Library/Developer/Xcode/DerivedData/meal.advisor.ios-csaldjncgoleykghtkpncaypzmvo/Build/Intermediates.noindex/ExplicitPrecompiledModules/FileProvider-8KCXSC8TJD2OUVT3178Y808ND.scan
    cd /Users/jans./Downloads/meal.advisor/meal.advisor.ios/meal.advisor.ios/meal.advisor.ios/meal.advisor.ios.xcodeproj
    builtin-precompileModule /Users/jans./Library/Developer/Xcode/DerivedData/meal.advisor.ios-csaldjncgoleykghtkpncaypzmvo/Build/Intermediates.noindex/ExplicitPrecompiledModules/FileProvider-8KCXSC8TJD2OUVT3178Y808ND.scan

PrecompileModule /Users/jans./Library/Developer/Xcode/DerivedData/meal.advisor.ios-csaldjncgoleykghtkpncaypzmvo/Build/Intermediates.noindex/ExplicitPrecompiledModules/OpenGLES-E5YXNRJG8OJOK2Q5EYJ499JQV.scan
    cd /Users/jans./Downloads/meal.advisor/meal.advisor.ios/meal.advisor.ios/meal.advisor.ios/meal.advisor.ios.xcodeproj
    builtin-precompileModule /Users/jans./Library/Developer/Xcode/DerivedData/meal.advisor.ios-csaldjncgoleykghtkpncaypzmvo/Build/Intermediates.noindex/ExplicitPrecompiledModules/OpenGLES-E5YXNRJG8OJOK2Q5EYJ499JQV.scan

PrecompileModule /Users/jans./Library/Developer/Xcode/DerivedData/meal.advisor.ios-csaldjncgoleykghtkpncaypzmvo/Build/Intermediates.noindex/ExplicitPrecompiledModules/Symbols-CW0H6354KJGM9L8ACRKQ65JJF.scan
    cd /Users/jans./Downloads/meal.advisor/meal.advisor.ios/meal.advisor.ios/meal.advisor.ios/meal.advisor.ios.xcodeproj
    builtin-precompileModule /Users/jans./Library/Developer/Xcode/DerivedData/meal.advisor.ios-csaldjncgoleykghtkpncaypzmvo/Build/Intermediates.noindex/ExplicitPrecompiledModules/Symbols-CW0H6354KJGM9L8ACRKQ65JJF.scan

PrecompileModule /Users/jans./Library/Developer/Xcode/DerivedData/meal.advisor.ios-csaldjncgoleykghtkpncaypzmvo/Build/Intermediates.noindex/ExplicitPrecompiledModules/AppAuthCore-CDGU69WN9BM58VVTCLB3YTOB9.scan
    cd /Users/jans./Downloads/meal.advisor/meal.advisor.ios/meal.advisor.ios/meal.advisor.ios/meal.advisor.ios.xcodeproj
    builtin-precompileModule /Users/jans./Library/Developer/Xcode/DerivedData/meal.advisor.ios-csaldjncgoleykghtkpncaypzmvo/Build/Intermediates.noindex/ExplicitPrecompiledModules/AppAuthCore-CDGU69WN9BM58VVTCLB3YTOB9.scan

SwiftDriverJobDiscovery normal arm64 Compiling Codable.swift, DateFormatter.swift, EventEmitter.swift (in target 'Helpers' from project 'Supabase')

PrecompileModule /Users/jans./Library/Developer/Xcode/DerivedData/meal.advisor.ios-csaldjncgoleykghtkpncaypzmvo/Build/Intermediates.noindex/ExplicitPrecompiledModules/LocalAuthentication-2JNY643O8IPY6XL0A6K0WU8Y7.scan
    cd /Users/jans./Downloads/meal.advisor/meal.advisor.ios/meal.advisor.ios/meal.advisor.ios/meal.advisor.ios.xcodeproj
    builtin-precompileModule /Users/jans./Library/Developer/Xcode/DerivedData/meal.advisor.ios-csaldjncgoleykghtkpncaypzmvo/Build/Intermediates.noindex/ExplicitPrecompiledModules/LocalAuthentication-2JNY643O8IPY6XL0A6K0WU8Y7.scan

PrecompileModule /Users/jans./Library/Developer/Xcode/DerivedData/meal.advisor.ios-csaldjncgoleykghtkpncaypzmvo/Build/Intermediates.noindex/ExplicitPrecompiledModules/UserNotifications-2UC3KXXJMC632WNLDLOLW8O17.scan
    cd /Users/jans./Downloads/meal.advisor/meal.advisor.ios/meal.advisor.ios/meal.advisor.ios/meal.advisor.ios.xcodeproj
    builtin-precompileModule /Users/jans./Library/Developer/Xcode/DerivedData/meal.advisor.ios-csaldjncgoleykghtkpncaypzmvo/Build/Intermediates.noindex/ExplicitPrecompiledModules/UserNotifications-2UC3KXXJMC632WNLDLOLW8O17.scan

PrecompileModule /Users/jans./Library/Developer/Xcode/DerivedData/meal.advisor.ios-csaldjncgoleykghtkpncaypzmvo/Build/Intermediates.noindex/ExplicitPrecompiledModules/IOSurface-7QXO8DFR7BJ4ZG7AP72AJW46Q.scan
    cd /Users/jans./Downloads/meal.advisor/meal.advisor.ios/meal.advisor.ios/meal.advisor.ios/meal.advisor.ios.xcodeproj
    builtin-precompileModule /Users/jans./Library/Developer/Xcode/DerivedData/meal.advisor.ios-csaldjncgoleykghtkpncaypzmvo/Build/Intermediates.noindex/ExplicitPrecompiledModules/IOSurface-7QXO8DFR7BJ4ZG7AP72AJW46Q.scan

SwiftDriverJobDiscovery normal arm64 Compiling HTTPRequest.swift, HTTPResponse.swift, LoggerInterceptor.swift (in target 'Helpers' from project 'Supabase')

ExtractAppIntentsMetadata (in target 'GTMAppAuth' from project 'GTMAppAuth')
    cd /Users/jans./Library/Developer/Xcode/DerivedData/meal.advisor.ios-csaldjncgoleykghtkpncaypzmvo/SourcePackages/checkouts/GTMAppAuth
    /Applications/Xcode.app/Contents/Developer/Toolchains/XcodeDefault.xctoolchain/usr/bin/appintentsmetadataprocessor --toolchain-dir /Applications/Xcode.app/Contents/Developer/Toolchains/XcodeDefault.xctoolchain --module-name GTMAppAuth --sdk-root /Applications/Xcode.app/Contents/Developer/Platforms/iPhoneSimulator.platform/Developer/SDKs/iPhoneSimulator18.5.sdk --xcode-version 16F6 --platform-family iOS --deployment-target 12.0 --bundle-identifier gtmappauth.GTMAppAuth --output /Users/jans./Library/Developer/Xcode/DerivedData/meal.advisor.ios-csaldjncgoleykghtkpncaypzmvo/Build/Products/Debug-iphonesimulator/GTMAppAuth.appintents --target-triple arm64-apple-ios12.0-simulator --binary-file /Users/jans./Library/Developer/Xcode/DerivedData/meal.advisor.ios-csaldjncgoleykghtkpncaypzmvo/Build/Products/Debug-iphonesimulator/GTMAppAuth.o --dependency-file /Users/jans./Library/Developer/Xcode/DerivedData/meal.advisor.ios-csaldjncgoleykghtkpncaypzmvo/Build/Intermediates.noindex/GTMAppAuth.build/Debug-iphonesimulator/GTMAppAuth.build/Objects-normal/arm64/GTMAppAuth_dependency_info.dat --stringsdata-file /Users/jans./Library/Developer/Xcode/DerivedData/meal.advisor.ios-csaldjncgoleykghtkpncaypzmvo/Build/Intermediates.noindex/GTMAppAuth.build/Debug-iphonesimulator/GTMAppAuth.build/Objects-normal/arm64/ExtractedAppShortcutsMetadata.stringsdata --source-file-list /Users/jans./Library/Developer/Xcode/DerivedData/meal.advisor.ios-csaldjncgoleykghtkpncaypzmvo/Build/Intermediates.noindex/GTMAppAuth.build/Debug-iphonesimulator/GTMAppAuth.build/Objects-normal/arm64/GTMAppAuth.SwiftFileList --metadata-file-list /Users/jans./Library/Developer/Xcode/DerivedData/meal.advisor.ios-csaldjncgoleykghtkpncaypzmvo/Build/Intermediates.noindex/GTMAppAuth.build/Debug-iphonesimulator/GTMAppAuth.build/GTMAppAuth.DependencyMetadataFileList --static-metadata-file-list /Users/jans./Library/Developer/Xcode/DerivedData/meal.advisor.ios-csaldjncgoleykghtkpncaypzmvo/Build/Intermediates.noindex/GTMAppAuth.build/Debug-iphonesimulator/GTMAppAuth.build/GTMAppAuth.DependencyStaticMetadataFileList --swift-const-vals-list /Users/jans./Library/Developer/Xcode/DerivedData/meal.advisor.ios-csaldjncgoleykghtkpncaypzmvo/Build/Intermediates.noindex/GTMAppAuth.build/Debug-iphonesimulator/GTMAppAuth.build/Objects-normal/arm64/GTMAppAuth.SwiftConstValuesFileList --force --compile-time-extraction --deployment-aware-processing --validate-assistant-intents --no-app-shortcuts-localization
2025-10-11 23:20:24.060 appintentsmetadataprocessor[93123:11123870] Starting appintentsmetadataprocessor export
2025-10-11 23:20:24.118 appintentsmetadataprocessor[93123:11123870] Extracted no relevant App Intents symbols, skipping writing output

RegisterExecutionPolicyException /Users/jans./Library/Developer/Xcode/DerivedData/meal.advisor.ios-csaldjncgoleykghtkpncaypzmvo/Build/Products/Debug-iphonesimulator/AppAuth.o (in target 'AppAuth' from project 'AppAuth')
    cd /Users/jans./Library/Developer/Xcode/DerivedData/meal.advisor.ios-csaldjncgoleykghtkpncaypzmvo/SourcePackages/checkouts/AppAuth-iOS
    builtin-RegisterExecutionPolicyException /Users/jans./Library/Developer/Xcode/DerivedData/meal.advisor.ios-csaldjncgoleykghtkpncaypzmvo/Build/Products/Debug-iphonesimulator/AppAuth.o

SwiftDriver Storage normal arm64 com.apple.xcode.tools.swift.compiler (in target 'Storage' from project 'Supabase')
    cd /Users/jans./Downloads/meal.advisor/meal.advisor.ios/meal.advisor.ios/meal.advisor.ios/meal.advisor.ios.xcodeproj
    builtin-SwiftDriver -- /Applications/Xcode.app/Contents/Developer/Toolchains/XcodeDefault.xctoolchain/usr/bin/swiftc -module-name Storage -Onone -enforce-exclusivity\=checked @/Users/jans./Library/Developer/Xcode/DerivedData/meal.advisor.ios-csaldjncgoleykghtkpncaypzmvo/Build/Intermediates.noindex/Supabase.build/Debug-iphonesimulator/Storage.build/Objects-normal/arm64/Storage.SwiftFileList -DSWIFT_PACKAGE -DDEBUG -DXcode -enable-upcoming-feature ExistentialAny -enable-experimental-feature StrictConcurrency -plugin-path /Applications/Xcode.app/Contents/Developer/Toolchains/XcodeDefault.xctoolchain/usr/lib/swift/host/plugins/testing -enable-experimental-feature DebugDescriptionMacro -sdk /Applications/Xcode.app/Contents/Developer/Platforms/iPhoneSimulator.platform/Developer/SDKs/iPhoneSimulator18.5.sdk -target arm64-apple-ios13.0-simulator -g -module-cache-path /Users/jans./Library/Developer/Xcode/DerivedData/ModuleCache.noindex -Xfrontend -serialize-debugging-options -enable-testing -suppress-warnings -index-store-path /Users/jans./Library/Developer/Xcode/DerivedData/meal.advisor.ios-csaldjncgoleykghtkpncaypzmvo/Index.noindex/DataStore -swift-version 5 -I /Users/jans./Library/Developer/Xcode/DerivedData/meal.advisor.ios-csaldjncgoleykghtkpncaypzmvo/Build/Products/Debug-iphonesimulator -I /Applications/Xcode.app/Contents/Developer/Platforms/iPhoneSimulator.platform/Developer/usr/lib -F /Users/jans./Library/Developer/Xcode/DerivedData/meal.advisor.ios-csaldjncgoleykghtkpncaypzmvo/Build/Products/Debug-iphonesimulator/PackageFrameworks -F /Users/jans./Library/Developer/Xcode/DerivedData/meal.advisor.ios-csaldjncgoleykghtkpncaypzmvo/Build/Products/Debug-iphonesimulator/PackageFrameworks -F /Users/jans./Library/Developer/Xcode/DerivedData/meal.advisor.ios-csaldjncgoleykghtkpncaypzmvo/Build/Products/Debug-iphonesimulator/PackageFrameworks -F /Users/jans./Library/Developer/Xcode/DerivedData/meal.advisor.ios-csaldjncgoleykghtkpncaypzmvo/Build/Products/Debug-iphonesimulator/PackageFrameworks -F /Users/jans./Library/Developer/Xcode/DerivedData/meal.advisor.ios-csaldjncgoleykghtkpncaypzmvo/Build/Products/Debug-iphonesimulator/PackageFrameworks -F /Users/jans./Library/Developer/Xcode/DerivedData/meal.advisor.ios-csaldjncgoleykghtkpncaypzmvo/Build/Products/Debug-iphonesimulator/PackageFrameworks -F /Users/jans./Library/Developer/Xcode/DerivedData/meal.advisor.ios-csaldjncgoleykghtkpncaypzmvo/Build/Products/Debug-iphonesimulator/PackageFrameworks -F /Users/jans./Library/Developer/Xcode/DerivedData/meal.advisor.ios-csaldjncgoleykghtkpncaypzmvo/Build/Products/Debug-iphonesimulator -F /Applications/Xcode.app/Contents/Developer/Platforms/iPhoneSimulator.platform/Developer/Library/Frameworks -F /Applications/Xcode.app/Contents/Developer/Platforms/iPhoneSimulator.platform/Developer/SDKs/iPhoneSimulator18.5.sdk/Developer/Library/Frameworks -c -j8 -enable-batch-mode -incremental -Xcc -ivfsstatcache -Xcc /Users/jans./Library/Developer/Xcode/DerivedData/SDKStatCaches.noindex/iphonesimulator18.5-22F76-d5fc8ad4295d2ef488fb7d0f804ce0c4.sdkstatcache -output-file-map /Users/jans./Library/Developer/Xcode/DerivedData/meal.advisor.ios-csaldjncgoleykghtkpncaypzmvo/Build/Intermediates.noindex/Supabase.build/Debug-iphonesimulator/Storage.build/Objects-normal/arm64/Storage-OutputFileMap.json -use-frontend-parseable-output -save-temps -no-color-diagnostics -serialize-diagnostics -emit-dependencies -emit-module -emit-module-path /Users/jans./Library/Developer/Xcode/DerivedData/meal.advisor.ios-csaldjncgoleykghtkpncaypzmvo/Build/Intermediates.noindex/Supabase.build/Debug-iphonesimulator/Storage.build/Objects-normal/arm64/Storage.swiftmodule -validate-clang-modules-once -clang-build-session-file /Users/jans./Library/Developer/Xcode/DerivedData/ModuleCache.noindex/Session.modulevalidation -package-name supabase_swift -Xcc -I/Users/jans./Library/Developer/Xcode/DerivedData/meal.advisor.ios-csaldjncgoleykghtkpncaypzmvo/Build/Intermediates.noindex/Supabase.build/Debug-iphonesimulator/Storage.build/swift-overrides.hmap -emit-const-values -Xfrontend -const-gather-protocols-file -Xfrontend /Users/jans./Library/Developer/Xcode/DerivedData/meal.advisor.ios-csaldjncgoleykghtkpncaypzmvo/Build/Intermediates.noindex/Supabase.build/Debug-iphonesimulator/Storage.build/Objects-normal/arm64/Storage_const_extract_protocols.json -Xcc -I/Users/jans./Library/Developer/Xcode/DerivedData/meal.advisor.ios-csaldjncgoleykghtkpncaypzmvo/Build/Products/Debug-iphonesimulator/include -Xcc -I/Users/jans./Library/Developer/Xcode/DerivedData/meal.advisor.ios-csaldjncgoleykghtkpncaypzmvo/Build/Intermediates.noindex/Supabase.build/Debug-iphonesimulator/Storage.build/DerivedSources-normal/arm64 -Xcc -I/Users/jans./Library/Developer/Xcode/DerivedData/meal.advisor.ios-csaldjncgoleykghtkpncaypzmvo/Build/Intermediates.noindex/Supabase.build/Debug-iphonesimulator/Storage.build/DerivedSources/arm64 -Xcc -I/Users/jans./Library/Developer/Xcode/DerivedData/meal.advisor.ios-csaldjncgoleykghtkpncaypzmvo/Build/Intermediates.noindex/Supabase.build/Debug-iphonesimulator/Storage.build/DerivedSources -Xcc -DSWIFT_PACKAGE -Xcc -DDEBUG\=1 -emit-objc-header -emit-objc-header-path /Users/jans./Library/Developer/Xcode/DerivedData/meal.advisor.ios-csaldjncgoleykghtkpncaypzmvo/Build/Intermediates.noindex/Supabase.build/Debug-iphonesimulator/Storage.build/Objects-normal/arm64/Storage-Swift.h -working-directory /Users/jans./Downloads/meal.advisor/meal.advisor.ios/meal.advisor.ios/meal.advisor.ios/meal.advisor.ios.xcodeproj -experimental-emit-module-separately -disable-cmo

SwiftDriver Realtime normal arm64 com.apple.xcode.tools.swift.compiler (in target 'Realtime' from project 'Supabase')
    cd /Users/jans./Downloads/meal.advisor/meal.advisor.ios/meal.advisor.ios/meal.advisor.ios/meal.advisor.ios.xcodeproj
    builtin-SwiftDriver -- /Applications/Xcode.app/Contents/Developer/Toolchains/XcodeDefault.xctoolchain/usr/bin/swiftc -module-name Realtime -Onone -enforce-exclusivity\=checked @/Users/jans./Library/Developer/Xcode/DerivedData/meal.advisor.ios-csaldjncgoleykghtkpncaypzmvo/Build/Intermediates.noindex/Supabase.build/Debug-iphonesimulator/Realtime.build/Objects-normal/arm64/Realtime.SwiftFileList -DSWIFT_PACKAGE -DDEBUG -DXcode -enable-upcoming-feature ExistentialAny -enable-experimental-feature StrictConcurrency -plugin-path /Applications/Xcode.app/Contents/Developer/Toolchains/XcodeDefault.xctoolchain/usr/lib/swift/host/plugins/testing -enable-experimental-feature DebugDescriptionMacro -sdk /Applications/Xcode.app/Contents/Developer/Platforms/iPhoneSimulator.platform/Developer/SDKs/iPhoneSimulator18.5.sdk -target arm64-apple-ios13.0-simulator -g -module-cache-path /Users/jans./Library/Developer/Xcode/DerivedData/ModuleCache.noindex -Xfrontend -serialize-debugging-options -enable-testing -suppress-warnings -index-store-path /Users/jans./Library/Developer/Xcode/DerivedData/meal.advisor.ios-csaldjncgoleykghtkpncaypzmvo/Index.noindex/DataStore -swift-version 5 -I /Users/jans./Library/Developer/Xcode/DerivedData/meal.advisor.ios-csaldjncgoleykghtkpncaypzmvo/Build/Products/Debug-iphonesimulator -I /Applications/Xcode.app/Contents/Developer/Platforms/iPhoneSimulator.platform/Developer/usr/lib -F /Users/jans./Library/Developer/Xcode/DerivedData/meal.advisor.ios-csaldjncgoleykghtkpncaypzmvo/Build/Products/Debug-iphonesimulator/PackageFrameworks -F /Users/jans./Library/Developer/Xcode/DerivedData/meal.advisor.ios-csaldjncgoleykghtkpncaypzmvo/Build/Products/Debug-iphonesimulator/PackageFrameworks -F /Users/jans./Library/Developer/Xcode/DerivedData/meal.advisor.ios-csaldjncgoleykghtkpncaypzmvo/Build/Products/Debug-iphonesimulator/PackageFrameworks -F /Users/jans./Library/Developer/Xcode/DerivedData/meal.advisor.ios-csaldjncgoleykghtkpncaypzmvo/Build/Products/Debug-iphonesimulator/PackageFrameworks -F /Users/jans./Library/Developer/Xcode/DerivedData/meal.advisor.ios-csaldjncgoleykghtkpncaypzmvo/Build/Products/Debug-iphonesimulator/PackageFrameworks -F /Users/jans./Library/Developer/Xcode/DerivedData/meal.advisor.ios-csaldjncgoleykghtkpncaypzmvo/Build/Products/Debug-iphonesimulator/PackageFrameworks -F /Users/jans./Library/Developer/Xcode/DerivedData/meal.advisor.ios-csaldjncgoleykghtkpncaypzmvo/Build/Products/Debug-iphonesimulator/PackageFrameworks -F /Users/jans./Library/Developer/Xcode/DerivedData/meal.advisor.ios-csaldjncgoleykghtkpncaypzmvo/Build/Products/Debug-iphonesimulator -F /Applications/Xcode.app/Contents/Developer/Platforms/iPhoneSimulator.platform/Developer/Library/Frameworks -F /Applications/Xcode.app/Contents/Developer/Platforms/iPhoneSimulator.platform/Developer/SDKs/iPhoneSimulator18.5.sdk/Developer/Library/Frameworks -c -j8 -enable-batch-mode -incremental -Xcc -ivfsstatcache -Xcc /Users/jans./Library/Developer/Xcode/DerivedData/SDKStatCaches.noindex/iphonesimulator18.5-22F76-d5fc8ad4295d2ef488fb7d0f804ce0c4.sdkstatcache -output-file-map /Users/jans./Library/Developer/Xcode/DerivedData/meal.advisor.ios-csaldjncgoleykghtkpncaypzmvo/Build/Intermediates.noindex/Supabase.build/Debug-iphonesimulator/Realtime.build/Objects-normal/arm64/Realtime-OutputFileMap.json -use-frontend-parseable-output -save-temps -no-color-diagnostics -serialize-diagnostics -emit-dependencies -emit-module -emit-module-path /Users/jans./Library/Developer/Xcode/DerivedData/meal.advisor.ios-csaldjncgoleykghtkpncaypzmvo/Build/Intermediates.noindex/Supabase.build/Debug-iphonesimulator/Realtime.build/Objects-normal/arm64/Realtime.swiftmodule -validate-clang-modules-once -clang-build-session-file /Users/jans./Library/Developer/Xcode/DerivedData/ModuleCache.noindex/Session.modulevalidation -package-name supabase_swift -Xcc -I/Users/jans./Library/Developer/Xcode/DerivedData/meal.advisor.ios-csaldjncgoleykghtkpncaypzmvo/Build/Intermediates.noindex/Supabase.build/Debug-iphonesimulator/Realtime.build/swift-overrides.hmap -emit-const-values -Xfrontend -const-gather-protocols-file -Xfrontend /Users/jans./Library/Developer/Xcode/DerivedData/meal.advisor.ios-csaldjncgoleykghtkpncaypzmvo/Build/Intermediates.noindex/Supabase.build/Debug-iphonesimulator/Realtime.build/Objects-normal/arm64/Realtime_const_extract_protocols.json -Xcc -I/Users/jans./Library/Developer/Xcode/DerivedData/meal.advisor.ios-csaldjncgoleykghtkpncaypzmvo/Build/Products/Debug-iphonesimulator/include -Xcc -I/Users/jans./Library/Developer/Xcode/DerivedData/meal.advisor.ios-csaldjncgoleykghtkpncaypzmvo/Build/Intermediates.noindex/Supabase.build/Debug-iphonesimulator/Realtime.build/DerivedSources-normal/arm64 -Xcc -I/Users/jans./Library/Developer/Xcode/DerivedData/meal.advisor.ios-csaldjncgoleykghtkpncaypzmvo/Build/Intermediates.noindex/Supabase.build/Debug-iphonesimulator/Realtime.build/DerivedSources/arm64 -Xcc -I/Users/jans./Library/Developer/Xcode/DerivedData/meal.advisor.ios-csaldjncgoleykghtkpncaypzmvo/Build/Intermediates.noindex/Supabase.build/Debug-iphonesimulator/Realtime.build/DerivedSources -Xcc -DSWIFT_PACKAGE -Xcc -DDEBUG\=1 -emit-objc-header -emit-objc-header-path /Users/jans./Library/Developer/Xcode/DerivedData/meal.advisor.ios-csaldjncgoleykghtkpncaypzmvo/Build/Intermediates.noindex/Supabase.build/Debug-iphonesimulator/Realtime.build/Objects-normal/arm64/Realtime-Swift.h -working-directory /Users/jans./Downloads/meal.advisor/meal.advisor.ios/meal.advisor.ios/meal.advisor.ios/meal.advisor.ios.xcodeproj -experimental-emit-module-separately -disable-cmo

SwiftDriver PostgREST normal arm64 com.apple.xcode.tools.swift.compiler (in target 'PostgREST' from project 'Supabase')
    cd /Users/jans./Downloads/meal.advisor/meal.advisor.ios/meal.advisor.ios/meal.advisor.ios/meal.advisor.ios.xcodeproj
    builtin-SwiftDriver -- /Applications/Xcode.app/Contents/Developer/Toolchains/XcodeDefault.xctoolchain/usr/bin/swiftc -module-name PostgREST -Onone -enforce-exclusivity\=checked @/Users/jans./Library/Developer/Xcode/DerivedData/meal.advisor.ios-csaldjncgoleykghtkpncaypzmvo/Build/Intermediates.noindex/Supabase.build/Debug-iphonesimulator/PostgREST.build/Objects-normal/arm64/PostgREST.SwiftFileList -DSWIFT_PACKAGE -DDEBUG -DXcode -enable-upcoming-feature ExistentialAny -enable-experimental-feature StrictConcurrency -plugin-path /Applications/Xcode.app/Contents/Developer/Toolchains/XcodeDefault.xctoolchain/usr/lib/swift/host/plugins/testing -enable-experimental-feature DebugDescriptionMacro -sdk /Applications/Xcode.app/Contents/Developer/Platforms/iPhoneSimulator.platform/Developer/SDKs/iPhoneSimulator18.5.sdk -target arm64-apple-ios13.0-simulator -g -module-cache-path /Users/jans./Library/Developer/Xcode/DerivedData/ModuleCache.noindex -Xfrontend -serialize-debugging-options -enable-testing -suppress-warnings -index-store-path /Users/jans./Library/Developer/Xcode/DerivedData/meal.advisor.ios-csaldjncgoleykghtkpncaypzmvo/Index.noindex/DataStore -swift-version 5 -I /Users/jans./Library/Developer/Xcode/DerivedData/meal.advisor.ios-csaldjncgoleykghtkpncaypzmvo/Build/Products/Debug-iphonesimulator -I /Applications/Xcode.app/Contents/Developer/Platforms/iPhoneSimulator.platform/Developer/usr/lib -F /Users/jans./Library/Developer/Xcode/DerivedData/meal.advisor.ios-csaldjncgoleykghtkpncaypzmvo/Build/Products/Debug-iphonesimulator/PackageFrameworks -F /Users/jans./Library/Developer/Xcode/DerivedData/meal.advisor.ios-csaldjncgoleykghtkpncaypzmvo/Build/Products/Debug-iphonesimulator/PackageFrameworks -F /Users/jans./Library/Developer/Xcode/DerivedData/meal.advisor.ios-csaldjncgoleykghtkpncaypzmvo/Build/Products/Debug-iphonesimulator/PackageFrameworks -F /Users/jans./Library/Developer/Xcode/DerivedData/meal.advisor.ios-csaldjncgoleykghtkpncaypzmvo/Build/Products/Debug-iphonesimulator/PackageFrameworks -F /Users/jans./Library/Developer/Xcode/DerivedData/meal.advisor.ios-csaldjncgoleykghtkpncaypzmvo/Build/Products/Debug-iphonesimulator/PackageFrameworks -F /Users/jans./Library/Developer/Xcode/DerivedData/meal.advisor.ios-csaldjncgoleykghtkpncaypzmvo/Build/Products/Debug-iphonesimulator/PackageFrameworks -F /Users/jans./Library/Developer/Xcode/DerivedData/meal.advisor.ios-csaldjncgoleykghtkpncaypzmvo/Build/Products/Debug-iphonesimulator/PackageFrameworks -F /Users/jans./Library/Developer/Xcode/DerivedData/meal.advisor.ios-csaldjncgoleykghtkpncaypzmvo/Build/Products/Debug-iphonesimulator -F /Applications/Xcode.app/Contents/Developer/Platforms/iPhoneSimulator.platform/Developer/Library/Frameworks -F /Applications/Xcode.app/Contents/Developer/Platforms/iPhoneSimulator.platform/Developer/SDKs/iPhoneSimulator18.5.sdk/Developer/Library/Frameworks -c -j8 -enable-batch-mode -incremental -Xcc -ivfsstatcache -Xcc /Users/jans./Library/Developer/Xcode/DerivedData/SDKStatCaches.noindex/iphonesimulator18.5-22F76-d5fc8ad4295d2ef488fb7d0f804ce0c4.sdkstatcache -output-file-map /Users/jans./Library/Developer/Xcode/DerivedData/meal.advisor.ios-csaldjncgoleykghtkpncaypzmvo/Build/Intermediates.noindex/Supabase.build/Debug-iphonesimulator/PostgREST.build/Objects-normal/arm64/PostgREST-OutputFileMap.json -use-frontend-parseable-output -save-temps -no-color-diagnostics -serialize-diagnostics -emit-dependencies -emit-module -emit-module-path /Users/jans./Library/Developer/Xcode/DerivedData/meal.advisor.ios-csaldjncgoleykghtkpncaypzmvo/Build/Intermediates.noindex/Supabase.build/Debug-iphonesimulator/PostgREST.build/Objects-normal/arm64/PostgREST.swiftmodule -validate-clang-modules-once -clang-build-session-file /Users/jans./Library/Developer/Xcode/DerivedData/ModuleCache.noindex/Session.modulevalidation -package-name supabase_swift -Xcc -I/Users/jans./Library/Developer/Xcode/DerivedData/meal.advisor.ios-csaldjncgoleykghtkpncaypzmvo/Build/Intermediates.noindex/Supabase.build/Debug-iphonesimulator/PostgREST.build/swift-overrides.hmap -emit-const-values -Xfrontend -const-gather-protocols-file -Xfrontend /Users/jans./Library/Developer/Xcode/DerivedData/meal.advisor.ios-csaldjncgoleykghtkpncaypzmvo/Build/Intermediates.noindex/Supabase.build/Debug-iphonesimulator/PostgREST.build/Objects-normal/arm64/PostgREST_const_extract_protocols.json -Xcc -I/Users/jans./Library/Developer/Xcode/DerivedData/meal.advisor.ios-csaldjncgoleykghtkpncaypzmvo/Build/Products/Debug-iphonesimulator/include -Xcc -I/Users/jans./Library/Developer/Xcode/DerivedData/meal.advisor.ios-csaldjncgoleykghtkpncaypzmvo/Build/Intermediates.noindex/Supabase.build/Debug-iphonesimulator/PostgREST.build/DerivedSources-normal/arm64 -Xcc -I/Users/jans./Library/Developer/Xcode/DerivedData/meal.advisor.ios-csaldjncgoleykghtkpncaypzmvo/Build/Intermediates.noindex/Supabase.build/Debug-iphonesimulator/PostgREST.build/DerivedSources/arm64 -Xcc -I/Users/jans./Library/Developer/Xcode/DerivedData/meal.advisor.ios-csaldjncgoleykghtkpncaypzmvo/Build/Intermediates.noindex/Supabase.build/Debug-iphonesimulator/PostgREST.build/DerivedSources -Xcc -DSWIFT_PACKAGE -Xcc -DDEBUG\=1 -emit-objc-header -emit-objc-header-path /Users/jans./Library/Developer/Xcode/DerivedData/meal.advisor.ios-csaldjncgoleykghtkpncaypzmvo/Build/Intermediates.noindex/Supabase.build/Debug-iphonesimulator/PostgREST.build/Objects-normal/arm64/PostgREST-Swift.h -working-directory /Users/jans./Downloads/meal.advisor/meal.advisor.ios/meal.advisor.ios/meal.advisor.ios/meal.advisor.ios.xcodeproj -experimental-emit-module-separately -disable-cmo

SwiftDriver Functions normal arm64 com.apple.xcode.tools.swift.compiler (in target 'Functions' from project 'Supabase')
    cd /Users/jans./Downloads/meal.advisor/meal.advisor.ios/meal.advisor.ios/meal.advisor.ios/meal.advisor.ios.xcodeproj
    builtin-SwiftDriver -- /Applications/Xcode.app/Contents/Developer/Toolchains/XcodeDefault.xctoolchain/usr/bin/swiftc -module-name Functions -Onone -enforce-exclusivity\=checked @/Users/jans./Library/Developer/Xcode/DerivedData/meal.advisor.ios-csaldjncgoleykghtkpncaypzmvo/Build/Intermediates.noindex/Supabase.build/Debug-iphonesimulator/Functions.build/Objects-normal/arm64/Functions.SwiftFileList -DSWIFT_PACKAGE -DDEBUG -DXcode -enable-upcoming-feature ExistentialAny -enable-experimental-feature StrictConcurrency -plugin-path /Applications/Xcode.app/Contents/Developer/Toolchains/XcodeDefault.xctoolchain/usr/lib/swift/host/plugins/testing -enable-experimental-feature DebugDescriptionMacro -sdk /Applications/Xcode.app/Contents/Developer/Platforms/iPhoneSimulator.platform/Developer/SDKs/iPhoneSimulator18.5.sdk -target arm64-apple-ios13.0-simulator -g -module-cache-path /Users/jans./Library/Developer/Xcode/DerivedData/ModuleCache.noindex -Xfrontend -serialize-debugging-options -enable-testing -suppress-warnings -index-store-path /Users/jans./Library/Developer/Xcode/DerivedData/meal.advisor.ios-csaldjncgoleykghtkpncaypzmvo/Index.noindex/DataStore -swift-version 5 -I /Users/jans./Library/Developer/Xcode/DerivedData/meal.advisor.ios-csaldjncgoleykghtkpncaypzmvo/Build/Products/Debug-iphonesimulator -I /Applications/Xcode.app/Contents/Developer/Platforms/iPhoneSimulator.platform/Developer/usr/lib -F /Users/jans./Library/Developer/Xcode/DerivedData/meal.advisor.ios-csaldjncgoleykghtkpncaypzmvo/Build/Products/Debug-iphonesimulator/PackageFrameworks -F /Users/jans./Library/Developer/Xcode/DerivedData/meal.advisor.ios-csaldjncgoleykghtkpncaypzmvo/Build/Products/Debug-iphonesimulator/PackageFrameworks -F /Users/jans./Library/Developer/Xcode/DerivedData/meal.advisor.ios-csaldjncgoleykghtkpncaypzmvo/Build/Products/Debug-iphonesimulator/PackageFrameworks -F /Users/jans./Library/Developer/Xcode/DerivedData/meal.advisor.ios-csaldjncgoleykghtkpncaypzmvo/Build/Products/Debug-iphonesimulator/PackageFrameworks -F /Users/jans./Library/Developer/Xcode/DerivedData/meal.advisor.ios-csaldjncgoleykghtkpncaypzmvo/Build/Products/Debug-iphonesimulator/PackageFrameworks -F /Users/jans./Library/Developer/Xcode/DerivedData/meal.advisor.ios-csaldjncgoleykghtkpncaypzmvo/Build/Products/Debug-iphonesimulator/PackageFrameworks -F /Users/jans./Library/Developer/Xcode/DerivedData/meal.advisor.ios-csaldjncgoleykghtkpncaypzmvo/Build/Products/Debug-iphonesimulator/PackageFrameworks -F /Users/jans./Library/Developer/Xcode/DerivedData/meal.advisor.ios-csaldjncgoleykghtkpncaypzmvo/Build/Products/Debug-iphonesimulator -F /Applications/Xcode.app/Contents/Developer/Platforms/iPhoneSimulator.platform/Developer/Library/Frameworks -F /Applications/Xcode.app/Contents/Developer/Platforms/iPhoneSimulator.platform/Developer/SDKs/iPhoneSimulator18.5.sdk/Developer/Library/Frameworks -c -j8 -enable-batch-mode -incremental -Xcc -ivfsstatcache -Xcc /Users/jans./Library/Developer/Xcode/DerivedData/SDKStatCaches.noindex/iphonesimulator18.5-22F76-d5fc8ad4295d2ef488fb7d0f804ce0c4.sdkstatcache -output-file-map /Users/jans./Library/Developer/Xcode/DerivedData/meal.advisor.ios-csaldjncgoleykghtkpncaypzmvo/Build/Intermediates.noindex/Supabase.build/Debug-iphonesimulator/Functions.build/Objects-normal/arm64/Functions-OutputFileMap.json -use-frontend-parseable-output -save-temps -no-color-diagnostics -serialize-diagnostics -emit-dependencies -emit-module -emit-module-path /Users/jans./Library/Developer/Xcode/DerivedData/meal.advisor.ios-csaldjncgoleykghtkpncaypzmvo/Build/Intermediates.noindex/Supabase.build/Debug-iphonesimulator/Functions.build/Objects-normal/arm64/Functions.swiftmodule -validate-clang-modules-once -clang-build-session-file /Users/jans./Library/Developer/Xcode/DerivedData/ModuleCache.noindex/Session.modulevalidation -package-name supabase_swift -Xcc -I/Users/jans./Library/Developer/Xcode/DerivedData/meal.advisor.ios-csaldjncgoleykghtkpncaypzmvo/Build/Intermediates.noindex/Supabase.build/Debug-iphonesimulator/Functions.build/swift-overrides.hmap -emit-const-values -Xfrontend -const-gather-protocols-file -Xfrontend /Users/jans./Library/Developer/Xcode/DerivedData/meal.advisor.ios-csaldjncgoleykghtkpncaypzmvo/Build/Intermediates.noindex/Supabase.build/Debug-iphonesimulator/Functions.build/Objects-normal/arm64/Functions_const_extract_protocols.json -Xcc -I/Users/jans./Library/Developer/Xcode/DerivedData/meal.advisor.ios-csaldjncgoleykghtkpncaypzmvo/Build/Products/Debug-iphonesimulator/include -Xcc -I/Users/jans./Library/Developer/Xcode/DerivedData/meal.advisor.ios-csaldjncgoleykghtkpncaypzmvo/Build/Intermediates.noindex/Supabase.build/Debug-iphonesimulator/Functions.build/DerivedSources-normal/arm64 -Xcc -I/Users/jans./Library/Developer/Xcode/DerivedData/meal.advisor.ios-csaldjncgoleykghtkpncaypzmvo/Build/Intermediates.noindex/Supabase.build/Debug-iphonesimulator/Functions.build/DerivedSources/arm64 -Xcc -I/Users/jans./Library/Developer/Xcode/DerivedData/meal.advisor.ios-csaldjncgoleykghtkpncaypzmvo/Build/Intermediates.noindex/Supabase.build/Debug-iphonesimulator/Functions.build/DerivedSources -Xcc -DSWIFT_PACKAGE -Xcc -DDEBUG\=1 -emit-objc-header -emit-objc-header-path /Users/jans./Library/Developer/Xcode/DerivedData/meal.advisor.ios-csaldjncgoleykghtkpncaypzmvo/Build/Intermediates.noindex/Supabase.build/Debug-iphonesimulator/Functions.build/Objects-normal/arm64/Functions-Swift.h -working-directory /Users/jans./Downloads/meal.advisor/meal.advisor.ios/meal.advisor.ios/meal.advisor.ios/meal.advisor.ios.xcodeproj -experimental-emit-module-separately -disable-cmo

SwiftDriver Auth normal arm64 com.apple.xcode.tools.swift.compiler (in target 'Auth' from project 'Supabase')
    cd /Users/jans./Downloads/meal.advisor/meal.advisor.ios/meal.advisor.ios/meal.advisor.ios/meal.advisor.ios.xcodeproj
    builtin-SwiftDriver -- /Applications/Xcode.app/Contents/Developer/Toolchains/XcodeDefault.xctoolchain/usr/bin/swiftc -module-name Auth -Onone -enforce-exclusivity\=checked @/Users/jans./Library/Developer/Xcode/DerivedData/meal.advisor.ios-csaldjncgoleykghtkpncaypzmvo/Build/Intermediates.noindex/Supabase.build/Debug-iphonesimulator/Auth.build/Objects-normal/arm64/Auth.SwiftFileList -DSWIFT_PACKAGE -DDEBUG -DXcode -enable-upcoming-feature ExistentialAny -enable-experimental-feature StrictConcurrency -plugin-path /Applications/Xcode.app/Contents/Developer/Toolchains/XcodeDefault.xctoolchain/usr/lib/swift/host/plugins/testing -enable-experimental-feature DebugDescriptionMacro -sdk /Applications/Xcode.app/Contents/Developer/Platforms/iPhoneSimulator.platform/Developer/SDKs/iPhoneSimulator18.5.sdk -target arm64-apple-ios13.0-simulator -g -module-cache-path /Users/jans./Library/Developer/Xcode/DerivedData/ModuleCache.noindex -Xfrontend -serialize-debugging-options -enable-testing -suppress-warnings -index-store-path /Users/jans./Library/Developer/Xcode/DerivedData/meal.advisor.ios-csaldjncgoleykghtkpncaypzmvo/Index.noindex/DataStore -swift-version 5 -I /Users/jans./Library/Developer/Xcode/DerivedData/meal.advisor.ios-csaldjncgoleykghtkpncaypzmvo/Build/Products/Debug-iphonesimulator -I /Applications/Xcode.app/Contents/Developer/Platforms/iPhoneSimulator.platform/Developer/usr/lib -F /Users/jans./Library/Developer/Xcode/DerivedData/meal.advisor.ios-csaldjncgoleykghtkpncaypzmvo/Build/Products/Debug-iphonesimulator/PackageFrameworks -F /Users/jans./Library/Developer/Xcode/DerivedData/meal.advisor.ios-csaldjncgoleykghtkpncaypzmvo/Build/Products/Debug-iphonesimulator/PackageFrameworks -F /Users/jans./Library/Developer/Xcode/DerivedData/meal.advisor.ios-csaldjncgoleykghtkpncaypzmvo/Build/Products/Debug-iphonesimulator/PackageFrameworks -F /Users/jans./Library/Developer/Xcode/DerivedData/meal.advisor.ios-csaldjncgoleykghtkpncaypzmvo/Build/Products/Debug-iphonesimulator/PackageFrameworks -F /Users/jans./Library/Developer/Xcode/DerivedData/meal.advisor.ios-csaldjncgoleykghtkpncaypzmvo/Build/Products/Debug-iphonesimulator/PackageFrameworks -F /Users/jans./Library/Developer/Xcode/DerivedData/meal.advisor.ios-csaldjncgoleykghtkpncaypzmvo/Build/Products/Debug-iphonesimulator/PackageFrameworks -F /Users/jans./Library/Developer/Xcode/DerivedData/meal.advisor.ios-csaldjncgoleykghtkpncaypzmvo/Build/Products/Debug-iphonesimulator/PackageFrameworks -F /Users/jans./Library/Developer/Xcode/DerivedData/meal.advisor.ios-csaldjncgoleykghtkpncaypzmvo/Build/Products/Debug-iphonesimulator/PackageFrameworks -F /Users/jans./Library/Developer/Xcode/DerivedData/meal.advisor.ios-csaldjncgoleykghtkpncaypzmvo/Build/Products/Debug-iphonesimulator -F /Applications/Xcode.app/Contents/Developer/Platforms/iPhoneSimulator.platform/Developer/Library/Frameworks -F /Applications/Xcode.app/Contents/Developer/Platforms/iPhoneSimulator.platform/Developer/SDKs/iPhoneSimulator18.5.sdk/Developer/Library/Frameworks -c -j8 -enable-batch-mode -incremental -Xcc -ivfsstatcache -Xcc /Users/jans./Library/Developer/Xcode/DerivedData/SDKStatCaches.noindex/iphonesimulator18.5-22F76-d5fc8ad4295d2ef488fb7d0f804ce0c4.sdkstatcache -output-file-map /Users/jans./Library/Developer/Xcode/DerivedData/meal.advisor.ios-csaldjncgoleykghtkpncaypzmvo/Build/Intermediates.noindex/Supabase.build/Debug-iphonesimulator/Auth.build/Objects-normal/arm64/Auth-OutputFileMap.json -use-frontend-parseable-output -save-temps -no-color-diagnostics -serialize-diagnostics -emit-dependencies -emit-module -emit-module-path /Users/jans./Library/Developer/Xcode/DerivedData/meal.advisor.ios-csaldjncgoleykghtkpncaypzmvo/Build/Intermediates.noindex/Supabase.build/Debug-iphonesimulator/Auth.build/Objects-normal/arm64/Auth.swiftmodule -validate-clang-modules-once -clang-build-session-file /Users/jans./Library/Developer/Xcode/DerivedData/ModuleCache.noindex/Session.modulevalidation -package-name supabase_swift -Xcc -I/Users/jans./Library/Developer/Xcode/DerivedData/meal.advisor.ios-csaldjncgoleykghtkpncaypzmvo/Build/Intermediates.noindex/Supabase.build/Debug-iphonesimulator/Auth.build/swift-overrides.hmap -emit-const-values -Xfrontend -const-gather-protocols-file -Xfrontend /Users/jans./Library/Developer/Xcode/DerivedData/meal.advisor.ios-csaldjncgoleykghtkpncaypzmvo/Build/Intermediates.noindex/Supabase.build/Debug-iphonesimulator/Auth.build/Objects-normal/arm64/Auth_const_extract_protocols.json -Xcc -I/Users/jans./Library/Developer/Xcode/DerivedData/meal.advisor.ios-csaldjncgoleykghtkpncaypzmvo/Build/Products/Debug-iphonesimulator/include -Xcc -I/Users/jans./Library/Developer/Xcode/DerivedData/meal.advisor.ios-csaldjncgoleykghtkpncaypzmvo/Build/Intermediates.noindex/Supabase.build/Debug-iphonesimulator/Auth.build/DerivedSources-normal/arm64 -Xcc -I/Users/jans./Library/Developer/Xcode/DerivedData/meal.advisor.ios-csaldjncgoleykghtkpncaypzmvo/Build/Intermediates.noindex/Supabase.build/Debug-iphonesimulator/Auth.build/DerivedSources/arm64 -Xcc -I/Users/jans./Library/Developer/Xcode/DerivedData/meal.advisor.ios-csaldjncgoleykghtkpncaypzmvo/Build/Intermediates.noindex/Supabase.build/Debug-iphonesimulator/Auth.build/DerivedSources -Xcc -DSWIFT_PACKAGE -Xcc -DDEBUG\=1 -emit-objc-header -emit-objc-header-path /Users/jans./Library/Developer/Xcode/DerivedData/meal.advisor.ios-csaldjncgoleykghtkpncaypzmvo/Build/Intermediates.noindex/Supabase.build/Debug-iphonesimulator/Auth.build/Objects-normal/arm64/Auth-Swift.h -working-directory /Users/jans./Downloads/meal.advisor/meal.advisor.ios/meal.advisor.ios/meal.advisor.ios/meal.advisor.ios.xcodeproj -experimental-emit-module-separately -disable-cmo

SwiftEmitModule normal arm64 Emitting\ module\ for\ Functions (in target 'Functions' from project 'Supabase')

EmitSwiftModule normal arm64 (in target 'Functions' from project 'Supabase')
    cd /Users/jans./Downloads/meal.advisor/meal.advisor.ios/meal.advisor.ios/meal.advisor.ios/meal.advisor.ios.xcodeproj
    

SwiftEmitModule normal arm64 Emitting\ module\ for\ PostgREST (in target 'PostgREST' from project 'Supabase')

EmitSwiftModule normal arm64 (in target 'PostgREST' from project 'Supabase')
    cd /Users/jans./Downloads/meal.advisor/meal.advisor.ios/meal.advisor.ios/meal.advisor.ios/meal.advisor.ios.xcodeproj
    

SwiftEmitModule normal arm64 Emitting\ module\ for\ Storage (in target 'Storage' from project 'Supabase')
EmitSwiftModule normal arm64 (in target 'Storage' from project 'Supabase')
    cd /Users/jans./Downloads/meal.advisor/meal.advisor.ios/meal.advisor.ios/meal.advisor.ios/meal.advisor.ios.xcodeproj
    

PrecompileModule /Users/jans./Library/Developer/Xcode/DerivedData/meal.advisor.ios-csaldjncgoleykghtkpncaypzmvo/Build/Intermediates.noindex/ExplicitPrecompiledModules/Metal-2WLJ06JCHEKR9MOJMM6NIKTJ7.scan
    cd /Users/jans./Downloads/meal.advisor/meal.advisor.ios/meal.advisor.ios/meal.advisor.ios/meal.advisor.ios.xcodeproj
    builtin-precompileModule /Users/jans./Library/Developer/Xcode/DerivedData/meal.advisor.ios-csaldjncgoleykghtkpncaypzmvo/Build/Intermediates.noindex/ExplicitPrecompiledModules/Metal-2WLJ06JCHEKR9MOJMM6NIKTJ7.scan

SwiftEmitModule normal arm64 Emitting\ module\ for\ Realtime (in target 'Realtime' from project 'Supabase')
EmitSwiftModule normal arm64 (in target 'Realtime' from project 'Supabase')
    cd /Users/jans./Downloads/meal.advisor/meal.advisor.ios/meal.advisor.ios/meal.advisor.ios/meal.advisor.ios.xcodeproj
    

SwiftCompile normal arm64 Compiling\ Deprecated.swift,\ Exports.swift /Users/jans./Library/Developer/Xcode/DerivedData/meal.advisor.ios-csaldjncgoleykghtkpncaypzmvo/SourcePackages/checkouts/supabase-swift/Sources/Storage/Deprecated.swift /Users/jans./Library/Developer/Xcode/DerivedData/meal.advisor.ios-csaldjncgoleykghtkpncaypzmvo/SourcePackages/checkouts/supabase-swift/Sources/Storage/Exports.swift (in target 'Storage' from project 'Supabase')

SwiftCompile normal arm64 /Users/jans./Library/Developer/Xcode/DerivedData/meal.advisor.ios-csaldjncgoleykghtkpncaypzmvo/SourcePackages/checkouts/supabase-swift/Sources/Storage/Deprecated.swift (in target 'Storage' from project 'Supabase')
    cd /Users/jans./Downloads/meal.advisor/meal.advisor.ios/meal.advisor.ios/meal.advisor.ios/meal.advisor.ios.xcodeproj
    

SwiftCompile normal arm64 /Users/jans./Library/Developer/Xcode/DerivedData/meal.advisor.ios-csaldjncgoleykghtkpncaypzmvo/SourcePackages/checkouts/supabase-swift/Sources/Storage/Exports.swift (in target 'Storage' from project 'Supabase')
    cd /Users/jans./Downloads/meal.advisor/meal.advisor.ios/meal.advisor.ios/meal.advisor.ios/meal.advisor.ios.xcodeproj
    

SwiftDriverJobDiscovery normal arm64 Compiling RetryRequestInterceptor.swift, JWT.swift, OSLogSupabaseLogger.swift (in target 'Helpers' from project 'Supabase')

SwiftEmitModule normal arm64 Emitting\ module\ for\ Auth (in target 'Auth' from project 'Supabase')
EmitSwiftModule normal arm64 (in target 'Auth' from project 'Supabase')
    cd /Users/jans./Downloads/meal.advisor/meal.advisor.ios/meal.advisor.ios/meal.advisor.ios/meal.advisor.ios.xcodeproj
    

SwiftDriverJobDiscovery normal arm64 Compiling SupabaseLogger.swift, HTTPError.swift, PostgrestError.swift (in target 'Helpers' from project 'Supabase')

SwiftCompile normal arm64 Compiling\ StorageHTTPClient.swift,\ SupabaseStorage.swift /Users/jans./Library/Developer/Xcode/DerivedData/meal.advisor.ios-csaldjncgoleykghtkpncaypzmvo/SourcePackages/checkouts/supabase-swift/Sources/Storage/StorageHTTPClient.swift /Users/jans./Library/Developer/Xcode/DerivedData/meal.advisor.ios-csaldjncgoleykghtkpncaypzmvo/SourcePackages/checkouts/supabase-swift/Sources/Storage/SupabaseStorage.swift (in target 'Storage' from project 'Supabase')

SwiftCompile normal arm64 /Users/jans./Library/Developer/Xcode/DerivedData/meal.advisor.ios-csaldjncgoleykghtkpncaypzmvo/SourcePackages/checkouts/supabase-swift/Sources/Storage/StorageHTTPClient.swift (in target 'Storage' from project 'Supabase')
    cd /Users/jans./Downloads/meal.advisor/meal.advisor.ios/meal.advisor.ios/meal.advisor.ios/meal.advisor.ios.xcodeproj
    

SwiftCompile normal arm64 /Users/jans./Library/Developer/Xcode/DerivedData/meal.advisor.ios-csaldjncgoleykghtkpncaypzmvo/SourcePackages/checkouts/supabase-swift/Sources/Storage/SupabaseStorage.swift (in target 'Storage' from project 'Supabase')
    cd /Users/jans./Downloads/meal.advisor/meal.advisor.ios/meal.advisor.ios/meal.advisor.ios/meal.advisor.ios.xcodeproj
    

PrecompileModule /Users/jans./Library/Developer/Xcode/DerivedData/meal.advisor.ios-csaldjncgoleykghtkpncaypzmvo/Build/Intermediates.noindex/ExplicitPrecompiledModules/CoreVideo-XMF4JPF1WNWCVYNNZLXGHUR8.scan
    cd /Users/jans./Downloads/meal.advisor/meal.advisor.ios/meal.advisor.ios/meal.advisor.ios/meal.advisor.ios.xcodeproj
    builtin-precompileModule /Users/jans./Library/Developer/Xcode/DerivedData/meal.advisor.ios-csaldjncgoleykghtkpncaypzmvo/Build/Intermediates.noindex/ExplicitPrecompiledModules/CoreVideo-XMF4JPF1WNWCVYNNZLXGHUR8.scan

SwiftDriverJobDiscovery normal arm64 Emitting module for Functions (in target 'Functions' from project 'Supabase')

SwiftDriver\ Compilation\ Requirements Functions normal arm64 com.apple.xcode.tools.swift.compiler (in target 'Functions' from project 'Supabase')
    cd /Users/jans./Downloads/meal.advisor/meal.advisor.ios/meal.advisor.ios/meal.advisor.ios/meal.advisor.ios.xcodeproj
    builtin-Swift-Compilation-Requirements -- /Applications/Xcode.app/Contents/Developer/Toolchains/XcodeDefault.xctoolchain/usr/bin/swiftc -module-name Functions -Onone -enforce-exclusivity\=checked @/Users/jans./Library/Developer/Xcode/DerivedData/meal.advisor.ios-csaldjncgoleykghtkpncaypzmvo/Build/Intermediates.noindex/Supabase.build/Debug-iphonesimulator/Functions.build/Objects-normal/arm64/Functions.SwiftFileList -DSWIFT_PACKAGE -DDEBUG -DXcode -enable-upcoming-feature ExistentialAny -enable-experimental-feature StrictConcurrency -plugin-path /Applications/Xcode.app/Contents/Developer/Toolchains/XcodeDefault.xctoolchain/usr/lib/swift/host/plugins/testing -enable-experimental-feature DebugDescriptionMacro -sdk /Applications/Xcode.app/Contents/Developer/Platforms/iPhoneSimulator.platform/Developer/SDKs/iPhoneSimulator18.5.sdk -target arm64-apple-ios13.0-simulator -g -module-cache-path /Users/jans./Library/Developer/Xcode/DerivedData/ModuleCache.noindex -Xfrontend -serialize-debugging-options -enable-testing -suppress-warnings -index-store-path /Users/jans./Library/Developer/Xcode/DerivedData/meal.advisor.ios-csaldjncgoleykghtkpncaypzmvo/Index.noindex/DataStore -swift-version 5 -I /Users/jans./Library/Developer/Xcode/DerivedData/meal.advisor.ios-csaldjncgoleykghtkpncaypzmvo/Build/Products/Debug-iphonesimulator -I /Applications/Xcode.app/Contents/Developer/Platforms/iPhoneSimulator.platform/Developer/usr/lib -F /Users/jans./Library/Developer/Xcode/DerivedData/meal.advisor.ios-csaldjncgoleykghtkpncaypzmvo/Build/Products/Debug-iphonesimulator/PackageFrameworks -F /Users/jans./Library/Developer/Xcode/DerivedData/meal.advisor.ios-csaldjncgoleykghtkpncaypzmvo/Build/Products/Debug-iphonesimulator/PackageFrameworks -F /Users/jans./Library/Developer/Xcode/DerivedData/meal.advisor.ios-csaldjncgoleykghtkpncaypzmvo/Build/Products/Debug-iphonesimulator/PackageFrameworks -F /Users/jans./Library/Developer/Xcode/DerivedData/meal.advisor.ios-csaldjncgoleykghtkpncaypzmvo/Build/Products/Debug-iphonesimulator/PackageFrameworks -F /Users/jans./Library/Developer/Xcode/DerivedData/meal.advisor.ios-csaldjncgoleykghtkpncaypzmvo/Build/Products/Debug-iphonesimulator/PackageFrameworks -F /Users/jans./Library/Developer/Xcode/DerivedData/meal.advisor.ios-csaldjncgoleykghtkpncaypzmvo/Build/Products/Debug-iphonesimulator/PackageFrameworks -F /Users/jans./Library/Developer/Xcode/DerivedData/meal.advisor.ios-csaldjncgoleykghtkpncaypzmvo/Build/Products/Debug-iphonesimulator/PackageFrameworks -F /Users/jans./Library/Developer/Xcode/DerivedData/meal.advisor.ios-csaldjncgoleykghtkpncaypzmvo/Build/Products/Debug-iphonesimulator -F /Applications/Xcode.app/Contents/Developer/Platforms/iPhoneSimulator.platform/Developer/Library/Frameworks -F /Applications/Xcode.app/Contents/Developer/Platforms/iPhoneSimulator.platform/Developer/SDKs/iPhoneSimulator18.5.sdk/Developer/Library/Frameworks -c -j8 -enable-batch-mode -incremental -Xcc -ivfsstatcache -Xcc /Users/jans./Library/Developer/Xcode/DerivedData/SDKStatCaches.noindex/iphonesimulator18.5-22F76-d5fc8ad4295d2ef488fb7d0f804ce0c4.sdkstatcache -output-file-map /Users/jans./Library/Developer/Xcode/DerivedData/meal.advisor.ios-csaldjncgoleykghtkpncaypzmvo/Build/Intermediates.noindex/Supabase.build/Debug-iphonesimulator/Functions.build/Objects-normal/arm64/Functions-OutputFileMap.json -use-frontend-parseable-output -save-temps -no-color-diagnostics -serialize-diagnostics -emit-dependencies -emit-module -emit-module-path /Users/jans./Library/Developer/Xcode/DerivedData/meal.advisor.ios-csaldjncgoleykghtkpncaypzmvo/Build/Intermediates.noindex/Supabase.build/Debug-iphonesimulator/Functions.build/Objects-normal/arm64/Functions.swiftmodule -validate-clang-modules-once -clang-build-session-file /Users/jans./Library/Developer/Xcode/DerivedData/ModuleCache.noindex/Session.modulevalidation -package-name supabase_swift -Xcc -I/Users/jans./Library/Developer/Xcode/DerivedData/meal.advisor.ios-csaldjncgoleykghtkpncaypzmvo/Build/Intermediates.noindex/Supabase.build/Debug-iphonesimulator/Functions.build/swift-overrides.hmap -emit-const-values -Xfrontend -const-gather-protocols-file -Xfrontend /Users/jans./Library/Developer/Xcode/DerivedData/meal.advisor.ios-csaldjncgoleykghtkpncaypzmvo/Build/Intermediates.noindex/Supabase.build/Debug-iphonesimulator/Functions.build/Objects-normal/arm64/Functions_const_extract_protocols.json -Xcc -I/Users/jans./Library/Developer/Xcode/DerivedData/meal.advisor.ios-csaldjncgoleykghtkpncaypzmvo/Build/Products/Debug-iphonesimulator/include -Xcc -I/Users/jans./Library/Developer/Xcode/DerivedData/meal.advisor.ios-csaldjncgoleykghtkpncaypzmvo/Build/Intermediates.noindex/Supabase.build/Debug-iphonesimulator/Functions.build/DerivedSources-normal/arm64 -Xcc -I/Users/jans./Library/Developer/Xcode/DerivedData/meal.advisor.ios-csaldjncgoleykghtkpncaypzmvo/Build/Intermediates.noindex/Supabase.build/Debug-iphonesimulator/Functions.build/DerivedSources/arm64 -Xcc -I/Users/jans./Library/Developer/Xcode/DerivedData/meal.advisor.ios-csaldjncgoleykghtkpncaypzmvo/Build/Intermediates.noindex/Supabase.build/Debug-iphonesimulator/Functions.build/DerivedSources -Xcc -DSWIFT_PACKAGE -Xcc -DDEBUG\=1 -emit-objc-header -emit-objc-header-path /Users/jans./Library/Developer/Xcode/DerivedData/meal.advisor.ios-csaldjncgoleykghtkpncaypzmvo/Build/Intermediates.noindex/Supabase.build/Debug-iphonesimulator/Functions.build/Objects-normal/arm64/Functions-Swift.h -working-directory /Users/jans./Downloads/meal.advisor/meal.advisor.ios/meal.advisor.ios/meal.advisor.ios/meal.advisor.ios.xcodeproj -experimental-emit-module-separately -disable-cmo

SwiftDriverJobDiscovery normal arm64 Emitting module for PostgREST (in target 'PostgREST' from project 'Supabase')

SwiftCompile normal arm64 Compiling\ BucketOptions.swift,\ Codable.swift /Users/jans./Library/Developer/Xcode/DerivedData/meal.advisor.ios-csaldjncgoleykghtkpncaypzmvo/SourcePackages/checkouts/supabase-swift/Sources/Storage/BucketOptions.swift /Users/jans./Library/Developer/Xcode/DerivedData/meal.advisor.ios-csaldjncgoleykghtkpncaypzmvo/SourcePackages/checkouts/supabase-swift/Sources/Storage/Codable.swift (in target 'Storage' from project 'Supabase')

SwiftCompile normal arm64 /Users/jans./Library/Developer/Xcode/DerivedData/meal.advisor.ios-csaldjncgoleykghtkpncaypzmvo/SourcePackages/checkouts/supabase-swift/Sources/Storage/BucketOptions.swift (in target 'Storage' from project 'Supabase')
    cd /Users/jans./Downloads/meal.advisor/meal.advisor.ios/meal.advisor.ios/meal.advisor.ios/meal.advisor.ios.xcodeproj
    

SwiftCompile normal arm64 /Users/jans./Library/Developer/Xcode/DerivedData/meal.advisor.ios-csaldjncgoleykghtkpncaypzmvo/SourcePackages/checkouts/supabase-swift/Sources/Storage/Codable.swift (in target 'Storage' from project 'Supabase')
    cd /Users/jans./Downloads/meal.advisor/meal.advisor.ios/meal.advisor.ios/meal.advisor.ios/meal.advisor.ios.xcodeproj
    

SwiftDriver\ Compilation\ Requirements PostgREST normal arm64 com.apple.xcode.tools.swift.compiler (in target 'PostgREST' from project 'Supabase')
    cd /Users/jans./Downloads/meal.advisor/meal.advisor.ios/meal.advisor.ios/meal.advisor.ios/meal.advisor.ios.xcodeproj
    builtin-Swift-Compilation-Requirements -- /Applications/Xcode.app/Contents/Developer/Toolchains/XcodeDefault.xctoolchain/usr/bin/swiftc -module-name PostgREST -Onone -enforce-exclusivity\=checked @/Users/jans./Library/Developer/Xcode/DerivedData/meal.advisor.ios-csaldjncgoleykghtkpncaypzmvo/Build/Intermediates.noindex/Supabase.build/Debug-iphonesimulator/PostgREST.build/Objects-normal/arm64/PostgREST.SwiftFileList -DSWIFT_PACKAGE -DDEBUG -DXcode -enable-upcoming-feature ExistentialAny -enable-experimental-feature StrictConcurrency -plugin-path /Applications/Xcode.app/Contents/Developer/Toolchains/XcodeDefault.xctoolchain/usr/lib/swift/host/plugins/testing -enable-experimental-feature DebugDescriptionMacro -sdk /Applications/Xcode.app/Contents/Developer/Platforms/iPhoneSimulator.platform/Developer/SDKs/iPhoneSimulator18.5.sdk -target arm64-apple-ios13.0-simulator -g -module-cache-path /Users/jans./Library/Developer/Xcode/DerivedData/ModuleCache.noindex -Xfrontend -serialize-debugging-options -enable-testing -suppress-warnings -index-store-path /Users/jans./Library/Developer/Xcode/DerivedData/meal.advisor.ios-csaldjncgoleykghtkpncaypzmvo/Index.noindex/DataStore -swift-version 5 -I /Users/jans./Library/Developer/Xcode/DerivedData/meal.advisor.ios-csaldjncgoleykghtkpncaypzmvo/Build/Products/Debug-iphonesimulator -I /Applications/Xcode.app/Contents/Developer/Platforms/iPhoneSimulator.platform/Developer/usr/lib -F /Users/jans./Library/Developer/Xcode/DerivedData/meal.advisor.ios-csaldjncgoleykghtkpncaypzmvo/Build/Products/Debug-iphonesimulator/PackageFrameworks -F /Users/jans./Library/Developer/Xcode/DerivedData/meal.advisor.ios-csaldjncgoleykghtkpncaypzmvo/Build/Products/Debug-iphonesimulator/PackageFrameworks -F /Users/jans./Library/Developer/Xcode/DerivedData/meal.advisor.ios-csaldjncgoleykghtkpncaypzmvo/Build/Products/Debug-iphonesimulator/PackageFrameworks -F /Users/jans./Library/Developer/Xcode/DerivedData/meal.advisor.ios-csaldjncgoleykghtkpncaypzmvo/Build/Products/Debug-iphonesimulator/PackageFrameworks -F /Users/jans./Library/Developer/Xcode/DerivedData/meal.advisor.ios-csaldjncgoleykghtkpncaypzmvo/Build/Products/Debug-iphonesimulator/PackageFrameworks -F /Users/jans./Library/Developer/Xcode/DerivedData/meal.advisor.ios-csaldjncgoleykghtkpncaypzmvo/Build/Products/Debug-iphonesimulator/PackageFrameworks -F /Users/jans./Library/Developer/Xcode/DerivedData/meal.advisor.ios-csaldjncgoleykghtkpncaypzmvo/Build/Products/Debug-iphonesimulator/PackageFrameworks -F /Users/jans./Library/Developer/Xcode/DerivedData/meal.advisor.ios-csaldjncgoleykghtkpncaypzmvo/Build/Products/Debug-iphonesimulator -F /Applications/Xcode.app/Contents/Developer/Platforms/iPhoneSimulator.platform/Developer/Library/Frameworks -F /Applications/Xcode.app/Contents/Developer/Platforms/iPhoneSimulator.platform/Developer/SDKs/iPhoneSimulator18.5.sdk/Developer/Library/Frameworks -c -j8 -enable-batch-mode -incremental -Xcc -ivfsstatcache -Xcc /Users/jans./Library/Developer/Xcode/DerivedData/SDKStatCaches.noindex/iphonesimulator18.5-22F76-d5fc8ad4295d2ef488fb7d0f804ce0c4.sdkstatcache -output-file-map /Users/jans./Library/Developer/Xcode/DerivedData/meal.advisor.ios-csaldjncgoleykghtkpncaypzmvo/Build/Intermediates.noindex/Supabase.build/Debug-iphonesimulator/PostgREST.build/Objects-normal/arm64/PostgREST-OutputFileMap.json -use-frontend-parseable-output -save-temps -no-color-diagnostics -serialize-diagnostics -emit-dependencies -emit-module -emit-module-path /Users/jans./Library/Developer/Xcode/DerivedData/meal.advisor.ios-csaldjncgoleykghtkpncaypzmvo/Build/Intermediates.noindex/Supabase.build/Debug-iphonesimulator/PostgREST.build/Objects-normal/arm64/PostgREST.swiftmodule -validate-clang-modules-once -clang-build-session-file /Users/jans./Library/Developer/Xcode/DerivedData/ModuleCache.noindex/Session.modulevalidation -package-name supabase_swift -Xcc -I/Users/jans./Library/Developer/Xcode/DerivedData/meal.advisor.ios-csaldjncgoleykghtkpncaypzmvo/Build/Intermediates.noindex/Supabase.build/Debug-iphonesimulator/PostgREST.build/swift-overrides.hmap -emit-const-values -Xfrontend -const-gather-protocols-file -Xfrontend /Users/jans./Library/Developer/Xcode/DerivedData/meal.advisor.ios-csaldjncgoleykghtkpncaypzmvo/Build/Intermediates.noindex/Supabase.build/Debug-iphonesimulator/PostgREST.build/Objects-normal/arm64/PostgREST_const_extract_protocols.json -Xcc -I/Users/jans./Library/Developer/Xcode/DerivedData/meal.advisor.ios-csaldjncgoleykghtkpncaypzmvo/Build/Products/Debug-iphonesimulator/include -Xcc -I/Users/jans./Library/Developer/Xcode/DerivedData/meal.advisor.ios-csaldjncgoleykghtkpncaypzmvo/Build/Intermediates.noindex/Supabase.build/Debug-iphonesimulator/PostgREST.build/DerivedSources-normal/arm64 -Xcc -I/Users/jans./Library/Developer/Xcode/DerivedData/meal.advisor.ios-csaldjncgoleykghtkpncaypzmvo/Build/Intermediates.noindex/Supabase.build/Debug-iphonesimulator/PostgREST.build/DerivedSources/arm64 -Xcc -I/Users/jans./Library/Developer/Xcode/DerivedData/meal.advisor.ios-csaldjncgoleykghtkpncaypzmvo/Build/Intermediates.noindex/Supabase.build/Debug-iphonesimulator/PostgREST.build/DerivedSources -Xcc -DSWIFT_PACKAGE -Xcc -DDEBUG\=1 -emit-objc-header -emit-objc-header-path /Users/jans./Library/Developer/Xcode/DerivedData/meal.advisor.ios-csaldjncgoleykghtkpncaypzmvo/Build/Intermediates.noindex/Supabase.build/Debug-iphonesimulator/PostgREST.build/Objects-normal/arm64/PostgREST-Swift.h -working-directory /Users/jans./Downloads/meal.advisor/meal.advisor.ios/meal.advisor.ios/meal.advisor.ios/meal.advisor.ios.xcodeproj -experimental-emit-module-separately -disable-cmo

SwiftDriverJobDiscovery normal arm64 Compiling AnyJSON+Codable.swift, AnyJSON.swift, AsyncValueSubject.swift (in target 'Helpers' from project 'Supabase')

SwiftMergeGeneratedHeaders /Users/jans./Library/Developer/Xcode/DerivedData/meal.advisor.ios-csaldjncgoleykghtkpncaypzmvo/Build/Intermediates.noindex/GeneratedModuleMaps-iphonesimulator/Functions-Swift.h /Users/jans./Library/Developer/Xcode/DerivedData/meal.advisor.ios-csaldjncgoleykghtkpncaypzmvo/Build/Intermediates.noindex/Supabase.build/Debug-iphonesimulator/Functions.build/Objects-normal/arm64/Functions-Swift.h (in target 'Functions' from project 'Supabase')
    cd /Users/jans./Library/Developer/Xcode/DerivedData/meal.advisor.ios-csaldjncgoleykghtkpncaypzmvo/SourcePackages/checkouts/supabase-swift
    builtin-swiftHeaderTool -arch arm64 /Users/jans./Library/Developer/Xcode/DerivedData/meal.advisor.ios-csaldjncgoleykghtkpncaypzmvo/Build/Intermediates.noindex/Supabase.build/Debug-iphonesimulator/Functions.build/Objects-normal/arm64/Functions-Swift.h -o /Users/jans./Library/Developer/Xcode/DerivedData/meal.advisor.ios-csaldjncgoleykghtkpncaypzmvo/Build/Intermediates.noindex/GeneratedModuleMaps-iphonesimulator/Functions-Swift.h

Copy /Users/jans./Library/Developer/Xcode/DerivedData/meal.advisor.ios-csaldjncgoleykghtkpncaypzmvo/Build/Products/Debug-iphonesimulator/Functions.swiftmodule/arm64-apple-ios-simulator.swiftmodule /Users/jans./Library/Developer/Xcode/DerivedData/meal.advisor.ios-csaldjncgoleykghtkpncaypzmvo/Build/Intermediates.noindex/Supabase.build/Debug-iphonesimulator/Functions.build/Objects-normal/arm64/Functions.swiftmodule (in target 'Functions' from project 'Supabase')
    cd /Users/jans./Library/Developer/Xcode/DerivedData/meal.advisor.ios-csaldjncgoleykghtkpncaypzmvo/SourcePackages/checkouts/supabase-swift
    builtin-copy -exclude .DS_Store -exclude CVS -exclude .svn -exclude .git -exclude .hg -resolve-src-symlinks -rename /Users/jans./Library/Developer/Xcode/DerivedData/meal.advisor.ios-csaldjncgoleykghtkpncaypzmvo/Build/Intermediates.noindex/Supabase.build/Debug-iphonesimulator/Functions.build/Objects-normal/arm64/Functions.swiftmodule /Users/jans./Library/Developer/Xcode/DerivedData/meal.advisor.ios-csaldjncgoleykghtkpncaypzmvo/Build/Products/Debug-iphonesimulator/Functions.swiftmodule/arm64-apple-ios-simulator.swiftmodule

Copy /Users/jans./Library/Developer/Xcode/DerivedData/meal.advisor.ios-csaldjncgoleykghtkpncaypzmvo/Build/Products/Debug-iphonesimulator/Functions.swiftmodule/arm64-apple-ios-simulator.swiftdoc /Users/jans./Library/Developer/Xcode/DerivedData/meal.advisor.ios-csaldjncgoleykghtkpncaypzmvo/Build/Intermediates.noindex/Supabase.build/Debug-iphonesimulator/Functions.build/Objects-normal/arm64/Functions.swiftdoc (in target 'Functions' from project 'Supabase')
    cd /Users/jans./Library/Developer/Xcode/DerivedData/meal.advisor.ios-csaldjncgoleykghtkpncaypzmvo/SourcePackages/checkouts/supabase-swift
    builtin-copy -exclude .DS_Store -exclude CVS -exclude .svn -exclude .git -exclude .hg -resolve-src-symlinks -rename /Users/jans./Library/Developer/Xcode/DerivedData/meal.advisor.ios-csaldjncgoleykghtkpncaypzmvo/Build/Intermediates.noindex/Supabase.build/Debug-iphonesimulator/Functions.build/Objects-normal/arm64/Functions.swiftdoc /Users/jans./Library/Developer/Xcode/DerivedData/meal.advisor.ios-csaldjncgoleykghtkpncaypzmvo/Build/Products/Debug-iphonesimulator/Functions.swiftmodule/arm64-apple-ios-simulator.swiftdoc

SwiftMergeGeneratedHeaders /Users/jans./Library/Developer/Xcode/DerivedData/meal.advisor.ios-csaldjncgoleykghtkpncaypzmvo/Build/Intermediates.noindex/GeneratedModuleMaps-iphonesimulator/PostgREST-Swift.h /Users/jans./Library/Developer/Xcode/DerivedData/meal.advisor.ios-csaldjncgoleykghtkpncaypzmvo/Build/Intermediates.noindex/Supabase.build/Debug-iphonesimulator/PostgREST.build/Objects-normal/arm64/PostgREST-Swift.h (in target 'PostgREST' from project 'Supabase')
    cd /Users/jans./Library/Developer/Xcode/DerivedData/meal.advisor.ios-csaldjncgoleykghtkpncaypzmvo/SourcePackages/checkouts/supabase-swift
    builtin-swiftHeaderTool -arch arm64 /Users/jans./Library/Developer/Xcode/DerivedData/meal.advisor.ios-csaldjncgoleykghtkpncaypzmvo/Build/Intermediates.noindex/Supabase.build/Debug-iphonesimulator/PostgREST.build/Objects-normal/arm64/PostgREST-Swift.h -o /Users/jans./Library/Developer/Xcode/DerivedData/meal.advisor.ios-csaldjncgoleykghtkpncaypzmvo/Build/Intermediates.noindex/GeneratedModuleMaps-iphonesimulator/PostgREST-Swift.h

Copy /Users/jans./Library/Developer/Xcode/DerivedData/meal.advisor.ios-csaldjncgoleykghtkpncaypzmvo/Build/Products/Debug-iphonesimulator/PostgREST.swiftmodule/arm64-apple-ios-simulator.swiftmodule /Users/jans./Library/Developer/Xcode/DerivedData/meal.advisor.ios-csaldjncgoleykghtkpncaypzmvo/Build/Intermediates.noindex/Supabase.build/Debug-iphonesimulator/PostgREST.build/Objects-normal/arm64/PostgREST.swiftmodule (in target 'PostgREST' from project 'Supabase')
    cd /Users/jans./Library/Developer/Xcode/DerivedData/meal.advisor.ios-csaldjncgoleykghtkpncaypzmvo/SourcePackages/checkouts/supabase-swift
    builtin-copy -exclude .DS_Store -exclude CVS -exclude .svn -exclude .git -exclude .hg -resolve-src-symlinks -rename /Users/jans./Library/Developer/Xcode/DerivedData/meal.advisor.ios-csaldjncgoleykghtkpncaypzmvo/Build/Intermediates.noindex/Supabase.build/Debug-iphonesimulator/PostgREST.build/Objects-normal/arm64/PostgREST.swiftmodule /Users/jans./Library/Developer/Xcode/DerivedData/meal.advisor.ios-csaldjncgoleykghtkpncaypzmvo/Build/Products/Debug-iphonesimulator/PostgREST.swiftmodule/arm64-apple-ios-simulator.swiftmodule

Copy /Users/jans./Library/Developer/Xcode/DerivedData/meal.advisor.ios-csaldjncgoleykghtkpncaypzmvo/Build/Products/Debug-iphonesimulator/PostgREST.swiftmodule/arm64-apple-ios-simulator.swiftdoc /Users/jans./Library/Developer/Xcode/DerivedData/meal.advisor.ios-csaldjncgoleykghtkpncaypzmvo/Build/Intermediates.noindex/Supabase.build/Debug-iphonesimulator/PostgREST.build/Objects-normal/arm64/PostgREST.swiftdoc (in target 'PostgREST' from project 'Supabase')
    cd /Users/jans./Library/Developer/Xcode/DerivedData/meal.advisor.ios-csaldjncgoleykghtkpncaypzmvo/SourcePackages/checkouts/supabase-swift
    builtin-copy -exclude .DS_Store -exclude CVS -exclude .svn -exclude .git -exclude .hg -resolve-src-symlinks -rename /Users/jans./Library/Developer/Xcode/DerivedData/meal.advisor.ios-csaldjncgoleykghtkpncaypzmvo/Build/Intermediates.noindex/Supabase.build/Debug-iphonesimulator/PostgREST.build/Objects-normal/arm64/PostgREST.swiftdoc /Users/jans./Library/Developer/Xcode/DerivedData/meal.advisor.ios-csaldjncgoleykghtkpncaypzmvo/Build/Products/Debug-iphonesimulator/PostgREST.swiftmodule/arm64-apple-ios-simulator.swiftdoc

Copy /Users/jans./Library/Developer/Xcode/DerivedData/meal.advisor.ios-csaldjncgoleykghtkpncaypzmvo/Build/Products/Debug-iphonesimulator/PostgREST.swiftmodule/arm64-apple-ios-simulator.abi.json /Users/jans./Library/Developer/Xcode/DerivedData/meal.advisor.ios-csaldjncgoleykghtkpncaypzmvo/Build/Intermediates.noindex/Supabase.build/Debug-iphonesimulator/PostgREST.build/Objects-normal/arm64/PostgREST.abi.json (in target 'PostgREST' from project 'Supabase')
    cd /Users/jans./Library/Developer/Xcode/DerivedData/meal.advisor.ios-csaldjncgoleykghtkpncaypzmvo/SourcePackages/checkouts/supabase-swift
    builtin-copy -exclude .DS_Store -exclude CVS -exclude .svn -exclude .git -exclude .hg -resolve-src-symlinks -rename /Users/jans./Library/Developer/Xcode/DerivedData/meal.advisor.ios-csaldjncgoleykghtkpncaypzmvo/Build/Intermediates.noindex/Supabase.build/Debug-iphonesimulator/PostgREST.build/Objects-normal/arm64/PostgREST.abi.json /Users/jans./Library/Developer/Xcode/DerivedData/meal.advisor.ios-csaldjncgoleykghtkpncaypzmvo/Build/Products/Debug-iphonesimulator/PostgREST.swiftmodule/arm64-apple-ios-simulator.abi.json

Copy /Users/jans./Library/Developer/Xcode/DerivedData/meal.advisor.ios-csaldjncgoleykghtkpncaypzmvo/Build/Products/Debug-iphonesimulator/PostgREST.swiftmodule/Project/arm64-apple-ios-simulator.swiftsourceinfo /Users/jans./Library/Developer/Xcode/DerivedData/meal.advisor.ios-csaldjncgoleykghtkpncaypzmvo/Build/Intermediates.noindex/Supabase.build/Debug-iphonesimulator/PostgREST.build/Objects-normal/arm64/PostgREST.swiftsourceinfo (in target 'PostgREST' from project 'Supabase')
    cd /Users/jans./Library/Developer/Xcode/DerivedData/meal.advisor.ios-csaldjncgoleykghtkpncaypzmvo/SourcePackages/checkouts/supabase-swift
    builtin-copy -exclude .DS_Store -exclude CVS -exclude .svn -exclude .git -exclude .hg -resolve-src-symlinks -rename /Users/jans./Library/Developer/Xcode/DerivedData/meal.advisor.ios-csaldjncgoleykghtkpncaypzmvo/Build/Intermediates.noindex/Supabase.build/Debug-iphonesimulator/PostgREST.build/Objects-normal/arm64/PostgREST.swiftsourceinfo /Users/jans./Library/Developer/Xcode/DerivedData/meal.advisor.ios-csaldjncgoleykghtkpncaypzmvo/Build/Products/Debug-iphonesimulator/PostgREST.swiftmodule/Project/arm64-apple-ios-simulator.swiftsourceinfo

Copy /Users/jans./Library/Developer/Xcode/DerivedData/meal.advisor.ios-csaldjncgoleykghtkpncaypzmvo/Build/Products/Debug-iphonesimulator/Functions.swiftmodule/arm64-apple-ios-simulator.abi.json /Users/jans./Library/Developer/Xcode/DerivedData/meal.advisor.ios-csaldjncgoleykghtkpncaypzmvo/Build/Intermediates.noindex/Supabase.build/Debug-iphonesimulator/Functions.build/Objects-normal/arm64/Functions.abi.json (in target 'Functions' from project 'Supabase')
    cd /Users/jans./Library/Developer/Xcode/DerivedData/meal.advisor.ios-csaldjncgoleykghtkpncaypzmvo/SourcePackages/checkouts/supabase-swift
    builtin-copy -exclude .DS_Store -exclude CVS -exclude .svn -exclude .git -exclude .hg -resolve-src-symlinks -rename /Users/jans./Library/Developer/Xcode/DerivedData/meal.advisor.ios-csaldjncgoleykghtkpncaypzmvo/Build/Intermediates.noindex/Supabase.build/Debug-iphonesimulator/Functions.build/Objects-normal/arm64/Functions.abi.json /Users/jans./Library/Developer/Xcode/DerivedData/meal.advisor.ios-csaldjncgoleykghtkpncaypzmvo/Build/Products/Debug-iphonesimulator/Functions.swiftmodule/arm64-apple-ios-simulator.abi.json

Copy /Users/jans./Library/Developer/Xcode/DerivedData/meal.advisor.ios-csaldjncgoleykghtkpncaypzmvo/Build/Products/Debug-iphonesimulator/Functions.swiftmodule/Project/arm64-apple-ios-simulator.swiftsourceinfo /Users/jans./Library/Developer/Xcode/DerivedData/meal.advisor.ios-csaldjncgoleykghtkpncaypzmvo/Build/Intermediates.noindex/Supabase.build/Debug-iphonesimulator/Functions.build/Objects-normal/arm64/Functions.swiftsourceinfo (in target 'Functions' from project 'Supabase')
    cd /Users/jans./Library/Developer/Xcode/DerivedData/meal.advisor.ios-csaldjncgoleykghtkpncaypzmvo/SourcePackages/checkouts/supabase-swift
    builtin-copy -exclude .DS_Store -exclude CVS -exclude .svn -exclude .git -exclude .hg -resolve-src-symlinks -rename /Users/jans./Library/Developer/Xcode/DerivedData/meal.advisor.ios-csaldjncgoleykghtkpncaypzmvo/Build/Intermediates.noindex/Supabase.build/Debug-iphonesimulator/Functions.build/Objects-normal/arm64/Functions.swiftsourceinfo /Users/jans./Library/Developer/Xcode/DerivedData/meal.advisor.ios-csaldjncgoleykghtkpncaypzmvo/Build/Products/Debug-iphonesimulator/Functions.swiftmodule/Project/arm64-apple-ios-simulator.swiftsourceinfo

PrecompileModule /Users/jans./Library/Developer/Xcode/DerivedData/meal.advisor.ios-csaldjncgoleykghtkpncaypzmvo/Build/Intermediates.noindex/ExplicitPrecompiledModules/CoreImage-7639DDFKQOK9H72NEPR246OD3.scan
    cd /Users/jans./Downloads/meal.advisor/meal.advisor.ios/meal.advisor.ios/meal.advisor.ios/meal.advisor.ios.xcodeproj
    builtin-precompileModule /Users/jans./Library/Developer/Xcode/DerivedData/meal.advisor.ios-csaldjncgoleykghtkpncaypzmvo/Build/Intermediates.noindex/ExplicitPrecompiledModules/CoreImage-7639DDFKQOK9H72NEPR246OD3.scan

PrecompileModule /Users/jans./Library/Developer/Xcode/DerivedData/meal.advisor.ios-csaldjncgoleykghtkpncaypzmvo/Build/Intermediates.noindex/ExplicitPrecompiledModules/QuartzCore-1SD1CTI61USJ07Q19FX6R9PLV.scan
    cd /Users/jans./Downloads/meal.advisor/meal.advisor.ios/meal.advisor.ios/meal.advisor.ios/meal.advisor.ios.xcodeproj
    builtin-precompileModule /Users/jans./Library/Developer/Xcode/DerivedData/meal.advisor.ios-csaldjncgoleykghtkpncaypzmvo/Build/Intermediates.noindex/ExplicitPrecompiledModules/QuartzCore-1SD1CTI61USJ07Q19FX6R9PLV.scan

SwiftCompile normal arm64 Compiling\ Helpers.swift,\ MultipartFormData.swift /Users/jans./Library/Developer/Xcode/DerivedData/meal.advisor.ios-csaldjncgoleykghtkpncaypzmvo/SourcePackages/checkouts/supabase-swift/Sources/Storage/Helpers.swift /Users/jans./Library/Developer/Xcode/DerivedData/meal.advisor.ios-csaldjncgoleykghtkpncaypzmvo/SourcePackages/checkouts/supabase-swift/Sources/Storage/MultipartFormData.swift (in target 'Storage' from project 'Supabase')
SwiftCompile normal arm64 /Users/jans./Library/Developer/Xcode/DerivedData/meal.advisor.ios-csaldjncgoleykghtkpncaypzmvo/SourcePackages/checkouts/supabase-swift/Sources/Storage/Helpers.swift (in target 'Storage' from project 'Supabase')
    cd /Users/jans./Downloads/meal.advisor/meal.advisor.ios/meal.advisor.ios/meal.advisor.ios/meal.advisor.ios.xcodeproj
    

SwiftCompile normal arm64 /Users/jans./Library/Developer/Xcode/DerivedData/meal.advisor.ios-csaldjncgoleykghtkpncaypzmvo/SourcePackages/checkouts/supabase-swift/Sources/Storage/MultipartFormData.swift (in target 'Storage' from project 'Supabase')
    cd /Users/jans./Downloads/meal.advisor/meal.advisor.ios/meal.advisor.ios/meal.advisor.ios/meal.advisor.ios.xcodeproj
    

SwiftCompile normal arm64 Compiling\ TransformOptions.swift /Users/jans./Library/Developer/Xcode/DerivedData/meal.advisor.ios-csaldjncgoleykghtkpncaypzmvo/SourcePackages/checkouts/supabase-swift/Sources/Storage/TransformOptions.swift (in target 'Storage' from project 'Supabase')

SwiftCompile normal arm64 /Users/jans./Library/Developer/Xcode/DerivedData/meal.advisor.ios-csaldjncgoleykghtkpncaypzmvo/SourcePackages/checkouts/supabase-swift/Sources/Storage/TransformOptions.swift (in target 'Storage' from project 'Supabase')
    cd /Users/jans./Downloads/meal.advisor/meal.advisor.ios/meal.advisor.ios/meal.advisor.ios/meal.advisor.ios.xcodeproj
    

PrecompileModule /Users/jans./Library/Developer/Xcode/DerivedData/meal.advisor.ios-csaldjncgoleykghtkpncaypzmvo/Build/Intermediates.noindex/ExplicitPrecompiledModules/UIKit-6L3IDMZ1K0A2TT27M6I6BDTCB.scan
    cd /Users/jans./Downloads/meal.advisor/meal.advisor.ios/meal.advisor.ios/meal.advisor.ios/meal.advisor.ios.xcodeproj
    builtin-precompileModule /Users/jans./Library/Developer/Xcode/DerivedData/meal.advisor.ios-csaldjncgoleykghtkpncaypzmvo/Build/Intermediates.noindex/ExplicitPrecompiledModules/UIKit-6L3IDMZ1K0A2TT27M6I6BDTCB.scan

SwiftDriverJobDiscovery normal arm64 Compiling Deprecated.swift, Exports.swift (in target 'Storage' from project 'Supabase')

SwiftCompile normal arm64 Compiling\ StorageError.swift,\ StorageFileApi.swift /Users/jans./Library/Developer/Xcode/DerivedData/meal.advisor.ios-csaldjncgoleykghtkpncaypzmvo/SourcePackages/checkouts/supabase-swift/Sources/Storage/StorageError.swift /Users/jans./Library/Developer/Xcode/DerivedData/meal.advisor.ios-csaldjncgoleykghtkpncaypzmvo/SourcePackages/checkouts/supabase-swift/Sources/Storage/StorageFileApi.swift (in target 'Storage' from project 'Supabase')
SwiftCompile normal arm64 /Users/jans./Library/Developer/Xcode/DerivedData/meal.advisor.ios-csaldjncgoleykghtkpncaypzmvo/SourcePackages/checkouts/supabase-swift/Sources/Storage/StorageError.swift (in target 'Storage' from project 'Supabase')
    cd /Users/jans./Downloads/meal.advisor/meal.advisor.ios/meal.advisor.ios/meal.advisor.ios/meal.advisor.ios.xcodeproj
    

SwiftCompile normal arm64 /Users/jans./Library/Developer/Xcode/DerivedData/meal.advisor.ios-csaldjncgoleykghtkpncaypzmvo/SourcePackages/checkouts/supabase-swift/Sources/Storage/StorageFileApi.swift (in target 'Storage' from project 'Supabase')
    cd /Users/jans./Downloads/meal.advisor/meal.advisor.ios/meal.advisor.ios/meal.advisor.ios/meal.advisor.ios.xcodeproj
    

SwiftDriverJobDiscovery normal arm64 Emitting module for Storage (in target 'Storage' from project 'Supabase')

SwiftDriver\ Compilation\ Requirements Storage normal arm64 com.apple.xcode.tools.swift.compiler (in target 'Storage' from project 'Supabase')
    cd /Users/jans./Downloads/meal.advisor/meal.advisor.ios/meal.advisor.ios/meal.advisor.ios/meal.advisor.ios.xcodeproj
    builtin-Swift-Compilation-Requirements -- /Applications/Xcode.app/Contents/Developer/Toolchains/XcodeDefault.xctoolchain/usr/bin/swiftc -module-name Storage -Onone -enforce-exclusivity\=checked @/Users/jans./Library/Developer/Xcode/DerivedData/meal.advisor.ios-csaldjncgoleykghtkpncaypzmvo/Build/Intermediates.noindex/Supabase.build/Debug-iphonesimulator/Storage.build/Objects-normal/arm64/Storage.SwiftFileList -DSWIFT_PACKAGE -DDEBUG -DXcode -enable-upcoming-feature ExistentialAny -enable-experimental-feature StrictConcurrency -plugin-path /Applications/Xcode.app/Contents/Developer/Toolchains/XcodeDefault.xctoolchain/usr/lib/swift/host/plugins/testing -enable-experimental-feature DebugDescriptionMacro -sdk /Applications/Xcode.app/Contents/Developer/Platforms/iPhoneSimulator.platform/Developer/SDKs/iPhoneSimulator18.5.sdk -target arm64-apple-ios13.0-simulator -g -module-cache-path /Users/jans./Library/Developer/Xcode/DerivedData/ModuleCache.noindex -Xfrontend -serialize-debugging-options -enable-testing -suppress-warnings -index-store-path /Users/jans./Library/Developer/Xcode/DerivedData/meal.advisor.ios-csaldjncgoleykghtkpncaypzmvo/Index.noindex/DataStore -swift-version 5 -I /Users/jans./Library/Developer/Xcode/DerivedData/meal.advisor.ios-csaldjncgoleykghtkpncaypzmvo/Build/Products/Debug-iphonesimulator -I /Applications/Xcode.app/Contents/Developer/Platforms/iPhoneSimulator.platform/Developer/usr/lib -F /Users/jans./Library/Developer/Xcode/DerivedData/meal.advisor.ios-csaldjncgoleykghtkpncaypzmvo/Build/Products/Debug-iphonesimulator/PackageFrameworks -F /Users/jans./Library/Developer/Xcode/DerivedData/meal.advisor.ios-csaldjncgoleykghtkpncaypzmvo/Build/Products/Debug-iphonesimulator/PackageFrameworks -F /Users/jans./Library/Developer/Xcode/DerivedData/meal.advisor.ios-csaldjncgoleykghtkpncaypzmvo/Build/Products/Debug-iphonesimulator/PackageFrameworks -F /Users/jans./Library/Developer/Xcode/DerivedData/meal.advisor.ios-csaldjncgoleykghtkpncaypzmvo/Build/Products/Debug-iphonesimulator/PackageFrameworks -F /Users/jans./Library/Developer/Xcode/DerivedData/meal.advisor.ios-csaldjncgoleykghtkpncaypzmvo/Build/Products/Debug-iphonesimulator/PackageFrameworks -F /Users/jans./Library/Developer/Xcode/DerivedData/meal.advisor.ios-csaldjncgoleykghtkpncaypzmvo/Build/Products/Debug-iphonesimulator/PackageFrameworks -F /Users/jans./Library/Developer/Xcode/DerivedData/meal.advisor.ios-csaldjncgoleykghtkpncaypzmvo/Build/Products/Debug-iphonesimulator/PackageFrameworks -F /Users/jans./Library/Developer/Xcode/DerivedData/meal.advisor.ios-csaldjncgoleykghtkpncaypzmvo/Build/Products/Debug-iphonesimulator -F /Applications/Xcode.app/Contents/Developer/Platforms/iPhoneSimulator.platform/Developer/Library/Frameworks -F /Applications/Xcode.app/Contents/Developer/Platforms/iPhoneSimulator.platform/Developer/SDKs/iPhoneSimulator18.5.sdk/Developer/Library/Frameworks -c -j8 -enable-batch-mode -incremental -Xcc -ivfsstatcache -Xcc /Users/jans./Library/Developer/Xcode/DerivedData/SDKStatCaches.noindex/iphonesimulator18.5-22F76-d5fc8ad4295d2ef488fb7d0f804ce0c4.sdkstatcache -output-file-map /Users/jans./Library/Developer/Xcode/DerivedData/meal.advisor.ios-csaldjncgoleykghtkpncaypzmvo/Build/Intermediates.noindex/Supabase.build/Debug-iphonesimulator/Storage.build/Objects-normal/arm64/Storage-OutputFileMap.json -use-frontend-parseable-output -save-temps -no-color-diagnostics -serialize-diagnostics -emit-dependencies -emit-module -emit-module-path /Users/jans./Library/Developer/Xcode/DerivedData/meal.advisor.ios-csaldjncgoleykghtkpncaypzmvo/Build/Intermediates.noindex/Supabase.build/Debug-iphonesimulator/Storage.build/Objects-normal/arm64/Storage.swiftmodule -validate-clang-modules-once -clang-build-session-file /Users/jans./Library/Developer/Xcode/DerivedData/ModuleCache.noindex/Session.modulevalidation -package-name supabase_swift -Xcc -I/Users/jans./Library/Developer/Xcode/DerivedData/meal.advisor.ios-csaldjncgoleykghtkpncaypzmvo/Build/Intermediates.noindex/Supabase.build/Debug-iphonesimulator/Storage.build/swift-overrides.hmap -emit-const-values -Xfrontend -const-gather-protocols-file -Xfrontend /Users/jans./Library/Developer/Xcode/DerivedData/meal.advisor.ios-csaldjncgoleykghtkpncaypzmvo/Build/Intermediates.noindex/Supabase.build/Debug-iphonesimulator/Storage.build/Objects-normal/arm64/Storage_const_extract_protocols.json -Xcc -I/Users/jans./Library/Developer/Xcode/DerivedData/meal.advisor.ios-csaldjncgoleykghtkpncaypzmvo/Build/Products/Debug-iphonesimulator/include -Xcc -I/Users/jans./Library/Developer/Xcode/DerivedData/meal.advisor.ios-csaldjncgoleykghtkpncaypzmvo/Build/Intermediates.noindex/Supabase.build/Debug-iphonesimulator/Storage.build/DerivedSources-normal/arm64 -Xcc -I/Users/jans./Library/Developer/Xcode/DerivedData/meal.advisor.ios-csaldjncgoleykghtkpncaypzmvo/Build/Intermediates.noindex/Supabase.build/Debug-iphonesimulator/Storage.build/DerivedSources/arm64 -Xcc -I/Users/jans./Library/Developer/Xcode/DerivedData/meal.advisor.ios-csaldjncgoleykghtkpncaypzmvo/Build/Intermediates.noindex/Supabase.build/Debug-iphonesimulator/Storage.build/DerivedSources -Xcc -DSWIFT_PACKAGE -Xcc -DDEBUG\=1 -emit-objc-header -emit-objc-header-path /Users/jans./Library/Developer/Xcode/DerivedData/meal.advisor.ios-csaldjncgoleykghtkpncaypzmvo/Build/Intermediates.noindex/Supabase.build/Debug-iphonesimulator/Storage.build/Objects-normal/arm64/Storage-Swift.h -working-directory /Users/jans./Downloads/meal.advisor/meal.advisor.ios/meal.advisor.ios/meal.advisor.ios/meal.advisor.ios.xcodeproj -experimental-emit-module-separately -disable-cmo

SwiftDriverJobDiscovery normal arm64 Compiling BucketOptions.swift, Codable.swift (in target 'Storage' from project 'Supabase')

SwiftCompile normal arm64 Compiling\ StorageApi.swift,\ StorageBucketApi.swift /Users/jans./Library/Developer/Xcode/DerivedData/meal.advisor.ios-csaldjncgoleykghtkpncaypzmvo/SourcePackages/checkouts/supabase-swift/Sources/Storage/StorageApi.swift /Users/jans./Library/Developer/Xcode/DerivedData/meal.advisor.ios-csaldjncgoleykghtkpncaypzmvo/SourcePackages/checkouts/supabase-swift/Sources/Storage/StorageBucketApi.swift (in target 'Storage' from project 'Supabase')

SwiftCompile normal arm64 /Users/jans./Library/Developer/Xcode/DerivedData/meal.advisor.ios-csaldjncgoleykghtkpncaypzmvo/SourcePackages/checkouts/supabase-swift/Sources/Storage/StorageApi.swift (in target 'Storage' from project 'Supabase')
    cd /Users/jans./Downloads/meal.advisor/meal.advisor.ios/meal.advisor.ios/meal.advisor.ios/meal.advisor.ios.xcodeproj
    

SwiftCompile normal arm64 /Users/jans./Library/Developer/Xcode/DerivedData/meal.advisor.ios-csaldjncgoleykghtkpncaypzmvo/SourcePackages/checkouts/supabase-swift/Sources/Storage/StorageBucketApi.swift (in target 'Storage' from project 'Supabase')
    cd /Users/jans./Downloads/meal.advisor/meal.advisor.ios/meal.advisor.ios/meal.advisor.ios/meal.advisor.ios.xcodeproj
    

SwiftCompile normal arm64 Compiling\ Types.swift /Users/jans./Library/Developer/Xcode/DerivedData/meal.advisor.ios-csaldjncgoleykghtkpncaypzmvo/SourcePackages/checkouts/supabase-swift/Sources/Storage/Types.swift (in target 'Storage' from project 'Supabase')

SwiftCompile normal arm64 /Users/jans./Library/Developer/Xcode/DerivedData/meal.advisor.ios-csaldjncgoleykghtkpncaypzmvo/SourcePackages/checkouts/supabase-swift/Sources/Storage/Types.swift (in target 'Storage' from project 'Supabase')
    cd /Users/jans./Downloads/meal.advisor/meal.advisor.ios/meal.advisor.ios/meal.advisor.ios/meal.advisor.ios.xcodeproj
    

SwiftDriverJobDiscovery normal arm64 Compiling StorageHTTPClient.swift, SupabaseStorage.swift (in target 'Storage' from project 'Supabase')

SwiftMergeGeneratedHeaders /Users/jans./Library/Developer/Xcode/DerivedData/meal.advisor.ios-csaldjncgoleykghtkpncaypzmvo/Build/Intermediates.noindex/GeneratedModuleMaps-iphonesimulator/Storage-Swift.h /Users/jans./Library/Developer/Xcode/DerivedData/meal.advisor.ios-csaldjncgoleykghtkpncaypzmvo/Build/Intermediates.noindex/Supabase.build/Debug-iphonesimulator/Storage.build/Objects-normal/arm64/Storage-Swift.h (in target 'Storage' from project 'Supabase')
    cd /Users/jans./Library/Developer/Xcode/DerivedData/meal.advisor.ios-csaldjncgoleykghtkpncaypzmvo/SourcePackages/checkouts/supabase-swift
    builtin-swiftHeaderTool -arch arm64 /Users/jans./Library/Developer/Xcode/DerivedData/meal.advisor.ios-csaldjncgoleykghtkpncaypzmvo/Build/Intermediates.noindex/Supabase.build/Debug-iphonesimulator/Storage.build/Objects-normal/arm64/Storage-Swift.h -o /Users/jans./Library/Developer/Xcode/DerivedData/meal.advisor.ios-csaldjncgoleykghtkpncaypzmvo/Build/Intermediates.noindex/GeneratedModuleMaps-iphonesimulator/Storage-Swift.h

SwiftDriverJobDiscovery normal arm64 Compiling TransformOptions.swift (in target 'Storage' from project 'Supabase')

Copy /Users/jans./Library/Developer/Xcode/DerivedData/meal.advisor.ios-csaldjncgoleykghtkpncaypzmvo/Build/Products/Debug-iphonesimulator/Storage.swiftmodule/arm64-apple-ios-simulator.swiftmodule /Users/jans./Library/Developer/Xcode/DerivedData/meal.advisor.ios-csaldjncgoleykghtkpncaypzmvo/Build/Intermediates.noindex/Supabase.build/Debug-iphonesimulator/Storage.build/Objects-normal/arm64/Storage.swiftmodule (in target 'Storage' from project 'Supabase')
    cd /Users/jans./Library/Developer/Xcode/DerivedData/meal.advisor.ios-csaldjncgoleykghtkpncaypzmvo/SourcePackages/checkouts/supabase-swift
    builtin-copy -exclude .DS_Store -exclude CVS -exclude .svn -exclude .git -exclude .hg -resolve-src-symlinks -rename /Users/jans./Library/Developer/Xcode/DerivedData/meal.advisor.ios-csaldjncgoleykghtkpncaypzmvo/Build/Intermediates.noindex/Supabase.build/Debug-iphonesimulator/Storage.build/Objects-normal/arm64/Storage.swiftmodule /Users/jans./Library/Developer/Xcode/DerivedData/meal.advisor.ios-csaldjncgoleykghtkpncaypzmvo/Build/Products/Debug-iphonesimulator/Storage.swiftmodule/arm64-apple-ios-simulator.swiftmodule

Copy /Users/jans./Library/Developer/Xcode/DerivedData/meal.advisor.ios-csaldjncgoleykghtkpncaypzmvo/Build/Products/Debug-iphonesimulator/Storage.swiftmodule/arm64-apple-ios-simulator.swiftdoc /Users/jans./Library/Developer/Xcode/DerivedData/meal.advisor.ios-csaldjncgoleykghtkpncaypzmvo/Build/Intermediates.noindex/Supabase.build/Debug-iphonesimulator/Storage.build/Objects-normal/arm64/Storage.swiftdoc (in target 'Storage' from project 'Supabase')
    cd /Users/jans./Library/Developer/Xcode/DerivedData/meal.advisor.ios-csaldjncgoleykghtkpncaypzmvo/SourcePackages/checkouts/supabase-swift
    builtin-copy -exclude .DS_Store -exclude CVS -exclude .svn -exclude .git -exclude .hg -resolve-src-symlinks -rename /Users/jans./Library/Developer/Xcode/DerivedData/meal.advisor.ios-csaldjncgoleykghtkpncaypzmvo/Build/Intermediates.noindex/Supabase.build/Debug-iphonesimulator/Storage.build/Objects-normal/arm64/Storage.swiftdoc /Users/jans./Library/Developer/Xcode/DerivedData/meal.advisor.ios-csaldjncgoleykghtkpncaypzmvo/Build/Products/Debug-iphonesimulator/Storage.swiftmodule/arm64-apple-ios-simulator.swiftdoc

Copy /Users/jans./Library/Developer/Xcode/DerivedData/meal.advisor.ios-csaldjncgoleykghtkpncaypzmvo/Build/Products/Debug-iphonesimulator/Storage.swiftmodule/arm64-apple-ios-simulator.abi.json /Users/jans./Library/Developer/Xcode/DerivedData/meal.advisor.ios-csaldjncgoleykghtkpncaypzmvo/Build/Intermediates.noindex/Supabase.build/Debug-iphonesimulator/Storage.build/Objects-normal/arm64/Storage.abi.json (in target 'Storage' from project 'Supabase')
    cd /Users/jans./Library/Developer/Xcode/DerivedData/meal.advisor.ios-csaldjncgoleykghtkpncaypzmvo/SourcePackages/checkouts/supabase-swift
    builtin-copy -exclude .DS_Store -exclude CVS -exclude .svn -exclude .git -exclude .hg -resolve-src-symlinks -rename /Users/jans./Library/Developer/Xcode/DerivedData/meal.advisor.ios-csaldjncgoleykghtkpncaypzmvo/Build/Intermediates.noindex/Supabase.build/Debug-iphonesimulator/Storage.build/Objects-normal/arm64/Storage.abi.json /Users/jans./Library/Developer/Xcode/DerivedData/meal.advisor.ios-csaldjncgoleykghtkpncaypzmvo/Build/Products/Debug-iphonesimulator/Storage.swiftmodule/arm64-apple-ios-simulator.abi.json

Copy /Users/jans./Library/Developer/Xcode/DerivedData/meal.advisor.ios-csaldjncgoleykghtkpncaypzmvo/Build/Products/Debug-iphonesimulator/Storage.swiftmodule/Project/arm64-apple-ios-simulator.swiftsourceinfo /Users/jans./Library/Developer/Xcode/DerivedData/meal.advisor.ios-csaldjncgoleykghtkpncaypzmvo/Build/Intermediates.noindex/Supabase.build/Debug-iphonesimulator/Storage.build/Objects-normal/arm64/Storage.swiftsourceinfo (in target 'Storage' from project 'Supabase')
    cd /Users/jans./Library/Developer/Xcode/DerivedData/meal.advisor.ios-csaldjncgoleykghtkpncaypzmvo/SourcePackages/checkouts/supabase-swift
    builtin-copy -exclude .DS_Store -exclude CVS -exclude .svn -exclude .git -exclude .hg -resolve-src-symlinks -rename /Users/jans./Library/Developer/Xcode/DerivedData/meal.advisor.ios-csaldjncgoleykghtkpncaypzmvo/Build/Intermediates.noindex/Supabase.build/Debug-iphonesimulator/Storage.build/Objects-normal/arm64/Storage.swiftsourceinfo /Users/jans./Library/Developer/Xcode/DerivedData/meal.advisor.ios-csaldjncgoleykghtkpncaypzmvo/Build/Products/Debug-iphonesimulator/Storage.swiftmodule/Project/arm64-apple-ios-simulator.swiftsourceinfo

SwiftCompile normal arm64 Compiling\ RealtimeClientV2.swift,\ RealtimeError.swift,\ RealtimeJoinConfig.swift /Users/jans./Library/Developer/Xcode/DerivedData/meal.advisor.ios-csaldjncgoleykghtkpncaypzmvo/SourcePackages/checkouts/supabase-swift/Sources/Realtime/RealtimeClientV2.swift /Users/jans./Library/Developer/Xcode/DerivedData/meal.advisor.ios-csaldjncgoleykghtkpncaypzmvo/SourcePackages/checkouts/supabase-swift/Sources/Realtime/RealtimeError.swift /Users/jans./Library/Developer/Xcode/DerivedData/meal.advisor.ios-csaldjncgoleykghtkpncaypzmvo/SourcePackages/checkouts/supabase-swift/Sources/Realtime/RealtimeJoinConfig.swift (in target 'Realtime' from project 'Supabase')
SwiftCompile normal arm64 /Users/jans./Library/Developer/Xcode/DerivedData/meal.advisor.ios-csaldjncgoleykghtkpncaypzmvo/SourcePackages/checkouts/supabase-swift/Sources/Realtime/RealtimeClientV2.swift (in target 'Realtime' from project 'Supabase')
    cd /Users/jans./Downloads/meal.advisor/meal.advisor.ios/meal.advisor.ios/meal.advisor.ios/meal.advisor.ios.xcodeproj
    

SwiftCompile normal arm64 /Users/jans./Library/Developer/Xcode/DerivedData/meal.advisor.ios-csaldjncgoleykghtkpncaypzmvo/SourcePackages/checkouts/supabase-swift/Sources/Realtime/RealtimeError.swift (in target 'Realtime' from project 'Supabase')
    cd /Users/jans./Downloads/meal.advisor/meal.advisor.ios/meal.advisor.ios/meal.advisor.ios/meal.advisor.ios.xcodeproj
    

SwiftCompile normal arm64 /Users/jans./Library/Developer/Xcode/DerivedData/meal.advisor.ios-csaldjncgoleykghtkpncaypzmvo/SourcePackages/checkouts/supabase-swift/Sources/Realtime/RealtimeJoinConfig.swift (in target 'Realtime' from project 'Supabase')
    cd /Users/jans./Downloads/meal.advisor/meal.advisor.ios/meal.advisor.ios/meal.advisor.ios/meal.advisor.ios.xcodeproj
    

SwiftCompile normal arm64 Compiling\ CallbackManager.swift,\ Defaults.swift,\ Delegated.swift,\ Deprecated.swift /Users/jans./Library/Developer/Xcode/DerivedData/meal.advisor.ios-csaldjncgoleykghtkpncaypzmvo/SourcePackages/checkouts/supabase-swift/Sources/Realtime/CallbackManager.swift /Users/jans./Library/Developer/Xcode/DerivedData/meal.advisor.ios-csaldjncgoleykghtkpncaypzmvo/SourcePackages/checkouts/supabase-swift/Sources/Realtime/Deprecated/Defaults.swift /Users/jans./Library/Developer/Xcode/DerivedData/meal.advisor.ios-csaldjncgoleykghtkpncaypzmvo/SourcePackages/checkouts/supabase-swift/Sources/Realtime/Deprecated/Delegated.swift /Users/jans./Library/Developer/Xcode/DerivedData/meal.advisor.ios-csaldjncgoleykghtkpncaypzmvo/SourcePackages/checkouts/supabase-swift/Sources/Realtime/Deprecated/Deprecated.swift (in target 'Realtime' from project 'Supabase')

SwiftCompile normal arm64 /Users/jans./Library/Developer/Xcode/DerivedData/meal.advisor.ios-csaldjncgoleykghtkpncaypzmvo/SourcePackages/checkouts/supabase-swift/Sources/Realtime/CallbackManager.swift (in target 'Realtime' from project 'Supabase')
    cd /Users/jans./Downloads/meal.advisor/meal.advisor.ios/meal.advisor.ios/meal.advisor.ios/meal.advisor.ios.xcodeproj
    

SwiftCompile normal arm64 /Users/jans./Library/Developer/Xcode/DerivedData/meal.advisor.ios-csaldjncgoleykghtkpncaypzmvo/SourcePackages/checkouts/supabase-swift/Sources/Realtime/Deprecated/Defaults.swift (in target 'Realtime' from project 'Supabase')
    cd /Users/jans./Downloads/meal.advisor/meal.advisor.ios/meal.advisor.ios/meal.advisor.ios/meal.advisor.ios.xcodeproj
    

SwiftCompile normal arm64 /Users/jans./Library/Developer/Xcode/DerivedData/meal.advisor.ios-csaldjncgoleykghtkpncaypzmvo/SourcePackages/checkouts/supabase-swift/Sources/Realtime/Deprecated/Delegated.swift (in target 'Realtime' from project 'Supabase')
    cd /Users/jans./Downloads/meal.advisor/meal.advisor.ios/meal.advisor.ios/meal.advisor.ios/meal.advisor.ios.xcodeproj
    

SwiftCompile normal arm64 /Users/jans./Library/Developer/Xcode/DerivedData/meal.advisor.ios-csaldjncgoleykghtkpncaypzmvo/SourcePackages/checkouts/supabase-swift/Sources/Realtime/Deprecated/Deprecated.swift (in target 'Realtime' from project 'Supabase')
    cd /Users/jans./Downloads/meal.advisor/meal.advisor.ios/meal.advisor.ios/meal.advisor.ios/meal.advisor.ios.xcodeproj
    

SwiftDriverJobDiscovery normal arm64 Emitting module for Realtime (in target 'Realtime' from project 'Supabase')

SwiftDriver\ Compilation\ Requirements Realtime normal arm64 com.apple.xcode.tools.swift.compiler (in target 'Realtime' from project 'Supabase')
    cd /Users/jans./Downloads/meal.advisor/meal.advisor.ios/meal.advisor.ios/meal.advisor.ios/meal.advisor.ios.xcodeproj
    builtin-Swift-Compilation-Requirements -- /Applications/Xcode.app/Contents/Developer/Toolchains/XcodeDefault.xctoolchain/usr/bin/swiftc -module-name Realtime -Onone -enforce-exclusivity\=checked @/Users/jans./Library/Developer/Xcode/DerivedData/meal.advisor.ios-csaldjncgoleykghtkpncaypzmvo/Build/Intermediates.noindex/Supabase.build/Debug-iphonesimulator/Realtime.build/Objects-normal/arm64/Realtime.SwiftFileList -DSWIFT_PACKAGE -DDEBUG -DXcode -enable-upcoming-feature ExistentialAny -enable-experimental-feature StrictConcurrency -plugin-path /Applications/Xcode.app/Contents/Developer/Toolchains/XcodeDefault.xctoolchain/usr/lib/swift/host/plugins/testing -enable-experimental-feature DebugDescriptionMacro -sdk /Applications/Xcode.app/Contents/Developer/Platforms/iPhoneSimulator.platform/Developer/SDKs/iPhoneSimulator18.5.sdk -target arm64-apple-ios13.0-simulator -g -module-cache-path /Users/jans./Library/Developer/Xcode/DerivedData/ModuleCache.noindex -Xfrontend -serialize-debugging-options -enable-testing -suppress-warnings -index-store-path /Users/jans./Library/Developer/Xcode/DerivedData/meal.advisor.ios-csaldjncgoleykghtkpncaypzmvo/Index.noindex/DataStore -swift-version 5 -I /Users/jans./Library/Developer/Xcode/DerivedData/meal.advisor.ios-csaldjncgoleykghtkpncaypzmvo/Build/Products/Debug-iphonesimulator -I /Applications/Xcode.app/Contents/Developer/Platforms/iPhoneSimulator.platform/Developer/usr/lib -F /Users/jans./Library/Developer/Xcode/DerivedData/meal.advisor.ios-csaldjncgoleykghtkpncaypzmvo/Build/Products/Debug-iphonesimulator/PackageFrameworks -F /Users/jans./Library/Developer/Xcode/DerivedData/meal.advisor.ios-csaldjncgoleykghtkpncaypzmvo/Build/Products/Debug-iphonesimulator/PackageFrameworks -F /Users/jans./Library/Developer/Xcode/DerivedData/meal.advisor.ios-csaldjncgoleykghtkpncaypzmvo/Build/Products/Debug-iphonesimulator/PackageFrameworks -F /Users/jans./Library/Developer/Xcode/DerivedData/meal.advisor.ios-csaldjncgoleykghtkpncaypzmvo/Build/Products/Debug-iphonesimulator/PackageFrameworks -F /Users/jans./Library/Developer/Xcode/DerivedData/meal.advisor.ios-csaldjncgoleykghtkpncaypzmvo/Build/Products/Debug-iphonesimulator/PackageFrameworks -F /Users/jans./Library/Developer/Xcode/DerivedData/meal.advisor.ios-csaldjncgoleykghtkpncaypzmvo/Build/Products/Debug-iphonesimulator/PackageFrameworks -F /Users/jans./Library/Developer/Xcode/DerivedData/meal.advisor.ios-csaldjncgoleykghtkpncaypzmvo/Build/Products/Debug-iphonesimulator/PackageFrameworks -F /Users/jans./Library/Developer/Xcode/DerivedData/meal.advisor.ios-csaldjncgoleykghtkpncaypzmvo/Build/Products/Debug-iphonesimulator -F /Applications/Xcode.app/Contents/Developer/Platforms/iPhoneSimulator.platform/Developer/Library/Frameworks -F /Applications/Xcode.app/Contents/Developer/Platforms/iPhoneSimulator.platform/Developer/SDKs/iPhoneSimulator18.5.sdk/Developer/Library/Frameworks -c -j8 -enable-batch-mode -incremental -Xcc -ivfsstatcache -Xcc /Users/jans./Library/Developer/Xcode/DerivedData/SDKStatCaches.noindex/iphonesimulator18.5-22F76-d5fc8ad4295d2ef488fb7d0f804ce0c4.sdkstatcache -output-file-map /Users/jans./Library/Developer/Xcode/DerivedData/meal.advisor.ios-csaldjncgoleykghtkpncaypzmvo/Build/Intermediates.noindex/Supabase.build/Debug-iphonesimulator/Realtime.build/Objects-normal/arm64/Realtime-OutputFileMap.json -use-frontend-parseable-output -save-temps -no-color-diagnostics -serialize-diagnostics -emit-dependencies -emit-module -emit-module-path /Users/jans./Library/Developer/Xcode/DerivedData/meal.advisor.ios-csaldjncgoleykghtkpncaypzmvo/Build/Intermediates.noindex/Supabase.build/Debug-iphonesimulator/Realtime.build/Objects-normal/arm64/Realtime.swiftmodule -validate-clang-modules-once -clang-build-session-file /Users/jans./Library/Developer/Xcode/DerivedData/ModuleCache.noindex/Session.modulevalidation -package-name supabase_swift -Xcc -I/Users/jans./Library/Developer/Xcode/DerivedData/meal.advisor.ios-csaldjncgoleykghtkpncaypzmvo/Build/Intermediates.noindex/Supabase.build/Debug-iphonesimulator/Realtime.build/swift-overrides.hmap -emit-const-values -Xfrontend -const-gather-protocols-file -Xfrontend /Users/jans./Library/Developer/Xcode/DerivedData/meal.advisor.ios-csaldjncgoleykghtkpncaypzmvo/Build/Intermediates.noindex/Supabase.build/Debug-iphonesimulator/Realtime.build/Objects-normal/arm64/Realtime_const_extract_protocols.json -Xcc -I/Users/jans./Library/Developer/Xcode/DerivedData/meal.advisor.ios-csaldjncgoleykghtkpncaypzmvo/Build/Products/Debug-iphonesimulator/include -Xcc -I/Users/jans./Library/Developer/Xcode/DerivedData/meal.advisor.ios-csaldjncgoleykghtkpncaypzmvo/Build/Intermediates.noindex/Supabase.build/Debug-iphonesimulator/Realtime.build/DerivedSources-normal/arm64 -Xcc -I/Users/jans./Library/Developer/Xcode/DerivedData/meal.advisor.ios-csaldjncgoleykghtkpncaypzmvo/Build/Intermediates.noindex/Supabase.build/Debug-iphonesimulator/Realtime.build/DerivedSources/arm64 -Xcc -I/Users/jans./Library/Developer/Xcode/DerivedData/meal.advisor.ios-csaldjncgoleykghtkpncaypzmvo/Build/Intermediates.noindex/Supabase.build/Debug-iphonesimulator/Realtime.build/DerivedSources -Xcc -DSWIFT_PACKAGE -Xcc -DDEBUG\=1 -emit-objc-header -emit-objc-header-path /Users/jans./Library/Developer/Xcode/DerivedData/meal.advisor.ios-csaldjncgoleykghtkpncaypzmvo/Build/Intermediates.noindex/Supabase.build/Debug-iphonesimulator/Realtime.build/Objects-normal/arm64/Realtime-Swift.h -working-directory /Users/jans./Downloads/meal.advisor/meal.advisor.ios/meal.advisor.ios/meal.advisor.ios/meal.advisor.ios.xcodeproj -experimental-emit-module-separately -disable-cmo

SwiftDriverJobDiscovery normal arm64 Emitting module for Auth (in target 'Auth' from project 'Supabase')

SwiftDriver\ Compilation\ Requirements Auth normal arm64 com.apple.xcode.tools.swift.compiler (in target 'Auth' from project 'Supabase')
    cd /Users/jans./Downloads/meal.advisor/meal.advisor.ios/meal.advisor.ios/meal.advisor.ios/meal.advisor.ios.xcodeproj
    builtin-Swift-Compilation-Requirements -- /Applications/Xcode.app/Contents/Developer/Toolchains/XcodeDefault.xctoolchain/usr/bin/swiftc -module-name Auth -Onone -enforce-exclusivity\=checked @/Users/jans./Library/Developer/Xcode/DerivedData/meal.advisor.ios-csaldjncgoleykghtkpncaypzmvo/Build/Intermediates.noindex/Supabase.build/Debug-iphonesimulator/Auth.build/Objects-normal/arm64/Auth.SwiftFileList -DSWIFT_PACKAGE -DDEBUG -DXcode -enable-upcoming-feature ExistentialAny -enable-experimental-feature StrictConcurrency -plugin-path /Applications/Xcode.app/Contents/Developer/Toolchains/XcodeDefault.xctoolchain/usr/lib/swift/host/plugins/testing -enable-experimental-feature DebugDescriptionMacro -sdk /Applications/Xcode.app/Contents/Developer/Platforms/iPhoneSimulator.platform/Developer/SDKs/iPhoneSimulator18.5.sdk -target arm64-apple-ios13.0-simulator -g -module-cache-path /Users/jans./Library/Developer/Xcode/DerivedData/ModuleCache.noindex -Xfrontend -serialize-debugging-options -enable-testing -suppress-warnings -index-store-path /Users/jans./Library/Developer/Xcode/DerivedData/meal.advisor.ios-csaldjncgoleykghtkpncaypzmvo/Index.noindex/DataStore -swift-version 5 -I /Users/jans./Library/Developer/Xcode/DerivedData/meal.advisor.ios-csaldjncgoleykghtkpncaypzmvo/Build/Products/Debug-iphonesimulator -I /Applications/Xcode.app/Contents/Developer/Platforms/iPhoneSimulator.platform/Developer/usr/lib -F /Users/jans./Library/Developer/Xcode/DerivedData/meal.advisor.ios-csaldjncgoleykghtkpncaypzmvo/Build/Products/Debug-iphonesimulator/PackageFrameworks -F /Users/jans./Library/Developer/Xcode/DerivedData/meal.advisor.ios-csaldjncgoleykghtkpncaypzmvo/Build/Products/Debug-iphonesimulator/PackageFrameworks -F /Users/jans./Library/Developer/Xcode/DerivedData/meal.advisor.ios-csaldjncgoleykghtkpncaypzmvo/Build/Products/Debug-iphonesimulator/PackageFrameworks -F /Users/jans./Library/Developer/Xcode/DerivedData/meal.advisor.ios-csaldjncgoleykghtkpncaypzmvo/Build/Products/Debug-iphonesimulator/PackageFrameworks -F /Users/jans./Library/Developer/Xcode/DerivedData/meal.advisor.ios-csaldjncgoleykghtkpncaypzmvo/Build/Products/Debug-iphonesimulator/PackageFrameworks -F /Users/jans./Library/Developer/Xcode/DerivedData/meal.advisor.ios-csaldjncgoleykghtkpncaypzmvo/Build/Products/Debug-iphonesimulator/PackageFrameworks -F /Users/jans./Library/Developer/Xcode/DerivedData/meal.advisor.ios-csaldjncgoleykghtkpncaypzmvo/Build/Products/Debug-iphonesimulator/PackageFrameworks -F /Users/jans./Library/Developer/Xcode/DerivedData/meal.advisor.ios-csaldjncgoleykghtkpncaypzmvo/Build/Products/Debug-iphonesimulator/PackageFrameworks -F /Users/jans./Library/Developer/Xcode/DerivedData/meal.advisor.ios-csaldjncgoleykghtkpncaypzmvo/Build/Products/Debug-iphonesimulator -F /Applications/Xcode.app/Contents/Developer/Platforms/iPhoneSimulator.platform/Developer/Library/Frameworks -F /Applications/Xcode.app/Contents/Developer/Platforms/iPhoneSimulator.platform/Developer/SDKs/iPhoneSimulator18.5.sdk/Developer/Library/Frameworks -c -j8 -enable-batch-mode -incremental -Xcc -ivfsstatcache -Xcc /Users/jans./Library/Developer/Xcode/DerivedData/SDKStatCaches.noindex/iphonesimulator18.5-22F76-d5fc8ad4295d2ef488fb7d0f804ce0c4.sdkstatcache -output-file-map /Users/jans./Library/Developer/Xcode/DerivedData/meal.advisor.ios-csaldjncgoleykghtkpncaypzmvo/Build/Intermediates.noindex/Supabase.build/Debug-iphonesimulator/Auth.build/Objects-normal/arm64/Auth-OutputFileMap.json -use-frontend-parseable-output -save-temps -no-color-diagnostics -serialize-diagnostics -emit-dependencies -emit-module -emit-module-path /Users/jans./Library/Developer/Xcode/DerivedData/meal.advisor.ios-csaldjncgoleykghtkpncaypzmvo/Build/Intermediates.noindex/Supabase.build/Debug-iphonesimulator/Auth.build/Objects-normal/arm64/Auth.swiftmodule -validate-clang-modules-once -clang-build-session-file /Users/jans./Library/Developer/Xcode/DerivedData/ModuleCache.noindex/Session.modulevalidation -package-name supabase_swift -Xcc -I/Users/jans./Library/Developer/Xcode/DerivedData/meal.advisor.ios-csaldjncgoleykghtkpncaypzmvo/Build/Intermediates.noindex/Supabase.build/Debug-iphonesimulator/Auth.build/swift-overrides.hmap -emit-const-values -Xfrontend -const-gather-protocols-file -Xfrontend /Users/jans./Library/Developer/Xcode/DerivedData/meal.advisor.ios-csaldjncgoleykghtkpncaypzmvo/Build/Intermediates.noindex/Supabase.build/Debug-iphonesimulator/Auth.build/Objects-normal/arm64/Auth_const_extract_protocols.json -Xcc -I/Users/jans./Library/Developer/Xcode/DerivedData/meal.advisor.ios-csaldjncgoleykghtkpncaypzmvo/Build/Products/Debug-iphonesimulator/include -Xcc -I/Users/jans./Library/Developer/Xcode/DerivedData/meal.advisor.ios-csaldjncgoleykghtkpncaypzmvo/Build/Intermediates.noindex/Supabase.build/Debug-iphonesimulator/Auth.build/DerivedSources-normal/arm64 -Xcc -I/Users/jans./Library/Developer/Xcode/DerivedData/meal.advisor.ios-csaldjncgoleykghtkpncaypzmvo/Build/Intermediates.noindex/Supabase.build/Debug-iphonesimulator/Auth.build/DerivedSources/arm64 -Xcc -I/Users/jans./Library/Developer/Xcode/DerivedData/meal.advisor.ios-csaldjncgoleykghtkpncaypzmvo/Build/Intermediates.noindex/Supabase.build/Debug-iphonesimulator/Auth.build/DerivedSources -Xcc -DSWIFT_PACKAGE -Xcc -DDEBUG\=1 -emit-objc-header -emit-objc-header-path /Users/jans./Library/Developer/Xcode/DerivedData/meal.advisor.ios-csaldjncgoleykghtkpncaypzmvo/Build/Intermediates.noindex/Supabase.build/Debug-iphonesimulator/Auth.build/Objects-normal/arm64/Auth-Swift.h -working-directory /Users/jans./Downloads/meal.advisor/meal.advisor.ios/meal.advisor.ios/meal.advisor.ios/meal.advisor.ios.xcodeproj -experimental-emit-module-separately -disable-cmo

SwiftMergeGeneratedHeaders /Users/jans./Library/Developer/Xcode/DerivedData/meal.advisor.ios-csaldjncgoleykghtkpncaypzmvo/Build/Intermediates.noindex/GeneratedModuleMaps-iphonesimulator/Realtime-Swift.h /Users/jans./Library/Developer/Xcode/DerivedData/meal.advisor.ios-csaldjncgoleykghtkpncaypzmvo/Build/Intermediates.noindex/Supabase.build/Debug-iphonesimulator/Realtime.build/Objects-normal/arm64/Realtime-Swift.h (in target 'Realtime' from project 'Supabase')
    cd /Users/jans./Library/Developer/Xcode/DerivedData/meal.advisor.ios-csaldjncgoleykghtkpncaypzmvo/SourcePackages/checkouts/supabase-swift
    builtin-swiftHeaderTool -arch arm64 /Users/jans./Library/Developer/Xcode/DerivedData/meal.advisor.ios-csaldjncgoleykghtkpncaypzmvo/Build/Intermediates.noindex/Supabase.build/Debug-iphonesimulator/Realtime.build/Objects-normal/arm64/Realtime-Swift.h -o /Users/jans./Library/Developer/Xcode/DerivedData/meal.advisor.ios-csaldjncgoleykghtkpncaypzmvo/Build/Intermediates.noindex/GeneratedModuleMaps-iphonesimulator/Realtime-Swift.h

Copy /Users/jans./Library/Developer/Xcode/DerivedData/meal.advisor.ios-csaldjncgoleykghtkpncaypzmvo/Build/Products/Debug-iphonesimulator/Realtime.swiftmodule/arm64-apple-ios-simulator.swiftmodule /Users/jans./Library/Developer/Xcode/DerivedData/meal.advisor.ios-csaldjncgoleykghtkpncaypzmvo/Build/Intermediates.noindex/Supabase.build/Debug-iphonesimulator/Realtime.build/Objects-normal/arm64/Realtime.swiftmodule (in target 'Realtime' from project 'Supabase')
    cd /Users/jans./Library/Developer/Xcode/DerivedData/meal.advisor.ios-csaldjncgoleykghtkpncaypzmvo/SourcePackages/checkouts/supabase-swift
    builtin-copy -exclude .DS_Store -exclude CVS -exclude .svn -exclude .git -exclude .hg -resolve-src-symlinks -rename /Users/jans./Library/Developer/Xcode/DerivedData/meal.advisor.ios-csaldjncgoleykghtkpncaypzmvo/Build/Intermediates.noindex/Supabase.build/Debug-iphonesimulator/Realtime.build/Objects-normal/arm64/Realtime.swiftmodule /Users/jans./Library/Developer/Xcode/DerivedData/meal.advisor.ios-csaldjncgoleykghtkpncaypzmvo/Build/Products/Debug-iphonesimulator/Realtime.swiftmodule/arm64-apple-ios-simulator.swiftmodule

Copy /Users/jans./Library/Developer/Xcode/DerivedData/meal.advisor.ios-csaldjncgoleykghtkpncaypzmvo/Build/Products/Debug-iphonesimulator/Realtime.swiftmodule/arm64-apple-ios-simulator.swiftdoc /Users/jans./Library/Developer/Xcode/DerivedData/meal.advisor.ios-csaldjncgoleykghtkpncaypzmvo/Build/Intermediates.noindex/Supabase.build/Debug-iphonesimulator/Realtime.build/Objects-normal/arm64/Realtime.swiftdoc (in target 'Realtime' from project 'Supabase')
    cd /Users/jans./Library/Developer/Xcode/DerivedData/meal.advisor.ios-csaldjncgoleykghtkpncaypzmvo/SourcePackages/checkouts/supabase-swift
    builtin-copy -exclude .DS_Store -exclude CVS -exclude .svn -exclude .git -exclude .hg -resolve-src-symlinks -rename /Users/jans./Library/Developer/Xcode/DerivedData/meal.advisor.ios-csaldjncgoleykghtkpncaypzmvo/Build/Intermediates.noindex/Supabase.build/Debug-iphonesimulator/Realtime.build/Objects-normal/arm64/Realtime.swiftdoc /Users/jans./Library/Developer/Xcode/DerivedData/meal.advisor.ios-csaldjncgoleykghtkpncaypzmvo/Build/Products/Debug-iphonesimulator/Realtime.swiftmodule/arm64-apple-ios-simulator.swiftdoc

Copy /Users/jans./Library/Developer/Xcode/DerivedData/meal.advisor.ios-csaldjncgoleykghtkpncaypzmvo/Build/Products/Debug-iphonesimulator/Realtime.swiftmodule/arm64-apple-ios-simulator.abi.json /Users/jans./Library/Developer/Xcode/DerivedData/meal.advisor.ios-csaldjncgoleykghtkpncaypzmvo/Build/Intermediates.noindex/Supabase.build/Debug-iphonesimulator/Realtime.build/Objects-normal/arm64/Realtime.abi.json (in target 'Realtime' from project 'Supabase')
    cd /Users/jans./Library/Developer/Xcode/DerivedData/meal.advisor.ios-csaldjncgoleykghtkpncaypzmvo/SourcePackages/checkouts/supabase-swift
    builtin-copy -exclude .DS_Store -exclude CVS -exclude .svn -exclude .git -exclude .hg -resolve-src-symlinks -rename /Users/jans./Library/Developer/Xcode/DerivedData/meal.advisor.ios-csaldjncgoleykghtkpncaypzmvo/Build/Intermediates.noindex/Supabase.build/Debug-iphonesimulator/Realtime.build/Objects-normal/arm64/Realtime.abi.json /Users/jans./Library/Developer/Xcode/DerivedData/meal.advisor.ios-csaldjncgoleykghtkpncaypzmvo/Build/Products/Debug-iphonesimulator/Realtime.swiftmodule/arm64-apple-ios-simulator.abi.json

Copy /Users/jans./Library/Developer/Xcode/DerivedData/meal.advisor.ios-csaldjncgoleykghtkpncaypzmvo/Build/Products/Debug-iphonesimulator/Realtime.swiftmodule/Project/arm64-apple-ios-simulator.swiftsourceinfo /Users/jans./Library/Developer/Xcode/DerivedData/meal.advisor.ios-csaldjncgoleykghtkpncaypzmvo/Build/Intermediates.noindex/Supabase.build/Debug-iphonesimulator/Realtime.build/Objects-normal/arm64/Realtime.swiftsourceinfo (in target 'Realtime' from project 'Supabase')
    cd /Users/jans./Library/Developer/Xcode/DerivedData/meal.advisor.ios-csaldjncgoleykghtkpncaypzmvo/SourcePackages/checkouts/supabase-swift
    builtin-copy -exclude .DS_Store -exclude CVS -exclude .svn -exclude .git -exclude .hg -resolve-src-symlinks -rename /Users/jans./Library/Developer/Xcode/DerivedData/meal.advisor.ios-csaldjncgoleykghtkpncaypzmvo/Build/Intermediates.noindex/Supabase.build/Debug-iphonesimulator/Realtime.build/Objects-normal/arm64/Realtime.swiftsourceinfo /Users/jans./Library/Developer/Xcode/DerivedData/meal.advisor.ios-csaldjncgoleykghtkpncaypzmvo/Build/Products/Debug-iphonesimulator/Realtime.swiftmodule/Project/arm64-apple-ios-simulator.swiftsourceinfo

SwiftMergeGeneratedHeaders /Users/jans./Library/Developer/Xcode/DerivedData/meal.advisor.ios-csaldjncgoleykghtkpncaypzmvo/Build/Intermediates.noindex/GeneratedModuleMaps-iphonesimulator/Auth-Swift.h /Users/jans./Library/Developer/Xcode/DerivedData/meal.advisor.ios-csaldjncgoleykghtkpncaypzmvo/Build/Intermediates.noindex/Supabase.build/Debug-iphonesimulator/Auth.build/Objects-normal/arm64/Auth-Swift.h (in target 'Auth' from project 'Supabase')
    cd /Users/jans./Library/Developer/Xcode/DerivedData/meal.advisor.ios-csaldjncgoleykghtkpncaypzmvo/SourcePackages/checkouts/supabase-swift
    builtin-swiftHeaderTool -arch arm64 /Users/jans./Library/Developer/Xcode/DerivedData/meal.advisor.ios-csaldjncgoleykghtkpncaypzmvo/Build/Intermediates.noindex/Supabase.build/Debug-iphonesimulator/Auth.build/Objects-normal/arm64/Auth-Swift.h -o /Users/jans./Library/Developer/Xcode/DerivedData/meal.advisor.ios-csaldjncgoleykghtkpncaypzmvo/Build/Intermediates.noindex/GeneratedModuleMaps-iphonesimulator/Auth-Swift.h

Copy /Users/jans./Library/Developer/Xcode/DerivedData/meal.advisor.ios-csaldjncgoleykghtkpncaypzmvo/Build/Products/Debug-iphonesimulator/Auth.swiftmodule/arm64-apple-ios-simulator.swiftmodule /Users/jans./Library/Developer/Xcode/DerivedData/meal.advisor.ios-csaldjncgoleykghtkpncaypzmvo/Build/Intermediates.noindex/Supabase.build/Debug-iphonesimulator/Auth.build/Objects-normal/arm64/Auth.swiftmodule (in target 'Auth' from project 'Supabase')
    cd /Users/jans./Library/Developer/Xcode/DerivedData/meal.advisor.ios-csaldjncgoleykghtkpncaypzmvo/SourcePackages/checkouts/supabase-swift
    builtin-copy -exclude .DS_Store -exclude CVS -exclude .svn -exclude .git -exclude .hg -resolve-src-symlinks -rename /Users/jans./Library/Developer/Xcode/DerivedData/meal.advisor.ios-csaldjncgoleykghtkpncaypzmvo/Build/Intermediates.noindex/Supabase.build/Debug-iphonesimulator/Auth.build/Objects-normal/arm64/Auth.swiftmodule /Users/jans./Library/Developer/Xcode/DerivedData/meal.advisor.ios-csaldjncgoleykghtkpncaypzmvo/Build/Products/Debug-iphonesimulator/Auth.swiftmodule/arm64-apple-ios-simulator.swiftmodule

Copy /Users/jans./Library/Developer/Xcode/DerivedData/meal.advisor.ios-csaldjncgoleykghtkpncaypzmvo/Build/Products/Debug-iphonesimulator/Auth.swiftmodule/arm64-apple-ios-simulator.swiftdoc /Users/jans./Library/Developer/Xcode/DerivedData/meal.advisor.ios-csaldjncgoleykghtkpncaypzmvo/Build/Intermediates.noindex/Supabase.build/Debug-iphonesimulator/Auth.build/Objects-normal/arm64/Auth.swiftdoc (in target 'Auth' from project 'Supabase')
    cd /Users/jans./Library/Developer/Xcode/DerivedData/meal.advisor.ios-csaldjncgoleykghtkpncaypzmvo/SourcePackages/checkouts/supabase-swift
    builtin-copy -exclude .DS_Store -exclude CVS -exclude .svn -exclude .git -exclude .hg -resolve-src-symlinks -rename /Users/jans./Library/Developer/Xcode/DerivedData/meal.advisor.ios-csaldjncgoleykghtkpncaypzmvo/Build/Intermediates.noindex/Supabase.build/Debug-iphonesimulator/Auth.build/Objects-normal/arm64/Auth.swiftdoc /Users/jans./Library/Developer/Xcode/DerivedData/meal.advisor.ios-csaldjncgoleykghtkpncaypzmvo/Build/Products/Debug-iphonesimulator/Auth.swiftmodule/arm64-apple-ios-simulator.swiftdoc

Copy /Users/jans./Library/Developer/Xcode/DerivedData/meal.advisor.ios-csaldjncgoleykghtkpncaypzmvo/Build/Products/Debug-iphonesimulator/Auth.swiftmodule/arm64-apple-ios-simulator.abi.json /Users/jans./Library/Developer/Xcode/DerivedData/meal.advisor.ios-csaldjncgoleykghtkpncaypzmvo/Build/Intermediates.noindex/Supabase.build/Debug-iphonesimulator/Auth.build/Objects-normal/arm64/Auth.abi.json (in target 'Auth' from project 'Supabase')
    cd /Users/jans./Library/Developer/Xcode/DerivedData/meal.advisor.ios-csaldjncgoleykghtkpncaypzmvo/SourcePackages/checkouts/supabase-swift
    builtin-copy -exclude .DS_Store -exclude CVS -exclude .svn -exclude .git -exclude .hg -resolve-src-symlinks -rename /Users/jans./Library/Developer/Xcode/DerivedData/meal.advisor.ios-csaldjncgoleykghtkpncaypzmvo/Build/Intermediates.noindex/Supabase.build/Debug-iphonesimulator/Auth.build/Objects-normal/arm64/Auth.abi.json /Users/jans./Library/Developer/Xcode/DerivedData/meal.advisor.ios-csaldjncgoleykghtkpncaypzmvo/Build/Products/Debug-iphonesimulator/Auth.swiftmodule/arm64-apple-ios-simulator.abi.json

Copy /Users/jans./Library/Developer/Xcode/DerivedData/meal.advisor.ios-csaldjncgoleykghtkpncaypzmvo/Build/Products/Debug-iphonesimulator/Auth.swiftmodule/Project/arm64-apple-ios-simulator.swiftsourceinfo /Users/jans./Library/Developer/Xcode/DerivedData/meal.advisor.ios-csaldjncgoleykghtkpncaypzmvo/Build/Intermediates.noindex/Supabase.build/Debug-iphonesimulator/Auth.build/Objects-normal/arm64/Auth.swiftsourceinfo (in target 'Auth' from project 'Supabase')
    cd /Users/jans./Library/Developer/Xcode/DerivedData/meal.advisor.ios-csaldjncgoleykghtkpncaypzmvo/SourcePackages/checkouts/supabase-swift
    builtin-copy -exclude .DS_Store -exclude CVS -exclude .svn -exclude .git -exclude .hg -resolve-src-symlinks -rename /Users/jans./Library/Developer/Xcode/DerivedData/meal.advisor.ios-csaldjncgoleykghtkpncaypzmvo/Build/Intermediates.noindex/Supabase.build/Debug-iphonesimulator/Auth.build/Objects-normal/arm64/Auth.swiftsourceinfo /Users/jans./Library/Developer/Xcode/DerivedData/meal.advisor.ios-csaldjncgoleykghtkpncaypzmvo/Build/Products/Debug-iphonesimulator/Auth.swiftmodule/Project/arm64-apple-ios-simulator.swiftsourceinfo

SwiftCompile normal arm64 Compiling\ Types.swift,\ URLSessionWebSocket.swift,\ WebSocket.swift /Users/jans./Library/Developer/Xcode/DerivedData/meal.advisor.ios-csaldjncgoleykghtkpncaypzmvo/SourcePackages/checkouts/supabase-swift/Sources/Realtime/Types.swift /Users/jans./Library/Developer/Xcode/DerivedData/meal.advisor.ios-csaldjncgoleykghtkpncaypzmvo/SourcePackages/checkouts/supabase-swift/Sources/Realtime/WebSocket/URLSessionWebSocket.swift /Users/jans./Library/Developer/Xcode/DerivedData/meal.advisor.ios-csaldjncgoleykghtkpncaypzmvo/SourcePackages/checkouts/supabase-swift/Sources/Realtime/WebSocket/WebSocket.swift (in target 'Realtime' from project 'Supabase')

SwiftCompile normal arm64 /Users/jans./Library/Developer/Xcode/DerivedData/meal.advisor.ios-csaldjncgoleykghtkpncaypzmvo/SourcePackages/checkouts/supabase-swift/Sources/Realtime/Types.swift (in target 'Realtime' from project 'Supabase')
    cd /Users/jans./Downloads/meal.advisor/meal.advisor.ios/meal.advisor.ios/meal.advisor.ios/meal.advisor.ios.xcodeproj
    

SwiftCompile normal arm64 /Users/jans./Library/Developer/Xcode/DerivedData/meal.advisor.ios-csaldjncgoleykghtkpncaypzmvo/SourcePackages/checkouts/supabase-swift/Sources/Realtime/WebSocket/URLSessionWebSocket.swift (in target 'Realtime' from project 'Supabase')
    cd /Users/jans./Downloads/meal.advisor/meal.advisor.ios/meal.advisor.ios/meal.advisor.ios/meal.advisor.ios.xcodeproj
    

SwiftCompile normal arm64 /Users/jans./Library/Developer/Xcode/DerivedData/meal.advisor.ios-csaldjncgoleykghtkpncaypzmvo/SourcePackages/checkouts/supabase-swift/Sources/Realtime/WebSocket/WebSocket.swift (in target 'Realtime' from project 'Supabase')
    cd /Users/jans./Downloads/meal.advisor/meal.advisor.ios/meal.advisor.ios/meal.advisor.ios/meal.advisor.ios.xcodeproj
    

SwiftCompile normal arm64 Compiling\ RealtimeChannel.swift,\ RealtimeClient.swift,\ RealtimeMessage.swift,\ TimeoutTimer.swift /Users/jans./Library/Developer/Xcode/DerivedData/meal.advisor.ios-csaldjncgoleykghtkpncaypzmvo/SourcePackages/checkouts/supabase-swift/Sources/Realtime/Deprecated/RealtimeChannel.swift /Users/jans./Library/Developer/Xcode/DerivedData/meal.advisor.ios-csaldjncgoleykghtkpncaypzmvo/SourcePackages/checkouts/supabase-swift/Sources/Realtime/Deprecated/RealtimeClient.swift /Users/jans./Library/Developer/Xcode/DerivedData/meal.advisor.ios-csaldjncgoleykghtkpncaypzmvo/SourcePackages/checkouts/supabase-swift/Sources/Realtime/Deprecated/RealtimeMessage.swift /Users/jans./Library/Developer/Xcode/DerivedData/meal.advisor.ios-csaldjncgoleykghtkpncaypzmvo/SourcePackages/checkouts/supabase-swift/Sources/Realtime/Deprecated/TimeoutTimer.swift (in target 'Realtime' from project 'Supabase')
SwiftCompile normal arm64 /Users/jans./Library/Developer/Xcode/DerivedData/meal.advisor.ios-csaldjncgoleykghtkpncaypzmvo/SourcePackages/checkouts/supabase-swift/Sources/Realtime/Deprecated/RealtimeChannel.swift (in target 'Realtime' from project 'Supabase')
    cd /Users/jans./Downloads/meal.advisor/meal.advisor.ios/meal.advisor.ios/meal.advisor.ios/meal.advisor.ios.xcodeproj
    

SwiftCompile normal arm64 /Users/jans./Library/Developer/Xcode/DerivedData/meal.advisor.ios-csaldjncgoleykghtkpncaypzmvo/SourcePackages/checkouts/supabase-swift/Sources/Realtime/Deprecated/RealtimeClient.swift (in target 'Realtime' from project 'Supabase')
    cd /Users/jans./Downloads/meal.advisor/meal.advisor.ios/meal.advisor.ios/meal.advisor.ios/meal.advisor.ios.xcodeproj
    

SwiftCompile normal arm64 /Users/jans./Library/Developer/Xcode/DerivedData/meal.advisor.ios-csaldjncgoleykghtkpncaypzmvo/SourcePackages/checkouts/supabase-swift/Sources/Realtime/Deprecated/RealtimeMessage.swift (in target 'Realtime' from project 'Supabase')
    cd /Users/jans./Downloads/meal.advisor/meal.advisor.ios/meal.advisor.ios/meal.advisor.ios/meal.advisor.ios.xcodeproj
    

SwiftCompile normal arm64 /Users/jans./Library/Developer/Xcode/DerivedData/meal.advisor.ios-csaldjncgoleykghtkpncaypzmvo/SourcePackages/checkouts/supabase-swift/Sources/Realtime/Deprecated/TimeoutTimer.swift (in target 'Realtime' from project 'Supabase')
    cd /Users/jans./Downloads/meal.advisor/meal.advisor.ios/meal.advisor.ios/meal.advisor.ios/meal.advisor.ios.xcodeproj
    

SwiftDriverJobDiscovery normal arm64 Compiling Helpers.swift, MultipartFormData.swift (in target 'Storage' from project 'Supabase')

SwiftCompile normal arm64 Compiling\ PushV2.swift,\ RealtimeChannel+AsyncAwait.swift,\ RealtimeChannelV2.swift /Users/jans./Library/Developer/Xcode/DerivedData/meal.advisor.ios-csaldjncgoleykghtkpncaypzmvo/SourcePackages/checkouts/supabase-swift/Sources/Realtime/PushV2.swift /Users/jans./Library/Developer/Xcode/DerivedData/meal.advisor.ios-csaldjncgoleykghtkpncaypzmvo/SourcePackages/checkouts/supabase-swift/Sources/Realtime/RealtimeChannel+AsyncAwait.swift /Users/jans./Library/Developer/Xcode/DerivedData/meal.advisor.ios-csaldjncgoleykghtkpncaypzmvo/SourcePackages/checkouts/supabase-swift/Sources/Realtime/RealtimeChannelV2.swift (in target 'Realtime' from project 'Supabase')

SwiftCompile normal arm64 /Users/jans./Library/Developer/Xcode/DerivedData/meal.advisor.ios-csaldjncgoleykghtkpncaypzmvo/SourcePackages/checkouts/supabase-swift/Sources/Realtime/PushV2.swift (in target 'Realtime' from project 'Supabase')
    cd /Users/jans./Downloads/meal.advisor/meal.advisor.ios/meal.advisor.ios/meal.advisor.ios/meal.advisor.ios.xcodeproj
    

SwiftCompile normal arm64 /Users/jans./Library/Developer/Xcode/DerivedData/meal.advisor.ios-csaldjncgoleykghtkpncaypzmvo/SourcePackages/checkouts/supabase-swift/Sources/Realtime/RealtimeChannel+AsyncAwait.swift (in target 'Realtime' from project 'Supabase')
    cd /Users/jans./Downloads/meal.advisor/meal.advisor.ios/meal.advisor.ios/meal.advisor.ios/meal.advisor.ios.xcodeproj
    

SwiftCompile normal arm64 /Users/jans./Library/Developer/Xcode/DerivedData/meal.advisor.ios-csaldjncgoleykghtkpncaypzmvo/SourcePackages/checkouts/supabase-swift/Sources/Realtime/RealtimeChannelV2.swift (in target 'Realtime' from project 'Supabase')
    cd /Users/jans./Downloads/meal.advisor/meal.advisor.ios/meal.advisor.ios/meal.advisor.ios/meal.advisor.ios.xcodeproj
    

SwiftDriverJobDiscovery normal arm64 Compiling StorageApi.swift, StorageBucketApi.swift (in target 'Storage' from project 'Supabase')

SwiftCompile normal arm64 Compiling\ Exports.swift,\ PostgresAction.swift,\ PostgresActionData.swift,\ PresenceAction.swift /Users/jans./Library/Developer/Xcode/DerivedData/meal.advisor.ios-csaldjncgoleykghtkpncaypzmvo/SourcePackages/checkouts/supabase-swift/Sources/Realtime/Exports.swift /Users/jans./Library/Developer/Xcode/DerivedData/meal.advisor.ios-csaldjncgoleykghtkpncaypzmvo/SourcePackages/checkouts/supabase-swift/Sources/Realtime/PostgresAction.swift /Users/jans./Library/Developer/Xcode/DerivedData/meal.advisor.ios-csaldjncgoleykghtkpncaypzmvo/SourcePackages/checkouts/supabase-swift/Sources/Realtime/PostgresActionData.swift /Users/jans./Library/Developer/Xcode/DerivedData/meal.advisor.ios-csaldjncgoleykghtkpncaypzmvo/SourcePackages/checkouts/supabase-swift/Sources/Realtime/PresenceAction.swift (in target 'Realtime' from project 'Supabase')

SwiftCompile normal arm64 /Users/jans./Library/Developer/Xcode/DerivedData/meal.advisor.ios-csaldjncgoleykghtkpncaypzmvo/SourcePackages/checkouts/supabase-swift/Sources/Realtime/Exports.swift (in target 'Realtime' from project 'Supabase')
    cd /Users/jans./Downloads/meal.advisor/meal.advisor.ios/meal.advisor.ios/meal.advisor.ios/meal.advisor.ios.xcodeproj
    

SwiftCompile normal arm64 /Users/jans./Library/Developer/Xcode/DerivedData/meal.advisor.ios-csaldjncgoleykghtkpncaypzmvo/SourcePackages/checkouts/supabase-swift/Sources/Realtime/PostgresAction.swift (in target 'Realtime' from project 'Supabase')
    cd /Users/jans./Downloads/meal.advisor/meal.advisor.ios/meal.advisor.ios/meal.advisor.ios/meal.advisor.ios.xcodeproj
    

SwiftCompile normal arm64 /Users/jans./Library/Developer/Xcode/DerivedData/meal.advisor.ios-csaldjncgoleykghtkpncaypzmvo/SourcePackages/checkouts/supabase-swift/Sources/Realtime/PostgresActionData.swift (in target 'Realtime' from project 'Supabase')
    cd /Users/jans./Downloads/meal.advisor/meal.advisor.ios/meal.advisor.ios/meal.advisor.ios/meal.advisor.ios.xcodeproj
    

SwiftCompile normal arm64 /Users/jans./Library/Developer/Xcode/DerivedData/meal.advisor.ios-csaldjncgoleykghtkpncaypzmvo/SourcePackages/checkouts/supabase-swift/Sources/Realtime/PresenceAction.swift (in target 'Realtime' from project 'Supabase')
    cd /Users/jans./Downloads/meal.advisor/meal.advisor.ios/meal.advisor.ios/meal.advisor.ios/meal.advisor.ios.xcodeproj
    

CompileC /Users/jans./Library/Developer/Xcode/DerivedData/meal.advisor.ios-csaldjncgoleykghtkpncaypzmvo/Build/Intermediates.noindex/GoogleSignIn.build/Debug-iphonesimulator/GoogleSignIn.build/Objects-normal/arm64/NSBundle+GID3PAdditions.o /Users/jans./Library/Developer/Xcode/DerivedData/meal.advisor.ios-csaldjncgoleykghtkpncaypzmvo/SourcePackages/checkouts/GoogleSignIn-iOS/GoogleSignIn/Sources/NSBundle+GID3PAdditions.m normal arm64 objective-c com.apple.compilers.llvm.clang.1_0.compiler (in target 'GoogleSignIn' from project 'GoogleSignIn')
    cd /Users/jans./Downloads/meal.advisor/meal.advisor.ios/meal.advisor.ios/meal.advisor.ios/meal.advisor.ios.xcodeproj
    
    Using response file: /Users/jans./Library/Developer/Xcode/DerivedData/meal.advisor.ios-csaldjncgoleykghtkpncaypzmvo/Build/Intermediates.noindex/GoogleSignIn.build/Debug-iphonesimulator/GoogleSignIn.build/Objects-normal/arm64/e6072d4f65d7061329687fe24e3d63a7-common-args.resp
    
    /Applications/Xcode.app/Contents/Developer/Toolchains/XcodeDefault.xctoolchain/usr/bin/clang -x objective-c -ivfsstatcache /Users/jans./Library/Developer/Xcode/DerivedData/SDKStatCaches.noindex/iphonesimulator18.5-22F76-d5fc8ad4295d2ef488fb7d0f804ce0c4.sdkstatcache -fmessage-length\=0 -fdiagnostics-show-note-include-stack -fmacro-backtrace-limit\=0 -fno-color-diagnostics -fmodules-prune-interval\=86400 -fmodules-prune-after\=345600 -fbuild-session-file\=/Users/jans./Library/Developer/Xcode/DerivedData/ModuleCache.noindex/Session.modulevalidation -fmodules-validate-once-per-build-session -Wnon-modular-include-in-framework-module -Werror\=non-modular-include-in-framework-module -Wno-trigraphs -Wno-missing-field-initializers -Wno-missing-prototypes -Wno-return-type -Wno-implicit-atomic-properties -Wno-objc-interface-ivars -Wno-arc-repeated-use-of-weak -Wno-missing-braces -Wparentheses -Wswitch -Wno-unused-function -Wno-unused-label -Wno-unused-parameter -Wno-unused-variable -Wunused-value -Wno-empty-body -Wno-uninitialized -Wno-unknown-pragmas -w -Wno-shadow -Wno-four-char-constants -Wno-conversion -Wno-constant-conversion -Wno-int-conversion -Wno-bool-conversion -Wno-enum-conversion -Wno-float-conversion -Wno-non-literal-null-conversion -Wno-objc-literal-conversion -Wshorten-64-to-32 -Wpointer-sign -Wno-newline-eof -Wno-selector -Wno-strict-selector-match -Wno-undeclared-selector -Wno-deprecated-implementations -Wno-implicit-fallthrough -fstrict-aliasing -Wprotocol -Wdeprecated-declarations -Wno-sign-conversion -Wno-infinite-recursion -Wno-comma -Wno-block-capture-autoreleasing -Wno-strict-prototypes -Wno-semicolon-before-method-body -index-store-path /Users/jans./Library/Developer/Xcode/DerivedData/meal.advisor.ios-csaldjncgoleykghtkpncaypzmvo/Index.noindex/DataStore @/Users/jans./Library/Developer/Xcode/DerivedData/meal.advisor.ios-csaldjncgoleykghtkpncaypzmvo/Build/Intermediates.noindex/GoogleSignIn.build/Debug-iphonesimulator/GoogleSignIn.build/Objects-normal/arm64/e6072d4f65d7061329687fe24e3d63a7-common-args.resp -include /Users/jans./Library/Developer/Xcode/DerivedData/meal.advisor.ios-csaldjncgoleykghtkpncaypzmvo/Build/Intermediates.noindex/GoogleSignIn.build/Debug-iphonesimulator/GoogleSignIn.build/DerivedSources/resource_bundle_accessor.h -MMD -MT dependencies -MF /Users/jans./Library/Developer/Xcode/DerivedData/meal.advisor.ios-csaldjncgoleykghtkpncaypzmvo/Build/Intermediates.noindex/GoogleSignIn.build/Debug-iphonesimulator/GoogleSignIn.build/Objects-normal/arm64/NSBundle+GID3PAdditions.d --serialize-diagnostics /Users/jans./Library/Developer/Xcode/DerivedData/meal.advisor.ios-csaldjncgoleykghtkpncaypzmvo/Build/Intermediates.noindex/GoogleSignIn.build/Debug-iphonesimulator/GoogleSignIn.build/Objects-normal/arm64/NSBundle+GID3PAdditions.dia -c /Users/jans./Library/Developer/Xcode/DerivedData/meal.advisor.ios-csaldjncgoleykghtkpncaypzmvo/SourcePackages/checkouts/GoogleSignIn-iOS/GoogleSignIn/Sources/NSBundle+GID3PAdditions.m -o /Users/jans./Library/Developer/Xcode/DerivedData/meal.advisor.ios-csaldjncgoleykghtkpncaypzmvo/Build/Intermediates.noindex/GoogleSignIn.build/Debug-iphonesimulator/GoogleSignIn.build/Objects-normal/arm64/NSBundle+GID3PAdditions.o -index-unit-output-path /GoogleSignIn.build/Debug-iphonesimulator/GoogleSignIn.build/Objects-normal/arm64/NSBundle+GID3PAdditions.o

SwiftDriverJobDiscovery normal arm64 Compiling Types.swift (in target 'Storage' from project 'Supabase')

CompileC /Users/jans./Library/Developer/Xcode/DerivedData/meal.advisor.ios-csaldjncgoleykghtkpncaypzmvo/Build/Intermediates.noindex/GoogleSignIn.build/Debug-iphonesimulator/GoogleSignIn.build/Objects-normal/arm64/GIDSignInInternalOptions.o /Users/jans./Library/Developer/Xcode/DerivedData/meal.advisor.ios-csaldjncgoleykghtkpncaypzmvo/SourcePackages/checkouts/GoogleSignIn-iOS/GoogleSignIn/Sources/GIDSignInInternalOptions.m normal arm64 objective-c com.apple.compilers.llvm.clang.1_0.compiler (in target 'GoogleSignIn' from project 'GoogleSignIn')
    cd /Users/jans./Downloads/meal.advisor/meal.advisor.ios/meal.advisor.ios/meal.advisor.ios/meal.advisor.ios.xcodeproj
    
    Using response file: /Users/jans./Library/Developer/Xcode/DerivedData/meal.advisor.ios-csaldjncgoleykghtkpncaypzmvo/Build/Intermediates.noindex/GoogleSignIn.build/Debug-iphonesimulator/GoogleSignIn.build/Objects-normal/arm64/e6072d4f65d7061329687fe24e3d63a7-common-args.resp
    
    /Applications/Xcode.app/Contents/Developer/Toolchains/XcodeDefault.xctoolchain/usr/bin/clang -x objective-c -ivfsstatcache /Users/jans./Library/Developer/Xcode/DerivedData/SDKStatCaches.noindex/iphonesimulator18.5-22F76-d5fc8ad4295d2ef488fb7d0f804ce0c4.sdkstatcache -fmessage-length\=0 -fdiagnostics-show-note-include-stack -fmacro-backtrace-limit\=0 -fno-color-diagnostics -fmodules-prune-interval\=86400 -fmodules-prune-after\=345600 -fbuild-session-file\=/Users/jans./Library/Developer/Xcode/DerivedData/ModuleCache.noindex/Session.modulevalidation -fmodules-validate-once-per-build-session -Wnon-modular-include-in-framework-module -Werror\=non-modular-include-in-framework-module -Wno-trigraphs -Wno-missing-field-initializers -Wno-missing-prototypes -Wno-return-type -Wno-implicit-atomic-properties -Wno-objc-interface-ivars -Wno-arc-repeated-use-of-weak -Wno-missing-braces -Wparentheses -Wswitch -Wno-unused-function -Wno-unused-label -Wno-unused-parameter -Wno-unused-variable -Wunused-value -Wno-empty-body -Wno-uninitialized -Wno-unknown-pragmas -w -Wno-shadow -Wno-four-char-constants -Wno-conversion -Wno-constant-conversion -Wno-int-conversion -Wno-bool-conversion -Wno-enum-conversion -Wno-float-conversion -Wno-non-literal-null-conversion -Wno-objc-literal-conversion -Wshorten-64-to-32 -Wpointer-sign -Wno-newline-eof -Wno-selector -Wno-strict-selector-match -Wno-undeclared-selector -Wno-deprecated-implementations -Wno-implicit-fallthrough -fstrict-aliasing -Wprotocol -Wdeprecated-declarations -Wno-sign-conversion -Wno-infinite-recursion -Wno-comma -Wno-block-capture-autoreleasing -Wno-strict-prototypes -Wno-semicolon-before-method-body -index-store-path /Users/jans./Library/Developer/Xcode/DerivedData/meal.advisor.ios-csaldjncgoleykghtkpncaypzmvo/Index.noindex/DataStore @/Users/jans./Library/Developer/Xcode/DerivedData/meal.advisor.ios-csaldjncgoleykghtkpncaypzmvo/Build/Intermediates.noindex/GoogleSignIn.build/Debug-iphonesimulator/GoogleSignIn.build/Objects-normal/arm64/e6072d4f65d7061329687fe24e3d63a7-common-args.resp -include /Users/jans./Library/Developer/Xcode/DerivedData/meal.advisor.ios-csaldjncgoleykghtkpncaypzmvo/Build/Intermediates.noindex/GoogleSignIn.build/Debug-iphonesimulator/GoogleSignIn.build/DerivedSources/resource_bundle_accessor.h -MMD -MT dependencies -MF /Users/jans./Library/Developer/Xcode/DerivedData/meal.advisor.ios-csaldjncgoleykghtkpncaypzmvo/Build/Intermediates.noindex/GoogleSignIn.build/Debug-iphonesimulator/GoogleSignIn.build/Objects-normal/arm64/GIDSignInInternalOptions.d --serialize-diagnostics /Users/jans./Library/Developer/Xcode/DerivedData/meal.advisor.ios-csaldjncgoleykghtkpncaypzmvo/Build/Intermediates.noindex/GoogleSignIn.build/Debug-iphonesimulator/GoogleSignIn.build/Objects-normal/arm64/GIDSignInInternalOptions.dia -c /Users/jans./Library/Developer/Xcode/DerivedData/meal.advisor.ios-csaldjncgoleykghtkpncaypzmvo/SourcePackages/checkouts/GoogleSignIn-iOS/GoogleSignIn/Sources/GIDSignInInternalOptions.m -o /Users/jans./Library/Developer/Xcode/DerivedData/meal.advisor.ios-csaldjncgoleykghtkpncaypzmvo/Build/Intermediates.noindex/GoogleSignIn.build/Debug-iphonesimulator/GoogleSignIn.build/Objects-normal/arm64/GIDSignInInternalOptions.o -index-unit-output-path /GoogleSignIn.build/Debug-iphonesimulator/GoogleSignIn.build/Objects-normal/arm64/GIDSignInInternalOptions.o

SwiftDriverJobDiscovery normal arm64 Compiling CallbackManager.swift, Defaults.swift, Delegated.swift, Deprecated.swift (in target 'Realtime' from project 'Supabase')

CompileC /Users/jans./Library/Developer/Xcode/DerivedData/meal.advisor.ios-csaldjncgoleykghtkpncaypzmvo/Build/Intermediates.noindex/GoogleSignIn.build/Debug-iphonesimulator/GoogleSignIn.build/Objects-normal/arm64/GIDSignInButton.o /Users/jans./Library/Developer/Xcode/DerivedData/meal.advisor.ios-csaldjncgoleykghtkpncaypzmvo/SourcePackages/checkouts/GoogleSignIn-iOS/GoogleSignIn/Sources/GIDSignInButton.m normal arm64 objective-c com.apple.compilers.llvm.clang.1_0.compiler (in target 'GoogleSignIn' from project 'GoogleSignIn')
    cd /Users/jans./Downloads/meal.advisor/meal.advisor.ios/meal.advisor.ios/meal.advisor.ios/meal.advisor.ios.xcodeproj
    
    Using response file: /Users/jans./Library/Developer/Xcode/DerivedData/meal.advisor.ios-csaldjncgoleykghtkpncaypzmvo/Build/Intermediates.noindex/GoogleSignIn.build/Debug-iphonesimulator/GoogleSignIn.build/Objects-normal/arm64/e6072d4f65d7061329687fe24e3d63a7-common-args.resp
    
    /Applications/Xcode.app/Contents/Developer/Toolchains/XcodeDefault.xctoolchain/usr/bin/clang -x objective-c -ivfsstatcache /Users/jans./Library/Developer/Xcode/DerivedData/SDKStatCaches.noindex/iphonesimulator18.5-22F76-d5fc8ad4295d2ef488fb7d0f804ce0c4.sdkstatcache -fmessage-length\=0 -fdiagnostics-show-note-include-stack -fmacro-backtrace-limit\=0 -fno-color-diagnostics -fmodules-prune-interval\=86400 -fmodules-prune-after\=345600 -fbuild-session-file\=/Users/jans./Library/Developer/Xcode/DerivedData/ModuleCache.noindex/Session.modulevalidation -fmodules-validate-once-per-build-session -Wnon-modular-include-in-framework-module -Werror\=non-modular-include-in-framework-module -Wno-trigraphs -Wno-missing-field-initializers -Wno-missing-prototypes -Wno-return-type -Wno-implicit-atomic-properties -Wno-objc-interface-ivars -Wno-arc-repeated-use-of-weak -Wno-missing-braces -Wparentheses -Wswitch -Wno-unused-function -Wno-unused-label -Wno-unused-parameter -Wno-unused-variable -Wunused-value -Wno-empty-body -Wno-uninitialized -Wno-unknown-pragmas -w -Wno-shadow -Wno-four-char-constants -Wno-conversion -Wno-constant-conversion -Wno-int-conversion -Wno-bool-conversion -Wno-enum-conversion -Wno-float-conversion -Wno-non-literal-null-conversion -Wno-objc-literal-conversion -Wshorten-64-to-32 -Wpointer-sign -Wno-newline-eof -Wno-selector -Wno-strict-selector-match -Wno-undeclared-selector -Wno-deprecated-implementations -Wno-implicit-fallthrough -fstrict-aliasing -Wprotocol -Wdeprecated-declarations -Wno-sign-conversion -Wno-infinite-recursion -Wno-comma -Wno-block-capture-autoreleasing -Wno-strict-prototypes -Wno-semicolon-before-method-body -index-store-path /Users/jans./Library/Developer/Xcode/DerivedData/meal.advisor.ios-csaldjncgoleykghtkpncaypzmvo/Index.noindex/DataStore @/Users/jans./Library/Developer/Xcode/DerivedData/meal.advisor.ios-csaldjncgoleykghtkpncaypzmvo/Build/Intermediates.noindex/GoogleSignIn.build/Debug-iphonesimulator/GoogleSignIn.build/Objects-normal/arm64/e6072d4f65d7061329687fe24e3d63a7-common-args.resp -include /Users/jans./Library/Developer/Xcode/DerivedData/meal.advisor.ios-csaldjncgoleykghtkpncaypzmvo/Build/Intermediates.noindex/GoogleSignIn.build/Debug-iphonesimulator/GoogleSignIn.build/DerivedSources/resource_bundle_accessor.h -MMD -MT dependencies -MF /Users/jans./Library/Developer/Xcode/DerivedData/meal.advisor.ios-csaldjncgoleykghtkpncaypzmvo/Build/Intermediates.noindex/GoogleSignIn.build/Debug-iphonesimulator/GoogleSignIn.build/Objects-normal/arm64/GIDSignInButton.d --serialize-diagnostics /Users/jans./Library/Developer/Xcode/DerivedData/meal.advisor.ios-csaldjncgoleykghtkpncaypzmvo/Build/Intermediates.noindex/GoogleSignIn.build/Debug-iphonesimulator/GoogleSignIn.build/Objects-normal/arm64/GIDSignInButton.dia -c /Users/jans./Library/Developer/Xcode/DerivedData/meal.advisor.ios-csaldjncgoleykghtkpncaypzmvo/SourcePackages/checkouts/GoogleSignIn-iOS/GoogleSignIn/Sources/GIDSignInButton.m -o /Users/jans./Library/Developer/Xcode/DerivedData/meal.advisor.ios-csaldjncgoleykghtkpncaypzmvo/Build/Intermediates.noindex/GoogleSignIn.build/Debug-iphonesimulator/GoogleSignIn.build/Objects-normal/arm64/GIDSignInButton.o -index-unit-output-path /GoogleSignIn.build/Debug-iphonesimulator/GoogleSignIn.build/Objects-normal/arm64/GIDSignInButton.o

CompileC /Users/jans./Library/Developer/Xcode/DerivedData/meal.advisor.ios-csaldjncgoleykghtkpncaypzmvo/Build/Intermediates.noindex/GoogleSignIn.build/Debug-iphonesimulator/GoogleSignIn.build/Objects-normal/arm64/GIDMDMPasscodeCache.o /Users/jans./Library/Developer/Xcode/DerivedData/meal.advisor.ios-csaldjncgoleykghtkpncaypzmvo/SourcePackages/checkouts/GoogleSignIn-iOS/GoogleSignIn/Sources/GIDMDMPasscodeCache.m normal arm64 objective-c com.apple.compilers.llvm.clang.1_0.compiler (in target 'GoogleSignIn' from project 'GoogleSignIn')
    cd /Users/jans./Downloads/meal.advisor/meal.advisor.ios/meal.advisor.ios/meal.advisor.ios/meal.advisor.ios.xcodeproj
    
    Using response file: /Users/jans./Library/Developer/Xcode/DerivedData/meal.advisor.ios-csaldjncgoleykghtkpncaypzmvo/Build/Intermediates.noindex/GoogleSignIn.build/Debug-iphonesimulator/GoogleSignIn.build/Objects-normal/arm64/e6072d4f65d7061329687fe24e3d63a7-common-args.resp
    
    /Applications/Xcode.app/Contents/Developer/Toolchains/XcodeDefault.xctoolchain/usr/bin/clang -x objective-c -ivfsstatcache /Users/jans./Library/Developer/Xcode/DerivedData/SDKStatCaches.noindex/iphonesimulator18.5-22F76-d5fc8ad4295d2ef488fb7d0f804ce0c4.sdkstatcache -fmessage-length\=0 -fdiagnostics-show-note-include-stack -fmacro-backtrace-limit\=0 -fno-color-diagnostics -fmodules-prune-interval\=86400 -fmodules-prune-after\=345600 -fbuild-session-file\=/Users/jans./Library/Developer/Xcode/DerivedData/ModuleCache.noindex/Session.modulevalidation -fmodules-validate-once-per-build-session -Wnon-modular-include-in-framework-module -Werror\=non-modular-include-in-framework-module -Wno-trigraphs -Wno-missing-field-initializers -Wno-missing-prototypes -Wno-return-type -Wno-implicit-atomic-properties -Wno-objc-interface-ivars -Wno-arc-repeated-use-of-weak -Wno-missing-braces -Wparentheses -Wswitch -Wno-unused-function -Wno-unused-label -Wno-unused-parameter -Wno-unused-variable -Wunused-value -Wno-empty-body -Wno-uninitialized -Wno-unknown-pragmas -w -Wno-shadow -Wno-four-char-constants -Wno-conversion -Wno-constant-conversion -Wno-int-conversion -Wno-bool-conversion -Wno-enum-conversion -Wno-float-conversion -Wno-non-literal-null-conversion -Wno-objc-literal-conversion -Wshorten-64-to-32 -Wpointer-sign -Wno-newline-eof -Wno-selector -Wno-strict-selector-match -Wno-undeclared-selector -Wno-deprecated-implementations -Wno-implicit-fallthrough -fstrict-aliasing -Wprotocol -Wdeprecated-declarations -Wno-sign-conversion -Wno-infinite-recursion -Wno-comma -Wno-block-capture-autoreleasing -Wno-strict-prototypes -Wno-semicolon-before-method-body -index-store-path /Users/jans./Library/Developer/Xcode/DerivedData/meal.advisor.ios-csaldjncgoleykghtkpncaypzmvo/Index.noindex/DataStore @/Users/jans./Library/Developer/Xcode/DerivedData/meal.advisor.ios-csaldjncgoleykghtkpncaypzmvo/Build/Intermediates.noindex/GoogleSignIn.build/Debug-iphonesimulator/GoogleSignIn.build/Objects-normal/arm64/e6072d4f65d7061329687fe24e3d63a7-common-args.resp -include /Users/jans./Library/Developer/Xcode/DerivedData/meal.advisor.ios-csaldjncgoleykghtkpncaypzmvo/Build/Intermediates.noindex/GoogleSignIn.build/Debug-iphonesimulator/GoogleSignIn.build/DerivedSources/resource_bundle_accessor.h -MMD -MT dependencies -MF /Users/jans./Library/Developer/Xcode/DerivedData/meal.advisor.ios-csaldjncgoleykghtkpncaypzmvo/Build/Intermediates.noindex/GoogleSignIn.build/Debug-iphonesimulator/GoogleSignIn.build/Objects-normal/arm64/GIDMDMPasscodeCache.d --serialize-diagnostics /Users/jans./Library/Developer/Xcode/DerivedData/meal.advisor.ios-csaldjncgoleykghtkpncaypzmvo/Build/Intermediates.noindex/GoogleSignIn.build/Debug-iphonesimulator/GoogleSignIn.build/Objects-normal/arm64/GIDMDMPasscodeCache.dia -c /Users/jans./Library/Developer/Xcode/DerivedData/meal.advisor.ios-csaldjncgoleykghtkpncaypzmvo/SourcePackages/checkouts/GoogleSignIn-iOS/GoogleSignIn/Sources/GIDMDMPasscodeCache.m -o /Users/jans./Library/Developer/Xcode/DerivedData/meal.advisor.ios-csaldjncgoleykghtkpncaypzmvo/Build/Intermediates.noindex/GoogleSignIn.build/Debug-iphonesimulator/GoogleSignIn.build/Objects-normal/arm64/GIDMDMPasscodeCache.o -index-unit-output-path /GoogleSignIn.build/Debug-iphonesimulator/GoogleSignIn.build/Objects-normal/arm64/GIDMDMPasscodeCache.o

CompileC /Users/jans./Library/Developer/Xcode/DerivedData/meal.advisor.ios-csaldjncgoleykghtkpncaypzmvo/Build/Intermediates.noindex/GoogleSignIn.build/Debug-iphonesimulator/GoogleSignIn.build/Objects-normal/arm64/GIDEMMErrorHandler.o /Users/jans./Library/Developer/Xcode/DerivedData/meal.advisor.ios-csaldjncgoleykghtkpncaypzmvo/SourcePackages/checkouts/GoogleSignIn-iOS/GoogleSignIn/Sources/GIDEMMErrorHandler.m normal arm64 objective-c com.apple.compilers.llvm.clang.1_0.compiler (in target 'GoogleSignIn' from project 'GoogleSignIn')
    cd /Users/jans./Downloads/meal.advisor/meal.advisor.ios/meal.advisor.ios/meal.advisor.ios/meal.advisor.ios.xcodeproj
    
    Using response file: /Users/jans./Library/Developer/Xcode/DerivedData/meal.advisor.ios-csaldjncgoleykghtkpncaypzmvo/Build/Intermediates.noindex/GoogleSignIn.build/Debug-iphonesimulator/GoogleSignIn.build/Objects-normal/arm64/e6072d4f65d7061329687fe24e3d63a7-common-args.resp
    
    /Applications/Xcode.app/Contents/Developer/Toolchains/XcodeDefault.xctoolchain/usr/bin/clang -x objective-c -ivfsstatcache /Users/jans./Library/Developer/Xcode/DerivedData/SDKStatCaches.noindex/iphonesimulator18.5-22F76-d5fc8ad4295d2ef488fb7d0f804ce0c4.sdkstatcache -fmessage-length\=0 -fdiagnostics-show-note-include-stack -fmacro-backtrace-limit\=0 -fno-color-diagnostics -fmodules-prune-interval\=86400 -fmodules-prune-after\=345600 -fbuild-session-file\=/Users/jans./Library/Developer/Xcode/DerivedData/ModuleCache.noindex/Session.modulevalidation -fmodules-validate-once-per-build-session -Wnon-modular-include-in-framework-module -Werror\=non-modular-include-in-framework-module -Wno-trigraphs -Wno-missing-field-initializers -Wno-missing-prototypes -Wno-return-type -Wno-implicit-atomic-properties -Wno-objc-interface-ivars -Wno-arc-repeated-use-of-weak -Wno-missing-braces -Wparentheses -Wswitch -Wno-unused-function -Wno-unused-label -Wno-unused-parameter -Wno-unused-variable -Wunused-value -Wno-empty-body -Wno-uninitialized -Wno-unknown-pragmas -w -Wno-shadow -Wno-four-char-constants -Wno-conversion -Wno-constant-conversion -Wno-int-conversion -Wno-bool-conversion -Wno-enum-conversion -Wno-float-conversion -Wno-non-literal-null-conversion -Wno-objc-literal-conversion -Wshorten-64-to-32 -Wpointer-sign -Wno-newline-eof -Wno-selector -Wno-strict-selector-match -Wno-undeclared-selector -Wno-deprecated-implementations -Wno-implicit-fallthrough -fstrict-aliasing -Wprotocol -Wdeprecated-declarations -Wno-sign-conversion -Wno-infinite-recursion -Wno-comma -Wno-block-capture-autoreleasing -Wno-strict-prototypes -Wno-semicolon-before-method-body -index-store-path /Users/jans./Library/Developer/Xcode/DerivedData/meal.advisor.ios-csaldjncgoleykghtkpncaypzmvo/Index.noindex/DataStore @/Users/jans./Library/Developer/Xcode/DerivedData/meal.advisor.ios-csaldjncgoleykghtkpncaypzmvo/Build/Intermediates.noindex/GoogleSignIn.build/Debug-iphonesimulator/GoogleSignIn.build/Objects-normal/arm64/e6072d4f65d7061329687fe24e3d63a7-common-args.resp -include /Users/jans./Library/Developer/Xcode/DerivedData/meal.advisor.ios-csaldjncgoleykghtkpncaypzmvo/Build/Intermediates.noindex/GoogleSignIn.build/Debug-iphonesimulator/GoogleSignIn.build/DerivedSources/resource_bundle_accessor.h -MMD -MT dependencies -MF /Users/jans./Library/Developer/Xcode/DerivedData/meal.advisor.ios-csaldjncgoleykghtkpncaypzmvo/Build/Intermediates.noindex/GoogleSignIn.build/Debug-iphonesimulator/GoogleSignIn.build/Objects-normal/arm64/GIDEMMErrorHandler.d --serialize-diagnostics /Users/jans./Library/Developer/Xcode/DerivedData/meal.advisor.ios-csaldjncgoleykghtkpncaypzmvo/Build/Intermediates.noindex/GoogleSignIn.build/Debug-iphonesimulator/GoogleSignIn.build/Objects-normal/arm64/GIDEMMErrorHandler.dia -c /Users/jans./Library/Developer/Xcode/DerivedData/meal.advisor.ios-csaldjncgoleykghtkpncaypzmvo/SourcePackages/checkouts/GoogleSignIn-iOS/GoogleSignIn/Sources/GIDEMMErrorHandler.m -o /Users/jans./Library/Developer/Xcode/DerivedData/meal.advisor.ios-csaldjncgoleykghtkpncaypzmvo/Build/Intermediates.noindex/GoogleSignIn.build/Debug-iphonesimulator/GoogleSignIn.build/Objects-normal/arm64/GIDEMMErrorHandler.o -index-unit-output-path /GoogleSignIn.build/Debug-iphonesimulator/GoogleSignIn.build/Objects-normal/arm64/GIDEMMErrorHandler.o

PrecompileModule /Users/jans./Library/Developer/Xcode/DerivedData/meal.advisor.ios-csaldjncgoleykghtkpncaypzmvo/Build/Intermediates.noindex/ExplicitPrecompiledModules/GTMSessionFetcherCore-C8G0H1V3BGGU5QUUQW5Q3BRAG.scan
    cd /Users/jans./Downloads/meal.advisor/meal.advisor.ios/meal.advisor.ios/meal.advisor.ios/meal.advisor.ios.xcodeproj
    builtin-precompileModule /Users/jans./Library/Developer/Xcode/DerivedData/meal.advisor.ios-csaldjncgoleykghtkpncaypzmvo/Build/Intermediates.noindex/ExplicitPrecompiledModules/GTMSessionFetcherCore-C8G0H1V3BGGU5QUUQW5Q3BRAG.scan

PrecompileModule /Users/jans./Library/Developer/Xcode/DerivedData/meal.advisor.ios-csaldjncgoleykghtkpncaypzmvo/Build/Intermediates.noindex/ExplicitPrecompiledModules/AppAuth-EDVWPU79I9KD4FNRYOMMS0LJX.scan
    cd /Users/jans./Downloads/meal.advisor/meal.advisor.ios/meal.advisor.ios/meal.advisor.ios/meal.advisor.ios.xcodeproj
    builtin-precompileModule /Users/jans./Library/Developer/Xcode/DerivedData/meal.advisor.ios-csaldjncgoleykghtkpncaypzmvo/Build/Intermediates.noindex/ExplicitPrecompiledModules/AppAuth-EDVWPU79I9KD4FNRYOMMS0LJX.scan

SwiftCompile normal arm64 Compiling\ RealtimeMessageV2.swift,\ RealtimePostgresFilter.swift,\ RealtimePostgresFilterValue.swift /Users/jans./Library/Developer/Xcode/DerivedData/meal.advisor.ios-csaldjncgoleykghtkpncaypzmvo/SourcePackages/checkouts/supabase-swift/Sources/Realtime/RealtimeMessageV2.swift /Users/jans./Library/Developer/Xcode/DerivedData/meal.advisor.ios-csaldjncgoleykghtkpncaypzmvo/SourcePackages/checkouts/supabase-swift/Sources/Realtime/RealtimePostgresFilter.swift /Users/jans./Library/Developer/Xcode/DerivedData/meal.advisor.ios-csaldjncgoleykghtkpncaypzmvo/SourcePackages/checkouts/supabase-swift/Sources/Realtime/RealtimePostgresFilterValue.swift (in target 'Realtime' from project 'Supabase')

SwiftCompile normal arm64 /Users/jans./Library/Developer/Xcode/DerivedData/meal.advisor.ios-csaldjncgoleykghtkpncaypzmvo/SourcePackages/checkouts/supabase-swift/Sources/Realtime/RealtimeMessageV2.swift (in target 'Realtime' from project 'Supabase')
    cd /Users/jans./Downloads/meal.advisor/meal.advisor.ios/meal.advisor.ios/meal.advisor.ios/meal.advisor.ios.xcodeproj
    

SwiftCompile normal arm64 /Users/jans./Library/Developer/Xcode/DerivedData/meal.advisor.ios-csaldjncgoleykghtkpncaypzmvo/SourcePackages/checkouts/supabase-swift/Sources/Realtime/RealtimePostgresFilter.swift (in target 'Realtime' from project 'Supabase')
    cd /Users/jans./Downloads/meal.advisor/meal.advisor.ios/meal.advisor.ios/meal.advisor.ios/meal.advisor.ios.xcodeproj
    

SwiftCompile normal arm64 /Users/jans./Library/Developer/Xcode/DerivedData/meal.advisor.ios-csaldjncgoleykghtkpncaypzmvo/SourcePackages/checkouts/supabase-swift/Sources/Realtime/RealtimePostgresFilterValue.swift (in target 'Realtime' from project 'Supabase')
    cd /Users/jans./Downloads/meal.advisor/meal.advisor.ios/meal.advisor.ios/meal.advisor.ios/meal.advisor.ios.xcodeproj
    

SwiftDriverJobDiscovery normal arm64 Compiling StorageError.swift, StorageFileApi.swift (in target 'Storage' from project 'Supabase')

SwiftDriver\ Compilation Storage normal arm64 com.apple.xcode.tools.swift.compiler (in target 'Storage' from project 'Supabase')
    cd /Users/jans./Downloads/meal.advisor/meal.advisor.ios/meal.advisor.ios/meal.advisor.ios/meal.advisor.ios.xcodeproj
    builtin-Swift-Compilation -- /Applications/Xcode.app/Contents/Developer/Toolchains/XcodeDefault.xctoolchain/usr/bin/swiftc -module-name Storage -Onone -enforce-exclusivity\=checked @/Users/jans./Library/Developer/Xcode/DerivedData/meal.advisor.ios-csaldjncgoleykghtkpncaypzmvo/Build/Intermediates.noindex/Supabase.build/Debug-iphonesimulator/Storage.build/Objects-normal/arm64/Storage.SwiftFileList -DSWIFT_PACKAGE -DDEBUG -DXcode -enable-upcoming-feature ExistentialAny -enable-experimental-feature StrictConcurrency -plugin-path /Applications/Xcode.app/Contents/Developer/Toolchains/XcodeDefault.xctoolchain/usr/lib/swift/host/plugins/testing -enable-experimental-feature DebugDescriptionMacro -sdk /Applications/Xcode.app/Contents/Developer/Platforms/iPhoneSimulator.platform/Developer/SDKs/iPhoneSimulator18.5.sdk -target arm64-apple-ios13.0-simulator -g -module-cache-path /Users/jans./Library/Developer/Xcode/DerivedData/ModuleCache.noindex -Xfrontend -serialize-debugging-options -enable-testing -suppress-warnings -index-store-path /Users/jans./Library/Developer/Xcode/DerivedData/meal.advisor.ios-csaldjncgoleykghtkpncaypzmvo/Index.noindex/DataStore -swift-version 5 -I /Users/jans./Library/Developer/Xcode/DerivedData/meal.advisor.ios-csaldjncgoleykghtkpncaypzmvo/Build/Products/Debug-iphonesimulator -I /Applications/Xcode.app/Contents/Developer/Platforms/iPhoneSimulator.platform/Developer/usr/lib -F /Users/jans./Library/Developer/Xcode/DerivedData/meal.advisor.ios-csaldjncgoleykghtkpncaypzmvo/Build/Products/Debug-iphonesimulator/PackageFrameworks -F /Users/jans./Library/Developer/Xcode/DerivedData/meal.advisor.ios-csaldjncgoleykghtkpncaypzmvo/Build/Products/Debug-iphonesimulator/PackageFrameworks -F /Users/jans./Library/Developer/Xcode/DerivedData/meal.advisor.ios-csaldjncgoleykghtkpncaypzmvo/Build/Products/Debug-iphonesimulator/PackageFrameworks -F /Users/jans./Library/Developer/Xcode/DerivedData/meal.advisor.ios-csaldjncgoleykghtkpncaypzmvo/Build/Products/Debug-iphonesimulator/PackageFrameworks -F /Users/jans./Library/Developer/Xcode/DerivedData/meal.advisor.ios-csaldjncgoleykghtkpncaypzmvo/Build/Products/Debug-iphonesimulator/PackageFrameworks -F /Users/jans./Library/Developer/Xcode/DerivedData/meal.advisor.ios-csaldjncgoleykghtkpncaypzmvo/Build/Products/Debug-iphonesimulator/PackageFrameworks -F /Users/jans./Library/Developer/Xcode/DerivedData/meal.advisor.ios-csaldjncgoleykghtkpncaypzmvo/Build/Products/Debug-iphonesimulator/PackageFrameworks -F /Users/jans./Library/Developer/Xcode/DerivedData/meal.advisor.ios-csaldjncgoleykghtkpncaypzmvo/Build/Products/Debug-iphonesimulator -F /Applications/Xcode.app/Contents/Developer/Platforms/iPhoneSimulator.platform/Developer/Library/Frameworks -F /Applications/Xcode.app/Contents/Developer/Platforms/iPhoneSimulator.platform/Developer/SDKs/iPhoneSimulator18.5.sdk/Developer/Library/Frameworks -c -j8 -enable-batch-mode -incremental -Xcc -ivfsstatcache -Xcc /Users/jans./Library/Developer/Xcode/DerivedData/SDKStatCaches.noindex/iphonesimulator18.5-22F76-d5fc8ad4295d2ef488fb7d0f804ce0c4.sdkstatcache -output-file-map /Users/jans./Library/Developer/Xcode/DerivedData/meal.advisor.ios-csaldjncgoleykghtkpncaypzmvo/Build/Intermediates.noindex/Supabase.build/Debug-iphonesimulator/Storage.build/Objects-normal/arm64/Storage-OutputFileMap.json -use-frontend-parseable-output -save-temps -no-color-diagnostics -serialize-diagnostics -emit-dependencies -emit-module -emit-module-path /Users/jans./Library/Developer/Xcode/DerivedData/meal.advisor.ios-csaldjncgoleykghtkpncaypzmvo/Build/Intermediates.noindex/Supabase.build/Debug-iphonesimulator/Storage.build/Objects-normal/arm64/Storage.swiftmodule -validate-clang-modules-once -clang-build-session-file /Users/jans./Library/Developer/Xcode/DerivedData/ModuleCache.noindex/Session.modulevalidation -package-name supabase_swift -Xcc -I/Users/jans./Library/Developer/Xcode/DerivedData/meal.advisor.ios-csaldjncgoleykghtkpncaypzmvo/Build/Intermediates.noindex/Supabase.build/Debug-iphonesimulator/Storage.build/swift-overrides.hmap -emit-const-values -Xfrontend -const-gather-protocols-file -Xfrontend /Users/jans./Library/Developer/Xcode/DerivedData/meal.advisor.ios-csaldjncgoleykghtkpncaypzmvo/Build/Intermediates.noindex/Supabase.build/Debug-iphonesimulator/Storage.build/Objects-normal/arm64/Storage_const_extract_protocols.json -Xcc -I/Users/jans./Library/Developer/Xcode/DerivedData/meal.advisor.ios-csaldjncgoleykghtkpncaypzmvo/Build/Products/Debug-iphonesimulator/include -Xcc -I/Users/jans./Library/Developer/Xcode/DerivedData/meal.advisor.ios-csaldjncgoleykghtkpncaypzmvo/Build/Intermediates.noindex/Supabase.build/Debug-iphonesimulator/Storage.build/DerivedSources-normal/arm64 -Xcc -I/Users/jans./Library/Developer/Xcode/DerivedData/meal.advisor.ios-csaldjncgoleykghtkpncaypzmvo/Build/Intermediates.noindex/Supabase.build/Debug-iphonesimulator/Storage.build/DerivedSources/arm64 -Xcc -I/Users/jans./Library/Developer/Xcode/DerivedData/meal.advisor.ios-csaldjncgoleykghtkpncaypzmvo/Build/Intermediates.noindex/Supabase.build/Debug-iphonesimulator/Storage.build/DerivedSources -Xcc -DSWIFT_PACKAGE -Xcc -DDEBUG\=1 -emit-objc-header -emit-objc-header-path /Users/jans./Library/Developer/Xcode/DerivedData/meal.advisor.ios-csaldjncgoleykghtkpncaypzmvo/Build/Intermediates.noindex/Supabase.build/Debug-iphonesimulator/Storage.build/Objects-normal/arm64/Storage-Swift.h -working-directory /Users/jans./Downloads/meal.advisor/meal.advisor.ios/meal.advisor.ios/meal.advisor.ios/meal.advisor.ios.xcodeproj -experimental-emit-module-separately -disable-cmo

CompileC /Users/jans./Library/Developer/Xcode/DerivedData/meal.advisor.ios-csaldjncgoleykghtkpncaypzmvo/Build/Intermediates.noindex/GoogleSignIn.build/Debug-iphonesimulator/GoogleSignIn.build/Objects-normal/arm64/GIDSignInResult.o /Users/jans./Library/Developer/Xcode/DerivedData/meal.advisor.ios-csaldjncgoleykghtkpncaypzmvo/SourcePackages/checkouts/GoogleSignIn-iOS/GoogleSignIn/Sources/GIDSignInResult.m normal arm64 objective-c com.apple.compilers.llvm.clang.1_0.compiler (in target 'GoogleSignIn' from project 'GoogleSignIn')
    cd /Users/jans./Downloads/meal.advisor/meal.advisor.ios/meal.advisor.ios/meal.advisor.ios/meal.advisor.ios.xcodeproj
    
    Using response file: /Users/jans./Library/Developer/Xcode/DerivedData/meal.advisor.ios-csaldjncgoleykghtkpncaypzmvo/Build/Intermediates.noindex/GoogleSignIn.build/Debug-iphonesimulator/GoogleSignIn.build/Objects-normal/arm64/e6072d4f65d7061329687fe24e3d63a7-common-args.resp
    
    /Applications/Xcode.app/Contents/Developer/Toolchains/XcodeDefault.xctoolchain/usr/bin/clang -x objective-c -ivfsstatcache /Users/jans./Library/Developer/Xcode/DerivedData/SDKStatCaches.noindex/iphonesimulator18.5-22F76-d5fc8ad4295d2ef488fb7d0f804ce0c4.sdkstatcache -fmessage-length\=0 -fdiagnostics-show-note-include-stack -fmacro-backtrace-limit\=0 -fno-color-diagnostics -fmodules-prune-interval\=86400 -fmodules-prune-after\=345600 -fbuild-session-file\=/Users/jans./Library/Developer/Xcode/DerivedData/ModuleCache.noindex/Session.modulevalidation -fmodules-validate-once-per-build-session -Wnon-modular-include-in-framework-module -Werror\=non-modular-include-in-framework-module -Wno-trigraphs -Wno-missing-field-initializers -Wno-missing-prototypes -Wno-return-type -Wno-implicit-atomic-properties -Wno-objc-interface-ivars -Wno-arc-repeated-use-of-weak -Wno-missing-braces -Wparentheses -Wswitch -Wno-unused-function -Wno-unused-label -Wno-unused-parameter -Wno-unused-variable -Wunused-value -Wno-empty-body -Wno-uninitialized -Wno-unknown-pragmas -w -Wno-shadow -Wno-four-char-constants -Wno-conversion -Wno-constant-conversion -Wno-int-conversion -Wno-bool-conversion -Wno-enum-conversion -Wno-float-conversion -Wno-non-literal-null-conversion -Wno-objc-literal-conversion -Wshorten-64-to-32 -Wpointer-sign -Wno-newline-eof -Wno-selector -Wno-strict-selector-match -Wno-undeclared-selector -Wno-deprecated-implementations -Wno-implicit-fallthrough -fstrict-aliasing -Wprotocol -Wdeprecated-declarations -Wno-sign-conversion -Wno-infinite-recursion -Wno-comma -Wno-block-capture-autoreleasing -Wno-strict-prototypes -Wno-semicolon-before-method-body -index-store-path /Users/jans./Library/Developer/Xcode/DerivedData/meal.advisor.ios-csaldjncgoleykghtkpncaypzmvo/Index.noindex/DataStore @/Users/jans./Library/Developer/Xcode/DerivedData/meal.advisor.ios-csaldjncgoleykghtkpncaypzmvo/Build/Intermediates.noindex/GoogleSignIn.build/Debug-iphonesimulator/GoogleSignIn.build/Objects-normal/arm64/e6072d4f65d7061329687fe24e3d63a7-common-args.resp -include /Users/jans./Library/Developer/Xcode/DerivedData/meal.advisor.ios-csaldjncgoleykghtkpncaypzmvo/Build/Intermediates.noindex/GoogleSignIn.build/Debug-iphonesimulator/GoogleSignIn.build/DerivedSources/resource_bundle_accessor.h -MMD -MT dependencies -MF /Users/jans./Library/Developer/Xcode/DerivedData/meal.advisor.ios-csaldjncgoleykghtkpncaypzmvo/Build/Intermediates.noindex/GoogleSignIn.build/Debug-iphonesimulator/GoogleSignIn.build/Objects-normal/arm64/GIDSignInResult.d --serialize-diagnostics /Users/jans./Library/Developer/Xcode/DerivedData/meal.advisor.ios-csaldjncgoleykghtkpncaypzmvo/Build/Intermediates.noindex/GoogleSignIn.build/Debug-iphonesimulator/GoogleSignIn.build/Objects-normal/arm64/GIDSignInResult.dia -c /Users/jans./Library/Developer/Xcode/DerivedData/meal.advisor.ios-csaldjncgoleykghtkpncaypzmvo/SourcePackages/checkouts/GoogleSignIn-iOS/GoogleSignIn/Sources/GIDSignInResult.m -o /Users/jans./Library/Developer/Xcode/DerivedData/meal.advisor.ios-csaldjncgoleykghtkpncaypzmvo/Build/Intermediates.noindex/GoogleSignIn.build/Debug-iphonesimulator/GoogleSignIn.build/Objects-normal/arm64/GIDSignInResult.o -index-unit-output-path /GoogleSignIn.build/Debug-iphonesimulator/GoogleSignIn.build/Objects-normal/arm64/GIDSignInResult.o

PrecompileModule /Users/jans./Library/Developer/Xcode/DerivedData/meal.advisor.ios-csaldjncgoleykghtkpncaypzmvo/Build/Intermediates.noindex/ExplicitPrecompiledModules/GTMAppAuth-EYB9FMMJ88OXH9981F830TPU8.scan
    cd /Users/jans./Downloads/meal.advisor/meal.advisor.ios/meal.advisor.ios/meal.advisor.ios/meal.advisor.ios.xcodeproj
    builtin-precompileModule /Users/jans./Library/Developer/Xcode/DerivedData/meal.advisor.ios-csaldjncgoleykghtkpncaypzmvo/Build/Intermediates.noindex/ExplicitPrecompiledModules/GTMAppAuth-EYB9FMMJ88OXH9981F830TPU8.scan

CompileC /Users/jans./Library/Developer/Xcode/DerivedData/meal.advisor.ios-csaldjncgoleykghtkpncaypzmvo/Build/Intermediates.noindex/GoogleSignIn.build/Debug-iphonesimulator/GoogleSignIn.build/Objects-normal/arm64/GIDAuthentication.o /Users/jans./Library/Developer/Xcode/DerivedData/meal.advisor.ios-csaldjncgoleykghtkpncaypzmvo/SourcePackages/checkouts/GoogleSignIn-iOS/GoogleSignIn/Sources/GIDAuthentication.m normal arm64 objective-c com.apple.compilers.llvm.clang.1_0.compiler (in target 'GoogleSignIn' from project 'GoogleSignIn')
    cd /Users/jans./Downloads/meal.advisor/meal.advisor.ios/meal.advisor.ios/meal.advisor.ios/meal.advisor.ios.xcodeproj
    
    Using response file: /Users/jans./Library/Developer/Xcode/DerivedData/meal.advisor.ios-csaldjncgoleykghtkpncaypzmvo/Build/Intermediates.noindex/GoogleSignIn.build/Debug-iphonesimulator/GoogleSignIn.build/Objects-normal/arm64/e6072d4f65d7061329687fe24e3d63a7-common-args.resp
    
    /Applications/Xcode.app/Contents/Developer/Toolchains/XcodeDefault.xctoolchain/usr/bin/clang -x objective-c -ivfsstatcache /Users/jans./Library/Developer/Xcode/DerivedData/SDKStatCaches.noindex/iphonesimulator18.5-22F76-d5fc8ad4295d2ef488fb7d0f804ce0c4.sdkstatcache -fmessage-length\=0 -fdiagnostics-show-note-include-stack -fmacro-backtrace-limit\=0 -fno-color-diagnostics -fmodules-prune-interval\=86400 -fmodules-prune-after\=345600 -fbuild-session-file\=/Users/jans./Library/Developer/Xcode/DerivedData/ModuleCache.noindex/Session.modulevalidation -fmodules-validate-once-per-build-session -Wnon-modular-include-in-framework-module -Werror\=non-modular-include-in-framework-module -Wno-trigraphs -Wno-missing-field-initializers -Wno-missing-prototypes -Wno-return-type -Wno-implicit-atomic-properties -Wno-objc-interface-ivars -Wno-arc-repeated-use-of-weak -Wno-missing-braces -Wparentheses -Wswitch -Wno-unused-function -Wno-unused-label -Wno-unused-parameter -Wno-unused-variable -Wunused-value -Wno-empty-body -Wno-uninitialized -Wno-unknown-pragmas -w -Wno-shadow -Wno-four-char-constants -Wno-conversion -Wno-constant-conversion -Wno-int-conversion -Wno-bool-conversion -Wno-enum-conversion -Wno-float-conversion -Wno-non-literal-null-conversion -Wno-objc-literal-conversion -Wshorten-64-to-32 -Wpointer-sign -Wno-newline-eof -Wno-selector -Wno-strict-selector-match -Wno-undeclared-selector -Wno-deprecated-implementations -Wno-implicit-fallthrough -fstrict-aliasing -Wprotocol -Wdeprecated-declarations -Wno-sign-conversion -Wno-infinite-recursion -Wno-comma -Wno-block-capture-autoreleasing -Wno-strict-prototypes -Wno-semicolon-before-method-body -index-store-path /Users/jans./Library/Developer/Xcode/DerivedData/meal.advisor.ios-csaldjncgoleykghtkpncaypzmvo/Index.noindex/DataStore @/Users/jans./Library/Developer/Xcode/DerivedData/meal.advisor.ios-csaldjncgoleykghtkpncaypzmvo/Build/Intermediates.noindex/GoogleSignIn.build/Debug-iphonesimulator/GoogleSignIn.build/Objects-normal/arm64/e6072d4f65d7061329687fe24e3d63a7-common-args.resp -include /Users/jans./Library/Developer/Xcode/DerivedData/meal.advisor.ios-csaldjncgoleykghtkpncaypzmvo/Build/Intermediates.noindex/GoogleSignIn.build/Debug-iphonesimulator/GoogleSignIn.build/DerivedSources/resource_bundle_accessor.h -MMD -MT dependencies -MF /Users/jans./Library/Developer/Xcode/DerivedData/meal.advisor.ios-csaldjncgoleykghtkpncaypzmvo/Build/Intermediates.noindex/GoogleSignIn.build/Debug-iphonesimulator/GoogleSignIn.build/Objects-normal/arm64/GIDAuthentication.d --serialize-diagnostics /Users/jans./Library/Developer/Xcode/DerivedData/meal.advisor.ios-csaldjncgoleykghtkpncaypzmvo/Build/Intermediates.noindex/GoogleSignIn.build/Debug-iphonesimulator/GoogleSignIn.build/Objects-normal/arm64/GIDAuthentication.dia -c /Users/jans./Library/Developer/Xcode/DerivedData/meal.advisor.ios-csaldjncgoleykghtkpncaypzmvo/SourcePackages/checkouts/GoogleSignIn-iOS/GoogleSignIn/Sources/GIDAuthentication.m -o /Users/jans./Library/Developer/Xcode/DerivedData/meal.advisor.ios-csaldjncgoleykghtkpncaypzmvo/Build/Intermediates.noindex/GoogleSignIn.build/Debug-iphonesimulator/GoogleSignIn.build/Objects-normal/arm64/GIDAuthentication.o -index-unit-output-path /GoogleSignIn.build/Debug-iphonesimulator/GoogleSignIn.build/Objects-normal/arm64/GIDAuthentication.o

SwiftCompile normal arm64 Compiling\ HeartbeatTimer.swift,\ PhoenixTransport.swift,\ Presence.swift,\ Push.swift /Users/jans./Library/Developer/Xcode/DerivedData/meal.advisor.ios-csaldjncgoleykghtkpncaypzmvo/SourcePackages/checkouts/supabase-swift/Sources/Realtime/Deprecated/HeartbeatTimer.swift /Users/jans./Library/Developer/Xcode/DerivedData/meal.advisor.ios-csaldjncgoleykghtkpncaypzmvo/SourcePackages/checkouts/supabase-swift/Sources/Realtime/Deprecated/PhoenixTransport.swift /Users/jans./Library/Developer/Xcode/DerivedData/meal.advisor.ios-csaldjncgoleykghtkpncaypzmvo/SourcePackages/checkouts/supabase-swift/Sources/Realtime/Deprecated/Presence.swift /Users/jans./Library/Developer/Xcode/DerivedData/meal.advisor.ios-csaldjncgoleykghtkpncaypzmvo/SourcePackages/checkouts/supabase-swift/Sources/Realtime/Deprecated/Push.swift (in target 'Realtime' from project 'Supabase')

SwiftCompile normal arm64 /Users/jans./Library/Developer/Xcode/DerivedData/meal.advisor.ios-csaldjncgoleykghtkpncaypzmvo/SourcePackages/checkouts/supabase-swift/Sources/Realtime/Deprecated/HeartbeatTimer.swift (in target 'Realtime' from project 'Supabase')
    cd /Users/jans./Downloads/meal.advisor/meal.advisor.ios/meal.advisor.ios/meal.advisor.ios/meal.advisor.ios.xcodeproj
    

SwiftCompile normal arm64 /Users/jans./Library/Developer/Xcode/DerivedData/meal.advisor.ios-csaldjncgoleykghtkpncaypzmvo/SourcePackages/checkouts/supabase-swift/Sources/Realtime/Deprecated/PhoenixTransport.swift (in target 'Realtime' from project 'Supabase')
    cd /Users/jans./Downloads/meal.advisor/meal.advisor.ios/meal.advisor.ios/meal.advisor.ios/meal.advisor.ios.xcodeproj
    

SwiftCompile normal arm64 /Users/jans./Library/Developer/Xcode/DerivedData/meal.advisor.ios-csaldjncgoleykghtkpncaypzmvo/SourcePackages/checkouts/supabase-swift/Sources/Realtime/Deprecated/Presence.swift (in target 'Realtime' from project 'Supabase')
    cd /Users/jans./Downloads/meal.advisor/meal.advisor.ios/meal.advisor.ios/meal.advisor.ios/meal.advisor.ios.xcodeproj
    

SwiftCompile normal arm64 /Users/jans./Library/Developer/Xcode/DerivedData/meal.advisor.ios-csaldjncgoleykghtkpncaypzmvo/SourcePackages/checkouts/supabase-swift/Sources/Realtime/Deprecated/Push.swift (in target 'Realtime' from project 'Supabase')
    cd /Users/jans./Downloads/meal.advisor/meal.advisor.ios/meal.advisor.ios/meal.advisor.ios/meal.advisor.ios.xcodeproj
    

CompileC /Users/jans./Library/Developer/Xcode/DerivedData/meal.advisor.ios-csaldjncgoleykghtkpncaypzmvo/Build/Intermediates.noindex/GoogleSignIn.build/Debug-iphonesimulator/GoogleSignIn.build/Objects-normal/arm64/GIDSignIn.o /Users/jans./Library/Developer/Xcode/DerivedData/meal.advisor.ios-csaldjncgoleykghtkpncaypzmvo/SourcePackages/checkouts/GoogleSignIn-iOS/GoogleSignIn/Sources/GIDSignIn.m normal arm64 objective-c com.apple.compilers.llvm.clang.1_0.compiler (in target 'GoogleSignIn' from project 'GoogleSignIn')
    cd /Users/jans./Downloads/meal.advisor/meal.advisor.ios/meal.advisor.ios/meal.advisor.ios/meal.advisor.ios.xcodeproj
    
    Using response file: /Users/jans./Library/Developer/Xcode/DerivedData/meal.advisor.ios-csaldjncgoleykghtkpncaypzmvo/Build/Intermediates.noindex/GoogleSignIn.build/Debug-iphonesimulator/GoogleSignIn.build/Objects-normal/arm64/e6072d4f65d7061329687fe24e3d63a7-common-args.resp
    
    /Applications/Xcode.app/Contents/Developer/Toolchains/XcodeDefault.xctoolchain/usr/bin/clang -x objective-c -ivfsstatcache /Users/jans./Library/Developer/Xcode/DerivedData/SDKStatCaches.noindex/iphonesimulator18.5-22F76-d5fc8ad4295d2ef488fb7d0f804ce0c4.sdkstatcache -fmessage-length\=0 -fdiagnostics-show-note-include-stack -fmacro-backtrace-limit\=0 -fno-color-diagnostics -fmodules-prune-interval\=86400 -fmodules-prune-after\=345600 -fbuild-session-file\=/Users/jans./Library/Developer/Xcode/DerivedData/ModuleCache.noindex/Session.modulevalidation -fmodules-validate-once-per-build-session -Wnon-modular-include-in-framework-module -Werror\=non-modular-include-in-framework-module -Wno-trigraphs -Wno-missing-field-initializers -Wno-missing-prototypes -Wno-return-type -Wno-implicit-atomic-properties -Wno-objc-interface-ivars -Wno-arc-repeated-use-of-weak -Wno-missing-braces -Wparentheses -Wswitch -Wno-unused-function -Wno-unused-label -Wno-unused-parameter -Wno-unused-variable -Wunused-value -Wno-empty-body -Wno-uninitialized -Wno-unknown-pragmas -w -Wno-shadow -Wno-four-char-constants -Wno-conversion -Wno-constant-conversion -Wno-int-conversion -Wno-bool-conversion -Wno-enum-conversion -Wno-float-conversion -Wno-non-literal-null-conversion -Wno-objc-literal-conversion -Wshorten-64-to-32 -Wpointer-sign -Wno-newline-eof -Wno-selector -Wno-strict-selector-match -Wno-undeclared-selector -Wno-deprecated-implementations -Wno-implicit-fallthrough -fstrict-aliasing -Wprotocol -Wdeprecated-declarations -Wno-sign-conversion -Wno-infinite-recursion -Wno-comma -Wno-block-capture-autoreleasing -Wno-strict-prototypes -Wno-semicolon-before-method-body -index-store-path /Users/jans./Library/Developer/Xcode/DerivedData/meal.advisor.ios-csaldjncgoleykghtkpncaypzmvo/Index.noindex/DataStore @/Users/jans./Library/Developer/Xcode/DerivedData/meal.advisor.ios-csaldjncgoleykghtkpncaypzmvo/Build/Intermediates.noindex/GoogleSignIn.build/Debug-iphonesimulator/GoogleSignIn.build/Objects-normal/arm64/e6072d4f65d7061329687fe24e3d63a7-common-args.resp -include /Users/jans./Library/Developer/Xcode/DerivedData/meal.advisor.ios-csaldjncgoleykghtkpncaypzmvo/Build/Intermediates.noindex/GoogleSignIn.build/Debug-iphonesimulator/GoogleSignIn.build/DerivedSources/resource_bundle_accessor.h -MMD -MT dependencies -MF /Users/jans./Library/Developer/Xcode/DerivedData/meal.advisor.ios-csaldjncgoleykghtkpncaypzmvo/Build/Intermediates.noindex/GoogleSignIn.build/Debug-iphonesimulator/GoogleSignIn.build/Objects-normal/arm64/GIDSignIn.d --serialize-diagnostics /Users/jans./Library/Developer/Xcode/DerivedData/meal.advisor.ios-csaldjncgoleykghtkpncaypzmvo/Build/Intermediates.noindex/GoogleSignIn.build/Debug-iphonesimulator/GoogleSignIn.build/Objects-normal/arm64/GIDSignIn.dia -c /Users/jans./Library/Developer/Xcode/DerivedData/meal.advisor.ios-csaldjncgoleykghtkpncaypzmvo/SourcePackages/checkouts/GoogleSignIn-iOS/GoogleSignIn/Sources/GIDSignIn.m -o /Users/jans./Library/Developer/Xcode/DerivedData/meal.advisor.ios-csaldjncgoleykghtkpncaypzmvo/Build/Intermediates.noindex/GoogleSignIn.build/Debug-iphonesimulator/GoogleSignIn.build/Objects-normal/arm64/GIDSignIn.o -index-unit-output-path /GoogleSignIn.build/Debug-iphonesimulator/GoogleSignIn.build/Objects-normal/arm64/GIDSignIn.o

CompileC /Users/jans./Library/Developer/Xcode/DerivedData/meal.advisor.ios-csaldjncgoleykghtkpncaypzmvo/Build/Intermediates.noindex/GoogleSignIn.build/Debug-iphonesimulator/GoogleSignIn.build/Objects-normal/arm64/GIDGoogleUser.o /Users/jans./Library/Developer/Xcode/DerivedData/meal.advisor.ios-csaldjncgoleykghtkpncaypzmvo/SourcePackages/checkouts/GoogleSignIn-iOS/GoogleSignIn/Sources/GIDGoogleUser.m normal arm64 objective-c com.apple.compilers.llvm.clang.1_0.compiler (in target 'GoogleSignIn' from project 'GoogleSignIn')
    cd /Users/jans./Downloads/meal.advisor/meal.advisor.ios/meal.advisor.ios/meal.advisor.ios/meal.advisor.ios.xcodeproj
    
    Using response file: /Users/jans./Library/Developer/Xcode/DerivedData/meal.advisor.ios-csaldjncgoleykghtkpncaypzmvo/Build/Intermediates.noindex/GoogleSignIn.build/Debug-iphonesimulator/GoogleSignIn.build/Objects-normal/arm64/e6072d4f65d7061329687fe24e3d63a7-common-args.resp
    
    /Applications/Xcode.app/Contents/Developer/Toolchains/XcodeDefault.xctoolchain/usr/bin/clang -x objective-c -ivfsstatcache /Users/jans./Library/Developer/Xcode/DerivedData/SDKStatCaches.noindex/iphonesimulator18.5-22F76-d5fc8ad4295d2ef488fb7d0f804ce0c4.sdkstatcache -fmessage-length\=0 -fdiagnostics-show-note-include-stack -fmacro-backtrace-limit\=0 -fno-color-diagnostics -fmodules-prune-interval\=86400 -fmodules-prune-after\=345600 -fbuild-session-file\=/Users/jans./Library/Developer/Xcode/DerivedData/ModuleCache.noindex/Session.modulevalidation -fmodules-validate-once-per-build-session -Wnon-modular-include-in-framework-module -Werror\=non-modular-include-in-framework-module -Wno-trigraphs -Wno-missing-field-initializers -Wno-missing-prototypes -Wno-return-type -Wno-implicit-atomic-properties -Wno-objc-interface-ivars -Wno-arc-repeated-use-of-weak -Wno-missing-braces -Wparentheses -Wswitch -Wno-unused-function -Wno-unused-label -Wno-unused-parameter -Wno-unused-variable -Wunused-value -Wno-empty-body -Wno-uninitialized -Wno-unknown-pragmas -w -Wno-shadow -Wno-four-char-constants -Wno-conversion -Wno-constant-conversion -Wno-int-conversion -Wno-bool-conversion -Wno-enum-conversion -Wno-float-conversion -Wno-non-literal-null-conversion -Wno-objc-literal-conversion -Wshorten-64-to-32 -Wpointer-sign -Wno-newline-eof -Wno-selector -Wno-strict-selector-match -Wno-undeclared-selector -Wno-deprecated-implementations -Wno-implicit-fallthrough -fstrict-aliasing -Wprotocol -Wdeprecated-declarations -Wno-sign-conversion -Wno-infinite-recursion -Wno-comma -Wno-block-capture-autoreleasing -Wno-strict-prototypes -Wno-semicolon-before-method-body -index-store-path /Users/jans./Library/Developer/Xcode/DerivedData/meal.advisor.ios-csaldjncgoleykghtkpncaypzmvo/Index.noindex/DataStore @/Users/jans./Library/Developer/Xcode/DerivedData/meal.advisor.ios-csaldjncgoleykghtkpncaypzmvo/Build/Intermediates.noindex/GoogleSignIn.build/Debug-iphonesimulator/GoogleSignIn.build/Objects-normal/arm64/e6072d4f65d7061329687fe24e3d63a7-common-args.resp -include /Users/jans./Library/Developer/Xcode/DerivedData/meal.advisor.ios-csaldjncgoleykghtkpncaypzmvo/Build/Intermediates.noindex/GoogleSignIn.build/Debug-iphonesimulator/GoogleSignIn.build/DerivedSources/resource_bundle_accessor.h -MMD -MT dependencies -MF /Users/jans./Library/Developer/Xcode/DerivedData/meal.advisor.ios-csaldjncgoleykghtkpncaypzmvo/Build/Intermediates.noindex/GoogleSignIn.build/Debug-iphonesimulator/GoogleSignIn.build/Objects-normal/arm64/GIDGoogleUser.d --serialize-diagnostics /Users/jans./Library/Developer/Xcode/DerivedData/meal.advisor.ios-csaldjncgoleykghtkpncaypzmvo/Build/Intermediates.noindex/GoogleSignIn.build/Debug-iphonesimulator/GoogleSignIn.build/Objects-normal/arm64/GIDGoogleUser.dia -c /Users/jans./Library/Developer/Xcode/DerivedData/meal.advisor.ios-csaldjncgoleykghtkpncaypzmvo/SourcePackages/checkouts/GoogleSignIn-iOS/GoogleSignIn/Sources/GIDGoogleUser.m -o /Users/jans./Library/Developer/Xcode/DerivedData/meal.advisor.ios-csaldjncgoleykghtkpncaypzmvo/Build/Intermediates.noindex/GoogleSignIn.build/Debug-iphonesimulator/GoogleSignIn.build/Objects-normal/arm64/GIDGoogleUser.o -index-unit-output-path /GoogleSignIn.build/Debug-iphonesimulator/GoogleSignIn.build/Objects-normal/arm64/GIDGoogleUser.o

CompileC /Users/jans./Library/Developer/Xcode/DerivedData/meal.advisor.ios-csaldjncgoleykghtkpncaypzmvo/Build/Intermediates.noindex/GoogleSignIn.build/Debug-iphonesimulator/GoogleSignIn.build/Objects-normal/arm64/GIDEMMSupport.o /Users/jans./Library/Developer/Xcode/DerivedData/meal.advisor.ios-csaldjncgoleykghtkpncaypzmvo/SourcePackages/checkouts/GoogleSignIn-iOS/GoogleSignIn/Sources/GIDEMMSupport.m normal arm64 objective-c com.apple.compilers.llvm.clang.1_0.compiler (in target 'GoogleSignIn' from project 'GoogleSignIn')
    cd /Users/jans./Downloads/meal.advisor/meal.advisor.ios/meal.advisor.ios/meal.advisor.ios/meal.advisor.ios.xcodeproj
    
    Using response file: /Users/jans./Library/Developer/Xcode/DerivedData/meal.advisor.ios-csaldjncgoleykghtkpncaypzmvo/Build/Intermediates.noindex/GoogleSignIn.build/Debug-iphonesimulator/GoogleSignIn.build/Objects-normal/arm64/e6072d4f65d7061329687fe24e3d63a7-common-args.resp
    
    /Applications/Xcode.app/Contents/Developer/Toolchains/XcodeDefault.xctoolchain/usr/bin/clang -x objective-c -ivfsstatcache /Users/jans./Library/Developer/Xcode/DerivedData/SDKStatCaches.noindex/iphonesimulator18.5-22F76-d5fc8ad4295d2ef488fb7d0f804ce0c4.sdkstatcache -fmessage-length\=0 -fdiagnostics-show-note-include-stack -fmacro-backtrace-limit\=0 -fno-color-diagnostics -fmodules-prune-interval\=86400 -fmodules-prune-after\=345600 -fbuild-session-file\=/Users/jans./Library/Developer/Xcode/DerivedData/ModuleCache.noindex/Session.modulevalidation -fmodules-validate-once-per-build-session -Wnon-modular-include-in-framework-module -Werror\=non-modular-include-in-framework-module -Wno-trigraphs -Wno-missing-field-initializers -Wno-missing-prototypes -Wno-return-type -Wno-implicit-atomic-properties -Wno-objc-interface-ivars -Wno-arc-repeated-use-of-weak -Wno-missing-braces -Wparentheses -Wswitch -Wno-unused-function -Wno-unused-label -Wno-unused-parameter -Wno-unused-variable -Wunused-value -Wno-empty-body -Wno-uninitialized -Wno-unknown-pragmas -w -Wno-shadow -Wno-four-char-constants -Wno-conversion -Wno-constant-conversion -Wno-int-conversion -Wno-bool-conversion -Wno-enum-conversion -Wno-float-conversion -Wno-non-literal-null-conversion -Wno-objc-literal-conversion -Wshorten-64-to-32 -Wpointer-sign -Wno-newline-eof -Wno-selector -Wno-strict-selector-match -Wno-undeclared-selector -Wno-deprecated-implementations -Wno-implicit-fallthrough -fstrict-aliasing -Wprotocol -Wdeprecated-declarations -Wno-sign-conversion -Wno-infinite-recursion -Wno-comma -Wno-block-capture-autoreleasing -Wno-strict-prototypes -Wno-semicolon-before-method-body -index-store-path /Users/jans./Library/Developer/Xcode/DerivedData/meal.advisor.ios-csaldjncgoleykghtkpncaypzmvo/Index.noindex/DataStore @/Users/jans./Library/Developer/Xcode/DerivedData/meal.advisor.ios-csaldjncgoleykghtkpncaypzmvo/Build/Intermediates.noindex/GoogleSignIn.build/Debug-iphonesimulator/GoogleSignIn.build/Objects-normal/arm64/e6072d4f65d7061329687fe24e3d63a7-common-args.resp -include /Users/jans./Library/Developer/Xcode/DerivedData/meal.advisor.ios-csaldjncgoleykghtkpncaypzmvo/Build/Intermediates.noindex/GoogleSignIn.build/Debug-iphonesimulator/GoogleSignIn.build/DerivedSources/resource_bundle_accessor.h -MMD -MT dependencies -MF /Users/jans./Library/Developer/Xcode/DerivedData/meal.advisor.ios-csaldjncgoleykghtkpncaypzmvo/Build/Intermediates.noindex/GoogleSignIn.build/Debug-iphonesimulator/GoogleSignIn.build/Objects-normal/arm64/GIDEMMSupport.d --serialize-diagnostics /Users/jans./Library/Developer/Xcode/DerivedData/meal.advisor.ios-csaldjncgoleykghtkpncaypzmvo/Build/Intermediates.noindex/GoogleSignIn.build/Debug-iphonesimulator/GoogleSignIn.build/Objects-normal/arm64/GIDEMMSupport.dia -c /Users/jans./Library/Developer/Xcode/DerivedData/meal.advisor.ios-csaldjncgoleykghtkpncaypzmvo/SourcePackages/checkouts/GoogleSignIn-iOS/GoogleSignIn/Sources/GIDEMMSupport.m -o /Users/jans./Library/Developer/Xcode/DerivedData/meal.advisor.ios-csaldjncgoleykghtkpncaypzmvo/Build/Intermediates.noindex/GoogleSignIn.build/Debug-iphonesimulator/GoogleSignIn.build/Objects-normal/arm64/GIDEMMSupport.o -index-unit-output-path /GoogleSignIn.build/Debug-iphonesimulator/GoogleSignIn.build/Objects-normal/arm64/GIDEMMSupport.o

SwiftDriverJobDiscovery normal arm64 Compiling Types.swift, URLSessionWebSocket.swift, WebSocket.swift (in target 'Realtime' from project 'Supabase')

CompileC /Users/jans./Library/Developer/Xcode/DerivedData/meal.advisor.ios-csaldjncgoleykghtkpncaypzmvo/Build/Intermediates.noindex/GoogleSignIn.build/Debug-iphonesimulator/GoogleSignIn.build/Objects-normal/arm64/GIDAuthStateMigration.o /Users/jans./Library/Developer/Xcode/DerivedData/meal.advisor.ios-csaldjncgoleykghtkpncaypzmvo/SourcePackages/checkouts/GoogleSignIn-iOS/GoogleSignIn/Sources/GIDAuthStateMigration.m normal arm64 objective-c com.apple.compilers.llvm.clang.1_0.compiler (in target 'GoogleSignIn' from project 'GoogleSignIn')
    cd /Users/jans./Downloads/meal.advisor/meal.advisor.ios/meal.advisor.ios/meal.advisor.ios/meal.advisor.ios.xcodeproj
    
    Using response file: /Users/jans./Library/Developer/Xcode/DerivedData/meal.advisor.ios-csaldjncgoleykghtkpncaypzmvo/Build/Intermediates.noindex/GoogleSignIn.build/Debug-iphonesimulator/GoogleSignIn.build/Objects-normal/arm64/e6072d4f65d7061329687fe24e3d63a7-common-args.resp
    
    /Applications/Xcode.app/Contents/Developer/Toolchains/XcodeDefault.xctoolchain/usr/bin/clang -x objective-c -ivfsstatcache /Users/jans./Library/Developer/Xcode/DerivedData/SDKStatCaches.noindex/iphonesimulator18.5-22F76-d5fc8ad4295d2ef488fb7d0f804ce0c4.sdkstatcache -fmessage-length\=0 -fdiagnostics-show-note-include-stack -fmacro-backtrace-limit\=0 -fno-color-diagnostics -fmodules-prune-interval\=86400 -fmodules-prune-after\=345600 -fbuild-session-file\=/Users/jans./Library/Developer/Xcode/DerivedData/ModuleCache.noindex/Session.modulevalidation -fmodules-validate-once-per-build-session -Wnon-modular-include-in-framework-module -Werror\=non-modular-include-in-framework-module -Wno-trigraphs -Wno-missing-field-initializers -Wno-missing-prototypes -Wno-return-type -Wno-implicit-atomic-properties -Wno-objc-interface-ivars -Wno-arc-repeated-use-of-weak -Wno-missing-braces -Wparentheses -Wswitch -Wno-unused-function -Wno-unused-label -Wno-unused-parameter -Wno-unused-variable -Wunused-value -Wno-empty-body -Wno-uninitialized -Wno-unknown-pragmas -w -Wno-shadow -Wno-four-char-constants -Wno-conversion -Wno-constant-conversion -Wno-int-conversion -Wno-bool-conversion -Wno-enum-conversion -Wno-float-conversion -Wno-non-literal-null-conversion -Wno-objc-literal-conversion -Wshorten-64-to-32 -Wpointer-sign -Wno-newline-eof -Wno-selector -Wno-strict-selector-match -Wno-undeclared-selector -Wno-deprecated-implementations -Wno-implicit-fallthrough -fstrict-aliasing -Wprotocol -Wdeprecated-declarations -Wno-sign-conversion -Wno-infinite-recursion -Wno-comma -Wno-block-capture-autoreleasing -Wno-strict-prototypes -Wno-semicolon-before-method-body -index-store-path /Users/jans./Library/Developer/Xcode/DerivedData/meal.advisor.ios-csaldjncgoleykghtkpncaypzmvo/Index.noindex/DataStore @/Users/jans./Library/Developer/Xcode/DerivedData/meal.advisor.ios-csaldjncgoleykghtkpncaypzmvo/Build/Intermediates.noindex/GoogleSignIn.build/Debug-iphonesimulator/GoogleSignIn.build/Objects-normal/arm64/e6072d4f65d7061329687fe24e3d63a7-common-args.resp -include /Users/jans./Library/Developer/Xcode/DerivedData/meal.advisor.ios-csaldjncgoleykghtkpncaypzmvo/Build/Intermediates.noindex/GoogleSignIn.build/Debug-iphonesimulator/GoogleSignIn.build/DerivedSources/resource_bundle_accessor.h -MMD -MT dependencies -MF /Users/jans./Library/Developer/Xcode/DerivedData/meal.advisor.ios-csaldjncgoleykghtkpncaypzmvo/Build/Intermediates.noindex/GoogleSignIn.build/Debug-iphonesimulator/GoogleSignIn.build/Objects-normal/arm64/GIDAuthStateMigration.d --serialize-diagnostics /Users/jans./Library/Developer/Xcode/DerivedData/meal.advisor.ios-csaldjncgoleykghtkpncaypzmvo/Build/Intermediates.noindex/GoogleSignIn.build/Debug-iphonesimulator/GoogleSignIn.build/Objects-normal/arm64/GIDAuthStateMigration.dia -c /Users/jans./Library/Developer/Xcode/DerivedData/meal.advisor.ios-csaldjncgoleykghtkpncaypzmvo/SourcePackages/checkouts/GoogleSignIn-iOS/GoogleSignIn/Sources/GIDAuthStateMigration.m -o /Users/jans./Library/Developer/Xcode/DerivedData/meal.advisor.ios-csaldjncgoleykghtkpncaypzmvo/Build/Intermediates.noindex/GoogleSignIn.build/Debug-iphonesimulator/GoogleSignIn.build/Objects-normal/arm64/GIDAuthStateMigration.o -index-unit-output-path /GoogleSignIn.build/Debug-iphonesimulator/GoogleSignIn.build/Objects-normal/arm64/GIDAuthStateMigration.o

SwiftCompile normal arm64 Compiling\ Exports.swift,\ PostgrestBuilder.swift /Users/jans./Library/Developer/Xcode/DerivedData/meal.advisor.ios-csaldjncgoleykghtkpncaypzmvo/SourcePackages/checkouts/supabase-swift/Sources/PostgREST/Exports.swift /Users/jans./Library/Developer/Xcode/DerivedData/meal.advisor.ios-csaldjncgoleykghtkpncaypzmvo/SourcePackages/checkouts/supabase-swift/Sources/PostgREST/PostgrestBuilder.swift (in target 'PostgREST' from project 'Supabase')

SwiftCompile normal arm64 /Users/jans./Library/Developer/Xcode/DerivedData/meal.advisor.ios-csaldjncgoleykghtkpncaypzmvo/SourcePackages/checkouts/supabase-swift/Sources/PostgREST/Exports.swift (in target 'PostgREST' from project 'Supabase')
    cd /Users/jans./Downloads/meal.advisor/meal.advisor.ios/meal.advisor.ios/meal.advisor.ios/meal.advisor.ios.xcodeproj
    

SwiftCompile normal arm64 /Users/jans./Library/Developer/Xcode/DerivedData/meal.advisor.ios-csaldjncgoleykghtkpncaypzmvo/SourcePackages/checkouts/supabase-swift/Sources/PostgREST/PostgrestBuilder.swift (in target 'PostgREST' from project 'Supabase')
    cd /Users/jans./Downloads/meal.advisor/meal.advisor.ios/meal.advisor.ios/meal.advisor.ios/meal.advisor.ios.xcodeproj
    

SwiftDriverJobDiscovery normal arm64 Compiling Exports.swift, PostgresAction.swift, PostgresActionData.swift, PresenceAction.swift (in target 'Realtime' from project 'Supabase')

SwiftCompile normal arm64 Compiling\ PostgrestFilterValue.swift /Users/jans./Library/Developer/Xcode/DerivedData/meal.advisor.ios-csaldjncgoleykghtkpncaypzmvo/SourcePackages/checkouts/supabase-swift/Sources/PostgREST/PostgrestFilterValue.swift (in target 'PostgREST' from project 'Supabase')

SwiftCompile normal arm64 /Users/jans./Library/Developer/Xcode/DerivedData/meal.advisor.ios-csaldjncgoleykghtkpncaypzmvo/SourcePackages/checkouts/supabase-swift/Sources/PostgREST/PostgrestFilterValue.swift (in target 'PostgREST' from project 'Supabase')
    cd /Users/jans./Downloads/meal.advisor/meal.advisor.ios/meal.advisor.ios/meal.advisor.ios/meal.advisor.ios.xcodeproj
    

SwiftCompile normal arm64 Compiling\ Types.swift /Users/jans./Library/Developer/Xcode/DerivedData/meal.advisor.ios-csaldjncgoleykghtkpncaypzmvo/SourcePackages/checkouts/supabase-swift/Sources/PostgREST/Types.swift (in target 'PostgREST' from project 'Supabase')

SwiftCompile normal arm64 /Users/jans./Library/Developer/Xcode/DerivedData/meal.advisor.ios-csaldjncgoleykghtkpncaypzmvo/SourcePackages/checkouts/supabase-swift/Sources/PostgREST/Types.swift (in target 'PostgREST' from project 'Supabase')
    cd /Users/jans./Downloads/meal.advisor/meal.advisor.ios/meal.advisor.ios/meal.advisor.ios/meal.advisor.ios.xcodeproj
    

SwiftCompile normal arm64 Compiling\ PostgrestTransformBuilder.swift /Users/jans./Library/Developer/Xcode/DerivedData/meal.advisor.ios-csaldjncgoleykghtkpncaypzmvo/SourcePackages/checkouts/supabase-swift/Sources/PostgREST/PostgrestTransformBuilder.swift (in target 'PostgREST' from project 'Supabase')

SwiftCompile normal arm64 /Users/jans./Library/Developer/Xcode/DerivedData/meal.advisor.ios-csaldjncgoleykghtkpncaypzmvo/SourcePackages/checkouts/supabase-swift/Sources/PostgREST/PostgrestTransformBuilder.swift (in target 'PostgREST' from project 'Supabase')
    cd /Users/jans./Downloads/meal.advisor/meal.advisor.ios/meal.advisor.ios/meal.advisor.ios/meal.advisor.ios.xcodeproj
    

SwiftDriverJobDiscovery normal arm64 Compiling RealtimeClientV2.swift, RealtimeError.swift, RealtimeJoinConfig.swift (in target 'Realtime' from project 'Supabase')

SwiftCompile normal arm64 Compiling\ Defaults.swift,\ Deprecated.swift /Users/jans./Library/Developer/Xcode/DerivedData/meal.advisor.ios-csaldjncgoleykghtkpncaypzmvo/SourcePackages/checkouts/supabase-swift/Sources/PostgREST/Defaults.swift /Users/jans./Library/Developer/Xcode/DerivedData/meal.advisor.ios-csaldjncgoleykghtkpncaypzmvo/SourcePackages/checkouts/supabase-swift/Sources/PostgREST/Deprecated.swift (in target 'PostgREST' from project 'Supabase')

SwiftCompile normal arm64 /Users/jans./Library/Developer/Xcode/DerivedData/meal.advisor.ios-csaldjncgoleykghtkpncaypzmvo/SourcePackages/checkouts/supabase-swift/Sources/PostgREST/Defaults.swift (in target 'PostgREST' from project 'Supabase')
    cd /Users/jans./Downloads/meal.advisor/meal.advisor.ios/meal.advisor.ios/meal.advisor.ios/meal.advisor.ios.xcodeproj
    

SwiftCompile normal arm64 /Users/jans./Library/Developer/Xcode/DerivedData/meal.advisor.ios-csaldjncgoleykghtkpncaypzmvo/SourcePackages/checkouts/supabase-swift/Sources/PostgREST/Deprecated.swift (in target 'PostgREST' from project 'Supabase')
    cd /Users/jans./Downloads/meal.advisor/meal.advisor.ios/meal.advisor.ios/meal.advisor.ios/meal.advisor.ios.xcodeproj
    

SwiftDriverJobDiscovery normal arm64 Compiling RealtimeMessageV2.swift, RealtimePostgresFilter.swift, RealtimePostgresFilterValue.swift (in target 'Realtime' from project 'Supabase')

SwiftCompile normal arm64 Compiling\ PostgrestFilterBuilder.swift /Users/jans./Library/Developer/Xcode/DerivedData/meal.advisor.ios-csaldjncgoleykghtkpncaypzmvo/SourcePackages/checkouts/supabase-swift/Sources/PostgREST/PostgrestFilterBuilder.swift (in target 'PostgREST' from project 'Supabase')

SwiftCompile normal arm64 /Users/jans./Library/Developer/Xcode/DerivedData/meal.advisor.ios-csaldjncgoleykghtkpncaypzmvo/SourcePackages/checkouts/supabase-swift/Sources/PostgREST/PostgrestFilterBuilder.swift (in target 'PostgREST' from project 'Supabase')
    cd /Users/jans./Downloads/meal.advisor/meal.advisor.ios/meal.advisor.ios/meal.advisor.ios/meal.advisor.ios.xcodeproj
    

SwiftDriverJobDiscovery normal arm64 Compiling PushV2.swift, RealtimeChannel+AsyncAwait.swift, RealtimeChannelV2.swift (in target 'Realtime' from project 'Supabase')

SwiftCompile normal arm64 Compiling\ PostgrestQueryBuilder.swift /Users/jans./Library/Developer/Xcode/DerivedData/meal.advisor.ios-csaldjncgoleykghtkpncaypzmvo/SourcePackages/checkouts/supabase-swift/Sources/PostgREST/PostgrestQueryBuilder.swift (in target 'PostgREST' from project 'Supabase')

SwiftCompile normal arm64 /Users/jans./Library/Developer/Xcode/DerivedData/meal.advisor.ios-csaldjncgoleykghtkpncaypzmvo/SourcePackages/checkouts/supabase-swift/Sources/PostgREST/PostgrestQueryBuilder.swift (in target 'PostgREST' from project 'Supabase')
    cd /Users/jans./Downloads/meal.advisor/meal.advisor.ios/meal.advisor.ios/meal.advisor.ios/meal.advisor.ios.xcodeproj
    

SwiftDriverJobDiscovery normal arm64 Compiling Types.swift (in target 'PostgREST' from project 'Supabase')

SwiftCompile normal arm64 Compiling\ PostgrestClient.swift /Users/jans./Library/Developer/Xcode/DerivedData/meal.advisor.ios-csaldjncgoleykghtkpncaypzmvo/SourcePackages/checkouts/supabase-swift/Sources/PostgREST/PostgrestClient.swift (in target 'PostgREST' from project 'Supabase')

SwiftCompile normal arm64 /Users/jans./Library/Developer/Xcode/DerivedData/meal.advisor.ios-csaldjncgoleykghtkpncaypzmvo/SourcePackages/checkouts/supabase-swift/Sources/PostgREST/PostgrestClient.swift (in target 'PostgREST' from project 'Supabase')
    cd /Users/jans./Downloads/meal.advisor/meal.advisor.ios/meal.advisor.ios/meal.advisor.ios/meal.advisor.ios.xcodeproj
    

SwiftDriverJobDiscovery normal arm64 Compiling PostgrestFilterValue.swift (in target 'PostgREST' from project 'Supabase')

SwiftDriverJobDiscovery normal arm64 Compiling Exports.swift, PostgrestBuilder.swift (in target 'PostgREST' from project 'Supabase')

SwiftDriver\ Compilation Helpers normal arm64 com.apple.xcode.tools.swift.compiler (in target 'Helpers' from project 'Supabase')
    cd /Users/jans./Downloads/meal.advisor/meal.advisor.ios/meal.advisor.ios/meal.advisor.ios/meal.advisor.ios.xcodeproj
    builtin-Swift-Compilation -- /Applications/Xcode.app/Contents/Developer/Toolchains/XcodeDefault.xctoolchain/usr/bin/swiftc -module-name Helpers -Onone -enforce-exclusivity\=checked @/Users/jans./Library/Developer/Xcode/DerivedData/meal.advisor.ios-csaldjncgoleykghtkpncaypzmvo/Build/Intermediates.noindex/Supabase.build/Debug-iphonesimulator/Helpers.build/Objects-normal/arm64/Helpers.SwiftFileList -DSWIFT_PACKAGE -DDEBUG -DXcode -enable-upcoming-feature ExistentialAny -enable-experimental-feature StrictConcurrency -plugin-path /Applications/Xcode.app/Contents/Developer/Toolchains/XcodeDefault.xctoolchain/usr/lib/swift/host/plugins/testing -enable-experimental-feature DebugDescriptionMacro -sdk /Applications/Xcode.app/Contents/Developer/Platforms/iPhoneSimulator.platform/Developer/SDKs/iPhoneSimulator18.5.sdk -target arm64-apple-ios13.0-simulator -g -module-cache-path /Users/jans./Library/Developer/Xcode/DerivedData/ModuleCache.noindex -Xfrontend -serialize-debugging-options -enable-testing -suppress-warnings -index-store-path /Users/jans./Library/Developer/Xcode/DerivedData/meal.advisor.ios-csaldjncgoleykghtkpncaypzmvo/Index.noindex/DataStore -swift-version 5 -I /Users/jans./Library/Developer/Xcode/DerivedData/meal.advisor.ios-csaldjncgoleykghtkpncaypzmvo/Build/Products/Debug-iphonesimulator -I /Applications/Xcode.app/Contents/Developer/Platforms/iPhoneSimulator.platform/Developer/usr/lib -F /Users/jans./Library/Developer/Xcode/DerivedData/meal.advisor.ios-csaldjncgoleykghtkpncaypzmvo/Build/Products/Debug-iphonesimulator/PackageFrameworks -F /Users/jans./Library/Developer/Xcode/DerivedData/meal.advisor.ios-csaldjncgoleykghtkpncaypzmvo/Build/Products/Debug-iphonesimulator/PackageFrameworks -F /Users/jans./Library/Developer/Xcode/DerivedData/meal.advisor.ios-csaldjncgoleykghtkpncaypzmvo/Build/Products/Debug-iphonesimulator/PackageFrameworks -F /Users/jans./Library/Developer/Xcode/DerivedData/meal.advisor.ios-csaldjncgoleykghtkpncaypzmvo/Build/Products/Debug-iphonesimulator/PackageFrameworks -F /Users/jans./Library/Developer/Xcode/DerivedData/meal.advisor.ios-csaldjncgoleykghtkpncaypzmvo/Build/Products/Debug-iphonesimulator/PackageFrameworks -F /Users/jans./Library/Developer/Xcode/DerivedData/meal.advisor.ios-csaldjncgoleykghtkpncaypzmvo/Build/Products/Debug-iphonesimulator/PackageFrameworks -F /Users/jans./Library/Developer/Xcode/DerivedData/meal.advisor.ios-csaldjncgoleykghtkpncaypzmvo/Build/Products/Debug-iphonesimulator -F /Applications/Xcode.app/Contents/Developer/Platforms/iPhoneSimulator.platform/Developer/Library/Frameworks -F /Applications/Xcode.app/Contents/Developer/Platforms/iPhoneSimulator.platform/Developer/SDKs/iPhoneSimulator18.5.sdk/Developer/Library/Frameworks -c -j8 -enable-batch-mode -incremental -Xcc -ivfsstatcache -Xcc /Users/jans./Library/Developer/Xcode/DerivedData/SDKStatCaches.noindex/iphonesimulator18.5-22F76-d5fc8ad4295d2ef488fb7d0f804ce0c4.sdkstatcache -output-file-map /Users/jans./Library/Developer/Xcode/DerivedData/meal.advisor.ios-csaldjncgoleykghtkpncaypzmvo/Build/Intermediates.noindex/Supabase.build/Debug-iphonesimulator/Helpers.build/Objects-normal/arm64/Helpers-OutputFileMap.json -use-frontend-parseable-output -save-temps -no-color-diagnostics -serialize-diagnostics -emit-dependencies -emit-module -emit-module-path /Users/jans./Library/Developer/Xcode/DerivedData/meal.advisor.ios-csaldjncgoleykghtkpncaypzmvo/Build/Intermediates.noindex/Supabase.build/Debug-iphonesimulator/Helpers.build/Objects-normal/arm64/Helpers.swiftmodule -validate-clang-modules-once -clang-build-session-file /Users/jans./Library/Developer/Xcode/DerivedData/ModuleCache.noindex/Session.modulevalidation -package-name supabase_swift -Xcc -I/Users/jans./Library/Developer/Xcode/DerivedData/meal.advisor.ios-csaldjncgoleykghtkpncaypzmvo/Build/Intermediates.noindex/Supabase.build/Debug-iphonesimulator/Helpers.build/swift-overrides.hmap -emit-const-values -Xfrontend -const-gather-protocols-file -Xfrontend /Users/jans./Library/Developer/Xcode/DerivedData/meal.advisor.ios-csaldjncgoleykghtkpncaypzmvo/Build/Intermediates.noindex/Supabase.build/Debug-iphonesimulator/Helpers.build/Objects-normal/arm64/Helpers_const_extract_protocols.json -Xcc -I/Users/jans./Library/Developer/Xcode/DerivedData/meal.advisor.ios-csaldjncgoleykghtkpncaypzmvo/Build/Products/Debug-iphonesimulator/include -Xcc -I/Users/jans./Library/Developer/Xcode/DerivedData/meal.advisor.ios-csaldjncgoleykghtkpncaypzmvo/Build/Intermediates.noindex/Supabase.build/Debug-iphonesimulator/Helpers.build/DerivedSources-normal/arm64 -Xcc -I/Users/jans./Library/Developer/Xcode/DerivedData/meal.advisor.ios-csaldjncgoleykghtkpncaypzmvo/Build/Intermediates.noindex/Supabase.build/Debug-iphonesimulator/Helpers.build/DerivedSources/arm64 -Xcc -I/Users/jans./Library/Developer/Xcode/DerivedData/meal.advisor.ios-csaldjncgoleykghtkpncaypzmvo/Build/Intermediates.noindex/Supabase.build/Debug-iphonesimulator/Helpers.build/DerivedSources -Xcc -DSWIFT_PACKAGE -Xcc -DDEBUG\=1 -emit-objc-header -emit-objc-header-path /Users/jans./Library/Developer/Xcode/DerivedData/meal.advisor.ios-csaldjncgoleykghtkpncaypzmvo/Build/Intermediates.noindex/Supabase.build/Debug-iphonesimulator/Helpers.build/Objects-normal/arm64/Helpers-Swift.h -working-directory /Users/jans./Downloads/meal.advisor/meal.advisor.ios/meal.advisor.ios/meal.advisor.ios/meal.advisor.ios.xcodeproj -experimental-emit-module-separately -disable-cmo

SwiftCompile normal arm64 Compiling\ Exports.swift /Users/jans./Library/Developer/Xcode/DerivedData/meal.advisor.ios-csaldjncgoleykghtkpncaypzmvo/SourcePackages/checkouts/supabase-swift/Sources/Functions/Exports.swift (in target 'Functions' from project 'Supabase')

SwiftCompile normal arm64 /Users/jans./Library/Developer/Xcode/DerivedData/meal.advisor.ios-csaldjncgoleykghtkpncaypzmvo/SourcePackages/checkouts/supabase-swift/Sources/Functions/Exports.swift (in target 'Functions' from project 'Supabase')
    cd /Users/jans./Downloads/meal.advisor/meal.advisor.ios/meal.advisor.ios/meal.advisor.ios/meal.advisor.ios.xcodeproj
    

SwiftCompile normal arm64 Compiling\ Types.swift /Users/jans./Library/Developer/Xcode/DerivedData/meal.advisor.ios-csaldjncgoleykghtkpncaypzmvo/SourcePackages/checkouts/supabase-swift/Sources/Functions/Types.swift (in target 'Functions' from project 'Supabase')

SwiftCompile normal arm64 /Users/jans./Library/Developer/Xcode/DerivedData/meal.advisor.ios-csaldjncgoleykghtkpncaypzmvo/SourcePackages/checkouts/supabase-swift/Sources/Functions/Types.swift (in target 'Functions' from project 'Supabase')
    cd /Users/jans./Downloads/meal.advisor/meal.advisor.ios/meal.advisor.ios/meal.advisor.ios/meal.advisor.ios.xcodeproj
    

SwiftDriverJobDiscovery normal arm64 Compiling PostgrestTransformBuilder.swift (in target 'PostgREST' from project 'Supabase')

SwiftCompile normal arm64 Compiling\ FunctionsClient.swift /Users/jans./Library/Developer/Xcode/DerivedData/meal.advisor.ios-csaldjncgoleykghtkpncaypzmvo/SourcePackages/checkouts/supabase-swift/Sources/Functions/FunctionsClient.swift (in target 'Functions' from project 'Supabase')
SwiftCompile normal arm64 /Users/jans./Library/Developer/Xcode/DerivedData/meal.advisor.ios-csaldjncgoleykghtkpncaypzmvo/SourcePackages/checkouts/supabase-swift/Sources/Functions/FunctionsClient.swift (in target 'Functions' from project 'Supabase')
    cd /Users/jans./Downloads/meal.advisor/meal.advisor.ios/meal.advisor.ios/meal.advisor.ios/meal.advisor.ios.xcodeproj
    

SwiftDriverJobDiscovery normal arm64 Compiling Defaults.swift, Deprecated.swift (in target 'PostgREST' from project 'Supabase')

SwiftCompile normal arm64 Compiling\ Deprecated.swift,\ Exports.swift,\ APIClient.swift /Users/jans./Library/Developer/Xcode/DerivedData/meal.advisor.ios-csaldjncgoleykghtkpncaypzmvo/SourcePackages/checkouts/supabase-swift/Sources/Auth/Deprecated.swift /Users/jans./Library/Developer/Xcode/DerivedData/meal.advisor.ios-csaldjncgoleykghtkpncaypzmvo/SourcePackages/checkouts/supabase-swift/Sources/Auth/Exports.swift /Users/jans./Library/Developer/Xcode/DerivedData/meal.advisor.ios-csaldjncgoleykghtkpncaypzmvo/SourcePackages/checkouts/supabase-swift/Sources/Auth/Internal/APIClient.swift (in target 'Auth' from project 'Supabase')
SwiftCompile normal arm64 /Users/jans./Library/Developer/Xcode/DerivedData/meal.advisor.ios-csaldjncgoleykghtkpncaypzmvo/SourcePackages/checkouts/supabase-swift/Sources/Auth/Deprecated.swift (in target 'Auth' from project 'Supabase')
    cd /Users/jans./Downloads/meal.advisor/meal.advisor.ios/meal.advisor.ios/meal.advisor.ios/meal.advisor.ios.xcodeproj
    

SwiftCompile normal arm64 /Users/jans./Library/Developer/Xcode/DerivedData/meal.advisor.ios-csaldjncgoleykghtkpncaypzmvo/SourcePackages/checkouts/supabase-swift/Sources/Auth/Exports.swift (in target 'Auth' from project 'Supabase')
    cd /Users/jans./Downloads/meal.advisor/meal.advisor.ios/meal.advisor.ios/meal.advisor.ios/meal.advisor.ios.xcodeproj
    

SwiftCompile normal arm64 /Users/jans./Library/Developer/Xcode/DerivedData/meal.advisor.ios-csaldjncgoleykghtkpncaypzmvo/SourcePackages/checkouts/supabase-swift/Sources/Auth/Internal/APIClient.swift (in target 'Auth' from project 'Supabase')
    cd /Users/jans./Downloads/meal.advisor/meal.advisor.ios/meal.advisor.ios/meal.advisor.ios/meal.advisor.ios.xcodeproj
    

SwiftDriverJobDiscovery normal arm64 Compiling Exports.swift (in target 'Functions' from project 'Supabase')

SwiftCompile normal arm64 Compiling\ CodeVerifierStorage.swift,\ Constants.swift,\ Dependencies.swift /Users/jans./Library/Developer/Xcode/DerivedData/meal.advisor.ios-csaldjncgoleykghtkpncaypzmvo/SourcePackages/checkouts/supabase-swift/Sources/Auth/Internal/CodeVerifierStorage.swift /Users/jans./Library/Developer/Xcode/DerivedData/meal.advisor.ios-csaldjncgoleykghtkpncaypzmvo/SourcePackages/checkouts/supabase-swift/Sources/Auth/Internal/Constants.swift /Users/jans./Library/Developer/Xcode/DerivedData/meal.advisor.ios-csaldjncgoleykghtkpncaypzmvo/SourcePackages/checkouts/supabase-swift/Sources/Auth/Internal/Dependencies.swift (in target 'Auth' from project 'Supabase')
SwiftCompile normal arm64 /Users/jans./Library/Developer/Xcode/DerivedData/meal.advisor.ios-csaldjncgoleykghtkpncaypzmvo/SourcePackages/checkouts/supabase-swift/Sources/Auth/Internal/CodeVerifierStorage.swift (in target 'Auth' from project 'Supabase')
    cd /Users/jans./Downloads/meal.advisor/meal.advisor.ios/meal.advisor.ios/meal.advisor.ios/meal.advisor.ios.xcodeproj
    

SwiftCompile normal arm64 /Users/jans./Library/Developer/Xcode/DerivedData/meal.advisor.ios-csaldjncgoleykghtkpncaypzmvo/SourcePackages/checkouts/supabase-swift/Sources/Auth/Internal/Constants.swift (in target 'Auth' from project 'Supabase')
    cd /Users/jans./Downloads/meal.advisor/meal.advisor.ios/meal.advisor.ios/meal.advisor.ios/meal.advisor.ios.xcodeproj
    

SwiftCompile normal arm64 /Users/jans./Library/Developer/Xcode/DerivedData/meal.advisor.ios-csaldjncgoleykghtkpncaypzmvo/SourcePackages/checkouts/supabase-swift/Sources/Auth/Internal/Dependencies.swift (in target 'Auth' from project 'Supabase')
    cd /Users/jans./Downloads/meal.advisor/meal.advisor.ios/meal.advisor.ios/meal.advisor.ios/meal.advisor.ios.xcodeproj
    

SwiftDriverJobDiscovery normal arm64 Compiling HeartbeatTimer.swift, PhoenixTransport.swift, Presence.swift, Push.swift (in target 'Realtime' from project 'Supabase')

SwiftCompile normal arm64 Compiling\ EventEmitter.swift,\ FixedWidthInteger+Random.swift,\ Helpers.swift /Users/jans./Library/Developer/Xcode/DerivedData/meal.advisor.ios-csaldjncgoleykghtkpncaypzmvo/SourcePackages/checkouts/supabase-swift/Sources/Auth/Internal/EventEmitter.swift /Users/jans./Library/Developer/Xcode/DerivedData/meal.advisor.ios-csaldjncgoleykghtkpncaypzmvo/SourcePackages/checkouts/supabase-swift/Sources/Auth/Internal/FixedWidthInteger+Random.swift /Users/jans./Library/Developer/Xcode/DerivedData/meal.advisor.ios-csaldjncgoleykghtkpncaypzmvo/SourcePackages/checkouts/supabase-swift/Sources/Auth/Internal/Helpers.swift (in target 'Auth' from project 'Supabase')

SwiftCompile normal arm64 /Users/jans./Library/Developer/Xcode/DerivedData/meal.advisor.ios-csaldjncgoleykghtkpncaypzmvo/SourcePackages/checkouts/supabase-swift/Sources/Auth/Internal/EventEmitter.swift (in target 'Auth' from project 'Supabase')
    cd /Users/jans./Downloads/meal.advisor/meal.advisor.ios/meal.advisor.ios/meal.advisor.ios/meal.advisor.ios.xcodeproj
    

SwiftCompile normal arm64 /Users/jans./Library/Developer/Xcode/DerivedData/meal.advisor.ios-csaldjncgoleykghtkpncaypzmvo/SourcePackages/checkouts/supabase-swift/Sources/Auth/Internal/FixedWidthInteger+Random.swift (in target 'Auth' from project 'Supabase')
    cd /Users/jans./Downloads/meal.advisor/meal.advisor.ios/meal.advisor.ios/meal.advisor.ios/meal.advisor.ios.xcodeproj
    

SwiftCompile normal arm64 /Users/jans./Library/Developer/Xcode/DerivedData/meal.advisor.ios-csaldjncgoleykghtkpncaypzmvo/SourcePackages/checkouts/supabase-swift/Sources/Auth/Internal/Helpers.swift (in target 'Auth' from project 'Supabase')
    cd /Users/jans./Downloads/meal.advisor/meal.advisor.ios/meal.advisor.ios/meal.advisor.ios/meal.advisor.ios.xcodeproj
    

SwiftDriverJobDiscovery normal arm64 Compiling PostgrestQueryBuilder.swift (in target 'PostgREST' from project 'Supabase')

SwiftCompile normal arm64 Compiling\ KeychainLocalStorage.swift,\ WinCredLocalStorage.swift,\ Types.swift /Users/jans./Library/Developer/Xcode/DerivedData/meal.advisor.ios-csaldjncgoleykghtkpncaypzmvo/SourcePackages/checkouts/supabase-swift/Sources/Auth/Storage/KeychainLocalStorage.swift /Users/jans./Library/Developer/Xcode/DerivedData/meal.advisor.ios-csaldjncgoleykghtkpncaypzmvo/SourcePackages/checkouts/supabase-swift/Sources/Auth/Storage/WinCredLocalStorage.swift /Users/jans./Library/Developer/Xcode/DerivedData/meal.advisor.ios-csaldjncgoleykghtkpncaypzmvo/SourcePackages/checkouts/supabase-swift/Sources/Auth/Types.swift (in target 'Auth' from project 'Supabase')
SwiftCompile normal arm64 /Users/jans./Library/Developer/Xcode/DerivedData/meal.advisor.ios-csaldjncgoleykghtkpncaypzmvo/SourcePackages/checkouts/supabase-swift/Sources/Auth/Storage/KeychainLocalStorage.swift (in target 'Auth' from project 'Supabase')
    cd /Users/jans./Downloads/meal.advisor/meal.advisor.ios/meal.advisor.ios/meal.advisor.ios/meal.advisor.ios.xcodeproj
    

SwiftCompile normal arm64 /Users/jans./Library/Developer/Xcode/DerivedData/meal.advisor.ios-csaldjncgoleykghtkpncaypzmvo/SourcePackages/checkouts/supabase-swift/Sources/Auth/Storage/WinCredLocalStorage.swift (in target 'Auth' from project 'Supabase')
    cd /Users/jans./Downloads/meal.advisor/meal.advisor.ios/meal.advisor.ios/meal.advisor.ios/meal.advisor.ios.xcodeproj
    

SwiftCompile normal arm64 /Users/jans./Library/Developer/Xcode/DerivedData/meal.advisor.ios-csaldjncgoleykghtkpncaypzmvo/SourcePackages/checkouts/supabase-swift/Sources/Auth/Types.swift (in target 'Auth' from project 'Supabase')
    cd /Users/jans./Downloads/meal.advisor/meal.advisor.ios/meal.advisor.ios/meal.advisor.ios/meal.advisor.ios.xcodeproj
    

SwiftDriverJobDiscovery normal arm64 Compiling PostgrestClient.swift (in target 'PostgREST' from project 'Supabase')

SwiftCompile normal arm64 Compiling\ SessionStorage.swift,\ URLOpener.swift,\ AuthLocalStorage.swift /Users/jans./Library/Developer/Xcode/DerivedData/meal.advisor.ios-csaldjncgoleykghtkpncaypzmvo/SourcePackages/checkouts/supabase-swift/Sources/Auth/Internal/SessionStorage.swift /Users/jans./Library/Developer/Xcode/DerivedData/meal.advisor.ios-csaldjncgoleykghtkpncaypzmvo/SourcePackages/checkouts/supabase-swift/Sources/Auth/Internal/URLOpener.swift /Users/jans./Library/Developer/Xcode/DerivedData/meal.advisor.ios-csaldjncgoleykghtkpncaypzmvo/SourcePackages/checkouts/supabase-swift/Sources/Auth/Storage/AuthLocalStorage.swift (in target 'Auth' from project 'Supabase')

SwiftCompile normal arm64 /Users/jans./Library/Developer/Xcode/DerivedData/meal.advisor.ios-csaldjncgoleykghtkpncaypzmvo/SourcePackages/checkouts/supabase-swift/Sources/Auth/Internal/SessionStorage.swift (in target 'Auth' from project 'Supabase')
    cd /Users/jans./Downloads/meal.advisor/meal.advisor.ios/meal.advisor.ios/meal.advisor.ios/meal.advisor.ios.xcodeproj
    

SwiftCompile normal arm64 /Users/jans./Library/Developer/Xcode/DerivedData/meal.advisor.ios-csaldjncgoleykghtkpncaypzmvo/SourcePackages/checkouts/supabase-swift/Sources/Auth/Internal/URLOpener.swift (in target 'Auth' from project 'Supabase')
    cd /Users/jans./Downloads/meal.advisor/meal.advisor.ios/meal.advisor.ios/meal.advisor.ios/meal.advisor.ios.xcodeproj
    

SwiftCompile normal arm64 /Users/jans./Library/Developer/Xcode/DerivedData/meal.advisor.ios-csaldjncgoleykghtkpncaypzmvo/SourcePackages/checkouts/supabase-swift/Sources/Auth/Storage/AuthLocalStorage.swift (in target 'Auth' from project 'Supabase')
    cd /Users/jans./Downloads/meal.advisor/meal.advisor.ios/meal.advisor.ios/meal.advisor.ios/meal.advisor.ios.xcodeproj
    

SwiftDriverJobDiscovery normal arm64 Compiling PostgrestFilterBuilder.swift (in target 'PostgREST' from project 'Supabase')

SwiftDriver\ Compilation PostgREST normal arm64 com.apple.xcode.tools.swift.compiler (in target 'PostgREST' from project 'Supabase')
    cd /Users/jans./Downloads/meal.advisor/meal.advisor.ios/meal.advisor.ios/meal.advisor.ios/meal.advisor.ios.xcodeproj
    builtin-Swift-Compilation -- /Applications/Xcode.app/Contents/Developer/Toolchains/XcodeDefault.xctoolchain/usr/bin/swiftc -module-name PostgREST -Onone -enforce-exclusivity\=checked @/Users/jans./Library/Developer/Xcode/DerivedData/meal.advisor.ios-csaldjncgoleykghtkpncaypzmvo/Build/Intermediates.noindex/Supabase.build/Debug-iphonesimulator/PostgREST.build/Objects-normal/arm64/PostgREST.SwiftFileList -DSWIFT_PACKAGE -DDEBUG -DXcode -enable-upcoming-feature ExistentialAny -enable-experimental-feature StrictConcurrency -plugin-path /Applications/Xcode.app/Contents/Developer/Toolchains/XcodeDefault.xctoolchain/usr/lib/swift/host/plugins/testing -enable-experimental-feature DebugDescriptionMacro -sdk /Applications/Xcode.app/Contents/Developer/Platforms/iPhoneSimulator.platform/Developer/SDKs/iPhoneSimulator18.5.sdk -target arm64-apple-ios13.0-simulator -g -module-cache-path /Users/jans./Library/Developer/Xcode/DerivedData/ModuleCache.noindex -Xfrontend -serialize-debugging-options -enable-testing -suppress-warnings -index-store-path /Users/jans./Library/Developer/Xcode/DerivedData/meal.advisor.ios-csaldjncgoleykghtkpncaypzmvo/Index.noindex/DataStore -swift-version 5 -I /Users/jans./Library/Developer/Xcode/DerivedData/meal.advisor.ios-csaldjncgoleykghtkpncaypzmvo/Build/Products/Debug-iphonesimulator -I /Applications/Xcode.app/Contents/Developer/Platforms/iPhoneSimulator.platform/Developer/usr/lib -F /Users/jans./Library/Developer/Xcode/DerivedData/meal.advisor.ios-csaldjncgoleykghtkpncaypzmvo/Build/Products/Debug-iphonesimulator/PackageFrameworks -F /Users/jans./Library/Developer/Xcode/DerivedData/meal.advisor.ios-csaldjncgoleykghtkpncaypzmvo/Build/Products/Debug-iphonesimulator/PackageFrameworks -F /Users/jans./Library/Developer/Xcode/DerivedData/meal.advisor.ios-csaldjncgoleykghtkpncaypzmvo/Build/Products/Debug-iphonesimulator/PackageFrameworks -F /Users/jans./Library/Developer/Xcode/DerivedData/meal.advisor.ios-csaldjncgoleykghtkpncaypzmvo/Build/Products/Debug-iphonesimulator/PackageFrameworks -F /Users/jans./Library/Developer/Xcode/DerivedData/meal.advisor.ios-csaldjncgoleykghtkpncaypzmvo/Build/Products/Debug-iphonesimulator/PackageFrameworks -F /Users/jans./Library/Developer/Xcode/DerivedData/meal.advisor.ios-csaldjncgoleykghtkpncaypzmvo/Build/Products/Debug-iphonesimulator/PackageFrameworks -F /Users/jans./Library/Developer/Xcode/DerivedData/meal.advisor.ios-csaldjncgoleykghtkpncaypzmvo/Build/Products/Debug-iphonesimulator/PackageFrameworks -F /Users/jans./Library/Developer/Xcode/DerivedData/meal.advisor.ios-csaldjncgoleykghtkpncaypzmvo/Build/Products/Debug-iphonesimulator -F /Applications/Xcode.app/Contents/Developer/Platforms/iPhoneSimulator.platform/Developer/Library/Frameworks -F /Applications/Xcode.app/Contents/Developer/Platforms/iPhoneSimulator.platform/Developer/SDKs/iPhoneSimulator18.5.sdk/Developer/Library/Frameworks -c -j8 -enable-batch-mode -incremental -Xcc -ivfsstatcache -Xcc /Users/jans./Library/Developer/Xcode/DerivedData/SDKStatCaches.noindex/iphonesimulator18.5-22F76-d5fc8ad4295d2ef488fb7d0f804ce0c4.sdkstatcache -output-file-map /Users/jans./Library/Developer/Xcode/DerivedData/meal.advisor.ios-csaldjncgoleykghtkpncaypzmvo/Build/Intermediates.noindex/Supabase.build/Debug-iphonesimulator/PostgREST.build/Objects-normal/arm64/PostgREST-OutputFileMap.json -use-frontend-parseable-output -save-temps -no-color-diagnostics -serialize-diagnostics -emit-dependencies -emit-module -emit-module-path /Users/jans./Library/Developer/Xcode/DerivedData/meal.advisor.ios-csaldjncgoleykghtkpncaypzmvo/Build/Intermediates.noindex/Supabase.build/Debug-iphonesimulator/PostgREST.build/Objects-normal/arm64/PostgREST.swiftmodule -validate-clang-modules-once -clang-build-session-file /Users/jans./Library/Developer/Xcode/DerivedData/ModuleCache.noindex/Session.modulevalidation -package-name supabase_swift -Xcc -I/Users/jans./Library/Developer/Xcode/DerivedData/meal.advisor.ios-csaldjncgoleykghtkpncaypzmvo/Build/Intermediates.noindex/Supabase.build/Debug-iphonesimulator/PostgREST.build/swift-overrides.hmap -emit-const-values -Xfrontend -const-gather-protocols-file -Xfrontend /Users/jans./Library/Developer/Xcode/DerivedData/meal.advisor.ios-csaldjncgoleykghtkpncaypzmvo/Build/Intermediates.noindex/Supabase.build/Debug-iphonesimulator/PostgREST.build/Objects-normal/arm64/PostgREST_const_extract_protocols.json -Xcc -I/Users/jans./Library/Developer/Xcode/DerivedData/meal.advisor.ios-csaldjncgoleykghtkpncaypzmvo/Build/Products/Debug-iphonesimulator/include -Xcc -I/Users/jans./Library/Developer/Xcode/DerivedData/meal.advisor.ios-csaldjncgoleykghtkpncaypzmvo/Build/Intermediates.noindex/Supabase.build/Debug-iphonesimulator/PostgREST.build/DerivedSources-normal/arm64 -Xcc -I/Users/jans./Library/Developer/Xcode/DerivedData/meal.advisor.ios-csaldjncgoleykghtkpncaypzmvo/Build/Intermediates.noindex/Supabase.build/Debug-iphonesimulator/PostgREST.build/DerivedSources/arm64 -Xcc -I/Users/jans./Library/Developer/Xcode/DerivedData/meal.advisor.ios-csaldjncgoleykghtkpncaypzmvo/Build/Intermediates.noindex/Supabase.build/Debug-iphonesimulator/PostgREST.build/DerivedSources -Xcc -DSWIFT_PACKAGE -Xcc -DDEBUG\=1 -emit-objc-header -emit-objc-header-path /Users/jans./Library/Developer/Xcode/DerivedData/meal.advisor.ios-csaldjncgoleykghtkpncaypzmvo/Build/Intermediates.noindex/Supabase.build/Debug-iphonesimulator/PostgREST.build/Objects-normal/arm64/PostgREST-Swift.h -working-directory /Users/jans./Downloads/meal.advisor/meal.advisor.ios/meal.advisor.ios/meal.advisor.ios/meal.advisor.ios.xcodeproj -experimental-emit-module-separately -disable-cmo

SwiftDriverJobDiscovery normal arm64 Compiling Types.swift (in target 'Functions' from project 'Supabase')

SwiftCompile normal arm64 Compiling\ AuthMFA.swift,\ AuthStateChangeListener.swift,\ Defaults.swift /Users/jans./Library/Developer/Xcode/DerivedData/meal.advisor.ios-csaldjncgoleykghtkpncaypzmvo/SourcePackages/checkouts/supabase-swift/Sources/Auth/AuthMFA.swift /Users/jans./Library/Developer/Xcode/DerivedData/meal.advisor.ios-csaldjncgoleykghtkpncaypzmvo/SourcePackages/checkouts/supabase-swift/Sources/Auth/AuthStateChangeListener.swift /Users/jans./Library/Developer/Xcode/DerivedData/meal.advisor.ios-csaldjncgoleykghtkpncaypzmvo/SourcePackages/checkouts/supabase-swift/Sources/Auth/Defaults.swift (in target 'Auth' from project 'Supabase')

SwiftCompile normal arm64 /Users/jans./Library/Developer/Xcode/DerivedData/meal.advisor.ios-csaldjncgoleykghtkpncaypzmvo/SourcePackages/checkouts/supabase-swift/Sources/Auth/AuthMFA.swift (in target 'Auth' from project 'Supabase')
    cd /Users/jans./Downloads/meal.advisor/meal.advisor.ios/meal.advisor.ios/meal.advisor.ios/meal.advisor.ios.xcodeproj
    

SwiftCompile normal arm64 /Users/jans./Library/Developer/Xcode/DerivedData/meal.advisor.ios-csaldjncgoleykghtkpncaypzmvo/SourcePackages/checkouts/supabase-swift/Sources/Auth/AuthStateChangeListener.swift (in target 'Auth' from project 'Supabase')
    cd /Users/jans./Downloads/meal.advisor/meal.advisor.ios/meal.advisor.ios/meal.advisor.ios/meal.advisor.ios.xcodeproj
    

SwiftCompile normal arm64 /Users/jans./Library/Developer/Xcode/DerivedData/meal.advisor.ios-csaldjncgoleykghtkpncaypzmvo/SourcePackages/checkouts/supabase-swift/Sources/Auth/Defaults.swift (in target 'Auth' from project 'Supabase')
    cd /Users/jans./Downloads/meal.advisor/meal.advisor.ios/meal.advisor.ios/meal.advisor.ios/meal.advisor.ios.xcodeproj
    

SwiftCompile normal arm64 Compiling\ Keychain.swift,\ PKCE.swift,\ SessionManager.swift /Users/jans./Library/Developer/Xcode/DerivedData/meal.advisor.ios-csaldjncgoleykghtkpncaypzmvo/SourcePackages/checkouts/supabase-swift/Sources/Auth/Internal/Keychain.swift /Users/jans./Library/Developer/Xcode/DerivedData/meal.advisor.ios-csaldjncgoleykghtkpncaypzmvo/SourcePackages/checkouts/supabase-swift/Sources/Auth/Internal/PKCE.swift /Users/jans./Library/Developer/Xcode/DerivedData/meal.advisor.ios-csaldjncgoleykghtkpncaypzmvo/SourcePackages/checkouts/supabase-swift/Sources/Auth/Internal/SessionManager.swift (in target 'Auth' from project 'Supabase')

SwiftCompile normal arm64 /Users/jans./Library/Developer/Xcode/DerivedData/meal.advisor.ios-csaldjncgoleykghtkpncaypzmvo/SourcePackages/checkouts/supabase-swift/Sources/Auth/Internal/Keychain.swift (in target 'Auth' from project 'Supabase')
    cd /Users/jans./Downloads/meal.advisor/meal.advisor.ios/meal.advisor.ios/meal.advisor.ios/meal.advisor.ios.xcodeproj
    

SwiftCompile normal arm64 /Users/jans./Library/Developer/Xcode/DerivedData/meal.advisor.ios-csaldjncgoleykghtkpncaypzmvo/SourcePackages/checkouts/supabase-swift/Sources/Auth/Internal/PKCE.swift (in target 'Auth' from project 'Supabase')
    cd /Users/jans./Downloads/meal.advisor/meal.advisor.ios/meal.advisor.ios/meal.advisor.ios/meal.advisor.ios.xcodeproj
    

SwiftCompile normal arm64 /Users/jans./Library/Developer/Xcode/DerivedData/meal.advisor.ios-csaldjncgoleykghtkpncaypzmvo/SourcePackages/checkouts/supabase-swift/Sources/Auth/Internal/SessionManager.swift (in target 'Auth' from project 'Supabase')
    cd /Users/jans./Downloads/meal.advisor/meal.advisor.ios/meal.advisor.ios/meal.advisor.ios/meal.advisor.ios.xcodeproj
    

SwiftDriverJobDiscovery normal arm64 Compiling RealtimeChannel.swift, RealtimeClient.swift, RealtimeMessage.swift, TimeoutTimer.swift (in target 'Realtime' from project 'Supabase')

SwiftDriver\ Compilation Realtime normal arm64 com.apple.xcode.tools.swift.compiler (in target 'Realtime' from project 'Supabase')
    cd /Users/jans./Downloads/meal.advisor/meal.advisor.ios/meal.advisor.ios/meal.advisor.ios/meal.advisor.ios.xcodeproj
    builtin-Swift-Compilation -- /Applications/Xcode.app/Contents/Developer/Toolchains/XcodeDefault.xctoolchain/usr/bin/swiftc -module-name Realtime -Onone -enforce-exclusivity\=checked @/Users/jans./Library/Developer/Xcode/DerivedData/meal.advisor.ios-csaldjncgoleykghtkpncaypzmvo/Build/Intermediates.noindex/Supabase.build/Debug-iphonesimulator/Realtime.build/Objects-normal/arm64/Realtime.SwiftFileList -DSWIFT_PACKAGE -DDEBUG -DXcode -enable-upcoming-feature ExistentialAny -enable-experimental-feature StrictConcurrency -plugin-path /Applications/Xcode.app/Contents/Developer/Toolchains/XcodeDefault.xctoolchain/usr/lib/swift/host/plugins/testing -enable-experimental-feature DebugDescriptionMacro -sdk /Applications/Xcode.app/Contents/Developer/Platforms/iPhoneSimulator.platform/Developer/SDKs/iPhoneSimulator18.5.sdk -target arm64-apple-ios13.0-simulator -g -module-cache-path /Users/jans./Library/Developer/Xcode/DerivedData/ModuleCache.noindex -Xfrontend -serialize-debugging-options -enable-testing -suppress-warnings -index-store-path /Users/jans./Library/Developer/Xcode/DerivedData/meal.advisor.ios-csaldjncgoleykghtkpncaypzmvo/Index.noindex/DataStore -swift-version 5 -I /Users/jans./Library/Developer/Xcode/DerivedData/meal.advisor.ios-csaldjncgoleykghtkpncaypzmvo/Build/Products/Debug-iphonesimulator -I /Applications/Xcode.app/Contents/Developer/Platforms/iPhoneSimulator.platform/Developer/usr/lib -F /Users/jans./Library/Developer/Xcode/DerivedData/meal.advisor.ios-csaldjncgoleykghtkpncaypzmvo/Build/Products/Debug-iphonesimulator/PackageFrameworks -F /Users/jans./Library/Developer/Xcode/DerivedData/meal.advisor.ios-csaldjncgoleykghtkpncaypzmvo/Build/Products/Debug-iphonesimulator/PackageFrameworks -F /Users/jans./Library/Developer/Xcode/DerivedData/meal.advisor.ios-csaldjncgoleykghtkpncaypzmvo/Build/Products/Debug-iphonesimulator/PackageFrameworks -F /Users/jans./Library/Developer/Xcode/DerivedData/meal.advisor.ios-csaldjncgoleykghtkpncaypzmvo/Build/Products/Debug-iphonesimulator/PackageFrameworks -F /Users/jans./Library/Developer/Xcode/DerivedData/meal.advisor.ios-csaldjncgoleykghtkpncaypzmvo/Build/Products/Debug-iphonesimulator/PackageFrameworks -F /Users/jans./Library/Developer/Xcode/DerivedData/meal.advisor.ios-csaldjncgoleykghtkpncaypzmvo/Build/Products/Debug-iphonesimulator/PackageFrameworks -F /Users/jans./Library/Developer/Xcode/DerivedData/meal.advisor.ios-csaldjncgoleykghtkpncaypzmvo/Build/Products/Debug-iphonesimulator/PackageFrameworks -F /Users/jans./Library/Developer/Xcode/DerivedData/meal.advisor.ios-csaldjncgoleykghtkpncaypzmvo/Build/Products/Debug-iphonesimulator -F /Applications/Xcode.app/Contents/Developer/Platforms/iPhoneSimulator.platform/Developer/Library/Frameworks -F /Applications/Xcode.app/Contents/Developer/Platforms/iPhoneSimulator.platform/Developer/SDKs/iPhoneSimulator18.5.sdk/Developer/Library/Frameworks -c -j8 -enable-batch-mode -incremental -Xcc -ivfsstatcache -Xcc /Users/jans./Library/Developer/Xcode/DerivedData/SDKStatCaches.noindex/iphonesimulator18.5-22F76-d5fc8ad4295d2ef488fb7d0f804ce0c4.sdkstatcache -output-file-map /Users/jans./Library/Developer/Xcode/DerivedData/meal.advisor.ios-csaldjncgoleykghtkpncaypzmvo/Build/Intermediates.noindex/Supabase.build/Debug-iphonesimulator/Realtime.build/Objects-normal/arm64/Realtime-OutputFileMap.json -use-frontend-parseable-output -save-temps -no-color-diagnostics -serialize-diagnostics -emit-dependencies -emit-module -emit-module-path /Users/jans./Library/Developer/Xcode/DerivedData/meal.advisor.ios-csaldjncgoleykghtkpncaypzmvo/Build/Intermediates.noindex/Supabase.build/Debug-iphonesimulator/Realtime.build/Objects-normal/arm64/Realtime.swiftmodule -validate-clang-modules-once -clang-build-session-file /Users/jans./Library/Developer/Xcode/DerivedData/ModuleCache.noindex/Session.modulevalidation -package-name supabase_swift -Xcc -I/Users/jans./Library/Developer/Xcode/DerivedData/meal.advisor.ios-csaldjncgoleykghtkpncaypzmvo/Build/Intermediates.noindex/Supabase.build/Debug-iphonesimulator/Realtime.build/swift-overrides.hmap -emit-const-values -Xfrontend -const-gather-protocols-file -Xfrontend /Users/jans./Library/Developer/Xcode/DerivedData/meal.advisor.ios-csaldjncgoleykghtkpncaypzmvo/Build/Intermediates.noindex/Supabase.build/Debug-iphonesimulator/Realtime.build/Objects-normal/arm64/Realtime_const_extract_protocols.json -Xcc -I/Users/jans./Library/Developer/Xcode/DerivedData/meal.advisor.ios-csaldjncgoleykghtkpncaypzmvo/Build/Products/Debug-iphonesimulator/include -Xcc -I/Users/jans./Library/Developer/Xcode/DerivedData/meal.advisor.ios-csaldjncgoleykghtkpncaypzmvo/Build/Intermediates.noindex/Supabase.build/Debug-iphonesimulator/Realtime.build/DerivedSources-normal/arm64 -Xcc -I/Users/jans./Library/Developer/Xcode/DerivedData/meal.advisor.ios-csaldjncgoleykghtkpncaypzmvo/Build/Intermediates.noindex/Supabase.build/Debug-iphonesimulator/Realtime.build/DerivedSources/arm64 -Xcc -I/Users/jans./Library/Developer/Xcode/DerivedData/meal.advisor.ios-csaldjncgoleykghtkpncaypzmvo/Build/Intermediates.noindex/Supabase.build/Debug-iphonesimulator/Realtime.build/DerivedSources -Xcc -DSWIFT_PACKAGE -Xcc -DDEBUG\=1 -emit-objc-header -emit-objc-header-path /Users/jans./Library/Developer/Xcode/DerivedData/meal.advisor.ios-csaldjncgoleykghtkpncaypzmvo/Build/Intermediates.noindex/Supabase.build/Debug-iphonesimulator/Realtime.build/Objects-normal/arm64/Realtime-Swift.h -working-directory /Users/jans./Downloads/meal.advisor/meal.advisor.ios/meal.advisor.ios/meal.advisor.ios/meal.advisor.ios.xcodeproj -experimental-emit-module-separately -disable-cmo

SwiftDriverJobDiscovery normal arm64 Compiling FunctionsClient.swift (in target 'Functions' from project 'Supabase')

SwiftCompile normal arm64 Compiling\ AuthAdmin.swift,\ AuthClient.swift,\ AuthClientConfiguration.swift,\ AuthError.swift /Users/jans./Library/Developer/Xcode/DerivedData/meal.advisor.ios-csaldjncgoleykghtkpncaypzmvo/SourcePackages/checkouts/supabase-swift/Sources/Auth/AuthAdmin.swift /Users/jans./Library/Developer/Xcode/DerivedData/meal.advisor.ios-csaldjncgoleykghtkpncaypzmvo/SourcePackages/checkouts/supabase-swift/Sources/Auth/AuthClient.swift /Users/jans./Library/Developer/Xcode/DerivedData/meal.advisor.ios-csaldjncgoleykghtkpncaypzmvo/SourcePackages/checkouts/supabase-swift/Sources/Auth/AuthClientConfiguration.swift /Users/jans./Library/Developer/Xcode/DerivedData/meal.advisor.ios-csaldjncgoleykghtkpncaypzmvo/SourcePackages/checkouts/supabase-swift/Sources/Auth/AuthError.swift (in target 'Auth' from project 'Supabase')

SwiftCompile normal arm64 /Users/jans./Library/Developer/Xcode/DerivedData/meal.advisor.ios-csaldjncgoleykghtkpncaypzmvo/SourcePackages/checkouts/supabase-swift/Sources/Auth/AuthAdmin.swift (in target 'Auth' from project 'Supabase')
    cd /Users/jans./Downloads/meal.advisor/meal.advisor.ios/meal.advisor.ios/meal.advisor.ios/meal.advisor.ios.xcodeproj
    

SwiftCompile normal arm64 /Users/jans./Library/Developer/Xcode/DerivedData/meal.advisor.ios-csaldjncgoleykghtkpncaypzmvo/SourcePackages/checkouts/supabase-swift/Sources/Auth/AuthClient.swift (in target 'Auth' from project 'Supabase')
    cd /Users/jans./Downloads/meal.advisor/meal.advisor.ios/meal.advisor.ios/meal.advisor.ios/meal.advisor.ios.xcodeproj
    

SwiftCompile normal arm64 /Users/jans./Library/Developer/Xcode/DerivedData/meal.advisor.ios-csaldjncgoleykghtkpncaypzmvo/SourcePackages/checkouts/supabase-swift/Sources/Auth/AuthClientConfiguration.swift (in target 'Auth' from project 'Supabase')
    cd /Users/jans./Downloads/meal.advisor/meal.advisor.ios/meal.advisor.ios/meal.advisor.ios/meal.advisor.ios.xcodeproj
    

SwiftCompile normal arm64 /Users/jans./Library/Developer/Xcode/DerivedData/meal.advisor.ios-csaldjncgoleykghtkpncaypzmvo/SourcePackages/checkouts/supabase-swift/Sources/Auth/AuthError.swift (in target 'Auth' from project 'Supabase')
    cd /Users/jans./Downloads/meal.advisor/meal.advisor.ios/meal.advisor.ios/meal.advisor.ios/meal.advisor.ios.xcodeproj
    

SwiftDriver\ Compilation Functions normal arm64 com.apple.xcode.tools.swift.compiler (in target 'Functions' from project 'Supabase')
    cd /Users/jans./Downloads/meal.advisor/meal.advisor.ios/meal.advisor.ios/meal.advisor.ios/meal.advisor.ios.xcodeproj
    builtin-Swift-Compilation -- /Applications/Xcode.app/Contents/Developer/Toolchains/XcodeDefault.xctoolchain/usr/bin/swiftc -module-name Functions -Onone -enforce-exclusivity\=checked @/Users/jans./Library/Developer/Xcode/DerivedData/meal.advisor.ios-csaldjncgoleykghtkpncaypzmvo/Build/Intermediates.noindex/Supabase.build/Debug-iphonesimulator/Functions.build/Objects-normal/arm64/Functions.SwiftFileList -DSWIFT_PACKAGE -DDEBUG -DXcode -enable-upcoming-feature ExistentialAny -enable-experimental-feature StrictConcurrency -plugin-path /Applications/Xcode.app/Contents/Developer/Toolchains/XcodeDefault.xctoolchain/usr/lib/swift/host/plugins/testing -enable-experimental-feature DebugDescriptionMacro -sdk /Applications/Xcode.app/Contents/Developer/Platforms/iPhoneSimulator.platform/Developer/SDKs/iPhoneSimulator18.5.sdk -target arm64-apple-ios13.0-simulator -g -module-cache-path /Users/jans./Library/Developer/Xcode/DerivedData/ModuleCache.noindex -Xfrontend -serialize-debugging-options -enable-testing -suppress-warnings -index-store-path /Users/jans./Library/Developer/Xcode/DerivedData/meal.advisor.ios-csaldjncgoleykghtkpncaypzmvo/Index.noindex/DataStore -swift-version 5 -I /Users/jans./Library/Developer/Xcode/DerivedData/meal.advisor.ios-csaldjncgoleykghtkpncaypzmvo/Build/Products/Debug-iphonesimulator -I /Applications/Xcode.app/Contents/Developer/Platforms/iPhoneSimulator.platform/Developer/usr/lib -F /Users/jans./Library/Developer/Xcode/DerivedData/meal.advisor.ios-csaldjncgoleykghtkpncaypzmvo/Build/Products/Debug-iphonesimulator/PackageFrameworks -F /Users/jans./Library/Developer/Xcode/DerivedData/meal.advisor.ios-csaldjncgoleykghtkpncaypzmvo/Build/Products/Debug-iphonesimulator/PackageFrameworks -F /Users/jans./Library/Developer/Xcode/DerivedData/meal.advisor.ios-csaldjncgoleykghtkpncaypzmvo/Build/Products/Debug-iphonesimulator/PackageFrameworks -F /Users/jans./Library/Developer/Xcode/DerivedData/meal.advisor.ios-csaldjncgoleykghtkpncaypzmvo/Build/Products/Debug-iphonesimulator/PackageFrameworks -F /Users/jans./Library/Developer/Xcode/DerivedData/meal.advisor.ios-csaldjncgoleykghtkpncaypzmvo/Build/Products/Debug-iphonesimulator/PackageFrameworks -F /Users/jans./Library/Developer/Xcode/DerivedData/meal.advisor.ios-csaldjncgoleykghtkpncaypzmvo/Build/Products/Debug-iphonesimulator/PackageFrameworks -F /Users/jans./Library/Developer/Xcode/DerivedData/meal.advisor.ios-csaldjncgoleykghtkpncaypzmvo/Build/Products/Debug-iphonesimulator/PackageFrameworks -F /Users/jans./Library/Developer/Xcode/DerivedData/meal.advisor.ios-csaldjncgoleykghtkpncaypzmvo/Build/Products/Debug-iphonesimulator -F /Applications/Xcode.app/Contents/Developer/Platforms/iPhoneSimulator.platform/Developer/Library/Frameworks -F /Applications/Xcode.app/Contents/Developer/Platforms/iPhoneSimulator.platform/Developer/SDKs/iPhoneSimulator18.5.sdk/Developer/Library/Frameworks -c -j8 -enable-batch-mode -incremental -Xcc -ivfsstatcache -Xcc /Users/jans./Library/Developer/Xcode/DerivedData/SDKStatCaches.noindex/iphonesimulator18.5-22F76-d5fc8ad4295d2ef488fb7d0f804ce0c4.sdkstatcache -output-file-map /Users/jans./Library/Developer/Xcode/DerivedData/meal.advisor.ios-csaldjncgoleykghtkpncaypzmvo/Build/Intermediates.noindex/Supabase.build/Debug-iphonesimulator/Functions.build/Objects-normal/arm64/Functions-OutputFileMap.json -use-frontend-parseable-output -save-temps -no-color-diagnostics -serialize-diagnostics -emit-dependencies -emit-module -emit-module-path /Users/jans./Library/Developer/Xcode/DerivedData/meal.advisor.ios-csaldjncgoleykghtkpncaypzmvo/Build/Intermediates.noindex/Supabase.build/Debug-iphonesimulator/Functions.build/Objects-normal/arm64/Functions.swiftmodule -validate-clang-modules-once -clang-build-session-file /Users/jans./Library/Developer/Xcode/DerivedData/ModuleCache.noindex/Session.modulevalidation -package-name supabase_swift -Xcc -I/Users/jans./Library/Developer/Xcode/DerivedData/meal.advisor.ios-csaldjncgoleykghtkpncaypzmvo/Build/Intermediates.noindex/Supabase.build/Debug-iphonesimulator/Functions.build/swift-overrides.hmap -emit-const-values -Xfrontend -const-gather-protocols-file -Xfrontend /Users/jans./Library/Developer/Xcode/DerivedData/meal.advisor.ios-csaldjncgoleykghtkpncaypzmvo/Build/Intermediates.noindex/Supabase.build/Debug-iphonesimulator/Functions.build/Objects-normal/arm64/Functions_const_extract_protocols.json -Xcc -I/Users/jans./Library/Developer/Xcode/DerivedData/meal.advisor.ios-csaldjncgoleykghtkpncaypzmvo/Build/Products/Debug-iphonesimulator/include -Xcc -I/Users/jans./Library/Developer/Xcode/DerivedData/meal.advisor.ios-csaldjncgoleykghtkpncaypzmvo/Build/Intermediates.noindex/Supabase.build/Debug-iphonesimulator/Functions.build/DerivedSources-normal/arm64 -Xcc -I/Users/jans./Library/Developer/Xcode/DerivedData/meal.advisor.ios-csaldjncgoleykghtkpncaypzmvo/Build/Intermediates.noindex/Supabase.build/Debug-iphonesimulator/Functions.build/DerivedSources/arm64 -Xcc -I/Users/jans./Library/Developer/Xcode/DerivedData/meal.advisor.ios-csaldjncgoleykghtkpncaypzmvo/Build/Intermediates.noindex/Supabase.build/Debug-iphonesimulator/Functions.build/DerivedSources -Xcc -DSWIFT_PACKAGE -Xcc -DDEBUG\=1 -emit-objc-header -emit-objc-header-path /Users/jans./Library/Developer/Xcode/DerivedData/meal.advisor.ios-csaldjncgoleykghtkpncaypzmvo/Build/Intermediates.noindex/Supabase.build/Debug-iphonesimulator/Functions.build/Objects-normal/arm64/Functions-Swift.h -working-directory /Users/jans./Downloads/meal.advisor/meal.advisor.ios/meal.advisor.ios/meal.advisor.ios/meal.advisor.ios.xcodeproj -experimental-emit-module-separately -disable-cmo

SwiftDriverJobDiscovery normal arm64 Compiling Deprecated.swift, Exports.swift, APIClient.swift (in target 'Auth' from project 'Supabase')

RegisterExecutionPolicyException /Users/jans./Library/Developer/Xcode/DerivedData/meal.advisor.ios-csaldjncgoleykghtkpncaypzmvo/Build/Products/Debug-iphonesimulator/IssueReporting.o (in target 'IssueReporting' from project 'xctest-dynamic-overlay')
    cd /Users/jans./Library/Developer/Xcode/DerivedData/meal.advisor.ios-csaldjncgoleykghtkpncaypzmvo/SourcePackages/checkouts/xctest-dynamic-overlay
    builtin-RegisterExecutionPolicyException /Users/jans./Library/Developer/Xcode/DerivedData/meal.advisor.ios-csaldjncgoleykghtkpncaypzmvo/Build/Products/Debug-iphonesimulator/IssueReporting.o

SwiftDriverJobDiscovery normal arm64 Compiling EventEmitter.swift, FixedWidthInteger+Random.swift, Helpers.swift (in target 'Auth' from project 'Supabase')

SwiftDriver Supabase normal arm64 com.apple.xcode.tools.swift.compiler (in target 'Supabase' from project 'Supabase')
    cd /Users/jans./Downloads/meal.advisor/meal.advisor.ios/meal.advisor.ios/meal.advisor.ios/meal.advisor.ios.xcodeproj
    builtin-SwiftDriver -- /Applications/Xcode.app/Contents/Developer/Toolchains/XcodeDefault.xctoolchain/usr/bin/swiftc -module-name Supabase -Onone -enforce-exclusivity\=checked @/Users/jans./Library/Developer/Xcode/DerivedData/meal.advisor.ios-csaldjncgoleykghtkpncaypzmvo/Build/Intermediates.noindex/Supabase.build/Debug-iphonesimulator/Supabase.build/Objects-normal/arm64/Supabase.SwiftFileList -DSWIFT_PACKAGE -DDEBUG -DXcode -enable-upcoming-feature ExistentialAny -enable-experimental-feature StrictConcurrency -plugin-path /Applications/Xcode.app/Contents/Developer/Toolchains/XcodeDefault.xctoolchain/usr/lib/swift/host/plugins/testing -enable-experimental-feature DebugDescriptionMacro -sdk /Applications/Xcode.app/Contents/Developer/Platforms/iPhoneSimulator.platform/Developer/SDKs/iPhoneSimulator18.5.sdk -target arm64-apple-ios13.0-simulator -g -module-cache-path /Users/jans./Library/Developer/Xcode/DerivedData/ModuleCache.noindex -Xfrontend -serialize-debugging-options -enable-testing -suppress-warnings -index-store-path /Users/jans./Library/Developer/Xcode/DerivedData/meal.advisor.ios-csaldjncgoleykghtkpncaypzmvo/Index.noindex/DataStore -swift-version 5 -I /Users/jans./Library/Developer/Xcode/DerivedData/meal.advisor.ios-csaldjncgoleykghtkpncaypzmvo/Build/Products/Debug-iphonesimulator -I /Applications/Xcode.app/Contents/Developer/Platforms/iPhoneSimulator.platform/Developer/usr/lib -F /Users/jans./Library/Developer/Xcode/DerivedData/meal.advisor.ios-csaldjncgoleykghtkpncaypzmvo/Build/Products/Debug-iphonesimulator/PackageFrameworks -F /Users/jans./Library/Developer/Xcode/DerivedData/meal.advisor.ios-csaldjncgoleykghtkpncaypzmvo/Build/Products/Debug-iphonesimulator/PackageFrameworks -F /Users/jans./Library/Developer/Xcode/DerivedData/meal.advisor.ios-csaldjncgoleykghtkpncaypzmvo/Build/Products/Debug-iphonesimulator/PackageFrameworks -F /Users/jans./Library/Developer/Xcode/DerivedData/meal.advisor.ios-csaldjncgoleykghtkpncaypzmvo/Build/Products/Debug-iphonesimulator/PackageFrameworks -F /Users/jans./Library/Developer/Xcode/DerivedData/meal.advisor.ios-csaldjncgoleykghtkpncaypzmvo/Build/Products/Debug-iphonesimulator/PackageFrameworks -F /Users/jans./Library/Developer/Xcode/DerivedData/meal.advisor.ios-csaldjncgoleykghtkpncaypzmvo/Build/Products/Debug-iphonesimulator/PackageFrameworks -F /Users/jans./Library/Developer/Xcode/DerivedData/meal.advisor.ios-csaldjncgoleykghtkpncaypzmvo/Build/Products/Debug-iphonesimulator/PackageFrameworks -F /Users/jans./Library/Developer/Xcode/DerivedData/meal.advisor.ios-csaldjncgoleykghtkpncaypzmvo/Build/Products/Debug-iphonesimulator/PackageFrameworks -F /Users/jans./Library/Developer/Xcode/DerivedData/meal.advisor.ios-csaldjncgoleykghtkpncaypzmvo/Build/Products/Debug-iphonesimulator/PackageFrameworks -F /Users/jans./Library/Developer/Xcode/DerivedData/meal.advisor.ios-csaldjncgoleykghtkpncaypzmvo/Build/Products/Debug-iphonesimulator/PackageFrameworks -F /Users/jans./Library/Developer/Xcode/DerivedData/meal.advisor.ios-csaldjncgoleykghtkpncaypzmvo/Build/Products/Debug-iphonesimulator/PackageFrameworks -F /Users/jans./Library/Developer/Xcode/DerivedData/meal.advisor.ios-csaldjncgoleykghtkpncaypzmvo/Build/Products/Debug-iphonesimulator/PackageFrameworks -F /Users/jans./Library/Developer/Xcode/DerivedData/meal.advisor.ios-csaldjncgoleykghtkpncaypzmvo/Build/Products/Debug-iphonesimulator/PackageFrameworks -F /Users/jans./Library/Developer/Xcode/DerivedData/meal.advisor.ios-csaldjncgoleykghtkpncaypzmvo/Build/Products/Debug-iphonesimulator -F /Applications/Xcode.app/Contents/Developer/Platforms/iPhoneSimulator.platform/Developer/Library/Frameworks -F /Applications/Xcode.app/Contents/Developer/Platforms/iPhoneSimulator.platform/Developer/SDKs/iPhoneSimulator18.5.sdk/Developer/Library/Frameworks -c -j8 -enable-batch-mode -incremental -Xcc -ivfsstatcache -Xcc /Users/jans./Library/Developer/Xcode/DerivedData/SDKStatCaches.noindex/iphonesimulator18.5-22F76-d5fc8ad4295d2ef488fb7d0f804ce0c4.sdkstatcache -output-file-map /Users/jans./Library/Developer/Xcode/DerivedData/meal.advisor.ios-csaldjncgoleykghtkpncaypzmvo/Build/Intermediates.noindex/Supabase.build/Debug-iphonesimulator/Supabase.build/Objects-normal/arm64/Supabase-OutputFileMap.json -use-frontend-parseable-output -save-temps -no-color-diagnostics -serialize-diagnostics -emit-dependencies -emit-module -emit-module-path /Users/jans./Library/Developer/Xcode/DerivedData/meal.advisor.ios-csaldjncgoleykghtkpncaypzmvo/Build/Intermediates.noindex/Supabase.build/Debug-iphonesimulator/Supabase.build/Objects-normal/arm64/Supabase.swiftmodule -validate-clang-modules-once -clang-build-session-file /Users/jans./Library/Developer/Xcode/DerivedData/ModuleCache.noindex/Session.modulevalidation -package-name supabase_swift -Xcc -I/Users/jans./Library/Developer/Xcode/DerivedData/meal.advisor.ios-csaldjncgoleykghtkpncaypzmvo/Build/Intermediates.noindex/Supabase.build/Debug-iphonesimulator/Supabase.build/swift-overrides.hmap -emit-const-values -Xfrontend -const-gather-protocols-file -Xfrontend /Users/jans./Library/Developer/Xcode/DerivedData/meal.advisor.ios-csaldjncgoleykghtkpncaypzmvo/Build/Intermediates.noindex/Supabase.build/Debug-iphonesimulator/Supabase.build/Objects-normal/arm64/Supabase_const_extract_protocols.json -Xcc -I/Users/jans./Library/Developer/Xcode/DerivedData/meal.advisor.ios-csaldjncgoleykghtkpncaypzmvo/Build/Products/Debug-iphonesimulator/include -Xcc -I/Users/jans./Library/Developer/Xcode/DerivedData/meal.advisor.ios-csaldjncgoleykghtkpncaypzmvo/Build/Intermediates.noindex/Supabase.build/Debug-iphonesimulator/Supabase.build/DerivedSources-normal/arm64 -Xcc -I/Users/jans./Library/Developer/Xcode/DerivedData/meal.advisor.ios-csaldjncgoleykghtkpncaypzmvo/Build/Intermediates.noindex/Supabase.build/Debug-iphonesimulator/Supabase.build/DerivedSources/arm64 -Xcc -I/Users/jans./Library/Developer/Xcode/DerivedData/meal.advisor.ios-csaldjncgoleykghtkpncaypzmvo/Build/Intermediates.noindex/Supabase.build/Debug-iphonesimulator/Supabase.build/DerivedSources -Xcc -DSWIFT_PACKAGE -Xcc -DDEBUG\=1 -emit-objc-header -emit-objc-header-path /Users/jans./Library/Developer/Xcode/DerivedData/meal.advisor.ios-csaldjncgoleykghtkpncaypzmvo/Build/Intermediates.noindex/Supabase.build/Debug-iphonesimulator/Supabase.build/Objects-normal/arm64/Supabase-Swift.h -working-directory /Users/jans./Downloads/meal.advisor/meal.advisor.ios/meal.advisor.ios/meal.advisor.ios/meal.advisor.ios.xcodeproj -experimental-emit-module-separately -disable-cmo

Ld /Users/jans./Library/Developer/Xcode/DerivedData/meal.advisor.ios-csaldjncgoleykghtkpncaypzmvo/Build/Products/Debug-iphonesimulator/XCTestDynamicOverlay.o normal (in target 'XCTestDynamicOverlay' from project 'xctest-dynamic-overlay')
    cd /Users/jans./Library/Developer/Xcode/DerivedData/meal.advisor.ios-csaldjncgoleykghtkpncaypzmvo/SourcePackages/checkouts/xctest-dynamic-overlay
    /Applications/Xcode.app/Contents/Developer/Toolchains/XcodeDefault.xctoolchain/usr/bin/clang -Xlinker -reproducible -target arm64-apple-ios13.0-simulator -r -isysroot /Applications/Xcode.app/Contents/Developer/Platforms/iPhoneSimulator.platform/Developer/SDKs/iPhoneSimulator18.5.sdk -O0 -w -L/Users/jans./Library/Developer/Xcode/DerivedData/meal.advisor.ios-csaldjncgoleykghtkpncaypzmvo/Build/Intermediates.noindex/EagerLinkingTBDs/Debug-iphonesimulator -L/Users/jans./Library/Developer/Xcode/DerivedData/meal.advisor.ios-csaldjncgoleykghtkpncaypzmvo/Build/Products/Debug-iphonesimulator -L/Applications/Xcode.app/Contents/Developer/Platforms/iPhoneSimulator.platform/Developer/usr/lib -F/Users/jans./Library/Developer/Xcode/DerivedData/meal.advisor.ios-csaldjncgoleykghtkpncaypzmvo/Build/Intermediates.noindex/EagerLinkingTBDs/Debug-iphonesimulator -F/Users/jans./Library/Developer/Xcode/DerivedData/meal.advisor.ios-csaldjncgoleykghtkpncaypzmvo/Build/Products/Debug-iphonesimulator/PackageFrameworks -F/Users/jans./Library/Developer/Xcode/DerivedData/meal.advisor.ios-csaldjncgoleykghtkpncaypzmvo/Build/Products/Debug-iphonesimulator/PackageFrameworks -F/Users/jans./Library/Developer/Xcode/DerivedData/meal.advisor.ios-csaldjncgoleykghtkpncaypzmvo/Build/Products/Debug-iphonesimulator -iframework /Applications/Xcode.app/Contents/Developer/Platforms/iPhoneSimulator.platform/Developer/Library/Frameworks -iframework /Applications/Xcode.app/Contents/Developer/Platforms/iPhoneSimulator.platform/Developer/SDKs/iPhoneSimulator18.5.sdk/Developer/Library/Frameworks -filelist /Users/jans./Library/Developer/Xcode/DerivedData/meal.advisor.ios-csaldjncgoleykghtkpncaypzmvo/Build/Intermediates.noindex/xctest-dynamic-overlay.build/Debug-iphonesimulator/XCTestDynamicOverlay.build/Objects-normal/arm64/XCTestDynamicOverlay.LinkFileList -nostdlib -Xlinker -object_path_lto -Xlinker /Users/jans./Library/Developer/Xcode/DerivedData/meal.advisor.ios-csaldjncgoleykghtkpncaypzmvo/Build/Intermediates.noindex/xctest-dynamic-overlay.build/Debug-iphonesimulator/XCTestDynamicOverlay.build/Objects-normal/arm64/XCTestDynamicOverlay_lto.o -rdynamic -Xlinker -no_deduplicate -Xlinker -objc_abi_version -Xlinker 2 -Xlinker -dependency_info -Xlinker /Users/jans./Library/Developer/Xcode/DerivedData/meal.advisor.ios-csaldjncgoleykghtkpncaypzmvo/Build/Intermediates.noindex/xctest-dynamic-overlay.build/Debug-iphonesimulator/XCTestDynamicOverlay.build/Objects-normal/arm64/XCTestDynamicOverlay_dependency_info.dat -fobjc-link-runtime -L/Applications/Xcode.app/Contents/Developer/Toolchains/XcodeDefault.xctoolchain/usr/lib/swift/iphonesimulator -L/usr/lib/swift -Xlinker -add_ast_path -Xlinker /Users/jans./Library/Developer/Xcode/DerivedData/meal.advisor.ios-csaldjncgoleykghtkpncaypzmvo/Build/Intermediates.noindex/xctest-dynamic-overlay.build/Debug-iphonesimulator/XCTestDynamicOverlay.build/Objects-normal/arm64/XCTestDynamicOverlay.swiftmodule -o /Users/jans./Library/Developer/Xcode/DerivedData/meal.advisor.ios-csaldjncgoleykghtkpncaypzmvo/Build/Products/Debug-iphonesimulator/XCTestDynamicOverlay.o

SwiftEmitModule normal arm64 Emitting\ module\ for\ Supabase (in target 'Supabase' from project 'Supabase')

EmitSwiftModule normal arm64 (in target 'Supabase' from project 'Supabase')
    cd /Users/jans./Downloads/meal.advisor/meal.advisor.ios/meal.advisor.ios/meal.advisor.ios/meal.advisor.ios.xcodeproj
    

SwiftCompile normal arm64 Compiling\ Deprecated.swift /Users/jans./Library/Developer/Xcode/DerivedData/meal.advisor.ios-csaldjncgoleykghtkpncaypzmvo/SourcePackages/checkouts/supabase-swift/Sources/Supabase/Deprecated.swift (in target 'Supabase' from project 'Supabase')

SwiftCompile normal arm64 /Users/jans./Library/Developer/Xcode/DerivedData/meal.advisor.ios-csaldjncgoleykghtkpncaypzmvo/SourcePackages/checkouts/supabase-swift/Sources/Supabase/Deprecated.swift (in target 'Supabase' from project 'Supabase')
    cd /Users/jans./Downloads/meal.advisor/meal.advisor.ios/meal.advisor.ios/meal.advisor.ios/meal.advisor.ios.xcodeproj
    

SwiftDriverJobDiscovery normal arm64 Compiling CodeVerifierStorage.swift, Constants.swift, Dependencies.swift (in target 'Auth' from project 'Supabase')

SwiftCompile normal arm64 Compiling\ SupabaseClient.swift /Users/jans./Library/Developer/Xcode/DerivedData/meal.advisor.ios-csaldjncgoleykghtkpncaypzmvo/SourcePackages/checkouts/supabase-swift/Sources/Supabase/SupabaseClient.swift (in target 'Supabase' from project 'Supabase')

SwiftCompile normal arm64 /Users/jans./Library/Developer/Xcode/DerivedData/meal.advisor.ios-csaldjncgoleykghtkpncaypzmvo/SourcePackages/checkouts/supabase-swift/Sources/Supabase/SupabaseClient.swift (in target 'Supabase' from project 'Supabase')
    cd /Users/jans./Downloads/meal.advisor/meal.advisor.ios/meal.advisor.ios/meal.advisor.ios/meal.advisor.ios.xcodeproj
    

SwiftCompile normal arm64 Compiling\ Constants.swift /Users/jans./Library/Developer/Xcode/DerivedData/meal.advisor.ios-csaldjncgoleykghtkpncaypzmvo/SourcePackages/checkouts/supabase-swift/Sources/Supabase/Constants.swift (in target 'Supabase' from project 'Supabase')

SwiftCompile normal arm64 /Users/jans./Library/Developer/Xcode/DerivedData/meal.advisor.ios-csaldjncgoleykghtkpncaypzmvo/SourcePackages/checkouts/supabase-swift/Sources/Supabase/Constants.swift (in target 'Supabase' from project 'Supabase')
    cd /Users/jans./Downloads/meal.advisor/meal.advisor.ios/meal.advisor.ios/meal.advisor.ios/meal.advisor.ios.xcodeproj
    

SwiftDriverJobDiscovery normal arm64 Compiling AuthMFA.swift, AuthStateChangeListener.swift, Defaults.swift (in target 'Auth' from project 'Supabase')

SwiftCompile normal arm64 Compiling\ Types.swift /Users/jans./Library/Developer/Xcode/DerivedData/meal.advisor.ios-csaldjncgoleykghtkpncaypzmvo/SourcePackages/checkouts/supabase-swift/Sources/Supabase/Types.swift (in target 'Supabase' from project 'Supabase')

SwiftCompile normal arm64 /Users/jans./Library/Developer/Xcode/DerivedData/meal.advisor.ios-csaldjncgoleykghtkpncaypzmvo/SourcePackages/checkouts/supabase-swift/Sources/Supabase/Types.swift (in target 'Supabase' from project 'Supabase')
    cd /Users/jans./Downloads/meal.advisor/meal.advisor.ios/meal.advisor.ios/meal.advisor.ios/meal.advisor.ios.xcodeproj
    

SwiftDriverJobDiscovery normal arm64 Compiling SessionStorage.swift, URLOpener.swift, AuthLocalStorage.swift (in target 'Auth' from project 'Supabase')

SwiftCompile normal arm64 Compiling\ Exports.swift /Users/jans./Library/Developer/Xcode/DerivedData/meal.advisor.ios-csaldjncgoleykghtkpncaypzmvo/SourcePackages/checkouts/supabase-swift/Sources/Supabase/Exports.swift (in target 'Supabase' from project 'Supabase')

SwiftCompile normal arm64 /Users/jans./Library/Developer/Xcode/DerivedData/meal.advisor.ios-csaldjncgoleykghtkpncaypzmvo/SourcePackages/checkouts/supabase-swift/Sources/Supabase/Exports.swift (in target 'Supabase' from project 'Supabase')
    cd /Users/jans./Downloads/meal.advisor/meal.advisor.ios/meal.advisor.ios/meal.advisor.ios/meal.advisor.ios.xcodeproj
    

SwiftDriverJobDiscovery normal arm64 Emitting module for Supabase (in target 'Supabase' from project 'Supabase')

SwiftDriver\ Compilation\ Requirements Supabase normal arm64 com.apple.xcode.tools.swift.compiler (in target 'Supabase' from project 'Supabase')
    cd /Users/jans./Downloads/meal.advisor/meal.advisor.ios/meal.advisor.ios/meal.advisor.ios/meal.advisor.ios.xcodeproj
    builtin-Swift-Compilation-Requirements -- /Applications/Xcode.app/Contents/Developer/Toolchains/XcodeDefault.xctoolchain/usr/bin/swiftc -module-name Supabase -Onone -enforce-exclusivity\=checked @/Users/jans./Library/Developer/Xcode/DerivedData/meal.advisor.ios-csaldjncgoleykghtkpncaypzmvo/Build/Intermediates.noindex/Supabase.build/Debug-iphonesimulator/Supabase.build/Objects-normal/arm64/Supabase.SwiftFileList -DSWIFT_PACKAGE -DDEBUG -DXcode -enable-upcoming-feature ExistentialAny -enable-experimental-feature StrictConcurrency -plugin-path /Applications/Xcode.app/Contents/Developer/Toolchains/XcodeDefault.xctoolchain/usr/lib/swift/host/plugins/testing -enable-experimental-feature DebugDescriptionMacro -sdk /Applications/Xcode.app/Contents/Developer/Platforms/iPhoneSimulator.platform/Developer/SDKs/iPhoneSimulator18.5.sdk -target arm64-apple-ios13.0-simulator -g -module-cache-path /Users/jans./Library/Developer/Xcode/DerivedData/ModuleCache.noindex -Xfrontend -serialize-debugging-options -enable-testing -suppress-warnings -index-store-path /Users/jans./Library/Developer/Xcode/DerivedData/meal.advisor.ios-csaldjncgoleykghtkpncaypzmvo/Index.noindex/DataStore -swift-version 5 -I /Users/jans./Library/Developer/Xcode/DerivedData/meal.advisor.ios-csaldjncgoleykghtkpncaypzmvo/Build/Products/Debug-iphonesimulator -I /Applications/Xcode.app/Contents/Developer/Platforms/iPhoneSimulator.platform/Developer/usr/lib -F /Users/jans./Library/Developer/Xcode/DerivedData/meal.advisor.ios-csaldjncgoleykghtkpncaypzmvo/Build/Products/Debug-iphonesimulator/PackageFrameworks -F /Users/jans./Library/Developer/Xcode/DerivedData/meal.advisor.ios-csaldjncgoleykghtkpncaypzmvo/Build/Products/Debug-iphonesimulator/PackageFrameworks -F /Users/jans./Library/Developer/Xcode/DerivedData/meal.advisor.ios-csaldjncgoleykghtkpncaypzmvo/Build/Products/Debug-iphonesimulator/PackageFrameworks -F /Users/jans./Library/Developer/Xcode/DerivedData/meal.advisor.ios-csaldjncgoleykghtkpncaypzmvo/Build/Products/Debug-iphonesimulator/PackageFrameworks -F /Users/jans./Library/Developer/Xcode/DerivedData/meal.advisor.ios-csaldjncgoleykghtkpncaypzmvo/Build/Products/Debug-iphonesimulator/PackageFrameworks -F /Users/jans./Library/Developer/Xcode/DerivedData/meal.advisor.ios-csaldjncgoleykghtkpncaypzmvo/Build/Products/Debug-iphonesimulator/PackageFrameworks -F /Users/jans./Library/Developer/Xcode/DerivedData/meal.advisor.ios-csaldjncgoleykghtkpncaypzmvo/Build/Products/Debug-iphonesimulator/PackageFrameworks -F /Users/jans./Library/Developer/Xcode/DerivedData/meal.advisor.ios-csaldjncgoleykghtkpncaypzmvo/Build/Products/Debug-iphonesimulator/PackageFrameworks -F /Users/jans./Library/Developer/Xcode/DerivedData/meal.advisor.ios-csaldjncgoleykghtkpncaypzmvo/Build/Products/Debug-iphonesimulator/PackageFrameworks -F /Users/jans./Library/Developer/Xcode/DerivedData/meal.advisor.ios-csaldjncgoleykghtkpncaypzmvo/Build/Products/Debug-iphonesimulator/PackageFrameworks -F /Users/jans./Library/Developer/Xcode/DerivedData/meal.advisor.ios-csaldjncgoleykghtkpncaypzmvo/Build/Products/Debug-iphonesimulator/PackageFrameworks -F /Users/jans./Library/Developer/Xcode/DerivedData/meal.advisor.ios-csaldjncgoleykghtkpncaypzmvo/Build/Products/Debug-iphonesimulator/PackageFrameworks -F /Users/jans./Library/Developer/Xcode/DerivedData/meal.advisor.ios-csaldjncgoleykghtkpncaypzmvo/Build/Products/Debug-iphonesimulator/PackageFrameworks -F /Users/jans./Library/Developer/Xcode/DerivedData/meal.advisor.ios-csaldjncgoleykghtkpncaypzmvo/Build/Products/Debug-iphonesimulator -F /Applications/Xcode.app/Contents/Developer/Platforms/iPhoneSimulator.platform/Developer/Library/Frameworks -F /Applications/Xcode.app/Contents/Developer/Platforms/iPhoneSimulator.platform/Developer/SDKs/iPhoneSimulator18.5.sdk/Developer/Library/Frameworks -c -j8 -enable-batch-mode -incremental -Xcc -ivfsstatcache -Xcc /Users/jans./Library/Developer/Xcode/DerivedData/SDKStatCaches.noindex/iphonesimulator18.5-22F76-d5fc8ad4295d2ef488fb7d0f804ce0c4.sdkstatcache -output-file-map /Users/jans./Library/Developer/Xcode/DerivedData/meal.advisor.ios-csaldjncgoleykghtkpncaypzmvo/Build/Intermediates.noindex/Supabase.build/Debug-iphonesimulator/Supabase.build/Objects-normal/arm64/Supabase-OutputFileMap.json -use-frontend-parseable-output -save-temps -no-color-diagnostics -serialize-diagnostics -emit-dependencies -emit-module -emit-module-path /Users/jans./Library/Developer/Xcode/DerivedData/meal.advisor.ios-csaldjncgoleykghtkpncaypzmvo/Build/Intermediates.noindex/Supabase.build/Debug-iphonesimulator/Supabase.build/Objects-normal/arm64/Supabase.swiftmodule -validate-clang-modules-once -clang-build-session-file /Users/jans./Library/Developer/Xcode/DerivedData/ModuleCache.noindex/Session.modulevalidation -package-name supabase_swift -Xcc -I/Users/jans./Library/Developer/Xcode/DerivedData/meal.advisor.ios-csaldjncgoleykghtkpncaypzmvo/Build/Intermediates.noindex/Supabase.build/Debug-iphonesimulator/Supabase.build/swift-overrides.hmap -emit-const-values -Xfrontend -const-gather-protocols-file -Xfrontend /Users/jans./Library/Developer/Xcode/DerivedData/meal.advisor.ios-csaldjncgoleykghtkpncaypzmvo/Build/Intermediates.noindex/Supabase.build/Debug-iphonesimulator/Supabase.build/Objects-normal/arm64/Supabase_const_extract_protocols.json -Xcc -I/Users/jans./Library/Developer/Xcode/DerivedData/meal.advisor.ios-csaldjncgoleykghtkpncaypzmvo/Build/Products/Debug-iphonesimulator/include -Xcc -I/Users/jans./Library/Developer/Xcode/DerivedData/meal.advisor.ios-csaldjncgoleykghtkpncaypzmvo/Build/Intermediates.noindex/Supabase.build/Debug-iphonesimulator/Supabase.build/DerivedSources-normal/arm64 -Xcc -I/Users/jans./Library/Developer/Xcode/DerivedData/meal.advisor.ios-csaldjncgoleykghtkpncaypzmvo/Build/Intermediates.noindex/Supabase.build/Debug-iphonesimulator/Supabase.build/DerivedSources/arm64 -Xcc -I/Users/jans./Library/Developer/Xcode/DerivedData/meal.advisor.ios-csaldjncgoleykghtkpncaypzmvo/Build/Intermediates.noindex/Supabase.build/Debug-iphonesimulator/Supabase.build/DerivedSources -Xcc -DSWIFT_PACKAGE -Xcc -DDEBUG\=1 -emit-objc-header -emit-objc-header-path /Users/jans./Library/Developer/Xcode/DerivedData/meal.advisor.ios-csaldjncgoleykghtkpncaypzmvo/Build/Intermediates.noindex/Supabase.build/Debug-iphonesimulator/Supabase.build/Objects-normal/arm64/Supabase-Swift.h -working-directory /Users/jans./Downloads/meal.advisor/meal.advisor.ios/meal.advisor.ios/meal.advisor.ios/meal.advisor.ios.xcodeproj -experimental-emit-module-separately -disable-cmo

SwiftDriverJobDiscovery normal arm64 Compiling Deprecated.swift (in target 'Supabase' from project 'Supabase')

SwiftMergeGeneratedHeaders /Users/jans./Library/Developer/Xcode/DerivedData/meal.advisor.ios-csaldjncgoleykghtkpncaypzmvo/Build/Intermediates.noindex/GeneratedModuleMaps-iphonesimulator/Supabase-Swift.h /Users/jans./Library/Developer/Xcode/DerivedData/meal.advisor.ios-csaldjncgoleykghtkpncaypzmvo/Build/Intermediates.noindex/Supabase.build/Debug-iphonesimulator/Supabase.build/Objects-normal/arm64/Supabase-Swift.h (in target 'Supabase' from project 'Supabase')
    cd /Users/jans./Library/Developer/Xcode/DerivedData/meal.advisor.ios-csaldjncgoleykghtkpncaypzmvo/SourcePackages/checkouts/supabase-swift
    builtin-swiftHeaderTool -arch arm64 /Users/jans./Library/Developer/Xcode/DerivedData/meal.advisor.ios-csaldjncgoleykghtkpncaypzmvo/Build/Intermediates.noindex/Supabase.build/Debug-iphonesimulator/Supabase.build/Objects-normal/arm64/Supabase-Swift.h -o /Users/jans./Library/Developer/Xcode/DerivedData/meal.advisor.ios-csaldjncgoleykghtkpncaypzmvo/Build/Intermediates.noindex/GeneratedModuleMaps-iphonesimulator/Supabase-Swift.h

Copy /Users/jans./Library/Developer/Xcode/DerivedData/meal.advisor.ios-csaldjncgoleykghtkpncaypzmvo/Build/Products/Debug-iphonesimulator/Supabase.swiftmodule/arm64-apple-ios-simulator.swiftmodule /Users/jans./Library/Developer/Xcode/DerivedData/meal.advisor.ios-csaldjncgoleykghtkpncaypzmvo/Build/Intermediates.noindex/Supabase.build/Debug-iphonesimulator/Supabase.build/Objects-normal/arm64/Supabase.swiftmodule (in target 'Supabase' from project 'Supabase')
    cd /Users/jans./Library/Developer/Xcode/DerivedData/meal.advisor.ios-csaldjncgoleykghtkpncaypzmvo/SourcePackages/checkouts/supabase-swift
    builtin-copy -exclude .DS_Store -exclude CVS -exclude .svn -exclude .git -exclude .hg -resolve-src-symlinks -rename /Users/jans./Library/Developer/Xcode/DerivedData/meal.advisor.ios-csaldjncgoleykghtkpncaypzmvo/Build/Intermediates.noindex/Supabase.build/Debug-iphonesimulator/Supabase.build/Objects-normal/arm64/Supabase.swiftmodule /Users/jans./Library/Developer/Xcode/DerivedData/meal.advisor.ios-csaldjncgoleykghtkpncaypzmvo/Build/Products/Debug-iphonesimulator/Supabase.swiftmodule/arm64-apple-ios-simulator.swiftmodule

Copy /Users/jans./Library/Developer/Xcode/DerivedData/meal.advisor.ios-csaldjncgoleykghtkpncaypzmvo/Build/Products/Debug-iphonesimulator/Supabase.swiftmodule/arm64-apple-ios-simulator.swiftdoc /Users/jans./Library/Developer/Xcode/DerivedData/meal.advisor.ios-csaldjncgoleykghtkpncaypzmvo/Build/Intermediates.noindex/Supabase.build/Debug-iphonesimulator/Supabase.build/Objects-normal/arm64/Supabase.swiftdoc (in target 'Supabase' from project 'Supabase')
    cd /Users/jans./Library/Developer/Xcode/DerivedData/meal.advisor.ios-csaldjncgoleykghtkpncaypzmvo/SourcePackages/checkouts/supabase-swift
    builtin-copy -exclude .DS_Store -exclude CVS -exclude .svn -exclude .git -exclude .hg -resolve-src-symlinks -rename /Users/jans./Library/Developer/Xcode/DerivedData/meal.advisor.ios-csaldjncgoleykghtkpncaypzmvo/Build/Intermediates.noindex/Supabase.build/Debug-iphonesimulator/Supabase.build/Objects-normal/arm64/Supabase.swiftdoc /Users/jans./Library/Developer/Xcode/DerivedData/meal.advisor.ios-csaldjncgoleykghtkpncaypzmvo/Build/Products/Debug-iphonesimulator/Supabase.swiftmodule/arm64-apple-ios-simulator.swiftdoc

Copy /Users/jans./Library/Developer/Xcode/DerivedData/meal.advisor.ios-csaldjncgoleykghtkpncaypzmvo/Build/Products/Debug-iphonesimulator/Supabase.swiftmodule/arm64-apple-ios-simulator.abi.json /Users/jans./Library/Developer/Xcode/DerivedData/meal.advisor.ios-csaldjncgoleykghtkpncaypzmvo/Build/Intermediates.noindex/Supabase.build/Debug-iphonesimulator/Supabase.build/Objects-normal/arm64/Supabase.abi.json (in target 'Supabase' from project 'Supabase')
    cd /Users/jans./Library/Developer/Xcode/DerivedData/meal.advisor.ios-csaldjncgoleykghtkpncaypzmvo/SourcePackages/checkouts/supabase-swift
    builtin-copy -exclude .DS_Store -exclude CVS -exclude .svn -exclude .git -exclude .hg -resolve-src-symlinks -rename /Users/jans./Library/Developer/Xcode/DerivedData/meal.advisor.ios-csaldjncgoleykghtkpncaypzmvo/Build/Intermediates.noindex/Supabase.build/Debug-iphonesimulator/Supabase.build/Objects-normal/arm64/Supabase.abi.json /Users/jans./Library/Developer/Xcode/DerivedData/meal.advisor.ios-csaldjncgoleykghtkpncaypzmvo/Build/Products/Debug-iphonesimulator/Supabase.swiftmodule/arm64-apple-ios-simulator.abi.json

Copy /Users/jans./Library/Developer/Xcode/DerivedData/meal.advisor.ios-csaldjncgoleykghtkpncaypzmvo/Build/Products/Debug-iphonesimulator/Supabase.swiftmodule/Project/arm64-apple-ios-simulator.swiftsourceinfo /Users/jans./Library/Developer/Xcode/DerivedData/meal.advisor.ios-csaldjncgoleykghtkpncaypzmvo/Build/Intermediates.noindex/Supabase.build/Debug-iphonesimulator/Supabase.build/Objects-normal/arm64/Supabase.swiftsourceinfo (in target 'Supabase' from project 'Supabase')
    cd /Users/jans./Library/Developer/Xcode/DerivedData/meal.advisor.ios-csaldjncgoleykghtkpncaypzmvo/SourcePackages/checkouts/supabase-swift
    builtin-copy -exclude .DS_Store -exclude CVS -exclude .svn -exclude .git -exclude .hg -resolve-src-symlinks -rename /Users/jans./Library/Developer/Xcode/DerivedData/meal.advisor.ios-csaldjncgoleykghtkpncaypzmvo/Build/Intermediates.noindex/Supabase.build/Debug-iphonesimulator/Supabase.build/Objects-normal/arm64/Supabase.swiftsourceinfo /Users/jans./Library/Developer/Xcode/DerivedData/meal.advisor.ios-csaldjncgoleykghtkpncaypzmvo/Build/Products/Debug-iphonesimulator/Supabase.swiftmodule/Project/arm64-apple-ios-simulator.swiftsourceinfo

Ld /Users/jans./Library/Developer/Xcode/DerivedData/meal.advisor.ios-csaldjncgoleykghtkpncaypzmvo/Build/Products/Debug-iphonesimulator/Clocks.o normal (in target 'Clocks' from project 'swift-clocks')
    cd /Users/jans./Library/Developer/Xcode/DerivedData/meal.advisor.ios-csaldjncgoleykghtkpncaypzmvo/SourcePackages/checkouts/swift-clocks
    /Applications/Xcode.app/Contents/Developer/Toolchains/XcodeDefault.xctoolchain/usr/bin/clang -Xlinker -reproducible -target arm64-apple-ios13.0-simulator -r -isysroot /Applications/Xcode.app/Contents/Developer/Platforms/iPhoneSimulator.platform/Developer/SDKs/iPhoneSimulator18.5.sdk -O0 -w -L/Users/jans./Library/Developer/Xcode/DerivedData/meal.advisor.ios-csaldjncgoleykghtkpncaypzmvo/Build/Intermediates.noindex/EagerLinkingTBDs/Debug-iphonesimulator -L/Users/jans./Library/Developer/Xcode/DerivedData/meal.advisor.ios-csaldjncgoleykghtkpncaypzmvo/Build/Products/Debug-iphonesimulator -L/Applications/Xcode.app/Contents/Developer/Platforms/iPhoneSimulator.platform/Developer/usr/lib -F/Users/jans./Library/Developer/Xcode/DerivedData/meal.advisor.ios-csaldjncgoleykghtkpncaypzmvo/Build/Intermediates.noindex/EagerLinkingTBDs/Debug-iphonesimulator -F/Users/jans./Library/Developer/Xcode/DerivedData/meal.advisor.ios-csaldjncgoleykghtkpncaypzmvo/Build/Products/Debug-iphonesimulator/PackageFrameworks -F/Users/jans./Library/Developer/Xcode/DerivedData/meal.advisor.ios-csaldjncgoleykghtkpncaypzmvo/Build/Products/Debug-iphonesimulator/PackageFrameworks -F/Users/jans./Library/Developer/Xcode/DerivedData/meal.advisor.ios-csaldjncgoleykghtkpncaypzmvo/Build/Products/Debug-iphonesimulator/PackageFrameworks -F/Users/jans./Library/Developer/Xcode/DerivedData/meal.advisor.ios-csaldjncgoleykghtkpncaypzmvo/Build/Products/Debug-iphonesimulator -iframework /Applications/Xcode.app/Contents/Developer/Platforms/iPhoneSimulator.platform/Developer/Library/Frameworks -iframework /Applications/Xcode.app/Contents/Developer/Platforms/iPhoneSimulator.platform/Developer/SDKs/iPhoneSimulator18.5.sdk/Developer/Library/Frameworks -filelist /Users/jans./Library/Developer/Xcode/DerivedData/meal.advisor.ios-csaldjncgoleykghtkpncaypzmvo/Build/Intermediates.noindex/swift-clocks.build/Debug-iphonesimulator/Clocks.build/Objects-normal/arm64/Clocks.LinkFileList -nostdlib -Xlinker -object_path_lto -Xlinker /Users/jans./Library/Developer/Xcode/DerivedData/meal.advisor.ios-csaldjncgoleykghtkpncaypzmvo/Build/Intermediates.noindex/swift-clocks.build/Debug-iphonesimulator/Clocks.build/Objects-normal/arm64/Clocks_lto.o -rdynamic -Xlinker -no_deduplicate -Xlinker -objc_abi_version -Xlinker 2 -Xlinker -dependency_info -Xlinker /Users/jans./Library/Developer/Xcode/DerivedData/meal.advisor.ios-csaldjncgoleykghtkpncaypzmvo/Build/Intermediates.noindex/swift-clocks.build/Debug-iphonesimulator/Clocks.build/Objects-normal/arm64/Clocks_dependency_info.dat -fobjc-link-runtime -L/Applications/Xcode.app/Contents/Developer/Toolchains/XcodeDefault.xctoolchain/usr/lib/swift/iphonesimulator -L/usr/lib/swift -Xlinker -add_ast_path -Xlinker /Users/jans./Library/Developer/Xcode/DerivedData/meal.advisor.ios-csaldjncgoleykghtkpncaypzmvo/Build/Intermediates.noindex/swift-clocks.build/Debug-iphonesimulator/Clocks.build/Objects-normal/arm64/Clocks.swiftmodule -o /Users/jans./Library/Developer/Xcode/DerivedData/meal.advisor.ios-csaldjncgoleykghtkpncaypzmvo/Build/Products/Debug-iphonesimulator/Clocks.o

ExtractAppIntentsMetadata (in target 'XCTestDynamicOverlay' from project 'xctest-dynamic-overlay')
    cd /Users/jans./Library/Developer/Xcode/DerivedData/meal.advisor.ios-csaldjncgoleykghtkpncaypzmvo/SourcePackages/checkouts/xctest-dynamic-overlay
    /Applications/Xcode.app/Contents/Developer/Toolchains/XcodeDefault.xctoolchain/usr/bin/appintentsmetadataprocessor --toolchain-dir /Applications/Xcode.app/Contents/Developer/Toolchains/XcodeDefault.xctoolchain --module-name XCTestDynamicOverlay --sdk-root /Applications/Xcode.app/Contents/Developer/Platforms/iPhoneSimulator.platform/Developer/SDKs/iPhoneSimulator18.5.sdk --xcode-version 16F6 --platform-family iOS --deployment-target 13.0 --bundle-identifier xctest-dynamic-overlay.XCTestDynamicOverlay --output /Users/jans./Library/Developer/Xcode/DerivedData/meal.advisor.ios-csaldjncgoleykghtkpncaypzmvo/Build/Products/Debug-iphonesimulator/XCTestDynamicOverlay.appintents --target-triple arm64-apple-ios13.0-simulator --binary-file /Users/jans./Library/Developer/Xcode/DerivedData/meal.advisor.ios-csaldjncgoleykghtkpncaypzmvo/Build/Products/Debug-iphonesimulator/XCTestDynamicOverlay.o --dependency-file /Users/jans./Library/Developer/Xcode/DerivedData/meal.advisor.ios-csaldjncgoleykghtkpncaypzmvo/Build/Intermediates.noindex/xctest-dynamic-overlay.build/Debug-iphonesimulator/XCTestDynamicOverlay.build/Objects-normal/arm64/XCTestDynamicOverlay_dependency_info.dat --stringsdata-file /Users/jans./Library/Developer/Xcode/DerivedData/meal.advisor.ios-csaldjncgoleykghtkpncaypzmvo/Build/Intermediates.noindex/xctest-dynamic-overlay.build/Debug-iphonesimulator/XCTestDynamicOverlay.build/Objects-normal/arm64/ExtractedAppShortcutsMetadata.stringsdata --source-file-list /Users/jans./Library/Developer/Xcode/DerivedData/meal.advisor.ios-csaldjncgoleykghtkpncaypzmvo/Build/Intermediates.noindex/xctest-dynamic-overlay.build/Debug-iphonesimulator/XCTestDynamicOverlay.build/Objects-normal/arm64/XCTestDynamicOverlay.SwiftFileList --metadata-file-list /Users/jans./Library/Developer/Xcode/DerivedData/meal.advisor.ios-csaldjncgoleykghtkpncaypzmvo/Build/Intermediates.noindex/xctest-dynamic-overlay.build/Debug-iphonesimulator/XCTestDynamicOverlay.build/XCTestDynamicOverlay.DependencyMetadataFileList --static-metadata-file-list /Users/jans./Library/Developer/Xcode/DerivedData/meal.advisor.ios-csaldjncgoleykghtkpncaypzmvo/Build/Intermediates.noindex/xctest-dynamic-overlay.build/Debug-iphonesimulator/XCTestDynamicOverlay.build/XCTestDynamicOverlay.DependencyStaticMetadataFileList --swift-const-vals-list /Users/jans./Library/Developer/Xcode/DerivedData/meal.advisor.ios-csaldjncgoleykghtkpncaypzmvo/Build/Intermediates.noindex/xctest-dynamic-overlay.build/Debug-iphonesimulator/XCTestDynamicOverlay.build/Objects-normal/arm64/XCTestDynamicOverlay.SwiftConstValuesFileList --force --compile-time-extraction --deployment-aware-processing --validate-assistant-intents --no-app-shortcuts-localization
2025-10-11 23:20:28.175 appintentsmetadataprocessor[93262:11124249] Starting appintentsmetadataprocessor export
2025-10-11 23:20:28.233 appintentsmetadataprocessor[93262:11124249] Extracted no relevant App Intents symbols, skipping writing output

SwiftDriverJobDiscovery normal arm64 Compiling Constants.swift (in target 'Supabase' from project 'Supabase')

RegisterExecutionPolicyException /Users/jans./Library/Developer/Xcode/DerivedData/meal.advisor.ios-csaldjncgoleykghtkpncaypzmvo/Build/Products/Debug-iphonesimulator/GTMAppAuth.o (in target 'GTMAppAuth' from project 'GTMAppAuth')
    cd /Users/jans./Library/Developer/Xcode/DerivedData/meal.advisor.ios-csaldjncgoleykghtkpncaypzmvo/SourcePackages/checkouts/GTMAppAuth
    builtin-RegisterExecutionPolicyException /Users/jans./Library/Developer/Xcode/DerivedData/meal.advisor.ios-csaldjncgoleykghtkpncaypzmvo/Build/Products/Debug-iphonesimulator/GTMAppAuth.o

ExtractAppIntentsMetadata (in target 'Clocks' from project 'swift-clocks')
    cd /Users/jans./Library/Developer/Xcode/DerivedData/meal.advisor.ios-csaldjncgoleykghtkpncaypzmvo/SourcePackages/checkouts/swift-clocks
    /Applications/Xcode.app/Contents/Developer/Toolchains/XcodeDefault.xctoolchain/usr/bin/appintentsmetadataprocessor --toolchain-dir /Applications/Xcode.app/Contents/Developer/Toolchains/XcodeDefault.xctoolchain --module-name Clocks --sdk-root /Applications/Xcode.app/Contents/Developer/Platforms/iPhoneSimulator.platform/Developer/SDKs/iPhoneSimulator18.5.sdk --xcode-version 16F6 --platform-family iOS --deployment-target 13.0 --bundle-identifier swift-clocks.Clocks --output /Users/jans./Library/Developer/Xcode/DerivedData/meal.advisor.ios-csaldjncgoleykghtkpncaypzmvo/Build/Products/Debug-iphonesimulator/Clocks.appintents --target-triple arm64-apple-ios13.0-simulator --binary-file /Users/jans./Library/Developer/Xcode/DerivedData/meal.advisor.ios-csaldjncgoleykghtkpncaypzmvo/Build/Products/Debug-iphonesimulator/Clocks.o --dependency-file /Users/jans./Library/Developer/Xcode/DerivedData/meal.advisor.ios-csaldjncgoleykghtkpncaypzmvo/Build/Intermediates.noindex/swift-clocks.build/Debug-iphonesimulator/Clocks.build/Objects-normal/arm64/Clocks_dependency_info.dat --stringsdata-file /Users/jans./Library/Developer/Xcode/DerivedData/meal.advisor.ios-csaldjncgoleykghtkpncaypzmvo/Build/Intermediates.noindex/swift-clocks.build/Debug-iphonesimulator/Clocks.build/Objects-normal/arm64/ExtractedAppShortcutsMetadata.stringsdata --source-file-list /Users/jans./Library/Developer/Xcode/DerivedData/meal.advisor.ios-csaldjncgoleykghtkpncaypzmvo/Build/Intermediates.noindex/swift-clocks.build/Debug-iphonesimulator/Clocks.build/Objects-normal/arm64/Clocks.SwiftFileList --metadata-file-list /Users/jans./Library/Developer/Xcode/DerivedData/meal.advisor.ios-csaldjncgoleykghtkpncaypzmvo/Build/Intermediates.noindex/swift-clocks.build/Debug-iphonesimulator/Clocks.build/Clocks.DependencyMetadataFileList --static-metadata-file-list /Users/jans./Library/Developer/Xcode/DerivedData/meal.advisor.ios-csaldjncgoleykghtkpncaypzmvo/Build/Intermediates.noindex/swift-clocks.build/Debug-iphonesimulator/Clocks.build/Clocks.DependencyStaticMetadataFileList --swift-const-vals-list /Users/jans./Library/Developer/Xcode/DerivedData/meal.advisor.ios-csaldjncgoleykghtkpncaypzmvo/Build/Intermediates.noindex/swift-clocks.build/Debug-iphonesimulator/Clocks.build/Objects-normal/arm64/Clocks.SwiftConstValuesFileList --force --compile-time-extraction --deployment-aware-processing --validate-assistant-intents --no-app-shortcuts-localization
2025-10-11 23:20:28.195 appintentsmetadataprocessor[93263:11124257] Starting appintentsmetadataprocessor export
2025-10-11 23:20:28.248 appintentsmetadataprocessor[93263:11124257] Extracted no relevant App Intents symbols, skipping writing output

Ld /Users/jans./Library/Developer/Xcode/DerivedData/meal.advisor.ios-csaldjncgoleykghtkpncaypzmvo/Build/Products/Debug-iphonesimulator/GoogleSignIn.o normal (in target 'GoogleSignIn' from project 'GoogleSignIn')
    cd /Users/jans./Library/Developer/Xcode/DerivedData/meal.advisor.ios-csaldjncgoleykghtkpncaypzmvo/SourcePackages/checkouts/GoogleSignIn-iOS
    /Applications/Xcode.app/Contents/Developer/Toolchains/XcodeDefault.xctoolchain/usr/bin/clang -Xlinker -reproducible -target arm64-apple-ios12.0-simulator -r -isysroot /Applications/Xcode.app/Contents/Developer/Platforms/iPhoneSimulator.platform/Developer/SDKs/iPhoneSimulator18.5.sdk -O0 -w -L/Users/jans./Library/Developer/Xcode/DerivedData/meal.advisor.ios-csaldjncgoleykghtkpncaypzmvo/Build/Intermediates.noindex/EagerLinkingTBDs/Debug-iphonesimulator -L/Users/jans./Library/Developer/Xcode/DerivedData/meal.advisor.ios-csaldjncgoleykghtkpncaypzmvo/Build/Products/Debug-iphonesimulator -L/Applications/Xcode.app/Contents/Developer/Platforms/iPhoneSimulator.platform/Developer/usr/lib -F/Users/jans./Library/Developer/Xcode/DerivedData/meal.advisor.ios-csaldjncgoleykghtkpncaypzmvo/Build/Intermediates.noindex/EagerLinkingTBDs/Debug-iphonesimulator -F/Users/jans./Library/Developer/Xcode/DerivedData/meal.advisor.ios-csaldjncgoleykghtkpncaypzmvo/Build/Products/Debug-iphonesimulator/PackageFrameworks -F/Users/jans./Library/Developer/Xcode/DerivedData/meal.advisor.ios-csaldjncgoleykghtkpncaypzmvo/Build/Products/Debug-iphonesimulator/PackageFrameworks -F/Users/jans./Library/Developer/Xcode/DerivedData/meal.advisor.ios-csaldjncgoleykghtkpncaypzmvo/Build/Products/Debug-iphonesimulator/PackageFrameworks -F/Users/jans./Library/Developer/Xcode/DerivedData/meal.advisor.ios-csaldjncgoleykghtkpncaypzmvo/Build/Products/Debug-iphonesimulator/PackageFrameworks -F/Users/jans./Library/Developer/Xcode/DerivedData/meal.advisor.ios-csaldjncgoleykghtkpncaypzmvo/Build/Products/Debug-iphonesimulator -iframework /Applications/Xcode.app/Contents/Developer/Platforms/iPhoneSimulator.platform/Developer/Library/Frameworks -iframework /Applications/Xcode.app/Contents/Developer/Platforms/iPhoneSimulator.platform/Developer/SDKs/iPhoneSimulator18.5.sdk/Developer/Library/Frameworks -filelist /Users/jans./Library/Developer/Xcode/DerivedData/meal.advisor.ios-csaldjncgoleykghtkpncaypzmvo/Build/Intermediates.noindex/GoogleSignIn.build/Debug-iphonesimulator/GoogleSignIn.build/Objects-normal/arm64/GoogleSignIn.LinkFileList -nostdlib -Xlinker -object_path_lto -Xlinker /Users/jans./Library/Developer/Xcode/DerivedData/meal.advisor.ios-csaldjncgoleykghtkpncaypzmvo/Build/Intermediates.noindex/GoogleSignIn.build/Debug-iphonesimulator/GoogleSignIn.build/Objects-normal/arm64/GoogleSignIn_lto.o -rdynamic -Xlinker -no_deduplicate -Xlinker -objc_abi_version -Xlinker 2 -Xlinker -dependency_info -Xlinker /Users/jans./Library/Developer/Xcode/DerivedData/meal.advisor.ios-csaldjncgoleykghtkpncaypzmvo/Build/Intermediates.noindex/GoogleSignIn.build/Debug-iphonesimulator/GoogleSignIn.build/Objects-normal/arm64/GoogleSignIn_dependency_info.dat -fobjc-arc -fobjc-link-runtime -o /Users/jans./Library/Developer/Xcode/DerivedData/meal.advisor.ios-csaldjncgoleykghtkpncaypzmvo/Build/Products/Debug-iphonesimulator/GoogleSignIn.o

MkDir /Users/jans./Library/Developer/Xcode/DerivedData/meal.advisor.ios-csaldjncgoleykghtkpncaypzmvo/Build/Intermediates.noindex/meal.advisor.ios.build/Debug-iphonesimulator/meal.advisor.ios.build/assetcatalog_output/unthinned (in target 'meal.advisor.ios' from project 'meal.advisor.ios')
    cd /Users/jans./Downloads/meal.advisor/meal.advisor.ios/meal.advisor.ios/meal.advisor.ios
    /bin/mkdir -p /Users/jans./Library/Developer/Xcode/DerivedData/meal.advisor.ios-csaldjncgoleykghtkpncaypzmvo/Build/Intermediates.noindex/meal.advisor.ios.build/Debug-iphonesimulator/meal.advisor.ios.build/assetcatalog_output/unthinned

MkDir /Users/jans./Library/Developer/Xcode/DerivedData/meal.advisor.ios-csaldjncgoleykghtkpncaypzmvo/Build/Intermediates.noindex/meal.advisor.ios.build/Debug-iphonesimulator/meal.advisor.ios.build/assetcatalog_output/thinned (in target 'meal.advisor.ios' from project 'meal.advisor.ios')
    cd /Users/jans./Downloads/meal.advisor/meal.advisor.ios/meal.advisor.ios/meal.advisor.ios
    /bin/mkdir -p /Users/jans./Library/Developer/Xcode/DerivedData/meal.advisor.ios-csaldjncgoleykghtkpncaypzmvo/Build/Intermediates.noindex/meal.advisor.ios.build/Debug-iphonesimulator/meal.advisor.ios.build/assetcatalog_output/thinned

GenerateAssetSymbols /Users/jans./Downloads/meal.advisor/meal.advisor.ios/meal.advisor.ios/meal.advisor.ios/meal.advisor.ios/Assets.xcassets (in target 'meal.advisor.ios' from project 'meal.advisor.ios')
    cd /Users/jans./Downloads/meal.advisor/meal.advisor.ios/meal.advisor.ios/meal.advisor.ios
    /Applications/Xcode.app/Contents/Developer/usr/bin/actool /Users/jans./Downloads/meal.advisor/meal.advisor.ios/meal.advisor.ios/meal.advisor.ios/meal.advisor.ios/Assets.xcassets --compile /Users/jans./Library/Developer/Xcode/DerivedData/meal.advisor.ios-csaldjncgoleykghtkpncaypzmvo/Build/Products/Debug-iphonesimulator/MealAdvisor.app --output-format human-readable-text --notices --warnings --export-dependency-info /Users/jans./Library/Developer/Xcode/DerivedData/meal.advisor.ios-csaldjncgoleykghtkpncaypzmvo/Build/Intermediates.noindex/meal.advisor.ios.build/Debug-iphonesimulator/meal.advisor.ios.build/assetcatalog_dependencies --output-partial-info-plist /Users/jans./Library/Developer/Xcode/DerivedData/meal.advisor.ios-csaldjncgoleykghtkpncaypzmvo/Build/Intermediates.noindex/meal.advisor.ios.build/Debug-iphonesimulator/meal.advisor.ios.build/assetcatalog_generated_info.plist --app-icon AppIcon --accent-color AccentColor --compress-pngs --enable-on-demand-resources YES --development-region en --target-device iphone --minimum-deployment-target 17.0 --platform iphonesimulator --bundle-identifier com.umursoganci.mealadvisor --generate-swift-asset-symbols /Users/jans./Library/Developer/Xcode/DerivedData/meal.advisor.ios-csaldjncgoleykghtkpncaypzmvo/Build/Intermediates.noindex/meal.advisor.ios.build/Debug-iphonesimulator/meal.advisor.ios.build/DerivedSources/GeneratedAssetSymbols.swift --generate-objc-asset-symbols /Users/jans./Library/Developer/Xcode/DerivedData/meal.advisor.ios-csaldjncgoleykghtkpncaypzmvo/Build/Intermediates.noindex/meal.advisor.ios.build/Debug-iphonesimulator/meal.advisor.ios.build/DerivedSources/GeneratedAssetSymbols.h --generate-asset-symbol-index /Users/jans./Library/Developer/Xcode/DerivedData/meal.advisor.ios-csaldjncgoleykghtkpncaypzmvo/Build/Intermediates.noindex/meal.advisor.ios.build/Debug-iphonesimulator/meal.advisor.ios.build/DerivedSources/GeneratedAssetSymbols-Index.plist
/* com.apple.actool.document.warnings */
/Users/jans./Downloads/meal.advisor/meal.advisor.ios/meal.advisor.ios/meal.advisor.ios/meal.advisor.ios/Assets.xcassets:./AppIcon.appiconset/(null)[2d][meal.advisor.son.son.png]: warning: The app icon set "AppIcon" has an unassigned child.
/* com.apple.actool.compilation-results */
/Users/jans./Library/Developer/Xcode/DerivedData/meal.advisor.ios-csaldjncgoleykghtkpncaypzmvo/Build/Intermediates.noindex/meal.advisor.ios.build/Debug-iphonesimulator/meal.advisor.ios.build/DerivedSources/GeneratedAssetSymbols-Index.plist
/Users/jans./Library/Developer/Xcode/DerivedData/meal.advisor.ios-csaldjncgoleykghtkpncaypzmvo/Build/Intermediates.noindex/meal.advisor.ios.build/Debug-iphonesimulator/meal.advisor.ios.build/DerivedSources/GeneratedAssetSymbols.h
/Users/jans./Library/Developer/Xcode/DerivedData/meal.advisor.ios-csaldjncgoleykghtkpncaypzmvo/Build/Intermediates.noindex/meal.advisor.ios.build/Debug-iphonesimulator/meal.advisor.ios.build/DerivedSources/GeneratedAssetSymbols.swift


CompileAssetCatalogVariant thinned /Users/jans./Library/Developer/Xcode/DerivedData/meal.advisor.ios-csaldjncgoleykghtkpncaypzmvo/Build/Products/Debug-iphonesimulator/MealAdvisor.app /Users/jans./Downloads/meal.advisor/meal.advisor.ios/meal.advisor.ios/meal.advisor.ios/meal.advisor.ios/Assets.xcassets (in target 'meal.advisor.ios' from project 'meal.advisor.ios')
    cd /Users/jans./Downloads/meal.advisor/meal.advisor.ios/meal.advisor.ios/meal.advisor.ios
    /Applications/Xcode.app/Contents/Developer/usr/bin/actool /Users/jans./Downloads/meal.advisor/meal.advisor.ios/meal.advisor.ios/meal.advisor.ios/meal.advisor.ios/Assets.xcassets --compile /Users/jans./Library/Developer/Xcode/DerivedData/meal.advisor.ios-csaldjncgoleykghtkpncaypzmvo/Build/Intermediates.noindex/meal.advisor.ios.build/Debug-iphonesimulator/meal.advisor.ios.build/assetcatalog_output/thinned --output-format human-readable-text --notices --warnings --export-dependency-info /Users/jans./Library/Developer/Xcode/DerivedData/meal.advisor.ios-csaldjncgoleykghtkpncaypzmvo/Build/Intermediates.noindex/meal.advisor.ios.build/Debug-iphonesimulator/meal.advisor.ios.build/assetcatalog_dependencies_thinned --output-partial-info-plist /Users/jans./Library/Developer/Xcode/DerivedData/meal.advisor.ios-csaldjncgoleykghtkpncaypzmvo/Build/Intermediates.noindex/meal.advisor.ios.build/Debug-iphonesimulator/meal.advisor.ios.build/assetcatalog_generated_info.plist_thinned --app-icon AppIcon --accent-color AccentColor --compress-pngs --enable-on-demand-resources YES --filter-for-thinning-device-configuration iPhone17,1 --filter-for-device-os-version 18.6 --development-region en --target-device iphone --minimum-deployment-target 17.0 --platform iphonesimulator

SwiftDriverJobDiscovery normal arm64 Compiling Exports.swift (in target 'Supabase' from project 'Supabase')

RegisterExecutionPolicyException /Users/jans./Library/Developer/Xcode/DerivedData/meal.advisor.ios-csaldjncgoleykghtkpncaypzmvo/Build/Products/Debug-iphonesimulator/XCTestDynamicOverlay.o (in target 'XCTestDynamicOverlay' from project 'xctest-dynamic-overlay')
    cd /Users/jans./Library/Developer/Xcode/DerivedData/meal.advisor.ios-csaldjncgoleykghtkpncaypzmvo/SourcePackages/checkouts/xctest-dynamic-overlay
    builtin-RegisterExecutionPolicyException /Users/jans./Library/Developer/Xcode/DerivedData/meal.advisor.ios-csaldjncgoleykghtkpncaypzmvo/Build/Products/Debug-iphonesimulator/XCTestDynamicOverlay.o

SwiftDriver meal.advisor.ios normal arm64 com.apple.xcode.tools.swift.compiler (in target 'meal.advisor.ios' from project 'meal.advisor.ios')
    cd /Users/jans./Downloads/meal.advisor/meal.advisor.ios/meal.advisor.ios/meal.advisor.ios
    builtin-SwiftDriver -- /Applications/Xcode.app/Contents/Developer/Toolchains/XcodeDefault.xctoolchain/usr/bin/swiftc -module-name MealAdvisor -Onone -enforce-exclusivity\=checked @/Users/jans./Library/Developer/Xcode/DerivedData/meal.advisor.ios-csaldjncgoleykghtkpncaypzmvo/Build/Intermediates.noindex/meal.advisor.ios.build/Debug-iphonesimulator/meal.advisor.ios.build/Objects-normal/arm64/MealAdvisor.SwiftFileList -DDEBUG -Xcc -fmodule-map-file\=/Users/jans./Library/Developer/Xcode/DerivedData/meal.advisor.ios-csaldjncgoleykghtkpncaypzmvo/Build/Intermediates.noindex/GeneratedModuleMaps-iphonesimulator/AppAuth.modulemap -Xcc -fmodule-map-file\=/Users/jans./Library/Developer/Xcode/DerivedData/meal.advisor.ios-csaldjncgoleykghtkpncaypzmvo/Build/Intermediates.noindex/GeneratedModuleMaps-iphonesimulator/AppAuthCore.modulemap -Xcc -fmodule-map-file\=/Users/jans./Library/Developer/Xcode/DerivedData/meal.advisor.ios-csaldjncgoleykghtkpncaypzmvo/Build/Intermediates.noindex/GeneratedModuleMaps-iphonesimulator/GTMSessionFetcherCore.modulemap -Xcc -fmodule-map-file\=/Users/jans./Library/Developer/Xcode/DerivedData/meal.advisor.ios-csaldjncgoleykghtkpncaypzmvo/Build/Intermediates.noindex/GeneratedModuleMaps-iphonesimulator/GoogleSignIn.modulemap -enable-bare-slash-regex -enable-experimental-feature DebugDescriptionMacro -sdk /Applications/Xcode.app/Contents/Developer/Platforms/iPhoneSimulator.platform/Developer/SDKs/iPhoneSimulator18.5.sdk -target arm64-apple-ios17.0-simulator -g -module-cache-path /Users/jans./Library/Developer/Xcode/DerivedData/ModuleCache.noindex -Xfrontend -serialize-debugging-options -enable-testing -index-store-path /Users/jans./Library/Developer/Xcode/DerivedData/meal.advisor.ios-csaldjncgoleykghtkpncaypzmvo/Index.noindex/DataStore -swift-version 5 -I /Users/jans./Library/Developer/Xcode/DerivedData/meal.advisor.ios-csaldjncgoleykghtkpncaypzmvo/Build/Products/Debug-iphonesimulator -F /Users/jans./Library/Developer/Xcode/DerivedData/meal.advisor.ios-csaldjncgoleykghtkpncaypzmvo/Build/Products/Debug-iphonesimulator/PackageFrameworks -F /Users/jans./Library/Developer/Xcode/DerivedData/meal.advisor.ios-csaldjncgoleykghtkpncaypzmvo/Build/Products/Debug-iphonesimulator/PackageFrameworks -F /Users/jans./Library/Developer/Xcode/DerivedData/meal.advisor.ios-csaldjncgoleykghtkpncaypzmvo/Build/Products/Debug-iphonesimulator/PackageFrameworks -F /Users/jans./Library/Developer/Xcode/DerivedData/meal.advisor.ios-csaldjncgoleykghtkpncaypzmvo/Build/Products/Debug-iphonesimulator/PackageFrameworks -F /Users/jans./Library/Developer/Xcode/DerivedData/meal.advisor.ios-csaldjncgoleykghtkpncaypzmvo/Build/Products/Debug-iphonesimulator/PackageFrameworks -F /Users/jans./Library/Developer/Xcode/DerivedData/meal.advisor.ios-csaldjncgoleykghtkpncaypzmvo/Build/Products/Debug-iphonesimulator/PackageFrameworks -F /Users/jans./Library/Developer/Xcode/DerivedData/meal.advisor.ios-csaldjncgoleykghtkpncaypzmvo/Build/Products/Debug-iphonesimulator/PackageFrameworks -F /Users/jans./Library/Developer/Xcode/DerivedData/meal.advisor.ios-csaldjncgoleykghtkpncaypzmvo/Build/Products/Debug-iphonesimulator/PackageFrameworks -F /Users/jans./Library/Developer/Xcode/DerivedData/meal.advisor.ios-csaldjncgoleykghtkpncaypzmvo/Build/Products/Debug-iphonesimulator/PackageFrameworks -F /Users/jans./Library/Developer/Xcode/DerivedData/meal.advisor.ios-csaldjncgoleykghtkpncaypzmvo/Build/Products/Debug-iphonesimulator/PackageFrameworks -F /Users/jans./Library/Developer/Xcode/DerivedData/meal.advisor.ios-csaldjncgoleykghtkpncaypzmvo/Build/Products/Debug-iphonesimulator/PackageFrameworks -F /Users/jans./Library/Developer/Xcode/DerivedData/meal.advisor.ios-csaldjncgoleykghtkpncaypzmvo/Build/Products/Debug-iphonesimulator/PackageFrameworks -F /Users/jans./Library/Developer/Xcode/DerivedData/meal.advisor.ios-csaldjncgoleykghtkpncaypzmvo/Build/Products/Debug-iphonesimulator/PackageFrameworks -F /Users/jans./Library/Developer/Xcode/DerivedData/meal.advisor.ios-csaldjncgoleykghtkpncaypzmvo/Build/Products/Debug-iphonesimulator/PackageFrameworks -F /Users/jans./Library/Developer/Xcode/DerivedData/meal.advisor.ios-csaldjncgoleykghtkpncaypzmvo/Build/Products/Debug-iphonesimulator/PackageFrameworks -F /Users/jans./Library/Developer/Xcode/DerivedData/meal.advisor.ios-csaldjncgoleykghtkpncaypzmvo/Build/Products/Debug-iphonesimulator/PackageFrameworks -F /Users/jans./Library/Developer/Xcode/DerivedData/meal.advisor.ios-csaldjncgoleykghtkpncaypzmvo/Build/Products/Debug-iphonesimulator/PackageFrameworks -F /Users/jans./Library/Developer/Xcode/DerivedData/meal.advisor.ios-csaldjncgoleykghtkpncaypzmvo/Build/Products/Debug-iphonesimulator/PackageFrameworks -F /Users/jans./Library/Developer/Xcode/DerivedData/meal.advisor.ios-csaldjncgoleykghtkpncaypzmvo/Build/Products/Debug-iphonesimulator/PackageFrameworks -F /Users/jans./Library/Developer/Xcode/DerivedData/meal.advisor.ios-csaldjncgoleykghtkpncaypzmvo/Build/Products/Debug-iphonesimulator/PackageFrameworks -F /Users/jans./Library/Developer/Xcode/DerivedData/meal.advisor.ios-csaldjncgoleykghtkpncaypzmvo/Build/Products/Debug-iphonesimulator -emit-localized-strings -emit-localized-strings-path /Users/jans./Library/Developer/Xcode/DerivedData/meal.advisor.ios-csaldjncgoleykghtkpncaypzmvo/Build/Intermediates.noindex/meal.advisor.ios.build/Debug-iphonesimulator/meal.advisor.ios.build/Objects-normal/arm64 -c -j8 -enable-batch-mode -incremental -Xcc -ivfsstatcache -Xcc /Users/jans./Library/Developer/Xcode/DerivedData/SDKStatCaches.noindex/iphonesimulator18.5-22F76-d5fc8ad4295d2ef488fb7d0f804ce0c4.sdkstatcache -output-file-map /Users/jans./Library/Developer/Xcode/DerivedData/meal.advisor.ios-csaldjncgoleykghtkpncaypzmvo/Build/Intermediates.noindex/meal.advisor.ios.build/Debug-iphonesimulator/meal.advisor.ios.build/Objects-normal/arm64/meal.advisor.ios-OutputFileMap.json -use-frontend-parseable-output -save-temps -no-color-diagnostics -serialize-diagnostics -emit-dependencies -emit-module -emit-module-path /Users/jans./Library/Developer/Xcode/DerivedData/meal.advisor.ios-csaldjncgoleykghtkpncaypzmvo/Build/Intermediates.noindex/meal.advisor.ios.build/Debug-iphonesimulator/meal.advisor.ios.build/Objects-normal/arm64/MealAdvisor.swiftmodule -validate-clang-modules-once -clang-build-session-file /Users/jans./Library/Developer/Xcode/DerivedData/ModuleCache.noindex/Session.modulevalidation -Xcc -I/Users/jans./Library/Developer/Xcode/DerivedData/meal.advisor.ios-csaldjncgoleykghtkpncaypzmvo/Build/Intermediates.noindex/meal.advisor.ios.build/Debug-iphonesimulator/meal.advisor.ios.build/swift-overrides.hmap -emit-const-values -Xfrontend -const-gather-protocols-file -Xfrontend /Users/jans./Library/Developer/Xcode/DerivedData/meal.advisor.ios-csaldjncgoleykghtkpncaypzmvo/Build/Intermediates.noindex/meal.advisor.ios.build/Debug-iphonesimulator/meal.advisor.ios.build/Objects-normal/arm64/meal.advisor.ios_const_extract_protocols.json -Xcc -iquote -Xcc /Users/jans./Library/Developer/Xcode/DerivedData/meal.advisor.ios-csaldjncgoleykghtkpncaypzmvo/Build/Intermediates.noindex/meal.advisor.ios.build/Debug-iphonesimulator/meal.advisor.ios.build/MealAdvisor-generated-files.hmap -Xcc -I/Users/jans./Library/Developer/Xcode/DerivedData/meal.advisor.ios-csaldjncgoleykghtkpncaypzmvo/Build/Intermediates.noindex/meal.advisor.ios.build/Debug-iphonesimulator/meal.advisor.ios.build/MealAdvisor-own-target-headers.hmap -Xcc -I/Users/jans./Library/Developer/Xcode/DerivedData/meal.advisor.ios-csaldjncgoleykghtkpncaypzmvo/Build/Intermediates.noindex/meal.advisor.ios.build/Debug-iphonesimulator/meal.advisor.ios.build/MealAdvisor-all-non-framework-target-headers.hmap -Xcc -ivfsoverlay -Xcc /Users/jans./Library/Developer/Xcode/DerivedData/meal.advisor.ios-csaldjncgoleykghtkpncaypzmvo/Build/Intermediates.noindex/meal.advisor.ios.build/Debug-iphonesimulator/meal.advisor.ios-048ad3e6ba0d12bbc944eaa89294f0c9-VFS-iphonesimulator/all-product-headers.yaml -Xcc -iquote -Xcc /Users/jans./Library/Developer/Xcode/DerivedData/meal.advisor.ios-csaldjncgoleykghtkpncaypzmvo/Build/Intermediates.noindex/meal.advisor.ios.build/Debug-iphonesimulator/meal.advisor.ios.build/MealAdvisor-project-headers.hmap -Xcc -I/Users/jans./Library/Developer/Xcode/DerivedData/meal.advisor.ios-csaldjncgoleykghtkpncaypzmvo/SourcePackages/checkouts/AppAuth-iOS/Sources/AppAuth -Xcc -I/Users/jans./Library/Developer/Xcode/DerivedData/meal.advisor.ios-csaldjncgoleykghtkpncaypzmvo/SourcePackages/checkouts/AppAuth-iOS/Sources/AppAuthCore -Xcc -I/Users/jans./Library/Developer/Xcode/DerivedData/meal.advisor.ios-csaldjncgoleykghtkpncaypzmvo/SourcePackages/checkouts/gtm-session-fetcher/Sources/Core/Public -Xcc -I/Users/jans./Library/Developer/Xcode/DerivedData/meal.advisor.ios-csaldjncgoleykghtkpncaypzmvo/SourcePackages/checkouts/GoogleSignIn-iOS/GoogleSignIn/Sources/Public -Xcc -I/Users/jans./Library/Developer/Xcode/DerivedData/meal.advisor.ios-csaldjncgoleykghtkpncaypzmvo/Build/Products/Debug-iphonesimulator/include -Xcc -I/Users/jans./Library/Developer/Xcode/DerivedData/meal.advisor.ios-csaldjncgoleykghtkpncaypzmvo/Build/Intermediates.noindex/meal.advisor.ios.build/Debug-iphonesimulator/meal.advisor.ios.build/DerivedSources-normal/arm64 -Xcc -I/Users/jans./Library/Developer/Xcode/DerivedData/meal.advisor.ios-csaldjncgoleykghtkpncaypzmvo/Build/Intermediates.noindex/meal.advisor.ios.build/Debug-iphonesimulator/meal.advisor.ios.build/DerivedSources/arm64 -Xcc -I/Users/jans./Library/Developer/Xcode/DerivedData/meal.advisor.ios-csaldjncgoleykghtkpncaypzmvo/Build/Intermediates.noindex/meal.advisor.ios.build/Debug-iphonesimulator/meal.advisor.ios.build/DerivedSources -Xcc -DDEBUG\=1 -emit-objc-header -emit-objc-header-path /Users/jans./Library/Developer/Xcode/DerivedData/meal.advisor.ios-csaldjncgoleykghtkpncaypzmvo/Build/Intermediates.noindex/meal.advisor.ios.build/Debug-iphonesimulator/meal.advisor.ios.build/Objects-normal/arm64/MealAdvisor-Swift.h -working-directory /Users/jans./Downloads/meal.advisor/meal.advisor.ios/meal.advisor.ios/meal.advisor.ios -experimental-emit-module-separately -disable-cmo

RegisterExecutionPolicyException /Users/jans./Library/Developer/Xcode/DerivedData/meal.advisor.ios-csaldjncgoleykghtkpncaypzmvo/Build/Products/Debug-iphonesimulator/Clocks.o (in target 'Clocks' from project 'swift-clocks')
    cd /Users/jans./Library/Developer/Xcode/DerivedData/meal.advisor.ios-csaldjncgoleykghtkpncaypzmvo/SourcePackages/checkouts/swift-clocks
    builtin-RegisterExecutionPolicyException /Users/jans./Library/Developer/Xcode/DerivedData/meal.advisor.ios-csaldjncgoleykghtkpncaypzmvo/Build/Products/Debug-iphonesimulator/Clocks.o

RegisterExecutionPolicyException /Users/jans./Library/Developer/Xcode/DerivedData/meal.advisor.ios-csaldjncgoleykghtkpncaypzmvo/Build/Products/Debug-iphonesimulator/GoogleSignIn.o (in target 'GoogleSignIn' from project 'GoogleSignIn')
    cd /Users/jans./Library/Developer/Xcode/DerivedData/meal.advisor.ios-csaldjncgoleykghtkpncaypzmvo/SourcePackages/checkouts/GoogleSignIn-iOS
    builtin-RegisterExecutionPolicyException /Users/jans./Library/Developer/Xcode/DerivedData/meal.advisor.ios-csaldjncgoleykghtkpncaypzmvo/Build/Products/Debug-iphonesimulator/GoogleSignIn.o

SwiftDriverJobDiscovery normal arm64 Compiling Keychain.swift, PKCE.swift, SessionManager.swift (in target 'Auth' from project 'Supabase')

Ld /Users/jans./Library/Developer/Xcode/DerivedData/meal.advisor.ios-csaldjncgoleykghtkpncaypzmvo/Build/Products/Debug-iphonesimulator/Helpers.o normal (in target 'Helpers' from project 'Supabase')
    cd /Users/jans./Library/Developer/Xcode/DerivedData/meal.advisor.ios-csaldjncgoleykghtkpncaypzmvo/SourcePackages/checkouts/supabase-swift
    /Applications/Xcode.app/Contents/Developer/Toolchains/XcodeDefault.xctoolchain/usr/bin/clang -Xlinker -reproducible -target arm64-apple-ios13.0-simulator -r -isysroot /Applications/Xcode.app/Contents/Developer/Platforms/iPhoneSimulator.platform/Developer/SDKs/iPhoneSimulator18.5.sdk -O0 -w -L/Users/jans./Library/Developer/Xcode/DerivedData/meal.advisor.ios-csaldjncgoleykghtkpncaypzmvo/Build/Intermediates.noindex/EagerLinkingTBDs/Debug-iphonesimulator -L/Users/jans./Library/Developer/Xcode/DerivedData/meal.advisor.ios-csaldjncgoleykghtkpncaypzmvo/Build/Products/Debug-iphonesimulator -L/Applications/Xcode.app/Contents/Developer/Platforms/iPhoneSimulator.platform/Developer/usr/lib -F/Users/jans./Library/Developer/Xcode/DerivedData/meal.advisor.ios-csaldjncgoleykghtkpncaypzmvo/Build/Intermediates.noindex/EagerLinkingTBDs/Debug-iphonesimulator -F/Users/jans./Library/Developer/Xcode/DerivedData/meal.advisor.ios-csaldjncgoleykghtkpncaypzmvo/Build/Products/Debug-iphonesimulator/PackageFrameworks -F/Users/jans./Library/Developer/Xcode/DerivedData/meal.advisor.ios-csaldjncgoleykghtkpncaypzmvo/Build/Products/Debug-iphonesimulator/PackageFrameworks -F/Users/jans./Library/Developer/Xcode/DerivedData/meal.advisor.ios-csaldjncgoleykghtkpncaypzmvo/Build/Products/Debug-iphonesimulator/PackageFrameworks -F/Users/jans./Library/Developer/Xcode/DerivedData/meal.advisor.ios-csaldjncgoleykghtkpncaypzmvo/Build/Products/Debug-iphonesimulator/PackageFrameworks -F/Users/jans./Library/Developer/Xcode/DerivedData/meal.advisor.ios-csaldjncgoleykghtkpncaypzmvo/Build/Products/Debug-iphonesimulator/PackageFrameworks -F/Users/jans./Library/Developer/Xcode/DerivedData/meal.advisor.ios-csaldjncgoleykghtkpncaypzmvo/Build/Products/Debug-iphonesimulator/PackageFrameworks -F/Users/jans./Library/Developer/Xcode/DerivedData/meal.advisor.ios-csaldjncgoleykghtkpncaypzmvo/Build/Products/Debug-iphonesimulator -iframework /Applications/Xcode.app/Contents/Developer/Platforms/iPhoneSimulator.platform/Developer/Library/Frameworks -iframework /Applications/Xcode.app/Contents/Developer/Platforms/iPhoneSimulator.platform/Developer/SDKs/iPhoneSimulator18.5.sdk/Developer/Library/Frameworks -filelist /Users/jans./Library/Developer/Xcode/DerivedData/meal.advisor.ios-csaldjncgoleykghtkpncaypzmvo/Build/Intermediates.noindex/Supabase.build/Debug-iphonesimulator/Helpers.build/Objects-normal/arm64/Helpers.LinkFileList -nostdlib -Xlinker -object_path_lto -Xlinker /Users/jans./Library/Developer/Xcode/DerivedData/meal.advisor.ios-csaldjncgoleykghtkpncaypzmvo/Build/Intermediates.noindex/Supabase.build/Debug-iphonesimulator/Helpers.build/Objects-normal/arm64/Helpers_lto.o -rdynamic -Xlinker -no_deduplicate -Xlinker -objc_abi_version -Xlinker 2 -Xlinker -dependency_info -Xlinker /Users/jans./Library/Developer/Xcode/DerivedData/meal.advisor.ios-csaldjncgoleykghtkpncaypzmvo/Build/Intermediates.noindex/Supabase.build/Debug-iphonesimulator/Helpers.build/Objects-normal/arm64/Helpers_dependency_info.dat -fobjc-link-runtime -L/Applications/Xcode.app/Contents/Developer/Toolchains/XcodeDefault.xctoolchain/usr/lib/swift/iphonesimulator -L/usr/lib/swift -Xlinker -add_ast_path -Xlinker /Users/jans./Library/Developer/Xcode/DerivedData/meal.advisor.ios-csaldjncgoleykghtkpncaypzmvo/Build/Intermediates.noindex/Supabase.build/Debug-iphonesimulator/Helpers.build/Objects-normal/arm64/Helpers.swiftmodule -o /Users/jans./Library/Developer/Xcode/DerivedData/meal.advisor.ios-csaldjncgoleykghtkpncaypzmvo/Build/Products/Debug-iphonesimulator/Helpers.o

SwiftCompile normal arm64 Compiling\ NotificationService.swift,\ meal_advisor_iosApp.swift,\ UsageCounterBadge.swift,\ UserPreferences.swift,\ PurchaseService.swift,\ SettingsView.swift,\ Color+Extensions.swift,\ MealService.swift,\ Secrets.swift /Users/jans./Downloads/meal.advisor/meal.advisor.ios/meal.advisor.ios/meal.advisor.ios/meal.advisor.ios/Services/NotificationService.swift /Users/jans./Downloads/meal.advisor/meal.advisor.ios/meal.advisor.ios/meal.advisor.ios/meal.advisor.ios/meal_advisor_iosApp.swift /Users/jans./Downloads/meal.advisor/meal.advisor.ios/meal.advisor.ios/meal.advisor.ios/meal.advisor.ios/Views/Components/UsageCounterBadge.swift /Users/jans./Downloads/meal.advisor/meal.advisor.ios/meal.advisor.ios/meal.advisor.ios/meal.advisor.ios/Models/UserPreferences.swift /Users/jans./Downloads/meal.advisor/meal.advisor.ios/meal.advisor.ios/meal.advisor.ios/meal.advisor.ios/Services/PurchaseService.swift /Users/jans./Downloads/meal.advisor/meal.advisor.ios/meal.advisor.ios/meal.advisor.ios/meal.advisor.ios/Views/Settings/SettingsView.swift /Users/jans./Downloads/meal.advisor/meal.advisor.ios/meal.advisor.ios/meal.advisor.ios/meal.advisor.ios/Utilities/Extensions/Color+Extensions.swift /Users/jans./Downloads/meal.advisor/meal.advisor.ios/meal.advisor.ios/meal.advisor.ios/meal.advisor.ios/Services/MealService.swift /Users/jans./Downloads/meal.advisor/meal.advisor.ios/meal.advisor.ios/meal.advisor.ios/meal.advisor.ios/Config/Secrets.swift (in target 'meal.advisor.ios' from project 'meal.advisor.ios')
SwiftCompile normal arm64 /Users/jans./Downloads/meal.advisor/meal.advisor.ios/meal.advisor.ios/meal.advisor.ios/meal.advisor.ios/Services/NotificationService.swift (in target 'meal.advisor.ios' from project 'meal.advisor.ios')
    cd /Users/jans./Downloads/meal.advisor/meal.advisor.ios/meal.advisor.ios/meal.advisor.ios
    

SwiftCompile normal arm64 /Users/jans./Downloads/meal.advisor/meal.advisor.ios/meal.advisor.ios/meal.advisor.ios/meal.advisor.ios/meal_advisor_iosApp.swift (in target 'meal.advisor.ios' from project 'meal.advisor.ios')
    cd /Users/jans./Downloads/meal.advisor/meal.advisor.ios/meal.advisor.ios/meal.advisor.ios
    

SwiftCompile normal arm64 /Users/jans./Downloads/meal.advisor/meal.advisor.ios/meal.advisor.ios/meal.advisor.ios/meal.advisor.ios/Views/Components/UsageCounterBadge.swift (in target 'meal.advisor.ios' from project 'meal.advisor.ios')
    cd /Users/jans./Downloads/meal.advisor/meal.advisor.ios/meal.advisor.ios/meal.advisor.ios
    

SwiftCompile normal arm64 /Users/jans./Downloads/meal.advisor/meal.advisor.ios/meal.advisor.ios/meal.advisor.ios/meal.advisor.ios/Models/UserPreferences.swift (in target 'meal.advisor.ios' from project 'meal.advisor.ios')
    cd /Users/jans./Downloads/meal.advisor/meal.advisor.ios/meal.advisor.ios/meal.advisor.ios
    

SwiftCompile normal arm64 /Users/jans./Downloads/meal.advisor/meal.advisor.ios/meal.advisor.ios/meal.advisor.ios/meal.advisor.ios/Services/PurchaseService.swift (in target 'meal.advisor.ios' from project 'meal.advisor.ios')
    cd /Users/jans./Downloads/meal.advisor/meal.advisor.ios/meal.advisor.ios/meal.advisor.ios
    

SwiftCompile normal arm64 /Users/jans./Downloads/meal.advisor/meal.advisor.ios/meal.advisor.ios/meal.advisor.ios/meal.advisor.ios/Views/Settings/SettingsView.swift (in target 'meal.advisor.ios' from project 'meal.advisor.ios')
    cd /Users/jans./Downloads/meal.advisor/meal.advisor.ios/meal.advisor.ios/meal.advisor.ios
    

SwiftCompile normal arm64 /Users/jans./Downloads/meal.advisor/meal.advisor.ios/meal.advisor.ios/meal.advisor.ios/meal.advisor.ios/Utilities/Extensions/Color+Extensions.swift (in target 'meal.advisor.ios' from project 'meal.advisor.ios')
    cd /Users/jans./Downloads/meal.advisor/meal.advisor.ios/meal.advisor.ios/meal.advisor.ios
    

SwiftCompile normal arm64 /Users/jans./Downloads/meal.advisor/meal.advisor.ios/meal.advisor.ios/meal.advisor.ios/meal.advisor.ios/Services/MealService.swift (in target 'meal.advisor.ios' from project 'meal.advisor.ios')
    cd /Users/jans./Downloads/meal.advisor/meal.advisor.ios/meal.advisor.ios/meal.advisor.ios
    

SwiftCompile normal arm64 /Users/jans./Downloads/meal.advisor/meal.advisor.ios/meal.advisor.ios/meal.advisor.ios/meal.advisor.ios/Config/Secrets.swift (in target 'meal.advisor.ios' from project 'meal.advisor.ios')
    cd /Users/jans./Downloads/meal.advisor/meal.advisor.ios/meal.advisor.ios/meal.advisor.ios
    

SwiftEmitModule normal arm64 Emitting\ module\ for\ MealAdvisor (in target 'meal.advisor.ios' from project 'meal.advisor.ios')

EmitSwiftModule normal arm64 (in target 'meal.advisor.ios' from project 'meal.advisor.ios')
    cd /Users/jans./Downloads/meal.advisor/meal.advisor.ios/meal.advisor.ios/meal.advisor.ios
    
/Users/jans./Downloads/meal.advisor/meal.advisor.ios/meal.advisor.ios/meal.advisor.ios/meal.advisor.ios/Services/MealService.swift:61:49: warning: main actor-isolated static property 'shared' can not be referenced from a nonisolated context; this is an error in the Swift 6 language mode
    private let offlineService = OfflineService.shared
                                                ^
/Users/jans./Downloads/meal.advisor/meal.advisor.ios/meal.advisor.ios/meal.advisor.ios/meal.advisor.ios/Services/OfflineService.swift:13:16: note: static property declared here
    static let shared = OfflineService()
               ^
/Users/jans./Downloads/meal.advisor/meal.advisor.ios/meal.advisor.ios/meal.advisor.ios/meal.advisor.ios/Services/MealService.swift:62:53: warning: main actor-isolated static property 'shared' can not be referenced from a nonisolated context; this is an error in the Swift 6 language mode
    private let analyticsService = AnalyticsService.shared
                                                    ^
/Users/jans./Downloads/meal.advisor/meal.advisor.ios/meal.advisor.ios/meal.advisor.ios/meal.advisor.ios/Services/AnalyticsService.swift:12:16: note: static property declared here
    static let shared = AnalyticsService()
               ^
/Users/jans./Downloads/meal.advisor/meal.advisor.ios/meal.advisor.ios/meal.advisor.ios/meal.advisor.ios/Services/MealService.swift:63:61: warning: main actor-isolated static property 'shared' can not be referenced from a nonisolated context; this is an error in the Swift 6 language mode
    private let usageTrackingService = UsageTrackingService.shared
                                                            ^
/Users/jans./Downloads/meal.advisor/meal.advisor.ios/meal.advisor.ios/meal.advisor.ios/meal.advisor.ios/Services/UsageTrackingService.swift:43:16: note: static property declared here
    static let shared = UsageTrackingService()
               ^

SwiftCompile normal arm64 Compiling\ AnalyticsService.swift,\ MealRatingView.swift,\ ServingSizeView.swift,\ Meal.swift,\ SupabaseClient.swift,\ InstructionsView.swift,\ SettingsRow.swift,\ ToastView.swift /Users/jans./Downloads/meal.advisor/meal.advisor.ios/meal.advisor.ios/meal.advisor.ios/meal.advisor.ios/Services/AnalyticsService.swift /Users/jans./Downloads/meal.advisor/meal.advisor.ios/meal.advisor.ios/meal.advisor.ios/meal.advisor.ios/Views/Components/MealRatingView.swift /Users/jans./Downloads/meal.advisor/meal.advisor.ios/meal.advisor.ios/meal.advisor.ios/meal.advisor.ios/Views/Settings/ServingSizeView.swift /Users/jans./Downloads/meal.advisor/meal.advisor.ios/meal.advisor.ios/meal.advisor.ios/meal.advisor.ios/Models/Meal.swift /Users/jans./Downloads/meal.advisor/meal.advisor.ios/meal.advisor.ios/meal.advisor.ios/meal.advisor.ios/Services/SupabaseClient.swift /Users/jans./Downloads/meal.advisor/meal.advisor.ios/meal.advisor.ios/meal.advisor.ios/meal.advisor.ios/Views/Components/Recipe/InstructionsView.swift /Users/jans./Downloads/meal.advisor/meal.advisor.ios/meal.advisor.ios/meal.advisor.ios/meal.advisor.ios/Views/Settings/SettingsRow.swift /Users/jans./Downloads/meal.advisor/meal.advisor.ios/meal.advisor.ios/meal.advisor.ios/meal.advisor.ios/Views/Components/ToastView.swift (in target 'meal.advisor.ios' from project 'meal.advisor.ios')

SwiftCompile normal arm64 /Users/jans./Downloads/meal.advisor/meal.advisor.ios/meal.advisor.ios/meal.advisor.ios/meal.advisor.ios/Services/AnalyticsService.swift (in target 'meal.advisor.ios' from project 'meal.advisor.ios')
    cd /Users/jans./Downloads/meal.advisor/meal.advisor.ios/meal.advisor.ios/meal.advisor.ios
    

SwiftCompile normal arm64 /Users/jans./Downloads/meal.advisor/meal.advisor.ios/meal.advisor.ios/meal.advisor.ios/meal.advisor.ios/Views/Components/MealRatingView.swift (in target 'meal.advisor.ios' from project 'meal.advisor.ios')
    cd /Users/jans./Downloads/meal.advisor/meal.advisor.ios/meal.advisor.ios/meal.advisor.ios
    

SwiftCompile normal arm64 /Users/jans./Downloads/meal.advisor/meal.advisor.ios/meal.advisor.ios/meal.advisor.ios/meal.advisor.ios/Views/Settings/ServingSizeView.swift (in target 'meal.advisor.ios' from project 'meal.advisor.ios')
    cd /Users/jans./Downloads/meal.advisor/meal.advisor.ios/meal.advisor.ios/meal.advisor.ios
    
/Users/jans./Downloads/meal.advisor/meal.advisor.ios/meal.advisor.ios/meal.advisor.ios/meal.advisor.ios/Views/Settings/ServingSizeView.swift:97:10: warning: 'onChange(of:perform:)' was deprecated in iOS 17.0: Use `onChange` with a two or zero parameter action closure instead.
        .onChange(of: servingSize) { newValue in
         ^

SwiftCompile normal arm64 /Users/jans./Downloads/meal.advisor/meal.advisor.ios/meal.advisor.ios/meal.advisor.ios/meal.advisor.ios/Models/Meal.swift (in target 'meal.advisor.ios' from project 'meal.advisor.ios')
    cd /Users/jans./Downloads/meal.advisor/meal.advisor.ios/meal.advisor.ios/meal.advisor.ios
    

SwiftCompile normal arm64 /Users/jans./Downloads/meal.advisor/meal.advisor.ios/meal.advisor.ios/meal.advisor.ios/meal.advisor.ios/Services/SupabaseClient.swift (in target 'meal.advisor.ios' from project 'meal.advisor.ios')
    cd /Users/jans./Downloads/meal.advisor/meal.advisor.ios/meal.advisor.ios/meal.advisor.ios
    

SwiftCompile normal arm64 /Users/jans./Downloads/meal.advisor/meal.advisor.ios/meal.advisor.ios/meal.advisor.ios/meal.advisor.ios/Views/Components/Recipe/InstructionsView.swift (in target 'meal.advisor.ios' from project 'meal.advisor.ios')
    cd /Users/jans./Downloads/meal.advisor/meal.advisor.ios/meal.advisor.ios/meal.advisor.ios
    

SwiftCompile normal arm64 /Users/jans./Downloads/meal.advisor/meal.advisor.ios/meal.advisor.ios/meal.advisor.ios/meal.advisor.ios/Views/Settings/SettingsRow.swift (in target 'meal.advisor.ios' from project 'meal.advisor.ios')
    cd /Users/jans./Downloads/meal.advisor/meal.advisor.ios/meal.advisor.ios/meal.advisor.ios
    

SwiftCompile normal arm64 /Users/jans./Downloads/meal.advisor/meal.advisor.ios/meal.advisor.ios/meal.advisor.ios/meal.advisor.ios/Views/Components/ToastView.swift (in target 'meal.advisor.ios' from project 'meal.advisor.ios')
    cd /Users/jans./Downloads/meal.advisor/meal.advisor.ios/meal.advisor.ios/meal.advisor.ios
    

SwiftDriverJobDiscovery normal arm64 Compiling Types.swift (in target 'Supabase' from project 'Supabase')

SwiftCompile normal arm64 Compiling\ UnsplashService.swift,\ FavoritesFilterSheet.swift,\ FavoritesView.swift,\ PremiumUnlockAnimation.swift,\ CookingTimeView.swift,\ DietaryRestrictionsView.swift,\ DeliveryAppSheet.swift,\ Font+Extensions.swift,\ ContentView.swift /Users/jans./Downloads/meal.advisor/meal.advisor.ios/meal.advisor.ios/meal.advisor.ios/meal.advisor.ios/Services/UnsplashService.swift /Users/jans./Downloads/meal.advisor/meal.advisor.ios/meal.advisor.ios/meal.advisor.ios/meal.advisor.ios/Views/Favorites/FavoritesFilterSheet.swift /Users/jans./Downloads/meal.advisor/meal.advisor.ios/meal.advisor.ios/meal.advisor.ios/meal.advisor.ios/Views/Favorites/FavoritesView.swift /Users/jans./Downloads/meal.advisor/meal.advisor.ios/meal.advisor.ios/meal.advisor.ios/meal.advisor.ios/Views/Components/PremiumUnlockAnimation.swift /Users/jans./Downloads/meal.advisor/meal.advisor.ios/meal.advisor.ios/meal.advisor.ios/meal.advisor.ios/Views/Settings/CookingTimeView.swift /Users/jans./Downloads/meal.advisor/meal.advisor.ios/meal.advisor.ios/meal.advisor.ios/meal.advisor.ios/Views/Settings/DietaryRestrictionsView.swift /Users/jans./Downloads/meal.advisor/meal.advisor.ios/meal.advisor.ios/meal.advisor.ios/meal.advisor.ios/Views/Components/DeliveryAppSheet.swift /Users/jans./Downloads/meal.advisor/meal.advisor.ios/meal.advisor.ios/meal.advisor.ios/meal.advisor.ios/Utilities/Extensions/Font+Extensions.swift /Users/jans./Downloads/meal.advisor/meal.advisor.ios/meal.advisor.ios/meal.advisor.ios/meal.advisor.ios/ContentView.swift (in target 'meal.advisor.ios' from project 'meal.advisor.ios')

SwiftCompile normal arm64 /Users/jans./Downloads/meal.advisor/meal.advisor.ios/meal.advisor.ios/meal.advisor.ios/meal.advisor.ios/Services/UnsplashService.swift (in target 'meal.advisor.ios' from project 'meal.advisor.ios')
    cd /Users/jans./Downloads/meal.advisor/meal.advisor.ios/meal.advisor.ios/meal.advisor.ios
    

SwiftCompile normal arm64 /Users/jans./Downloads/meal.advisor/meal.advisor.ios/meal.advisor.ios/meal.advisor.ios/meal.advisor.ios/Views/Favorites/FavoritesFilterSheet.swift (in target 'meal.advisor.ios' from project 'meal.advisor.ios')
    cd /Users/jans./Downloads/meal.advisor/meal.advisor.ios/meal.advisor.ios/meal.advisor.ios
    

SwiftCompile normal arm64 /Users/jans./Downloads/meal.advisor/meal.advisor.ios/meal.advisor.ios/meal.advisor.ios/meal.advisor.ios/Views/Favorites/FavoritesView.swift (in target 'meal.advisor.ios' from project 'meal.advisor.ios')
    cd /Users/jans./Downloads/meal.advisor/meal.advisor.ios/meal.advisor.ios/meal.advisor.ios
    

SwiftCompile normal arm64 /Users/jans./Downloads/meal.advisor/meal.advisor.ios/meal.advisor.ios/meal.advisor.ios/meal.advisor.ios/Views/Components/PremiumUnlockAnimation.swift (in target 'meal.advisor.ios' from project 'meal.advisor.ios')
    cd /Users/jans./Downloads/meal.advisor/meal.advisor.ios/meal.advisor.ios/meal.advisor.ios
    

SwiftCompile normal arm64 /Users/jans./Downloads/meal.advisor/meal.advisor.ios/meal.advisor.ios/meal.advisor.ios/meal.advisor.ios/Views/Settings/CookingTimeView.swift (in target 'meal.advisor.ios' from project 'meal.advisor.ios')
    cd /Users/jans./Downloads/meal.advisor/meal.advisor.ios/meal.advisor.ios/meal.advisor.ios
    
/Users/jans./Downloads/meal.advisor/meal.advisor.ios/meal.advisor.ios/meal.advisor.ios/meal.advisor.ios/Views/Settings/CookingTimeView.swift:27:10: warning: 'onChange(of:perform:)' was deprecated in iOS 17.0: Use `onChange` with a two or zero parameter action closure instead.
        .onChange(of: value) { newValue in
         ^

SwiftCompile normal arm64 /Users/jans./Downloads/meal.advisor/meal.advisor.ios/meal.advisor.ios/meal.advisor.ios/meal.advisor.ios/Views/Settings/DietaryRestrictionsView.swift (in target 'meal.advisor.ios' from project 'meal.advisor.ios')
    cd /Users/jans./Downloads/meal.advisor/meal.advisor.ios/meal.advisor.ios/meal.advisor.ios
    

SwiftCompile normal arm64 /Users/jans./Downloads/meal.advisor/meal.advisor.ios/meal.advisor.ios/meal.advisor.ios/meal.advisor.ios/Views/Components/DeliveryAppSheet.swift (in target 'meal.advisor.ios' from project 'meal.advisor.ios')
    cd /Users/jans./Downloads/meal.advisor/meal.advisor.ios/meal.advisor.ios/meal.advisor.ios
    

SwiftCompile normal arm64 /Users/jans./Downloads/meal.advisor/meal.advisor.ios/meal.advisor.ios/meal.advisor.ios/meal.advisor.ios/Utilities/Extensions/Font+Extensions.swift (in target 'meal.advisor.ios' from project 'meal.advisor.ios')
    cd /Users/jans./Downloads/meal.advisor/meal.advisor.ios/meal.advisor.ios/meal.advisor.ios
    

SwiftCompile normal arm64 /Users/jans./Downloads/meal.advisor/meal.advisor.ios/meal.advisor.ios/meal.advisor.ios/meal.advisor.ios/ContentView.swift (in target 'meal.advisor.ios' from project 'meal.advisor.ios')
    cd /Users/jans./Downloads/meal.advisor/meal.advisor.ios/meal.advisor.ios/meal.advisor.ios
    

SwiftCompile normal arm64 Compiling\ AppleSignInButton.swift,\ FavoritesSyncService.swift,\ TimeGreeting.swift,\ CustomButton.swift,\ PaywallView.swift,\ RecipeDetailView.swift,\ UserPreferencesService.swift,\ LoadingShimmer.swift /Users/jans./Downloads/meal.advisor/meal.advisor.ios/meal.advisor.ios/meal.advisor.ios/meal.advisor.ios/Views/Components/AppleSignInButton.swift /Users/jans./Downloads/meal.advisor/meal.advisor.ios/meal.advisor.ios/meal.advisor.ios/meal.advisor.ios/Services/FavoritesSyncService.swift /Users/jans./Downloads/meal.advisor/meal.advisor.ios/meal.advisor.ios/meal.advisor.ios/meal.advisor.ios/Views/Home/Components/TimeGreeting.swift /Users/jans./Downloads/meal.advisor/meal.advisor.ios/meal.advisor.ios/meal.advisor.ios/meal.advisor.ios/Views/Components/CustomButton.swift /Users/jans./Downloads/meal.advisor/meal.advisor.ios/meal.advisor.ios/meal.advisor.ios/meal.advisor.ios/Views/Premium/PaywallView.swift /Users/jans./Downloads/meal.advisor/meal.advisor.ios/meal.advisor.ios/meal.advisor.ios/meal.advisor.ios/Views/Recipe/RecipeDetailView.swift /Users/jans./Downloads/meal.advisor/meal.advisor.ios/meal.advisor.ios/meal.advisor.ios/meal.advisor.ios/Services/UserPreferencesService.swift /Users/jans./Downloads/meal.advisor/meal.advisor.ios/meal.advisor.ios/meal.advisor.ios/meal.advisor.ios/Views/Components/LoadingShimmer.swift (in target 'meal.advisor.ios' from project 'meal.advisor.ios')
SwiftCompile normal arm64 /Users/jans./Downloads/meal.advisor/meal.advisor.ios/meal.advisor.ios/meal.advisor.ios/meal.advisor.ios/Views/Components/AppleSignInButton.swift (in target 'meal.advisor.ios' from project 'meal.advisor.ios')
    cd /Users/jans./Downloads/meal.advisor/meal.advisor.ios/meal.advisor.ios/meal.advisor.ios
    

SwiftCompile normal arm64 /Users/jans./Downloads/meal.advisor/meal.advisor.ios/meal.advisor.ios/meal.advisor.ios/meal.advisor.ios/Services/FavoritesSyncService.swift (in target 'meal.advisor.ios' from project 'meal.advisor.ios')
    cd /Users/jans./Downloads/meal.advisor/meal.advisor.ios/meal.advisor.ios/meal.advisor.ios
    

SwiftCompile normal arm64 /Users/jans./Downloads/meal.advisor/meal.advisor.ios/meal.advisor.ios/meal.advisor.ios/meal.advisor.ios/Views/Home/Components/TimeGreeting.swift (in target 'meal.advisor.ios' from project 'meal.advisor.ios')
    cd /Users/jans./Downloads/meal.advisor/meal.advisor.ios/meal.advisor.ios/meal.advisor.ios
    

SwiftCompile normal arm64 /Users/jans./Downloads/meal.advisor/meal.advisor.ios/meal.advisor.ios/meal.advisor.ios/meal.advisor.ios/Views/Components/CustomButton.swift (in target 'meal.advisor.ios' from project 'meal.advisor.ios')
    cd /Users/jans./Downloads/meal.advisor/meal.advisor.ios/meal.advisor.ios/meal.advisor.ios
    

SwiftCompile normal arm64 /Users/jans./Downloads/meal.advisor/meal.advisor.ios/meal.advisor.ios/meal.advisor.ios/meal.advisor.ios/Views/Premium/PaywallView.swift (in target 'meal.advisor.ios' from project 'meal.advisor.ios')
    cd /Users/jans./Downloads/meal.advisor/meal.advisor.ios/meal.advisor.ios/meal.advisor.ios
    

SwiftCompile normal arm64 /Users/jans./Downloads/meal.advisor/meal.advisor.ios/meal.advisor.ios/meal.advisor.ios/meal.advisor.ios/Views/Recipe/RecipeDetailView.swift (in target 'meal.advisor.ios' from project 'meal.advisor.ios')
    cd /Users/jans./Downloads/meal.advisor/meal.advisor.ios/meal.advisor.ios/meal.advisor.ios
    

SwiftCompile normal arm64 /Users/jans./Downloads/meal.advisor/meal.advisor.ios/meal.advisor.ios/meal.advisor.ios/meal.advisor.ios/Services/UserPreferencesService.swift (in target 'meal.advisor.ios' from project 'meal.advisor.ios')
    cd /Users/jans./Downloads/meal.advisor/meal.advisor.ios/meal.advisor.ios/meal.advisor.ios
    

SwiftCompile normal arm64 /Users/jans./Downloads/meal.advisor/meal.advisor.ios/meal.advisor.ios/meal.advisor.ios/meal.advisor.ios/Views/Components/LoadingShimmer.swift (in target 'meal.advisor.ios' from project 'meal.advisor.ios')
    cd /Users/jans./Downloads/meal.advisor/meal.advisor.ios/meal.advisor.ios/meal.advisor.ios
    

SwiftDriverJobDiscovery normal arm64 Compiling SupabaseClient.swift (in target 'Supabase' from project 'Supabase')

SwiftCompile normal arm64 Compiling\ PricingCard.swift,\ FavoritesService.swift,\ CuisinePreferencesView.swift,\ SettingsViewModel.swift,\ HomeViewModel.swift,\ PreferencesSyncService.swift,\ NutritionBadges.swift,\ EmptyStateView.swift,\ PremiumBadge.swift /Users/jans./Downloads/meal.advisor/meal.advisor.ios/meal.advisor.ios/meal.advisor.ios/meal.advisor.ios/Views/Premium/Components/PricingCard.swift /Users/jans./Downloads/meal.advisor/meal.advisor.ios/meal.advisor.ios/meal.advisor.ios/meal.advisor.ios/Services/FavoritesService.swift /Users/jans./Downloads/meal.advisor/meal.advisor.ios/meal.advisor.ios/meal.advisor.ios/meal.advisor.ios/Views/Settings/CuisinePreferencesView.swift /Users/jans./Downloads/meal.advisor/meal.advisor.ios/meal.advisor.ios/meal.advisor.ios/meal.advisor.ios/Views/Settings/SettingsViewModel.swift /Users/jans./Downloads/meal.advisor/meal.advisor.ios/meal.advisor.ios/meal.advisor.ios/meal.advisor.ios/Views/Home/HomeViewModel.swift /Users/jans./Downloads/meal.advisor/meal.advisor.ios/meal.advisor.ios/meal.advisor.ios/meal.advisor.ios/Services/PreferencesSyncService.swift /Users/jans./Downloads/meal.advisor/meal.advisor.ios/meal.advisor.ios/meal.advisor.ios/meal.advisor.ios/Views/Components/Recipe/NutritionBadges.swift /Users/jans./Downloads/meal.advisor/meal.advisor.ios/meal.advisor.ios/meal.advisor.ios/meal.advisor.ios/Views/Components/EmptyStateView.swift /Users/jans./Downloads/meal.advisor/meal.advisor.ios/meal.advisor.ios/meal.advisor.ios/meal.advisor.ios/Views/Components/PremiumBadge.swift (in target 'meal.advisor.ios' from project 'meal.advisor.ios')

SwiftCompile normal arm64 /Users/jans./Downloads/meal.advisor/meal.advisor.ios/meal.advisor.ios/meal.advisor.ios/meal.advisor.ios/Views/Premium/Components/PricingCard.swift (in target 'meal.advisor.ios' from project 'meal.advisor.ios')
    cd /Users/jans./Downloads/meal.advisor/meal.advisor.ios/meal.advisor.ios/meal.advisor.ios
    

SwiftCompile normal arm64 /Users/jans./Downloads/meal.advisor/meal.advisor.ios/meal.advisor.ios/meal.advisor.ios/meal.advisor.ios/Services/FavoritesService.swift (in target 'meal.advisor.ios' from project 'meal.advisor.ios')
    cd /Users/jans./Downloads/meal.advisor/meal.advisor.ios/meal.advisor.ios/meal.advisor.ios
    

SwiftCompile normal arm64 /Users/jans./Downloads/meal.advisor/meal.advisor.ios/meal.advisor.ios/meal.advisor.ios/meal.advisor.ios/Views/Settings/CuisinePreferencesView.swift (in target 'meal.advisor.ios' from project 'meal.advisor.ios')
    cd /Users/jans./Downloads/meal.advisor/meal.advisor.ios/meal.advisor.ios/meal.advisor.ios
    

SwiftCompile normal arm64 /Users/jans./Downloads/meal.advisor/meal.advisor.ios/meal.advisor.ios/meal.advisor.ios/meal.advisor.ios/Views/Settings/SettingsViewModel.swift (in target 'meal.advisor.ios' from project 'meal.advisor.ios')
    cd /Users/jans./Downloads/meal.advisor/meal.advisor.ios/meal.advisor.ios/meal.advisor.ios
    

SwiftCompile normal arm64 /Users/jans./Downloads/meal.advisor/meal.advisor.ios/meal.advisor.ios/meal.advisor.ios/meal.advisor.ios/Views/Home/HomeViewModel.swift (in target 'meal.advisor.ios' from project 'meal.advisor.ios')
    cd /Users/jans./Downloads/meal.advisor/meal.advisor.ios/meal.advisor.ios/meal.advisor.ios
    

SwiftCompile normal arm64 /Users/jans./Downloads/meal.advisor/meal.advisor.ios/meal.advisor.ios/meal.advisor.ios/meal.advisor.ios/Services/PreferencesSyncService.swift (in target 'meal.advisor.ios' from project 'meal.advisor.ios')
    cd /Users/jans./Downloads/meal.advisor/meal.advisor.ios/meal.advisor.ios/meal.advisor.ios
    

SwiftCompile normal arm64 /Users/jans./Downloads/meal.advisor/meal.advisor.ios/meal.advisor.ios/meal.advisor.ios/meal.advisor.ios/Views/Components/Recipe/NutritionBadges.swift (in target 'meal.advisor.ios' from project 'meal.advisor.ios')
    cd /Users/jans./Downloads/meal.advisor/meal.advisor.ios/meal.advisor.ios/meal.advisor.ios
    

SwiftCompile normal arm64 /Users/jans./Downloads/meal.advisor/meal.advisor.ios/meal.advisor.ios/meal.advisor.ios/meal.advisor.ios/Views/Components/EmptyStateView.swift (in target 'meal.advisor.ios' from project 'meal.advisor.ios')
    cd /Users/jans./Downloads/meal.advisor/meal.advisor.ios/meal.advisor.ios/meal.advisor.ios
    

SwiftCompile normal arm64 /Users/jans./Downloads/meal.advisor/meal.advisor.ios/meal.advisor.ios/meal.advisor.ios/meal.advisor.ios/Views/Components/PremiumBadge.swift (in target 'meal.advisor.ios' from project 'meal.advisor.ios')
    cd /Users/jans./Downloads/meal.advisor/meal.advisor.ios/meal.advisor.ios/meal.advisor.ios
    

SwiftDriverJobDiscovery normal arm64 Compiling AuthAdmin.swift, AuthClient.swift, AuthClientConfiguration.swift, AuthError.swift (in target 'Auth' from project 'Supabase')

SwiftCompile normal arm64 Compiling\ RecipeViewModel.swift,\ EmailSignInView.swift,\ AuthService.swift,\ RemoteImage.swift,\ OfflineIndicator.swift,\ SignInPromptView.swift,\ NetworkService.swift,\ AppState.swift,\ PremiumUpgradeAlert.swift /Users/jans./Downloads/meal.advisor/meal.advisor.ios/meal.advisor.ios/meal.advisor.ios/meal.advisor.ios/Views/Components/Recipe/RecipeViewModel.swift /Users/jans./Downloads/meal.advisor/meal.advisor.ios/meal.advisor.ios/meal.advisor.ios/meal.advisor.ios/Views/Components/EmailSignInView.swift /Users/jans./Downloads/meal.advisor/meal.advisor.ios/meal.advisor.ios/meal.advisor.ios/meal.advisor.ios/Services/AuthService.swift /Users/jans./Downloads/meal.advisor/meal.advisor.ios/meal.advisor.ios/meal.advisor.ios/meal.advisor.ios/Views/Components/RemoteImage.swift /Users/jans./Downloads/meal.advisor/meal.advisor.ios/meal.advisor.ios/meal.advisor.ios/meal.advisor.ios/Views/Components/OfflineIndicator.swift /Users/jans./Downloads/meal.advisor/meal.advisor.ios/meal.advisor.ios/meal.advisor.ios/meal.advisor.ios/Views/Components/SignInPromptView.swift /Users/jans./Downloads/meal.advisor/meal.advisor.ios/meal.advisor.ios/meal.advisor.ios/meal.advisor.ios/Services/NetworkService.swift /Users/jans./Downloads/meal.advisor/meal.advisor.ios/meal.advisor.ios/meal.advisor.ios/meal.advisor.ios/Models/AppState.swift /Users/jans./Downloads/meal.advisor/meal.advisor.ios/meal.advisor.ios/meal.advisor.ios/meal.advisor.ios/Views/Components/PremiumUpgradeAlert.swift (in target 'meal.advisor.ios' from project 'meal.advisor.ios')
Failed frontend command:
/Applications/Xcode.app/Contents/Developer/Toolchains/XcodeDefault.xctoolchain/usr/bin/swift-frontend -frontend -c /Users/jans./Downloads/meal.advisor/meal.advisor.ios/meal.advisor.ios/meal.advisor.ios/meal.advisor.ios/Services/NotificationService.swift /Users/jans./Downloads/meal.advisor/meal.advisor.ios/meal.advisor.ios/meal.advisor.ios/meal.advisor.ios/meal_advisor_iosApp.swift /Users/jans./Downloads/meal.advisor/meal.advisor.ios/meal.advisor.ios/meal.advisor.ios/meal.advisor.ios/Views/Components/UsageCounterBadge.swift /Users/jans./Downloads/meal.advisor/meal.advisor.ios/meal.advisor.ios/meal.advisor.ios/meal.advisor.ios/Models/UserPreferences.swift /Users/jans./Downloads/meal.advisor/meal.advisor.ios/meal.advisor.ios/meal.advisor.ios/meal.advisor.ios/Services/PurchaseService.swift /Users/jans./Downloads/meal.advisor/meal.advisor.ios/meal.advisor.ios/meal.advisor.ios/meal.advisor.ios/Views/Settings/SettingsView.swift /Users/jans./Downloads/meal.advisor/meal.advisor.ios/meal.advisor.ios/meal.advisor.ios/meal.advisor.ios/Utilities/Extensions/Color+Extensions.swift /Users/jans./Downloads/meal.advisor/meal.advisor.ios/meal.advisor.ios/meal.advisor.ios/meal.advisor.ios/Services/MealService.swift /Users/jans./Downloads/meal.advisor/meal.advisor.ios/meal.advisor.ios/meal.advisor.ios/meal.advisor.ios/Config/Secrets.swift /Users/jans./Downloads/meal.advisor/meal.advisor.ios/meal.advisor.ios/meal.advisor.ios/meal.advisor.ios/Services/UnsplashService.swift /Users/jans./Downloads/meal.advisor/meal.advisor.ios/meal.advisor.ios/meal.advisor.ios/meal.advisor.ios/Views/Favorites/FavoritesFilterSheet.swift /Users/jans./Downloads/meal.advisor/meal.advisor.ios/meal.advisor.ios/meal.advisor.ios/meal.advisor.ios/Views/Favorites/FavoritesView.swift /Users/jans./Downloads/meal.advisor/meal.advisor.ios/meal.advisor.ios/meal.advisor.ios/meal.advisor.ios/Views/Components/PremiumUnlockAnimation.swift /Users/jans./Downloads/meal.advisor/meal.advisor.ios/meal.advisor.ios/meal.advisor.ios/meal.advisor.ios/Views/Settings/CookingTimeView.swift /Users/jans./Downloads/meal.advisor/meal.advisor.ios/meal.advisor.ios/meal.advisor.ios/meal.advisor.ios/Views/Settings/DietaryRestrictionsView.swift /Users/jans./Downloads/meal.advisor/meal.advisor.ios/meal.advisor.ios/meal.advisor.ios/meal.advisor.ios/Views/Components/DeliveryAppSheet.swift /Users/jans./Downloads/meal.advisor/meal.advisor.ios/meal.advisor.ios/meal.advisor.ios/meal.advisor.ios/Utilities/Extensions/Font+Extensions.swift /Users/jans./Downloads/meal.advisor/meal.advisor.ios/meal.advisor.ios/meal.advisor.ios/meal.advisor.ios/ContentView.swift /Users/jans./Downloads/meal.advisor/meal.advisor.ios/meal.advisor.ios/meal.advisor.ios/meal.advisor.ios/Views/Premium/Components/PricingCard.swift /Users/jans./Downloads/meal.advisor/meal.advisor.ios/meal.advisor.ios/meal.advisor.ios/meal.advisor.ios/Services/FavoritesService.swift /Users/jans./Downloads/meal.advisor/meal.advisor.ios/meal.advisor.ios/meal.advisor.ios/meal.advisor.ios/Views/Settings/CuisinePreferencesView.swift /Users/jans./Downloads/meal.advisor/meal.advisor.ios/meal.advisor.ios/meal.advisor.ios/meal.advisor.ios/Views/Settings/SettingsViewModel.swift /Users/jans./Downloads/meal.advisor/meal.advisor.ios/meal.advisor.ios/meal.advisor.ios/meal.advisor.ios/Views/Home/HomeViewModel.swift /Users/jans./Downloads/meal.advisor/meal.advisor.ios/meal.advisor.ios/meal.advisor.ios/meal.advisor.ios/Services/PreferencesSyncService.swift /Users/jans./Downloads/meal.advisor/meal.advisor.ios/meal.advisor.ios/meal.advisor.ios/meal.advisor.ios/Views/Components/Recipe/NutritionBadges.swift /Users/jans./Downloads/meal.advisor/meal.advisor.ios/meal.advisor.ios/meal.advisor.ios/meal.advisor.ios/Views/Components/EmptyStateView.swift /Users/jans./Downloads/meal.advisor/meal.advisor.ios/meal.advisor.ios/meal.advisor.ios/meal.advisor.ios/Views/Components/PremiumBadge.swift -primary-file /Users/jans./Downloads/meal.advisor/meal.advisor.ios/meal.advisor.ios/meal.advisor.ios/meal.advisor.ios/Views/Components/Recipe/RecipeViewModel.swift -primary-file /Users/jans./Downloads/meal.advisor/meal.advisor.ios/meal.advisor.ios/meal.advisor.ios/meal.advisor.ios/Views/Components/EmailSignInView.swift -primary-file /Users/jans./Downloads/meal.advisor/meal.advisor.ios/meal.advisor.ios/meal.advisor.ios/meal.advisor.ios/Services/AuthService.swift -primary-file /Users/jans./Downloads/meal.advisor/meal.advisor.ios/meal.advisor.ios/meal.advisor.ios/meal.advisor.ios/Views/Components/RemoteImage.swift -primary-file /Users/jans./Downloads/meal.advisor/meal.advisor.ios/meal.advisor.ios/meal.advisor.ios/meal.advisor.ios/Views/Components/OfflineIndicator.swift -primary-file /Users/jans./Downloads/meal.advisor/meal.advisor.ios/meal.advisor.ios/meal.advisor.ios/meal.advisor.ios/Views/Components/SignInPromptView.swift -primary-file /Users/jans./Downloads/meal.advisor/meal.advisor.ios/meal.advisor.ios/meal.advisor.ios/meal.advisor.ios/Services/NetworkService.swift -primary-file /Users/jans./Downloads/meal.advisor/meal.advisor.ios/meal.advisor.ios/meal.advisor.ios/meal.advisor.ios/Models/AppState.swift -primary-file /Users/jans./Downloads/meal.advisor/meal.advisor.ios/meal.advisor.ios/meal.advisor.ios/meal.advisor.ios/Views/Components/PremiumUpgradeAlert.swift /Users/jans./Downloads/meal.advisor/meal.advisor.ios/meal.advisor.ios/meal.advisor.ios/meal.advisor.ios/Models/DeliveryApp.swift /Users/jans./Downloads/meal.advisor/meal.advisor.ios/meal.advisor.ios/meal.advisor.ios/meal.advisor.ios/Views/Components/Recipe/IngredientsList.swift /Users/jans./Downloads/meal.advisor/meal.advisor.ios/meal.advisor.ios/meal.advisor.ios/meal.advisor.ios/Views/Premium/Components/FeaturesList.swift /Users/jans./Downloads/meal.advisor/meal.advisor.ios/meal.advisor.ios/meal.advisor.ios/meal.advisor.ios/Views/Home/Components/SuggestionActionsRow.swift /Users/jans./Downloads/meal.advisor/meal.advisor.ios/meal.advisor.ios/meal.advisor.ios/meal.advisor.ios/Views/Home/Components/SuggestionCard.swift /Users/jans./Downloads/meal.advisor/meal.advisor.ios/meal.advisor.ios/meal.advisor.ios/meal.advisor.ios/Views/Components/FavoriteMealCard.swift /Users/jans./Downloads/meal.advisor/meal.advisor.ios/meal.advisor.ios/meal.advisor.ios/meal.advisor.ios/Views/Components/EmailSignUpView.swift /Users/jans./Downloads/meal.advisor/meal.advisor.ios/meal.advisor.ios/meal.advisor.ios/meal.advisor.ios/Services/OfflineService.swift /Users/jans./Downloads/meal.advisor/meal.advisor.ios/meal.advisor.ios/meal.advisor.ios/meal.advisor.ios/Views/Components/AppleSignInButton.swift /Users/jans./Downloads/meal.advisor/meal.advisor.ios/meal.advisor.ios/meal.advisor.ios/meal.advisor.ios/Services/FavoritesSyncService.swift /Users/jans./Downloads/meal.advisor/meal.advisor.ios/meal.advisor.ios/meal.advisor.ios/meal.advisor.ios/Views/Home/Components/TimeGreeting.swift /Users/jans./Downloads/meal.advisor/meal.advisor.ios/meal.advisor.ios/meal.advisor.ios/meal.advisor.ios/Views/Components/CustomButton.swift /Users/jans./Downloads/meal.advisor/meal.advisor.ios/meal.advisor.ios/meal.advisor.ios/meal.advisor.ios/Views/Premium/PaywallView.swift /Users/jans./Downloads/meal.advisor/meal.advisor.ios/meal.advisor.ios/meal.advisor.ios/meal.advisor.ios/Views/Recipe/RecipeDetailView.swift /Users/jans./Downloads/meal.advisor/meal.advisor.ios/meal.advisor.ios/meal.advisor.ios/meal.advisor.ios/Services/UserPreferencesService.swift /Users/jans./Downloads/meal.advisor/meal.advisor.ios/meal.advisor.ios/meal.advisor.ios/meal.advisor.ios/Views/Components/LoadingShimmer.swift /Users/jans./Downloads/meal.advisor/meal.advisor.ios/meal.advisor.ios/meal.advisor.ios/meal.advisor.ios/Services/AnalyticsService.swift /Users/jans./Downloads/meal.advisor/meal.advisor.ios/meal.advisor.ios/meal.advisor.ios/meal.advisor.ios/Views/Components/MealRatingView.swift /Users/jans./Downloads/meal.advisor/meal.advisor.ios/meal.advisor.ios/meal.advisor.ios/meal.advisor.ios/Views/Settings/ServingSizeView.swift /Users/jans./Downloads/meal.advisor/meal.advisor.ios/meal.advisor.ios/meal.advisor.ios/meal.advisor.ios/Models/Meal.swift /Users/jans./Downloads/meal.advisor/meal.advisor.ios/meal.advisor.ios/meal.advisor.ios/meal.advisor.ios/Services/SupabaseClient.swift /Users/jans./Downloads/meal.advisor/meal.advisor.ios/meal.advisor.ios/meal.advisor.ios/meal.advisor.ios/Views/Components/Recipe/InstructionsView.swift /Users/jans./Downloads/meal.advisor/meal.advisor.ios/meal.advisor.ios/meal.advisor.ios/meal.advisor.ios/Views/Settings/SettingsRow.swift /Users/jans./Downloads/meal.advisor/meal.advisor.ios/meal.advisor.ios/meal.advisor.ios/meal.advisor.ios/Views/Components/ToastView.swift /Users/jans./Downloads/meal.advisor/meal.advisor.ios/meal.advisor.ios/meal.advisor.ios/meal.advisor.ios/Services/UsageTrackingService.swift /Users/jans./Downloads/meal.advisor/meal.advisor.ios/meal.advisor.ios/meal.advisor.ios/meal.advisor.ios/Views/Components/PasswordResetView.swift /Users/jans./Downloads/meal.advisor/meal.advisor.ios/meal.advisor.ios/meal.advisor.ios/meal.advisor.ios/Services/ImageService.swift /Users/jans./Downloads/meal.advisor/meal.advisor.ios/meal.advisor.ios/meal.advisor.ios/meal.advisor.ios/Views/Components/UnsplashAttributionOverlay.swift /Users/jans./Downloads/meal.advisor/meal.advisor.ios/meal.advisor.ios/meal.advisor.ios/meal.advisor.ios/Views/Premium/PaywallViewModel.swift /Users/jans./Downloads/meal.advisor/meal.advisor.ios/meal.advisor.ios/meal.advisor.ios/meal.advisor.ios/Views/Home/HomeView.swift /Users/jans./Downloads/meal.advisor/meal.advisor.ios/meal.advisor.ios/meal.advisor.ios/meal.advisor.ios/Views/Settings/PreferenceToggle.swift /Users/jans./Library/Developer/Xcode/DerivedData/meal.advisor.ios-csaldjncgoleykghtkpncaypzmvo/Build/Intermediates.noindex/meal.advisor.ios.build/Debug-iphonesimulator/meal.advisor.ios.build/DerivedSources/GeneratedAssetSymbols.swift -supplementary-output-file-map /Users/jans./Library/Developer/Xcode/DerivedData/meal.advisor.ios-csaldjncgoleykghtkpncaypzmvo/Build/Intermediates.noindex/meal.advisor.ios.build/Debug-iphonesimulator/meal.advisor.ios.build/Objects-normal/arm64/supplementaryOutputs-90 -emit-localized-strings -emit-localized-strings-path /Users/jans./Library/Developer/Xcode/DerivedData/meal.advisor.ios-csaldjncgoleykghtkpncaypzmvo/Build/Intermediates.noindex/meal.advisor.ios.build/Debug-iphonesimulator/meal.advisor.ios.build/Objects-normal/arm64 -target arm64-apple-ios17.0-simulator -Xllvm -aarch64-use-tbi -enable-objc-interop -sdk /Applications/Xcode.app/Contents/Developer/Platforms/iPhoneSimulator.platform/Developer/SDKs/iPhoneSimulator18.5.sdk -I /Users/jans./Library/Developer/Xcode/DerivedData/meal.advisor.ios-csaldjncgoleykghtkpncaypzmvo/Build/Products/Debug-iphonesimulator -F /Users/jans./Library/Developer/Xcode/DerivedData/meal.advisor.ios-csaldjncgoleykghtkpncaypzmvo/Build/Products/Debug-iphonesimulator/PackageFrameworks -F /Users/jans./Library/Developer/Xcode/DerivedData/meal.advisor.ios-csaldjncgoleykghtkpncaypzmvo/Build/Products/Debug-iphonesimulator/PackageFrameworks -F /Users/jans./Library/Developer/Xcode/DerivedData/meal.advisor.ios-csaldjncgoleykghtkpncaypzmvo/Build/Products/Debug-iphonesimulator/PackageFrameworks -F /Users/jans./Library/Developer/Xcode/DerivedData/meal.advisor.ios-csaldjncgoleykghtkpncaypzmvo/Build/Products/Debug-iphonesimulator/PackageFrameworks -F /Users/jans./Library/Developer/Xcode/DerivedData/meal.advisor.ios-csaldjncgoleykghtkpncaypzmvo/Build/Products/Debug-iphonesimulator/PackageFrameworks -F /Users/jans./Library/Developer/Xcode/DerivedData/meal.advisor.ios-csaldjncgoleykghtkpncaypzmvo/Build/Products/Debug-iphonesimulator/PackageFrameworks -F /Users/jans./Library/Developer/Xcode/DerivedData/meal.advisor.ios-csaldjncgoleykghtkpncaypzmvo/Build/Products/Debug-iphonesimulator/PackageFrameworks -F /Users/jans./Library/Developer/Xcode/DerivedData/meal.advisor.ios-csaldjncgoleykghtkpncaypzmvo/Build/Products/Debug-iphonesimulator/PackageFrameworks -F /Users/jans./Library/Developer/Xcode/DerivedData/meal.advisor.ios-csaldjncgoleykghtkpncaypzmvo/Build/Products/Debug-iphonesimulator/PackageFrameworks -F /Users/jans./Library/Developer/Xcode/DerivedData/meal.advisor.ios-csaldjncgoleykghtkpncaypzmvo/Build/Products/Debug-iphonesimulator/PackageFrameworks -F /Users/jans./Library/Developer/Xcode/DerivedData/meal.advisor.ios-csaldjncgoleykghtkpncaypzmvo/Build/Products/Debug-iphonesimulator/PackageFrameworks -F /Users/jans./Library/Developer/Xcode/DerivedData/meal.advisor.ios-csaldjncgoleykghtkpncaypzmvo/Build/Products/Debug-iphonesimulator/PackageFrameworks -F /Users/jans./Library/Developer/Xcode/DerivedData/meal.advisor.ios-csaldjncgoleykghtkpncaypzmvo/Build/Products/Debug-iphonesimulator/PackageFrameworks -F /Users/jans./Library/Developer/Xcode/DerivedData/meal.advisor.ios-csaldjncgoleykghtkpncaypzmvo/Build/Products/Debug-iphonesimulator/PackageFrameworks -F /Users/jans./Library/Developer/Xcode/DerivedData/meal.advisor.ios-csaldjncgoleykghtkpncaypzmvo/Build/Products/Debug-iphonesimulator/PackageFrameworks -F /Users/jans./Library/Developer/Xcode/DerivedData/meal.advisor.ios-csaldjncgoleykghtkpncaypzmvo/Build/Products/Debug-iphonesimulator/PackageFrameworks -F /Users/jans./Library/Developer/Xcode/DerivedData/meal.advisor.ios-csaldjncgoleykghtkpncaypzmvo/Build/Products/Debug-iphonesimulator/PackageFrameworks -F /Users/jans./Library/Developer/Xcode/DerivedData/meal.advisor.ios-csaldjncgoleykghtkpncaypzmvo/Build/Products/Debug-iphonesimulator/PackageFrameworks -F /Users/jans./Library/Developer/Xcode/DerivedData/meal.advisor.ios-csaldjncgoleykghtkpncaypzmvo/Build/Products/Debug-iphonesimulator/PackageFrameworks -F /Users/jans./Library/Developer/Xcode/DerivedData/meal.advisor.ios-csaldjncgoleykghtkpncaypzmvo/Build/Products/Debug-iphonesimulator/PackageFrameworks -F /Users/jans./Library/Developer/Xcode/DerivedData/meal.advisor.ios-csaldjncgoleykghtkpncaypzmvo/Build/Products/Debug-iphonesimulator -no-color-diagnostics -enable-testing -g -debug-info-format\=dwarf -dwarf-version\=4 -module-cache-path /Users/jans./Library/Developer/Xcode/DerivedData/ModuleCache.noindex -swift-version 5 -enforce-exclusivity\=checked -Onone -D DEBUG -serialize-debugging-options -const-gather-protocols-file /Users/jans./Library/Developer/Xcode/DerivedData/meal.advisor.ios-csaldjncgoleykghtkpncaypzmvo/Build/Intermediates.noindex/meal.advisor.ios.build/Debug-iphonesimulator/meal.advisor.ios.build/Objects-normal/arm64/meal.advisor.ios_const_extract_protocols.json -enable-experimental-feature DebugDescriptionMacro -enable-bare-slash-regex -empty-abi-descriptor -validate-clang-modules-once -clang-build-session-file /Users/jans./Library/Developer/Xcode/DerivedData/ModuleCache.noindex/Session.modulevalidation -Xcc -working-directory -Xcc /Users/jans./Downloads/meal.advisor/meal.advisor.ios/meal.advisor.ios/meal.advisor.ios -resource-dir /Applications/Xcode.app/Contents/Developer/Toolchains/XcodeDefault.xctoolchain/usr/lib/swift -enable-anonymous-context-mangled-names -file-compilation-dir /Users/jans./Downloads/meal.advisor/meal.advisor.ios/meal.advisor.ios/meal.advisor.ios -Xcc -fmodule-map-file\=/Users/jans./Library/Developer/Xcode/DerivedData/meal.advisor.ios-csaldjncgoleykghtkpncaypzmvo/Build/Intermediates.noindex/GeneratedModuleMaps-iphonesimulator/AppAuth.modulemap -Xcc -fmodule-map-file\=/Users/jans./Library/Developer/Xcode/DerivedData/meal.advisor.ios-csaldjncgoleykghtkpncaypzmvo/Build/Intermediates.noindex/GeneratedModuleMaps-iphonesimulator/AppAuthCore.modulemap -Xcc -fmodule-map-file\=/Users/jans./Library/Developer/Xcode/DerivedData/meal.advisor.ios-csaldjncgoleykghtkpncaypzmvo/Build/Intermediates.noindex/GeneratedModuleMaps-iphonesimulator/GTMSessionFetcherCore.modulemap -Xcc -fmodule-map-file\=/Users/jans./Library/Developer/Xcode/DerivedData/meal.advisor.ios-csaldjncgoleykghtkpncaypzmvo/Build/Intermediates.noindex/GeneratedModuleMaps-iphonesimulator/GoogleSignIn.modulemap -Xcc -ivfsstatcache -Xcc /Users/jans./Library/Developer/Xcode/DerivedData/SDKStatCaches.noindex/iphonesimulator18.5-22F76-d5fc8ad4295d2ef488fb7d0f804ce0c4.sdkstatcache -Xcc -I/Users/jans./Library/Developer/Xcode/DerivedData/meal.advisor.ios-csaldjncgoleykghtkpncaypzmvo/Build/Intermediates.noindex/meal.advisor.ios.build/Debug-iphonesimulator/meal.advisor.ios.build/swift-overrides.hmap -Xcc -iquote -Xcc /Users/jans./Library/Developer/Xcode/DerivedData/meal.advisor.ios-csaldjncgoleykghtkpncaypzmvo/Build/Intermediates.noindex/meal.advisor.ios.build/Debug-iphonesimulator/meal.advisor.ios.build/MealAdvisor-generated-files.hmap -Xcc -I/Users/jans./Library/Developer/Xcode/DerivedData/meal.advisor.ios-csaldjncgoleykghtkpncaypzmvo/Build/Intermediates.noindex/meal.advisor.ios.build/Debug-iphonesimulator/meal.advisor.ios.build/MealAdvisor-own-target-headers.hmap -Xcc -I/Users/jans./Library/Developer/Xcode/DerivedData/meal.advisor.ios-csaldjncgoleykghtkpncaypzmvo/Build/Intermediates.noindex/meal.advisor.ios.build/Debug-iphonesimulator/meal.advisor.ios.build/MealAdvisor-all-non-framework-target-headers.hmap -Xcc -ivfsoverlay -Xcc /Users/jans./Library/Developer/Xcode/DerivedData/meal.advisor.ios-csaldjncgoleykghtkpncaypzmvo/Build/Intermediates.noindex/meal.advisor.ios.build/Debug-iphonesimulator/meal.advisor.ios-048ad3e6ba0d12bbc944eaa89294f0c9-VFS-iphonesimulator/all-product-headers.yaml -Xcc -iquote -Xcc /Users/jans./Library/Developer/Xcode/DerivedData/meal.advisor.ios-csaldjncgoleykghtkpncaypzmvo/Build/Intermediates.noindex/meal.advisor.ios.build/Debug-iphonesimulator/meal.advisor.ios.build/MealAdvisor-project-headers.hmap -Xcc -I/Users/jans./Library/Developer/Xcode/DerivedData/meal.advisor.ios-csaldjncgoleykghtkpncaypzmvo/SourcePackages/checkouts/AppAuth-iOS/Sources/AppAuth -Xcc -I/Users/jans./Library/Developer/Xcode/DerivedData/meal.advisor.ios-csaldjncgoleykghtkpncaypzmvo/SourcePackages/checkouts/AppAuth-iOS/Sources/AppAuthCore -Xcc -I/Users/jans./Library/Developer/Xcode/DerivedData/meal.advisor.ios-csaldjncgoleykghtkpncaypzmvo/SourcePackages/checkouts/gtm-session-fetcher/Sources/Core/Public -Xcc -I/Users/jans./Library/Developer/Xcode/DerivedData/meal.advisor.ios-csaldjncgoleykghtkpncaypzmvo/SourcePackages/checkouts/GoogleSignIn-iOS/GoogleSignIn/Sources/Public -Xcc -I/Users/jans./Library/Developer/Xcode/DerivedData/meal.advisor.ios-csaldjncgoleykghtkpncaypzmvo/Build/Products/Debug-iphonesimulator/include -Xcc -I/Users/jans./Library/Developer/Xcode/DerivedData/meal.advisor.ios-csaldjncgoleykghtkpncaypzmvo/Build/Intermediates.noindex/meal.advisor.ios.build/Debug-iphonesimulator/meal.advisor.ios.build/DerivedSources-normal/arm64 -Xcc -I/Users/jans./Library/Developer/Xcode/DerivedData/meal.advisor.ios-csaldjncgoleykghtkpncaypzmvo/Build/Intermediates.noindex/meal.advisor.ios.build/Debug-iphonesimulator/meal.advisor.ios.build/DerivedSources/arm64 -Xcc -I/Users/jans./Library/Developer/Xcode/DerivedData/meal.advisor.ios-csaldjncgoleykghtkpncaypzmvo/Build/Intermediates.noindex/meal.advisor.ios.build/Debug-iphonesimulator/meal.advisor.ios.build/DerivedSources -Xcc -DDEBUG\=1 -module-name MealAdvisor -frontend-parseable-output -disable-clang-spi -target-sdk-version 18.5 -target-sdk-name iphonesimulator18.5 -external-plugin-path /Applications/Xcode.app/Contents/Developer/Platforms/iPhoneOS.platform/Developer/usr/lib/swift/host/plugins\#/Applications/Xcode.app/Contents/Developer/Platforms/iPhoneOS.platform/Developer/usr/bin/swift-plugin-server -external-plugin-path /Applications/Xcode.app/Contents/Developer/Platforms/iPhoneOS.platform/Developer/usr/local/lib/swift/host/plugins\#/Applications/Xcode.app/Contents/Developer/Platforms/iPhoneOS.platform/Developer/usr/bin/swift-plugin-server -in-process-plugin-server-path /Applications/Xcode.app/Contents/Developer/Toolchains/XcodeDefault.xctoolchain/usr/lib/swift/host/libSwiftInProcPluginServer.dylib -plugin-path /Applications/Xcode.app/Contents/Developer/Toolchains/XcodeDefault.xctoolchain/usr/lib/swift/host/plugins -plugin-path /Applications/Xcode.app/Contents/Developer/Toolchains/XcodeDefault.xctoolchain/usr/local/lib/swift/host/plugins -o /Users/jans./Library/Developer/Xcode/DerivedData/meal.advisor.ios-csaldjncgoleykghtkpncaypzmvo/Build/Intermediates.noindex/meal.advisor.ios.build/Debug-iphonesimulator/meal.advisor.ios.build/Objects-normal/arm64/RecipeViewModel.o -o /Users/jans./Library/Developer/Xcode/DerivedData/meal.advisor.ios-csaldjncgoleykghtkpncaypzmvo/Build/Intermediates.noindex/meal.advisor.ios.build/Debug-iphonesimulator/meal.advisor.ios.build/Objects-normal/arm64/EmailSignInView.o -o /Users/jans./Library/Developer/Xcode/DerivedData/meal.advisor.ios-csaldjncgoleykghtkpncaypzmvo/Build/Intermediates.noindex/meal.advisor.ios.build/Debug-iphonesimulator/meal.advisor.ios.build/Objects-normal/arm64/AuthService.o -o /Users/jans./Library/Developer/Xcode/DerivedData/meal.advisor.ios-csaldjncgoleykghtkpncaypzmvo/Build/Intermediates.noindex/meal.advisor.ios.build/Debug-iphonesimulator/meal.advisor.ios.build/Objects-normal/arm64/RemoteImage.o -o /Users/jans./Library/Developer/Xcode/DerivedData/meal.advisor.ios-csaldjncgoleykghtkpncaypzmvo/Build/Intermediates.noindex/meal.advisor.ios.build/Debug-iphonesimulator/meal.advisor.ios.build/Objects-normal/arm64/OfflineIndicator.o -o /Users/jans./Library/Developer/Xcode/DerivedData/meal.advisor.ios-csaldjncgoleykghtkpncaypzmvo/Build/Intermediates.noindex/meal.advisor.ios.build/Debug-iphonesimulator/meal.advisor.ios.build/Objects-normal/arm64/SignInPromptView.o -o /Users/jans./Library/Developer/Xcode/DerivedData/meal.advisor.ios-csaldjncgoleykghtkpncaypzmvo/Build/Intermediates.noindex/meal.advisor.ios.build/Debug-iphonesimulator/meal.advisor.ios.build/Objects-normal/arm64/NetworkService.o -o /Users/jans./Library/Developer/Xcode/DerivedData/meal.advisor.ios-csaldjncgoleykghtkpncaypzmvo/Build/Intermediates.noindex/meal.advisor.ios.build/Debug-iphonesimulator/meal.advisor.ios.build/Objects-normal/arm64/AppState.o -o /Users/jans./Library/Developer/Xcode/DerivedData/meal.advisor.ios-csaldjncgoleykghtkpncaypzmvo/Build/Intermediates.noindex/meal.advisor.ios.build/Debug-iphonesimulator/meal.advisor.ios.build/Objects-normal/arm64/PremiumUpgradeAlert.o -index-unit-output-path /meal.advisor.ios.build/Debug-iphonesimulator/meal.advisor.ios.build/Objects-normal/arm64/RecipeViewModel.o -index-unit-output-path /meal.advisor.ios.build/Debug-iphonesimulator/meal.advisor.ios.build/Objects-normal/arm64/EmailSignInView.o -index-unit-output-path /meal.advisor.ios.build/Debug-iphonesimulator/meal.advisor.ios.build/Objects-normal/arm64/AuthService.o -index-unit-output-path /meal.advisor.ios.build/Debug-iphonesimulator/meal.advisor.ios.build/Objects-normal/arm64/RemoteImage.o -index-unit-output-path /meal.advisor.ios.build/Debug-iphonesimulator/meal.advisor.ios.build/Objects-normal/arm64/OfflineIndicator.o -index-unit-output-path /meal.advisor.ios.build/Debug-iphonesimulator/meal.advisor.ios.build/Objects-normal/arm64/SignInPromptView.o -index-unit-output-path /meal.advisor.ios.build/Debug-iphonesimulator/meal.advisor.ios.build/Objects-normal/arm64/NetworkService.o -index-unit-output-path /meal.advisor.ios.build/Debug-iphonesimulator/meal.advisor.ios.build/Objects-normal/arm64/AppState.o -index-unit-output-path /meal.advisor.ios.build/Debug-iphonesimulator/meal.advisor.ios.build/Objects-normal/arm64/PremiumUpgradeAlert.o -index-store-path /Users/jans./Library/Developer/Xcode/DerivedData/meal.advisor.ios-csaldjncgoleykghtkpncaypzmvo/Index.noindex/DataStore -index-system-modules

SwiftCompile normal arm64 /Users/jans./Downloads/meal.advisor/meal.advisor.ios/meal.advisor.ios/meal.advisor.ios/meal.advisor.ios/Views/Components/Recipe/RecipeViewModel.swift (in target 'meal.advisor.ios' from project 'meal.advisor.ios')
    cd /Users/jans./Downloads/meal.advisor/meal.advisor.ios/meal.advisor.ios/meal.advisor.ios
    
/Users/jans./Downloads/meal.advisor/meal.advisor.ios/meal.advisor.ios/meal.advisor.ios/meal.advisor.ios/Views/Components/Recipe/RecipeViewModel.swift:45:9: error: switch must be exhaustive
        switch meal.cuisine {
        ^
/Users/jans./Downloads/meal.advisor/meal.advisor.ios/meal.advisor.ios/meal.advisor.ios/meal.advisor.ios/Views/Components/Recipe/RecipeViewModel.swift:45:9: note: add missing case: '.asian'
        switch meal.cuisine {
        ^

SwiftCompile normal arm64 /Users/jans./Downloads/meal.advisor/meal.advisor.ios/meal.advisor.ios/meal.advisor.ios/meal.advisor.ios/Views/Components/EmailSignInView.swift (in target 'meal.advisor.ios' from project 'meal.advisor.ios')
    cd /Users/jans./Downloads/meal.advisor/meal.advisor.ios/meal.advisor.ios/meal.advisor.ios
    

SwiftCompile normal arm64 /Users/jans./Downloads/meal.advisor/meal.advisor.ios/meal.advisor.ios/meal.advisor.ios/meal.advisor.ios/Services/AuthService.swift (in target 'meal.advisor.ios' from project 'meal.advisor.ios')
    cd /Users/jans./Downloads/meal.advisor/meal.advisor.ios/meal.advisor.ios/meal.advisor.ios
    

SwiftCompile normal arm64 /Users/jans./Downloads/meal.advisor/meal.advisor.ios/meal.advisor.ios/meal.advisor.ios/meal.advisor.ios/Views/Components/RemoteImage.swift (in target 'meal.advisor.ios' from project 'meal.advisor.ios')
    cd /Users/jans./Downloads/meal.advisor/meal.advisor.ios/meal.advisor.ios/meal.advisor.ios
    

SwiftCompile normal arm64 /Users/jans./Downloads/meal.advisor/meal.advisor.ios/meal.advisor.ios/meal.advisor.ios/meal.advisor.ios/Views/Components/OfflineIndicator.swift (in target 'meal.advisor.ios' from project 'meal.advisor.ios')
    cd /Users/jans./Downloads/meal.advisor/meal.advisor.ios/meal.advisor.ios/meal.advisor.ios
    

SwiftCompile normal arm64 /Users/jans./Downloads/meal.advisor/meal.advisor.ios/meal.advisor.ios/meal.advisor.ios/meal.advisor.ios/Views/Components/SignInPromptView.swift (in target 'meal.advisor.ios' from project 'meal.advisor.ios')
    cd /Users/jans./Downloads/meal.advisor/meal.advisor.ios/meal.advisor.ios/meal.advisor.ios
    

SwiftCompile normal arm64 /Users/jans./Downloads/meal.advisor/meal.advisor.ios/meal.advisor.ios/meal.advisor.ios/meal.advisor.ios/Services/NetworkService.swift (in target 'meal.advisor.ios' from project 'meal.advisor.ios')
    cd /Users/jans./Downloads/meal.advisor/meal.advisor.ios/meal.advisor.ios/meal.advisor.ios
    

SwiftCompile normal arm64 /Users/jans./Downloads/meal.advisor/meal.advisor.ios/meal.advisor.ios/meal.advisor.ios/meal.advisor.ios/Models/AppState.swift (in target 'meal.advisor.ios' from project 'meal.advisor.ios')
    cd /Users/jans./Downloads/meal.advisor/meal.advisor.ios/meal.advisor.ios/meal.advisor.ios
    
/Users/jans./Downloads/meal.advisor/meal.advisor.ios/meal.advisor.ios/meal.advisor.ios/meal.advisor.ios/Models/AppState.swift:49:9: warning: non-sendable result type 'Notification?' cannot be sent from nonisolated context in call to instance method 'next()'; this is an error in the Swift 6 language mode
        for await _ in NotificationCenter.default.notifications(named: NSNotification.Name("SubscriptionStatusChanged")) {
        ^
Swift.Optional:1:21: note: generic enum 'Optional' does not conform to the 'Sendable' protocol
@frozen public enum Optional<Wrapped> : ~Copyable where Wrapped : ~Copyable {
                    ^
/Users/jans./Downloads/meal.advisor/meal.advisor.ios/meal.advisor.ios/meal.advisor.ios/meal.advisor.ios/Models/AppState.swift:78:9: warning: non-sendable result type 'Notification?' cannot be sent from nonisolated context in call to instance method 'next()'; this is an error in the Swift 6 language mode
        for await _ in NotificationCenter.default.notifications(named: NSNotification.Name("AuthStatusChanged")) {
        ^
Swift.Optional:1:21: note: generic enum 'Optional' does not conform to the 'Sendable' protocol
@frozen public enum Optional<Wrapped> : ~Copyable where Wrapped : ~Copyable {
                    ^

SwiftCompile normal arm64 /Users/jans./Downloads/meal.advisor/meal.advisor.ios/meal.advisor.ios/meal.advisor.ios/meal.advisor.ios/Views/Components/PremiumUpgradeAlert.swift (in target 'meal.advisor.ios' from project 'meal.advisor.ios')
    cd /Users/jans./Downloads/meal.advisor/meal.advisor.ios/meal.advisor.ios/meal.advisor.ios
    

SwiftDriverJobDiscovery normal arm64 Emitting module for MealAdvisor (in target 'meal.advisor.ios' from project 'meal.advisor.ios')

SwiftDriver\ Compilation\ Requirements meal.advisor.ios normal arm64 com.apple.xcode.tools.swift.compiler (in target 'meal.advisor.ios' from project 'meal.advisor.ios')
    cd /Users/jans./Downloads/meal.advisor/meal.advisor.ios/meal.advisor.ios/meal.advisor.ios
    builtin-Swift-Compilation-Requirements -- /Applications/Xcode.app/Contents/Developer/Toolchains/XcodeDefault.xctoolchain/usr/bin/swiftc -module-name MealAdvisor -Onone -enforce-exclusivity\=checked @/Users/jans./Library/Developer/Xcode/DerivedData/meal.advisor.ios-csaldjncgoleykghtkpncaypzmvo/Build/Intermediates.noindex/meal.advisor.ios.build/Debug-iphonesimulator/meal.advisor.ios.build/Objects-normal/arm64/MealAdvisor.SwiftFileList -DDEBUG -Xcc -fmodule-map-file\=/Users/jans./Library/Developer/Xcode/DerivedData/meal.advisor.ios-csaldjncgoleykghtkpncaypzmvo/Build/Intermediates.noindex/GeneratedModuleMaps-iphonesimulator/AppAuth.modulemap -Xcc -fmodule-map-file\=/Users/jans./Library/Developer/Xcode/DerivedData/meal.advisor.ios-csaldjncgoleykghtkpncaypzmvo/Build/Intermediates.noindex/GeneratedModuleMaps-iphonesimulator/AppAuthCore.modulemap -Xcc -fmodule-map-file\=/Users/jans./Library/Developer/Xcode/DerivedData/meal.advisor.ios-csaldjncgoleykghtkpncaypzmvo/Build/Intermediates.noindex/GeneratedModuleMaps-iphonesimulator/GTMSessionFetcherCore.modulemap -Xcc -fmodule-map-file\=/Users/jans./Library/Developer/Xcode/DerivedData/meal.advisor.ios-csaldjncgoleykghtkpncaypzmvo/Build/Intermediates.noindex/GeneratedModuleMaps-iphonesimulator/GoogleSignIn.modulemap -enable-bare-slash-regex -enable-experimental-feature DebugDescriptionMacro -sdk /Applications/Xcode.app/Contents/Developer/Platforms/iPhoneSimulator.platform/Developer/SDKs/iPhoneSimulator18.5.sdk -target arm64-apple-ios17.0-simulator -g -module-cache-path /Users/jans./Library/Developer/Xcode/DerivedData/ModuleCache.noindex -Xfrontend -serialize-debugging-options -enable-testing -index-store-path /Users/jans./Library/Developer/Xcode/DerivedData/meal.advisor.ios-csaldjncgoleykghtkpncaypzmvo/Index.noindex/DataStore -swift-version 5 -I /Users/jans./Library/Developer/Xcode/DerivedData/meal.advisor.ios-csaldjncgoleykghtkpncaypzmvo/Build/Products/Debug-iphonesimulator -F /Users/jans./Library/Developer/Xcode/DerivedData/meal.advisor.ios-csaldjncgoleykghtkpncaypzmvo/Build/Products/Debug-iphonesimulator/PackageFrameworks -F /Users/jans./Library/Developer/Xcode/DerivedData/meal.advisor.ios-csaldjncgoleykghtkpncaypzmvo/Build/Products/Debug-iphonesimulator/PackageFrameworks -F /Users/jans./Library/Developer/Xcode/DerivedData/meal.advisor.ios-csaldjncgoleykghtkpncaypzmvo/Build/Products/Debug-iphonesimulator/PackageFrameworks -F /Users/jans./Library/Developer/Xcode/DerivedData/meal.advisor.ios-csaldjncgoleykghtkpncaypzmvo/Build/Products/Debug-iphonesimulator/PackageFrameworks -F /Users/jans./Library/Developer/Xcode/DerivedData/meal.advisor.ios-csaldjncgoleykghtkpncaypzmvo/Build/Products/Debug-iphonesimulator/PackageFrameworks -F /Users/jans./Library/Developer/Xcode/DerivedData/meal.advisor.ios-csaldjncgoleykghtkpncaypzmvo/Build/Products/Debug-iphonesimulator/PackageFrameworks -F /Users/jans./Library/Developer/Xcode/DerivedData/meal.advisor.ios-csaldjncgoleykghtkpncaypzmvo/Build/Products/Debug-iphonesimulator/PackageFrameworks -F /Users/jans./Library/Developer/Xcode/DerivedData/meal.advisor.ios-csaldjncgoleykghtkpncaypzmvo/Build/Products/Debug-iphonesimulator/PackageFrameworks -F /Users/jans./Library/Developer/Xcode/DerivedData/meal.advisor.ios-csaldjncgoleykghtkpncaypzmvo/Build/Products/Debug-iphonesimulator/PackageFrameworks -F /Users/jans./Library/Developer/Xcode/DerivedData/meal.advisor.ios-csaldjncgoleykghtkpncaypzmvo/Build/Products/Debug-iphonesimulator/PackageFrameworks -F /Users/jans./Library/Developer/Xcode/DerivedData/meal.advisor.ios-csaldjncgoleykghtkpncaypzmvo/Build/Products/Debug-iphonesimulator/PackageFrameworks -F /Users/jans./Library/Developer/Xcode/DerivedData/meal.advisor.ios-csaldjncgoleykghtkpncaypzmvo/Build/Products/Debug-iphonesimulator/PackageFrameworks -F /Users/jans./Library/Developer/Xcode/DerivedData/meal.advisor.ios-csaldjncgoleykghtkpncaypzmvo/Build/Products/Debug-iphonesimulator/PackageFrameworks -F /Users/jans./Library/Developer/Xcode/DerivedData/meal.advisor.ios-csaldjncgoleykghtkpncaypzmvo/Build/Products/Debug-iphonesimulator/PackageFrameworks -F /Users/jans./Library/Developer/Xcode/DerivedData/meal.advisor.ios-csaldjncgoleykghtkpncaypzmvo/Build/Products/Debug-iphonesimulator/PackageFrameworks -F /Users/jans./Library/Developer/Xcode/DerivedData/meal.advisor.ios-csaldjncgoleykghtkpncaypzmvo/Build/Products/Debug-iphonesimulator/PackageFrameworks -F /Users/jans./Library/Developer/Xcode/DerivedData/meal.advisor.ios-csaldjncgoleykghtkpncaypzmvo/Build/Products/Debug-iphonesimulator/PackageFrameworks -F /Users/jans./Library/Developer/Xcode/DerivedData/meal.advisor.ios-csaldjncgoleykghtkpncaypzmvo/Build/Products/Debug-iphonesimulator/PackageFrameworks -F /Users/jans./Library/Developer/Xcode/DerivedData/meal.advisor.ios-csaldjncgoleykghtkpncaypzmvo/Build/Products/Debug-iphonesimulator/PackageFrameworks -F /Users/jans./Library/Developer/Xcode/DerivedData/meal.advisor.ios-csaldjncgoleykghtkpncaypzmvo/Build/Products/Debug-iphonesimulator/PackageFrameworks -F /Users/jans./Library/Developer/Xcode/DerivedData/meal.advisor.ios-csaldjncgoleykghtkpncaypzmvo/Build/Products/Debug-iphonesimulator -emit-localized-strings -emit-localized-strings-path /Users/jans./Library/Developer/Xcode/DerivedData/meal.advisor.ios-csaldjncgoleykghtkpncaypzmvo/Build/Intermediates.noindex/meal.advisor.ios.build/Debug-iphonesimulator/meal.advisor.ios.build/Objects-normal/arm64 -c -j8 -enable-batch-mode -incremental -Xcc -ivfsstatcache -Xcc /Users/jans./Library/Developer/Xcode/DerivedData/SDKStatCaches.noindex/iphonesimulator18.5-22F76-d5fc8ad4295d2ef488fb7d0f804ce0c4.sdkstatcache -output-file-map /Users/jans./Library/Developer/Xcode/DerivedData/meal.advisor.ios-csaldjncgoleykghtkpncaypzmvo/Build/Intermediates.noindex/meal.advisor.ios.build/Debug-iphonesimulator/meal.advisor.ios.build/Objects-normal/arm64/meal.advisor.ios-OutputFileMap.json -use-frontend-parseable-output -save-temps -no-color-diagnostics -serialize-diagnostics -emit-dependencies -emit-module -emit-module-path /Users/jans./Library/Developer/Xcode/DerivedData/meal.advisor.ios-csaldjncgoleykghtkpncaypzmvo/Build/Intermediates.noindex/meal.advisor.ios.build/Debug-iphonesimulator/meal.advisor.ios.build/Objects-normal/arm64/MealAdvisor.swiftmodule -validate-clang-modules-once -clang-build-session-file /Users/jans./Library/Developer/Xcode/DerivedData/ModuleCache.noindex/Session.modulevalidation -Xcc -I/Users/jans./Library/Developer/Xcode/DerivedData/meal.advisor.ios-csaldjncgoleykghtkpncaypzmvo/Build/Intermediates.noindex/meal.advisor.ios.build/Debug-iphonesimulator/meal.advisor.ios.build/swift-overrides.hmap -emit-const-values -Xfrontend -const-gather-protocols-file -Xfrontend /Users/jans./Library/Developer/Xcode/DerivedData/meal.advisor.ios-csaldjncgoleykghtkpncaypzmvo/Build/Intermediates.noindex/meal.advisor.ios.build/Debug-iphonesimulator/meal.advisor.ios.build/Objects-normal/arm64/meal.advisor.ios_const_extract_protocols.json -Xcc -iquote -Xcc /Users/jans./Library/Developer/Xcode/DerivedData/meal.advisor.ios-csaldjncgoleykghtkpncaypzmvo/Build/Intermediates.noindex/meal.advisor.ios.build/Debug-iphonesimulator/meal.advisor.ios.build/MealAdvisor-generated-files.hmap -Xcc -I/Users/jans./Library/Developer/Xcode/DerivedData/meal.advisor.ios-csaldjncgoleykghtkpncaypzmvo/Build/Intermediates.noindex/meal.advisor.ios.build/Debug-iphonesimulator/meal.advisor.ios.build/MealAdvisor-own-target-headers.hmap -Xcc -I/Users/jans./Library/Developer/Xcode/DerivedData/meal.advisor.ios-csaldjncgoleykghtkpncaypzmvo/Build/Intermediates.noindex/meal.advisor.ios.build/Debug-iphonesimulator/meal.advisor.ios.build/MealAdvisor-all-non-framework-target-headers.hmap -Xcc -ivfsoverlay -Xcc /Users/jans./Library/Developer/Xcode/DerivedData/meal.advisor.ios-csaldjncgoleykghtkpncaypzmvo/Build/Intermediates.noindex/meal.advisor.ios.build/Debug-iphonesimulator/meal.advisor.ios-048ad3e6ba0d12bbc944eaa89294f0c9-VFS-iphonesimulator/all-product-headers.yaml -Xcc -iquote -Xcc /Users/jans./Library/Developer/Xcode/DerivedData/meal.advisor.ios-csaldjncgoleykghtkpncaypzmvo/Build/Intermediates.noindex/meal.advisor.ios.build/Debug-iphonesimulator/meal.advisor.ios.build/MealAdvisor-project-headers.hmap -Xcc -I/Users/jans./Library/Developer/Xcode/DerivedData/meal.advisor.ios-csaldjncgoleykghtkpncaypzmvo/SourcePackages/checkouts/AppAuth-iOS/Sources/AppAuth -Xcc -I/Users/jans./Library/Developer/Xcode/DerivedData/meal.advisor.ios-csaldjncgoleykghtkpncaypzmvo/SourcePackages/checkouts/AppAuth-iOS/Sources/AppAuthCore -Xcc -I/Users/jans./Library/Developer/Xcode/DerivedData/meal.advisor.ios-csaldjncgoleykghtkpncaypzmvo/SourcePackages/checkouts/gtm-session-fetcher/Sources/Core/Public -Xcc -I/Users/jans./Library/Developer/Xcode/DerivedData/meal.advisor.ios-csaldjncgoleykghtkpncaypzmvo/SourcePackages/checkouts/GoogleSignIn-iOS/GoogleSignIn/Sources/Public -Xcc -I/Users/jans./Library/Developer/Xcode/DerivedData/meal.advisor.ios-csaldjncgoleykghtkpncaypzmvo/Build/Products/Debug-iphonesimulator/include -Xcc -I/Users/jans./Library/Developer/Xcode/DerivedData/meal.advisor.ios-csaldjncgoleykghtkpncaypzmvo/Build/Intermediates.noindex/meal.advisor.ios.build/Debug-iphonesimulator/meal.advisor.ios.build/DerivedSources-normal/arm64 -Xcc -I/Users/jans./Library/Developer/Xcode/DerivedData/meal.advisor.ios-csaldjncgoleykghtkpncaypzmvo/Build/Intermediates.noindex/meal.advisor.ios.build/Debug-iphonesimulator/meal.advisor.ios.build/DerivedSources/arm64 -Xcc -I/Users/jans./Library/Developer/Xcode/DerivedData/meal.advisor.ios-csaldjncgoleykghtkpncaypzmvo/Build/Intermediates.noindex/meal.advisor.ios.build/Debug-iphonesimulator/meal.advisor.ios.build/DerivedSources -Xcc -DDEBUG\=1 -emit-objc-header -emit-objc-header-path /Users/jans./Library/Developer/Xcode/DerivedData/meal.advisor.ios-csaldjncgoleykghtkpncaypzmvo/Build/Intermediates.noindex/meal.advisor.ios.build/Debug-iphonesimulator/meal.advisor.ios.build/Objects-normal/arm64/MealAdvisor-Swift.h -working-directory /Users/jans./Downloads/meal.advisor/meal.advisor.ios/meal.advisor.ios/meal.advisor.ios -experimental-emit-module-separately -disable-cmo

SwiftDriverJobDiscovery normal arm64 Compiling KeychainLocalStorage.swift, WinCredLocalStorage.swift, Types.swift (in target 'Auth' from project 'Supabase')

SwiftCompile normal arm64 Compiling\ UsageTrackingService.swift,\ PasswordResetView.swift,\ ImageService.swift,\ UnsplashAttributionOverlay.swift,\ PaywallViewModel.swift,\ HomeView.swift,\ PreferenceToggle.swift,\ GeneratedAssetSymbols.swift /Users/jans./Downloads/meal.advisor/meal.advisor.ios/meal.advisor.ios/meal.advisor.ios/meal.advisor.ios/Services/UsageTrackingService.swift /Users/jans./Downloads/meal.advisor/meal.advisor.ios/meal.advisor.ios/meal.advisor.ios/meal.advisor.ios/Views/Components/PasswordResetView.swift /Users/jans./Downloads/meal.advisor/meal.advisor.ios/meal.advisor.ios/meal.advisor.ios/meal.advisor.ios/Services/ImageService.swift /Users/jans./Downloads/meal.advisor/meal.advisor.ios/meal.advisor.ios/meal.advisor.ios/meal.advisor.ios/Views/Components/UnsplashAttributionOverlay.swift /Users/jans./Downloads/meal.advisor/meal.advisor.ios/meal.advisor.ios/meal.advisor.ios/meal.advisor.ios/Views/Premium/PaywallViewModel.swift /Users/jans./Downloads/meal.advisor/meal.advisor.ios/meal.advisor.ios/meal.advisor.ios/meal.advisor.ios/Views/Home/HomeView.swift /Users/jans./Downloads/meal.advisor/meal.advisor.ios/meal.advisor.ios/meal.advisor.ios/meal.advisor.ios/Views/Settings/PreferenceToggle.swift /Users/jans./Library/Developer/Xcode/DerivedData/meal.advisor.ios-csaldjncgoleykghtkpncaypzmvo/Build/Intermediates.noindex/meal.advisor.ios.build/Debug-iphonesimulator/meal.advisor.ios.build/DerivedSources/GeneratedAssetSymbols.swift (in target 'meal.advisor.ios' from project 'meal.advisor.ios')

SwiftCompile normal arm64 /Users/jans./Downloads/meal.advisor/meal.advisor.ios/meal.advisor.ios/meal.advisor.ios/meal.advisor.ios/Services/UsageTrackingService.swift (in target 'meal.advisor.ios' from project 'meal.advisor.ios')
    cd /Users/jans./Downloads/meal.advisor/meal.advisor.ios/meal.advisor.ios/meal.advisor.ios
    

SwiftCompile normal arm64 /Users/jans./Downloads/meal.advisor/meal.advisor.ios/meal.advisor.ios/meal.advisor.ios/meal.advisor.ios/Views/Components/PasswordResetView.swift (in target 'meal.advisor.ios' from project 'meal.advisor.ios')
    cd /Users/jans./Downloads/meal.advisor/meal.advisor.ios/meal.advisor.ios/meal.advisor.ios
    

SwiftCompile normal arm64 /Users/jans./Downloads/meal.advisor/meal.advisor.ios/meal.advisor.ios/meal.advisor.ios/meal.advisor.ios/Services/ImageService.swift (in target 'meal.advisor.ios' from project 'meal.advisor.ios')
    cd /Users/jans./Downloads/meal.advisor/meal.advisor.ios/meal.advisor.ios/meal.advisor.ios
    

SwiftCompile normal arm64 /Users/jans./Downloads/meal.advisor/meal.advisor.ios/meal.advisor.ios/meal.advisor.ios/meal.advisor.ios/Views/Components/UnsplashAttributionOverlay.swift (in target 'meal.advisor.ios' from project 'meal.advisor.ios')
    cd /Users/jans./Downloads/meal.advisor/meal.advisor.ios/meal.advisor.ios/meal.advisor.ios
    

SwiftCompile normal arm64 /Users/jans./Downloads/meal.advisor/meal.advisor.ios/meal.advisor.ios/meal.advisor.ios/meal.advisor.ios/Views/Premium/PaywallViewModel.swift (in target 'meal.advisor.ios' from project 'meal.advisor.ios')
    cd /Users/jans./Downloads/meal.advisor/meal.advisor.ios/meal.advisor.ios/meal.advisor.ios
    

SwiftCompile normal arm64 /Users/jans./Downloads/meal.advisor/meal.advisor.ios/meal.advisor.ios/meal.advisor.ios/meal.advisor.ios/Views/Home/HomeView.swift (in target 'meal.advisor.ios' from project 'meal.advisor.ios')
    cd /Users/jans./Downloads/meal.advisor/meal.advisor.ios/meal.advisor.ios/meal.advisor.ios
    

SwiftCompile normal arm64 /Users/jans./Downloads/meal.advisor/meal.advisor.ios/meal.advisor.ios/meal.advisor.ios/meal.advisor.ios/Views/Settings/PreferenceToggle.swift (in target 'meal.advisor.ios' from project 'meal.advisor.ios')
    cd /Users/jans./Downloads/meal.advisor/meal.advisor.ios/meal.advisor.ios/meal.advisor.ios
    

SwiftCompile normal arm64 /Users/jans./Library/Developer/Xcode/DerivedData/meal.advisor.ios-csaldjncgoleykghtkpncaypzmvo/Build/Intermediates.noindex/meal.advisor.ios.build/Debug-iphonesimulator/meal.advisor.ios.build/DerivedSources/GeneratedAssetSymbols.swift (in target 'meal.advisor.ios' from project 'meal.advisor.ios')
    cd /Users/jans./Downloads/meal.advisor/meal.advisor.ios/meal.advisor.ios/meal.advisor.ios
    

SwiftMergeGeneratedHeaders /Users/jans./Library/Developer/Xcode/DerivedData/meal.advisor.ios-csaldjncgoleykghtkpncaypzmvo/Build/Intermediates.noindex/meal.advisor.ios.build/Debug-iphonesimulator/meal.advisor.ios.build/DerivedSources/MealAdvisor-Swift.h /Users/jans./Library/Developer/Xcode/DerivedData/meal.advisor.ios-csaldjncgoleykghtkpncaypzmvo/Build/Intermediates.noindex/meal.advisor.ios.build/Debug-iphonesimulator/meal.advisor.ios.build/Objects-normal/arm64/MealAdvisor-Swift.h (in target 'meal.advisor.ios' from project 'meal.advisor.ios')
    cd /Users/jans./Downloads/meal.advisor/meal.advisor.ios/meal.advisor.ios/meal.advisor.ios
    builtin-swiftHeaderTool -arch arm64 /Users/jans./Library/Developer/Xcode/DerivedData/meal.advisor.ios-csaldjncgoleykghtkpncaypzmvo/Build/Intermediates.noindex/meal.advisor.ios.build/Debug-iphonesimulator/meal.advisor.ios.build/Objects-normal/arm64/MealAdvisor-Swift.h -o /Users/jans./Library/Developer/Xcode/DerivedData/meal.advisor.ios-csaldjncgoleykghtkpncaypzmvo/Build/Intermediates.noindex/meal.advisor.ios.build/Debug-iphonesimulator/meal.advisor.ios.build/DerivedSources/MealAdvisor-Swift.h

SwiftDriverJobDiscovery normal arm64 Compiling UnsplashService.swift, FavoritesFilterSheet.swift, FavoritesView.swift, PremiumUnlockAnimation.swift, CookingTimeView.swift, DietaryRestrictionsView.swift, DeliveryAppSheet.swift, Font+Extensions.swift, ContentView.swift (in target 'meal.advisor.ios' from project 'meal.advisor.ios')

Copy /Users/jans./Library/Developer/Xcode/DerivedData/meal.advisor.ios-csaldjncgoleykghtkpncaypzmvo/Build/Products/Debug-iphonesimulator/MealAdvisor.swiftmodule/arm64-apple-ios-simulator.swiftmodule /Users/jans./Library/Developer/Xcode/DerivedData/meal.advisor.ios-csaldjncgoleykghtkpncaypzmvo/Build/Intermediates.noindex/meal.advisor.ios.build/Debug-iphonesimulator/meal.advisor.ios.build/Objects-normal/arm64/MealAdvisor.swiftmodule (in target 'meal.advisor.ios' from project 'meal.advisor.ios')
    cd /Users/jans./Downloads/meal.advisor/meal.advisor.ios/meal.advisor.ios/meal.advisor.ios
    builtin-copy -exclude .DS_Store -exclude CVS -exclude .svn -exclude .git -exclude .hg -resolve-src-symlinks -rename /Users/jans./Library/Developer/Xcode/DerivedData/meal.advisor.ios-csaldjncgoleykghtkpncaypzmvo/Build/Intermediates.noindex/meal.advisor.ios.build/Debug-iphonesimulator/meal.advisor.ios.build/Objects-normal/arm64/MealAdvisor.swiftmodule /Users/jans./Library/Developer/Xcode/DerivedData/meal.advisor.ios-csaldjncgoleykghtkpncaypzmvo/Build/Products/Debug-iphonesimulator/MealAdvisor.swiftmodule/arm64-apple-ios-simulator.swiftmodule

Copy /Users/jans./Library/Developer/Xcode/DerivedData/meal.advisor.ios-csaldjncgoleykghtkpncaypzmvo/Build/Products/Debug-iphonesimulator/MealAdvisor.swiftmodule/arm64-apple-ios-simulator.swiftdoc /Users/jans./Library/Developer/Xcode/DerivedData/meal.advisor.ios-csaldjncgoleykghtkpncaypzmvo/Build/Intermediates.noindex/meal.advisor.ios.build/Debug-iphonesimulator/meal.advisor.ios.build/Objects-normal/arm64/MealAdvisor.swiftdoc (in target 'meal.advisor.ios' from project 'meal.advisor.ios')
    cd /Users/jans./Downloads/meal.advisor/meal.advisor.ios/meal.advisor.ios/meal.advisor.ios
    builtin-copy -exclude .DS_Store -exclude CVS -exclude .svn -exclude .git -exclude .hg -resolve-src-symlinks -rename /Users/jans./Library/Developer/Xcode/DerivedData/meal.advisor.ios-csaldjncgoleykghtkpncaypzmvo/Build/Intermediates.noindex/meal.advisor.ios.build/Debug-iphonesimulator/meal.advisor.ios.build/Objects-normal/arm64/MealAdvisor.swiftdoc /Users/jans./Library/Developer/Xcode/DerivedData/meal.advisor.ios-csaldjncgoleykghtkpncaypzmvo/Build/Products/Debug-iphonesimulator/MealAdvisor.swiftmodule/arm64-apple-ios-simulator.swiftdoc

Copy /Users/jans./Library/Developer/Xcode/DerivedData/meal.advisor.ios-csaldjncgoleykghtkpncaypzmvo/Build/Products/Debug-iphonesimulator/MealAdvisor.swiftmodule/arm64-apple-ios-simulator.abi.json /Users/jans./Library/Developer/Xcode/DerivedData/meal.advisor.ios-csaldjncgoleykghtkpncaypzmvo/Build/Intermediates.noindex/meal.advisor.ios.build/Debug-iphonesimulator/meal.advisor.ios.build/Objects-normal/arm64/MealAdvisor.abi.json (in target 'meal.advisor.ios' from project 'meal.advisor.ios')
    cd /Users/jans./Downloads/meal.advisor/meal.advisor.ios/meal.advisor.ios/meal.advisor.ios
    builtin-copy -exclude .DS_Store -exclude CVS -exclude .svn -exclude .git -exclude .hg -resolve-src-symlinks -rename /Users/jans./Library/Developer/Xcode/DerivedData/meal.advisor.ios-csaldjncgoleykghtkpncaypzmvo/Build/Intermediates.noindex/meal.advisor.ios.build/Debug-iphonesimulator/meal.advisor.ios.build/Objects-normal/arm64/MealAdvisor.abi.json /Users/jans./Library/Developer/Xcode/DerivedData/meal.advisor.ios-csaldjncgoleykghtkpncaypzmvo/Build/Products/Debug-iphonesimulator/MealAdvisor.swiftmodule/arm64-apple-ios-simulator.abi.json

Copy /Users/jans./Library/Developer/Xcode/DerivedData/meal.advisor.ios-csaldjncgoleykghtkpncaypzmvo/Build/Products/Debug-iphonesimulator/MealAdvisor.swiftmodule/Project/arm64-apple-ios-simulator.swiftsourceinfo /Users/jans./Library/Developer/Xcode/DerivedData/meal.advisor.ios-csaldjncgoleykghtkpncaypzmvo/Build/Intermediates.noindex/meal.advisor.ios.build/Debug-iphonesimulator/meal.advisor.ios.build/Objects-normal/arm64/MealAdvisor.swiftsourceinfo (in target 'meal.advisor.ios' from project 'meal.advisor.ios')
    cd /Users/jans./Downloads/meal.advisor/meal.advisor.ios/meal.advisor.ios/meal.advisor.ios
    builtin-copy -exclude .DS_Store -exclude CVS -exclude .svn -exclude .git -exclude .hg -resolve-src-symlinks -rename /Users/jans./Library/Developer/Xcode/DerivedData/meal.advisor.ios-csaldjncgoleykghtkpncaypzmvo/Build/Intermediates.noindex/meal.advisor.ios.build/Debug-iphonesimulator/meal.advisor.ios.build/Objects-normal/arm64/MealAdvisor.swiftsourceinfo /Users/jans./Library/Developer/Xcode/DerivedData/meal.advisor.ios-csaldjncgoleykghtkpncaypzmvo/Build/Products/Debug-iphonesimulator/MealAdvisor.swiftmodule/Project/arm64-apple-ios-simulator.swiftsourceinfo

SwiftCompile normal arm64 Compiling\ DeliveryApp.swift,\ IngredientsList.swift,\ FeaturesList.swift,\ SuggestionActionsRow.swift,\ SuggestionCard.swift,\ FavoriteMealCard.swift,\ EmailSignUpView.swift,\ OfflineService.swift /Users/jans./Downloads/meal.advisor/meal.advisor.ios/meal.advisor.ios/meal.advisor.ios/meal.advisor.ios/Models/DeliveryApp.swift /Users/jans./Downloads/meal.advisor/meal.advisor.ios/meal.advisor.ios/meal.advisor.ios/meal.advisor.ios/Views/Components/Recipe/IngredientsList.swift /Users/jans./Downloads/meal.advisor/meal.advisor.ios/meal.advisor.ios/meal.advisor.ios/meal.advisor.ios/Views/Premium/Components/FeaturesList.swift /Users/jans./Downloads/meal.advisor/meal.advisor.ios/meal.advisor.ios/meal.advisor.ios/meal.advisor.ios/Views/Home/Components/SuggestionActionsRow.swift /Users/jans./Downloads/meal.advisor/meal.advisor.ios/meal.advisor.ios/meal.advisor.ios/meal.advisor.ios/Views/Home/Components/SuggestionCard.swift /Users/jans./Downloads/meal.advisor/meal.advisor.ios/meal.advisor.ios/meal.advisor.ios/meal.advisor.ios/Views/Components/FavoriteMealCard.swift /Users/jans./Downloads/meal.advisor/meal.advisor.ios/meal.advisor.ios/meal.advisor.ios/meal.advisor.ios/Views/Components/EmailSignUpView.swift /Users/jans./Downloads/meal.advisor/meal.advisor.ios/meal.advisor.ios/meal.advisor.ios/meal.advisor.ios/Services/OfflineService.swift (in target 'meal.advisor.ios' from project 'meal.advisor.ios')

SwiftDriver\ Compilation Supabase normal arm64 com.apple.xcode.tools.swift.compiler (in target 'Supabase' from project 'Supabase')
    cd /Users/jans./Downloads/meal.advisor/meal.advisor.ios/meal.advisor.ios/meal.advisor.ios/meal.advisor.ios.xcodeproj
    builtin-Swift-Compilation -- /Applications/Xcode.app/Contents/Developer/Toolchains/XcodeDefault.xctoolchain/usr/bin/swiftc -module-name Supabase -Onone -enforce-exclusivity\=checked @/Users/jans./Library/Developer/Xcode/DerivedData/meal.advisor.ios-csaldjncgoleykghtkpncaypzmvo/Build/Intermediates.noindex/Supabase.build/Debug-iphonesimulator/Supabase.build/Objects-normal/arm64/Supabase.SwiftFileList -DSWIFT_PACKAGE -DDEBUG -DXcode -enable-upcoming-feature ExistentialAny -enable-experimental-feature StrictConcurrency -plugin-path /Applications/Xcode.app/Contents/Developer/Toolchains/XcodeDefault.xctoolchain/usr/lib/swift/host/plugins/testing -enable-experimental-feature DebugDescriptionMacro -sdk /Applications/Xcode.app/Contents/Developer/Platforms/iPhoneSimulator.platform/Developer/SDKs/iPhoneSimulator18.5.sdk -target arm64-apple-ios13.0-simulator -g -module-cache-path /Users/jans./Library/Developer/Xcode/DerivedData/ModuleCache.noindex -Xfrontend -serialize-debugging-options -enable-testing -suppress-warnings -index-store-path /Users/jans./Library/Developer/Xcode/DerivedData/meal.advisor.ios-csaldjncgoleykghtkpncaypzmvo/Index.noindex/DataStore -swift-version 5 -I /Users/jans./Library/Developer/Xcode/DerivedData/meal.advisor.ios-csaldjncgoleykghtkpncaypzmvo/Build/Products/Debug-iphonesimulator -I /Applications/Xcode.app/Contents/Developer/Platforms/iPhoneSimulator.platform/Developer/usr/lib -F /Users/jans./Library/Developer/Xcode/DerivedData/meal.advisor.ios-csaldjncgoleykghtkpncaypzmvo/Build/Products/Debug-iphonesimulator/PackageFrameworks -F /Users/jans./Library/Developer/Xcode/DerivedData/meal.advisor.ios-csaldjncgoleykghtkpncaypzmvo/Build/Products/Debug-iphonesimulator/PackageFrameworks -F /Users/jans./Library/Developer/Xcode/DerivedData/meal.advisor.ios-csaldjncgoleykghtkpncaypzmvo/Build/Products/Debug-iphonesimulator/PackageFrameworks -F /Users/jans./Library/Developer/Xcode/DerivedData/meal.advisor.ios-csaldjncgoleykghtkpncaypzmvo/Build/Products/Debug-iphonesimulator/PackageFrameworks -F /Users/jans./Library/Developer/Xcode/DerivedData/meal.advisor.ios-csaldjncgoleykghtkpncaypzmvo/Build/Products/Debug-iphonesimulator/PackageFrameworks -F /Users/jans./Library/Developer/Xcode/DerivedData/meal.advisor.ios-csaldjncgoleykghtkpncaypzmvo/Build/Products/Debug-iphonesimulator/PackageFrameworks -F /Users/jans./Library/Developer/Xcode/DerivedData/meal.advisor.ios-csaldjncgoleykghtkpncaypzmvo/Build/Products/Debug-iphonesimulator/PackageFrameworks -F /Users/jans./Library/Developer/Xcode/DerivedData/meal.advisor.ios-csaldjncgoleykghtkpncaypzmvo/Build/Products/Debug-iphonesimulator/PackageFrameworks -F /Users/jans./Library/Developer/Xcode/DerivedData/meal.advisor.ios-csaldjncgoleykghtkpncaypzmvo/Build/Products/Debug-iphonesimulator/PackageFrameworks -F /Users/jans./Library/Developer/Xcode/DerivedData/meal.advisor.ios-csaldjncgoleykghtkpncaypzmvo/Build/Products/Debug-iphonesimulator/PackageFrameworks -F /Users/jans./Library/Developer/Xcode/DerivedData/meal.advisor.ios-csaldjncgoleykghtkpncaypzmvo/Build/Products/Debug-iphonesimulator/PackageFrameworks -F /Users/jans./Library/Developer/Xcode/DerivedData/meal.advisor.ios-csaldjncgoleykghtkpncaypzmvo/Build/Products/Debug-iphonesimulator/PackageFrameworks -F /Users/jans./Library/Developer/Xcode/DerivedData/meal.advisor.ios-csaldjncgoleykghtkpncaypzmvo/Build/Products/Debug-iphonesimulator/PackageFrameworks -F /Users/jans./Library/Developer/Xcode/DerivedData/meal.advisor.ios-csaldjncgoleykghtkpncaypzmvo/Build/Products/Debug-iphonesimulator -F /Applications/Xcode.app/Contents/Developer/Platforms/iPhoneSimulator.platform/Developer/Library/Frameworks -F /Applications/Xcode.app/Contents/Developer/Platforms/iPhoneSimulator.platform/Developer/SDKs/iPhoneSimulator18.5.sdk/Developer/Library/Frameworks -c -j8 -enable-batch-mode -incremental -Xcc -ivfsstatcache -Xcc /Users/jans./Library/Developer/Xcode/DerivedData/SDKStatCaches.noindex/iphonesimulator18.5-22F76-d5fc8ad4295d2ef488fb7d0f804ce0c4.sdkstatcache -output-file-map /Users/jans./Library/Developer/Xcode/DerivedData/meal.advisor.ios-csaldjncgoleykghtkpncaypzmvo/Build/Intermediates.noindex/Supabase.build/Debug-iphonesimulator/Supabase.build/Objects-normal/arm64/Supabase-OutputFileMap.json -use-frontend-parseable-output -save-temps -no-color-diagnostics -serialize-diagnostics -emit-dependencies -emit-module -emit-module-path /Users/jans./Library/Developer/Xcode/DerivedData/meal.advisor.ios-csaldjncgoleykghtkpncaypzmvo/Build/Intermediates.noindex/Supabase.build/Debug-iphonesimulator/Supabase.build/Objects-normal/arm64/Supabase.swiftmodule -validate-clang-modules-once -clang-build-session-file /Users/jans./Library/Developer/Xcode/DerivedData/ModuleCache.noindex/Session.modulevalidation -package-name supabase_swift -Xcc -I/Users/jans./Library/Developer/Xcode/DerivedData/meal.advisor.ios-csaldjncgoleykghtkpncaypzmvo/Build/Intermediates.noindex/Supabase.build/Debug-iphonesimulator/Supabase.build/swift-overrides.hmap -emit-const-values -Xfrontend -const-gather-protocols-file -Xfrontend /Users/jans./Library/Developer/Xcode/DerivedData/meal.advisor.ios-csaldjncgoleykghtkpncaypzmvo/Build/Intermediates.noindex/Supabase.build/Debug-iphonesimulator/Supabase.build/Objects-normal/arm64/Supabase_const_extract_protocols.json -Xcc -I/Users/jans./Library/Developer/Xcode/DerivedData/meal.advisor.ios-csaldjncgoleykghtkpncaypzmvo/Build/Products/Debug-iphonesimulator/include -Xcc -I/Users/jans./Library/Developer/Xcode/DerivedData/meal.advisor.ios-csaldjncgoleykghtkpncaypzmvo/Build/Intermediates.noindex/Supabase.build/Debug-iphonesimulator/Supabase.build/DerivedSources-normal/arm64 -Xcc -I/Users/jans./Library/Developer/Xcode/DerivedData/meal.advisor.ios-csaldjncgoleykghtkpncaypzmvo/Build/Intermediates.noindex/Supabase.build/Debug-iphonesimulator/Supabase.build/DerivedSources/arm64 -Xcc -I/Users/jans./Library/Developer/Xcode/DerivedData/meal.advisor.ios-csaldjncgoleykghtkpncaypzmvo/Build/Intermediates.noindex/Supabase.build/Debug-iphonesimulator/Supabase.build/DerivedSources -Xcc -DSWIFT_PACKAGE -Xcc -DDEBUG\=1 -emit-objc-header -emit-objc-header-path /Users/jans./Library/Developer/Xcode/DerivedData/meal.advisor.ios-csaldjncgoleykghtkpncaypzmvo/Build/Intermediates.noindex/Supabase.build/Debug-iphonesimulator/Supabase.build/Objects-normal/arm64/Supabase-Swift.h -working-directory /Users/jans./Downloads/meal.advisor/meal.advisor.ios/meal.advisor.ios/meal.advisor.ios/meal.advisor.ios.xcodeproj -experimental-emit-module-separately -disable-cmo

SwiftDriver\ Compilation Auth normal arm64 com.apple.xcode.tools.swift.compiler (in target 'Auth' from project 'Supabase')
    cd /Users/jans./Downloads/meal.advisor/meal.advisor.ios/meal.advisor.ios/meal.advisor.ios/meal.advisor.ios.xcodeproj
    builtin-Swift-Compilation -- /Applications/Xcode.app/Contents/Developer/Toolchains/XcodeDefault.xctoolchain/usr/bin/swiftc -module-name Auth -Onone -enforce-exclusivity\=checked @/Users/jans./Library/Developer/Xcode/DerivedData/meal.advisor.ios-csaldjncgoleykghtkpncaypzmvo/Build/Intermediates.noindex/Supabase.build/Debug-iphonesimulator/Auth.build/Objects-normal/arm64/Auth.SwiftFileList -DSWIFT_PACKAGE -DDEBUG -DXcode -enable-upcoming-feature ExistentialAny -enable-experimental-feature StrictConcurrency -plugin-path /Applications/Xcode.app/Contents/Developer/Toolchains/XcodeDefault.xctoolchain/usr/lib/swift/host/plugins/testing -enable-experimental-feature DebugDescriptionMacro -sdk /Applications/Xcode.app/Contents/Developer/Platforms/iPhoneSimulator.platform/Developer/SDKs/iPhoneSimulator18.5.sdk -target arm64-apple-ios13.0-simulator -g -module-cache-path /Users/jans./Library/Developer/Xcode/DerivedData/ModuleCache.noindex -Xfrontend -serialize-debugging-options -enable-testing -suppress-warnings -index-store-path /Users/jans./Library/Developer/Xcode/DerivedData/meal.advisor.ios-csaldjncgoleykghtkpncaypzmvo/Index.noindex/DataStore -swift-version 5 -I /Users/jans./Library/Developer/Xcode/DerivedData/meal.advisor.ios-csaldjncgoleykghtkpncaypzmvo/Build/Products/Debug-iphonesimulator -I /Applications/Xcode.app/Contents/Developer/Platforms/iPhoneSimulator.platform/Developer/usr/lib -F /Users/jans./Library/Developer/Xcode/DerivedData/meal.advisor.ios-csaldjncgoleykghtkpncaypzmvo/Build/Products/Debug-iphonesimulator/PackageFrameworks -F /Users/jans./Library/Developer/Xcode/DerivedData/meal.advisor.ios-csaldjncgoleykghtkpncaypzmvo/Build/Products/Debug-iphonesimulator/PackageFrameworks -F /Users/jans./Library/Developer/Xcode/DerivedData/meal.advisor.ios-csaldjncgoleykghtkpncaypzmvo/Build/Products/Debug-iphonesimulator/PackageFrameworks -F /Users/jans./Library/Developer/Xcode/DerivedData/meal.advisor.ios-csaldjncgoleykghtkpncaypzmvo/Build/Products/Debug-iphonesimulator/PackageFrameworks -F /Users/jans./Library/Developer/Xcode/DerivedData/meal.advisor.ios-csaldjncgoleykghtkpncaypzmvo/Build/Products/Debug-iphonesimulator/PackageFrameworks -F /Users/jans./Library/Developer/Xcode/DerivedData/meal.advisor.ios-csaldjncgoleykghtkpncaypzmvo/Build/Products/Debug-iphonesimulator/PackageFrameworks -F /Users/jans./Library/Developer/Xcode/DerivedData/meal.advisor.ios-csaldjncgoleykghtkpncaypzmvo/Build/Products/Debug-iphonesimulator/PackageFrameworks -F /Users/jans./Library/Developer/Xcode/DerivedData/meal.advisor.ios-csaldjncgoleykghtkpncaypzmvo/Build/Products/Debug-iphonesimulator/PackageFrameworks -F /Users/jans./Library/Developer/Xcode/DerivedData/meal.advisor.ios-csaldjncgoleykghtkpncaypzmvo/Build/Products/Debug-iphonesimulator -F /Applications/Xcode.app/Contents/Developer/Platforms/iPhoneSimulator.platform/Developer/Library/Frameworks -F /Applications/Xcode.app/Contents/Developer/Platforms/iPhoneSimulator.platform/Developer/SDKs/iPhoneSimulator18.5.sdk/Developer/Library/Frameworks -c -j8 -enable-batch-mode -incremental -Xcc -ivfsstatcache -Xcc /Users/jans./Library/Developer/Xcode/DerivedData/SDKStatCaches.noindex/iphonesimulator18.5-22F76-d5fc8ad4295d2ef488fb7d0f804ce0c4.sdkstatcache -output-file-map /Users/jans./Library/Developer/Xcode/DerivedData/meal.advisor.ios-csaldjncgoleykghtkpncaypzmvo/Build/Intermediates.noindex/Supabase.build/Debug-iphonesimulator/Auth.build/Objects-normal/arm64/Auth-OutputFileMap.json -use-frontend-parseable-output -save-temps -no-color-diagnostics -serialize-diagnostics -emit-dependencies -emit-module -emit-module-path /Users/jans./Library/Developer/Xcode/DerivedData/meal.advisor.ios-csaldjncgoleykghtkpncaypzmvo/Build/Intermediates.noindex/Supabase.build/Debug-iphonesimulator/Auth.build/Objects-normal/arm64/Auth.swiftmodule -validate-clang-modules-once -clang-build-session-file /Users/jans./Library/Developer/Xcode/DerivedData/ModuleCache.noindex/Session.modulevalidation -package-name supabase_swift -Xcc -I/Users/jans./Library/Developer/Xcode/DerivedData/meal.advisor.ios-csaldjncgoleykghtkpncaypzmvo/Build/Intermediates.noindex/Supabase.build/Debug-iphonesimulator/Auth.build/swift-overrides.hmap -emit-const-values -Xfrontend -const-gather-protocols-file -Xfrontend /Users/jans./Library/Developer/Xcode/DerivedData/meal.advisor.ios-csaldjncgoleykghtkpncaypzmvo/Build/Intermediates.noindex/Supabase.build/Debug-iphonesimulator/Auth.build/Objects-normal/arm64/Auth_const_extract_protocols.json -Xcc -I/Users/jans./Library/Developer/Xcode/DerivedData/meal.advisor.ios-csaldjncgoleykghtkpncaypzmvo/Build/Products/Debug-iphonesimulator/include -Xcc -I/Users/jans./Library/Developer/Xcode/DerivedData/meal.advisor.ios-csaldjncgoleykghtkpncaypzmvo/Build/Intermediates.noindex/Supabase.build/Debug-iphonesimulator/Auth.build/DerivedSources-normal/arm64 -Xcc -I/Users/jans./Library/Developer/Xcode/DerivedData/meal.advisor.ios-csaldjncgoleykghtkpncaypzmvo/Build/Intermediates.noindex/Supabase.build/Debug-iphonesimulator/Auth.build/DerivedSources/arm64 -Xcc -I/Users/jans./Library/Developer/Xcode/DerivedData/meal.advisor.ios-csaldjncgoleykghtkpncaypzmvo/Build/Intermediates.noindex/Supabase.build/Debug-iphonesimulator/Auth.build/DerivedSources -Xcc -DSWIFT_PACKAGE -Xcc -DDEBUG\=1 -emit-objc-header -emit-objc-header-path /Users/jans./Library/Developer/Xcode/DerivedData/meal.advisor.ios-csaldjncgoleykghtkpncaypzmvo/Build/Intermediates.noindex/Supabase.build/Debug-iphonesimulator/Auth.build/Objects-normal/arm64/Auth-Swift.h -working-directory /Users/jans./Downloads/meal.advisor/meal.advisor.ios/meal.advisor.ios/meal.advisor.ios/meal.advisor.ios.xcodeproj -experimental-emit-module-separately -disable-cmo

** BUILD FAILED **


The following build commands failed:
	SwiftCompile normal arm64 Compiling\ RecipeViewModel.swift,\ EmailSignInView.swift,\ AuthService.swift,\ RemoteImage.swift,\ OfflineIndicator.swift,\ SignInPromptView.swift,\ NetworkService.swift,\ AppState.swift,\ PremiumUpgradeAlert.swift /Users/jans./Downloads/meal.advisor/meal.advisor.ios/meal.advisor.ios/meal.advisor.ios/meal.advisor.ios/Views/Components/Recipe/RecipeViewModel.swift /Users/jans./Downloads/meal.advisor/meal.advisor.ios/meal.advisor.ios/meal.advisor.ios/meal.advisor.ios/Views/Components/EmailSignInView.swift /Users/jans./Downloads/meal.advisor/meal.advisor.ios/meal.advisor.ios/meal.advisor.ios/meal.advisor.ios/Services/AuthService.swift /Users/jans./Downloads/meal.advisor/meal.advisor.ios/meal.advisor.ios/meal.advisor.ios/meal.advisor.ios/Views/Components/RemoteImage.swift /Users/jans./Downloads/meal.advisor/meal.advisor.ios/meal.advisor.ios/meal.advisor.ios/meal.advisor.ios/Views/Components/OfflineIndicator.swift /Users/jans./Downloads/meal.advisor/meal.advisor.ios/meal.advisor.ios/meal.advisor.ios/meal.advisor.ios/Views/Components/SignInPromptView.swift /Users/jans./Downloads/meal.advisor/meal.advisor.ios/meal.advisor.ios/meal.advisor.ios/meal.advisor.ios/Services/NetworkService.swift /Users/jans./Downloads/meal.advisor/meal.advisor.ios/meal.advisor.ios/meal.advisor.ios/meal.advisor.ios/Models/AppState.swift /Users/jans./Downloads/meal.advisor/meal.advisor.ios/meal.advisor.ios/meal.advisor.ios/meal.advisor.ios/Views/Components/PremiumUpgradeAlert.swift (in target 'meal.advisor.ios' from project 'meal.advisor.ios')
	SwiftCompile normal arm64 /Users/jans./Downloads/meal.advisor/meal.advisor.ios/meal.advisor.ios/meal.advisor.ios/meal.advisor.ios/Views/Components/Recipe/RecipeViewModel.swift (in target 'meal.advisor.ios' from project 'meal.advisor.ios')
	Building project meal.advisor.ios with scheme meal.advisor.ios
(3 failures)
